******************************************************************************
               TMS320C6x Linker PC v7.4.4                      
******************************************************************************
>> Linked Thu Nov 25 16:01:50 2021

OUTPUT FILE NAME:   <bmp.out>
ENTRY POINT SYMBOL: "_c_int00"  address: 00008c40


MEMORY CONFIGURATION

         name            origin    length      used     unused   attr    fill
----------------------  --------  ---------  --------  --------  ----  --------
  IRAM                  00000000   00040000  0000a78c  00035874  RWIX
  EMIFA_CS0             80000000   10000000  00000000  10000000  RWIX
  EMIFA_CS1             90000000   10000000  00000000  10000000  RWIX
  EMIFA_CS2             a0000000   10000000  00000000  10000000  RWIX
  EMIFA_CS3             b0000000   10000000  00000000  10000000  RWIX


SECTION ALLOCATION MAP

 output                                  attributes/
section   page    origin      length       input sections
--------  ----  ----------  ----------   ----------------
.text      0    00000000    00008f00     
                  00000000    00000620     rts6400.lib : _printfi.obj (.text:__getarg_diouxp)
                  00000620    000005c0                 : divd.obj (.text:__divd)
                  00000be0    00000580                 : fwrite.obj (.text:_fwrite)
                  00001160    000004e0                 : _printfi.obj (.text:__setfield)
                  00001640    000004c0                 : _printfi.obj (.text:__printfi)
                  00001b00    000004c0     func.obj (.text)
                  00001fc0    00000420     rts6400.lib : fputs.obj (.text:_fputs)
                  000023e0    00000400                 : _printfi.obj (.text:_fcvt)
                  000027e0    000003e0                 : _printfi.obj (.text:__pproc_fge)
                  00002bc0    000003c0                 : _printfi.obj (.text:_ecvt)
                  00002f80    00000320                 : _printfi.obj (.text:__pconv_e)
                  000032a0    00000300                 : _printfi.obj (.text:__pproc_fwp)
                  000035a0    00000300                 : fread.obj (.text:_fread)
                  000038a0    000002e0                 : memory.obj (.text:_free)
                  00003b80    000002c0                 : imath64.obj (.text:__divull)
                  00003e40    000002a0                 : _printfi.obj (.text:__pproc_diouxp)
                  000040e0    00000280                 : mpyd.obj (.text:__mpyd)
                  00004360    00000260                 : frcaddd.obj (.text:__frcaddd)
                  000045c0    00000260                 : _printfi.obj (.text:__pproc_str)
                  00004820    00000260                 : fputc.obj (.text:_fputc)
                  00004a80    00000240                 : addd.obj (.text:__addd)
                  00004cc0    00000240                 : _printfi.obj (.text:__pconv_g)
                  00004f00    00000240                 : setvbuf.obj (.text:_setvbuf)
                  00005140    00000200                 : trgdrv.obj (.text:_HOSTrename)
                  00005340    00000200                 : _printfi.obj (.text:__mcpy)
                  00005540    000001e0                 : fopen.obj (.text:__openfile)
                  00005720    000001c0                 : memory.obj (.text:_malloc)
                  000058e0    000001c0                 : lowlev.obj (.text:_open)
                  00005aa0    000001a0                 : imath40.obj (.text:__divul)
                  00005c40    00000180                 : fseek.obj (.text:_fseek)
                  00005dc0    00000180                 : lowlev.obj (.text:_getdevice)
                  00005f40    00000160                 : _printfi.obj (.text:__ltostr)
                  000060a0    00000160                 : _printfi.obj (.text:__pproc_fflags)
                  00006200    00000140                 : fclose.obj (.text:__closefile)
                  00006340    00000140                 : fopen.obj (.text:__search_fp)
                  00006480    00000120                 : trgdrv.obj (.text:_HOSTlseek)
                  000065a0    00000120                 : _bufread.obj (.text:__buff_read)
                  000066c0    00000120                 : frcmpyd.obj (.text:__frcmpyd)
                  000067e0    00000120                 : _io_perm.obj (.text:__wrt_ok)
                  00006900    00000120                 : atoi.obj (.text:_atoi)
                  00006a20    00000100                 : trgdrv.obj (.text:_HOSTopen)
                  00006b20    00000100                 : trgdrv.obj (.text:_HOSTread)
                  00006c20    00000100                 : trgdrv.obj (.text:_HOSTwrite)
                  00006d20    00000100                 : frcmpyd_div.obj (.text:__frcmpyd_div)
                  00006e20    00000100                 : lowlev.obj (.text:_close)
                  00006f20    00000100                 : ltoa.obj (.text:_ltoa)
                  00007020    00000100                 : memset.obj (.text:_memset)
                  00007120    000000e0                 : trgdrv.obj (.text:_HOSTunlink)
                  00007200    000000e0                 : autoinit.obj (.text:__auto_init)
                  000072e0    000000e0                 : cmpd.obj (.text:__cmpd)
                  000073c0    000000e0                 : _printfi.obj (.text:__div)
                  000074a0    000000e0                 : fflush.obj (.text:__doflush)
                  00007580    000000e0                 : _printfi.obj (.text:__pconv_f)
                  00007660    000000e0                 : memcpy64.obj (.text:_memcpy)
                  00007740    000000e0                 : memory.obj (.text:_mremove)
                  00007820    000000e0                 : printf.obj (.text:_printf)
                  00007900    000000e0     mat_process_c.obj (.text)
                  000079e0    000000c0     rts6400.lib : trgdrv.obj (.text:_HOSTclose)
                  00007aa0    000000c0                 : fopen.obj (.text:__cleanup)
                  00007b60    000000c0                 : divu.obj (.text:__divu)
                  00007c20    000000c0                 : _printfi.obj (.text:__ecpy)
                  00007ce0    000000c0                 : _printfi.obj (.text:__fcpy)
                  00007da0    000000c0                 : _io_perm.obj (.text:__rd_ok)
                  00007e60    000000c0                 : exit.obj (.text:_exit)
                  00007f20    000000c0                 : lowlev.obj (.text:_lseek)
                  00007fe0    000000c0                 : memory.obj (.text:_minsert)
                  000080a0    000000c0                 : lowlev.obj (.text:_read)
                  00008160    000000c0                 : lowlev.obj (.text:_write)
                  00008220    000000a0                 : imath40.obj (.text:__divli)
                  000082c0    000000a0                 : fixdi.obj (.text:__fixdi)
                  00008360    000000a0                 : fixdli.obj (.text:__fixdli)
                  00008400    000000a0                 : renormd.obj (.text:__renormd)
                  000084a0    000000a0                 : cpy_tbl.obj (.text:_copy_in)
                  00008540    000000a0                 : lowlev.obj (.text:_finddevice)
                  000085e0    000000a0                 : lowlev.obj (.text:_tabinit)
                  00008680    000000a0     main.obj (.text)
                  00008720    00000080     rts6400.lib : cpp_init.obj (.text:___TI_cpp_init)
                  000087a0    00000080                 : fltlid.obj (.text:__fltlid)
                  00008820    00000080                 : llshift.obj (.text:__llshl)
                  000088a0    00000080                 : mpyll.obj (.text:__mpyll)
                  00008920    00000080                 : fopen.obj (.text:_fopen)
                  000089a0    00000080                 : memccpy.obj (.text:_memccpy)
                  00008a20    00000080                 : trgmsg.obj (.text:_readmsg)
                  00008aa0    00000080                 : lowlev.obj (.text:_unlink)
                  00008b20    00000060                 : llshift.obj (.text:__llshru)
                  00008b80    00000060                 : imath40.obj (.text:__remli)
                  00008be0    00000060                 : imath64.obj (.text:__subcull)
                  00008c40    00000060                 : boot.obj (.text:_c_int00)
                  00008ca0    00000060                 : trgmsg.obj (.text:_writemsg)
                  00008d00    00000040                 : isinf.obj (.text:___isinf)
                  00008d40    00000040                 : _printfi.obj (.text:___isnan)
                  00008d80    00000040                 : args_main.obj (.text:__args_main)
                  00008dc0    00000040                 : negd.obj (.text:__negd)
                  00008e00    00000040                 : subd.obj (.text:__subd)
                  00008e40    00000020                 : negll.obj (.text:__negll)
                  00008e60    00000020                 : _lock.obj (.text:__nop)
                  00008e80    00000020                 : printf.obj (.text:__outc)
                  00008ea0    00000020                 : printf.obj (.text:__outs)
                  00008ec0    00000020                 : exit.obj (.text:_abort)
                  00008ee0    00000020                 : remove.obj (.text:_remove)

.bss       0    00000000    00000000     UNINITIALIZED

.data      0    00000000    00000000     UNINITIALIZED

.pinit     0    00000000    00000000     UNINITIALIZED

.stack     0    00008f00    00000800     UNINITIALIZED
                  00008f00    00000008     rts6400.lib : boot.obj (.stack)
                  00008f08    000007f8     --HOLE--

.sysmem    0    00009700    00000800     UNINITIALIZED
                  00009700    00000008     rts6400.lib : memory.obj (.sysmem)
                  00009708    000007f8     --HOLE--

.far       0    00009f00    00000468     UNINITIALIZED
                  00009f00    00000324     rts6400.lib : defs.obj (.far)
                  0000a224    00000004                 : fopen.obj (.far)
                  0000a228    0000011c                 : lowlev.obj (.far)
                  0000a344    0000000c                 : exit.obj (.far)
                  0000a350    00000008                 : _lock.obj (.far)
                  0000a358    00000008                 : memory.obj (.far)
                  0000a360    00000008                 : trgdrv.obj (.far)

.const     0    0000a368    000001b0     
                  0000a368    00000101     rts6400.lib : ctype.obj (.const:.string:__ctypes_)
                  0000a469    00000002                 : fputs.obj (.const:.string)
                  0000a46b    00000001     --HOLE-- [fill = 0]
                  0000a46c    00000078     main.obj (.const:.string)
                  0000a4e4    00000023     rts6400.lib : _printfi.obj (.const:.string)
                  0000a507    00000001     --HOLE-- [fill = 0]
                  0000a508    00000008                 : divd.obj (.const:.string:_initial_approx$1)
                  0000a510    00000008     func.obj (.const:.string)

.cinit     0    0000a518    00000154     
                  0000a518    0000005c     rts6400.lib : defs.obj (.cinit)
                  0000a574    00000004     --HOLE-- [fill = 0]
                  0000a578    0000005c                 : lowlev.obj (.cinit)
                  0000a5d4    00000004     --HOLE-- [fill = 0]
                  0000a5d8    0000002c                 : exit.obj (.cinit)
                  0000a604    00000004     --HOLE-- [fill = 0]
                  0000a608    0000002c                 : memory.obj (.cinit)
                  0000a634    00000004     --HOLE-- [fill = 0]
                  0000a638    0000001c                 : _lock.obj (.cinit)
                  0000a654    00000004     --HOLE-- [fill = 0]
                  0000a658    0000000c                 : fopen.obj (.cinit)
                  0000a664    00000004     --HOLE-- [fill = 0]
                  0000a668    00000004     (.pad.cinit) [fill = 0]

.cio       0    0000a670    00000120     UNINITIALIZED
                  0000a670    00000120     rts6400.lib : trgmsg.obj (.cio)


GLOBAL SYMBOLS: SORTED ALPHABETICALLY BY Name 

address    name
--------   ----
00000000   $bss
00000000   .bss
00000000   .data
00000000   .text
00008ec0   C$$EXIT
00008cf8   C$$IO$$
000079e0   _HOSTclose
00006480   _HOSTlseek
00006a20   _HOSTopen
00006b20   _HOSTread
00005140   _HOSTrename
00007120   _HOSTunlink
00006c20   _HOSTwrite
0000a670   __CIOBUF_
00009700   __STACK_END
00000800   __STACK_SIZE
00000800   __SYSMEM_SIZE
00000001   __TI_args_main
00008720   ___TI_cpp_init
0000a34c   ___TI_enable_exit_profile_output
ffffffff   ___TI_pprof_out_hndl
ffffffff   ___TI_prof_data_size
ffffffff   ___TI_prof_data_start
ffffffff   ___binit__
00000000   ___bss__
ffffffff   ___c_args__
0000a518   ___cinit__
00000000   ___data__
00000000   ___edata__
00000000   ___end__
00008f00   ___etext__
00008d00   ___isinf
ffffffff   ___pinit__
00000000   ___text__
00004a80   __addd
00008d80   __args_main
00007200   __auto_init
000065a0   __buff_read
00007b60   __c6xabi_divu
00007aa0   __cleanup
0000a344   __cleanup_ptr
00006200   __closefile
000072e0   __cmpd
0000a368   __ctypes_
00000620   __divd
00008220   __divli
00007b60   __divu
00005aa0   __divul
00003b80   __divull
000074a0   __doflush
0000a348   __dtors_ptr
000082c0   __fixdi
00008360   __fixdli
000087a0   __fltlid
00004360   __frcaddd
000066c0   __frcmpyd
00006d20   __frcmpyd_div
0000a220   __ft_end
00009f00   __ftable
00008820   __llshl
00008b20   __llshru
0000a350   __lock
000040e0   __mpyd
000088a0   __mpyll
00008dc0   __negd
00008e40   __negll
00008e60   __nop
00001640   __printfi
00007da0   __rd_ok
00008b80   __remli
00008400   __renormd
00008f00   __stack
00008be0   __subcull
00008e00   __subd
00009700   __sys_memory
0000a0e0   __tmpnams
0000a354   __unlock
000067e0   __wrt_ok
00008ec0   _abort
00006900   _atoi
00001ec0   _back_4x4_data
00008c40   _c_int00
00006e20   _close
000084a0   _copy_in
00007e60   _exit
00008920   _fopen
00004820   _fputc
00001fc0   _fputs
000035a0   _fread
000038a0   _free
00005c40   _fseek
00000be0   _fwrite
00001e40   _get_4x4_data
00001f40   _get_H_kernel
00007f20   _lseek
00006f20   _ltoa
00008680   _main
00005720   _malloc
00001d08   _mat_mpy4x4
00007900   _mat_process_c
000089a0   _memccpy
00007660   _memcpy
00007020   _memset
000058e0   _open
00007820   _printf
00004820   _putc
000080a0   _read
00008a20   _readmsg
00008ee0   _remove
00004f00   _setvbuf
00001b00   _transfer_arr_p
00008aa0   _unlink
00008160   _write
00008ca0   _writemsg
ffffffff   binit
0000a518   cinit
00000000   edata
00000000   end
00008f00   etext
ffffffff   pinit


GLOBAL SYMBOLS: SORTED BY Symbol Address 

address    name
--------   ----
00000000   $bss
00000000   .bss
00000000   .data
00000000   .text
00000000   ___bss__
00000000   ___data__
00000000   ___edata__
00000000   ___end__
00000000   ___text__
00000000   edata
00000000   end
00000001   __TI_args_main
00000620   __divd
00000800   __STACK_SIZE
00000800   __SYSMEM_SIZE
00000be0   _fwrite
00001640   __printfi
00001b00   _transfer_arr_p
00001d08   _mat_mpy4x4
00001e40   _get_4x4_data
00001ec0   _back_4x4_data
00001f40   _get_H_kernel
00001fc0   _fputs
000035a0   _fread
000038a0   _free
00003b80   __divull
000040e0   __mpyd
00004360   __frcaddd
00004820   _fputc
00004820   _putc
00004a80   __addd
00004f00   _setvbuf
00005140   _HOSTrename
00005720   _malloc
000058e0   _open
00005aa0   __divul
00005c40   _fseek
00006200   __closefile
00006480   _HOSTlseek
000065a0   __buff_read
000066c0   __frcmpyd
000067e0   __wrt_ok
00006900   _atoi
00006a20   _HOSTopen
00006b20   _HOSTread
00006c20   _HOSTwrite
00006d20   __frcmpyd_div
00006e20   _close
00006f20   _ltoa
00007020   _memset
00007120   _HOSTunlink
00007200   __auto_init
000072e0   __cmpd
000074a0   __doflush
00007660   _memcpy
00007820   _printf
00007900   _mat_process_c
000079e0   _HOSTclose
00007aa0   __cleanup
00007b60   __c6xabi_divu
00007b60   __divu
00007da0   __rd_ok
00007e60   _exit
00007f20   _lseek
000080a0   _read
00008160   _write
00008220   __divli
000082c0   __fixdi
00008360   __fixdli
00008400   __renormd
000084a0   _copy_in
00008680   _main
00008720   ___TI_cpp_init
000087a0   __fltlid
00008820   __llshl
000088a0   __mpyll
00008920   _fopen
000089a0   _memccpy
00008a20   _readmsg
00008aa0   _unlink
00008b20   __llshru
00008b80   __remli
00008be0   __subcull
00008c40   _c_int00
00008ca0   _writemsg
00008cf8   C$$IO$$
00008d00   ___isinf
00008d80   __args_main
00008dc0   __negd
00008e00   __subd
00008e40   __negll
00008e60   __nop
00008ec0   C$$EXIT
00008ec0   _abort
00008ee0   _remove
00008f00   ___etext__
00008f00   __stack
00008f00   etext
00009700   __STACK_END
00009700   __sys_memory
00009f00   __ftable
0000a0e0   __tmpnams
0000a220   __ft_end
0000a344   __cleanup_ptr
0000a348   __dtors_ptr
0000a34c   ___TI_enable_exit_profile_output
0000a350   __lock
0000a354   __unlock
0000a368   __ctypes_
0000a518   ___cinit__
0000a518   cinit
0000a670   __CIOBUF_
ffffffff   ___TI_pprof_out_hndl
ffffffff   ___TI_prof_data_size
ffffffff   ___TI_prof_data_start
ffffffff   ___binit__
ffffffff   ___c_args__
ffffffff   ___pinit__
ffffffff   binit
ffffffff   pinit

[120 symbols]
