******************************************************************************
               TMS320C6x Linker PC v7.4.4                      
******************************************************************************
>> Linked Thu Nov 25 10:41:33 2021

OUTPUT FILE NAME:   <bmp.out>
ENTRY POINT SYMBOL: "_c_int00"  address: 00008c00


MEMORY CONFIGURATION

         name            origin    length      used     unused   attr    fill
----------------------  --------  ---------  --------  --------  ----  --------
  IRAM                  00000000   00040000  0000a74c  000358b4  RWIX
  EMIFA_CS0             80000000   10000000  00000000  10000000  RWIX
  EMIFA_CS1             90000000   10000000  00000000  10000000  RWIX
  EMIFA_CS2             a0000000   10000000  00000000  10000000  RWIX
  EMIFA_CS3             b0000000   10000000  00000000  10000000  RWIX


SECTION ALLOCATION MAP

 output                                  attributes/
section   page    origin      length       input sections
--------  ----  ----------  ----------   ----------------
.text      0    00000000    00008ec0     
                  00000000    00000620     rts6400.lib : _printfi.obj (.text:__getarg_diouxp)
                  00000620    000005c0                 : divd.obj (.text:__divd)
                  00000be0    00000580                 : fwrite.obj (.text:_fwrite)
                  00001160    000004e0                 : _printfi.obj (.text:__setfield)
                  00001640    000004c0                 : _printfi.obj (.text:__printfi)
                  00001b00    000004a0     func.obj (.text)
                  00001fa0    00000420     rts6400.lib : fputs.obj (.text:_fputs)
                  000023c0    00000400                 : _printfi.obj (.text:_fcvt)
                  000027c0    000003e0                 : _printfi.obj (.text:__pproc_fge)
                  00002ba0    000003c0                 : _printfi.obj (.text:_ecvt)
                  00002f60    00000320                 : _printfi.obj (.text:__pconv_e)
                  00003280    00000300                 : _printfi.obj (.text:__pproc_fwp)
                  00003580    00000300                 : fread.obj (.text:_fread)
                  00003880    000002e0                 : memory.obj (.text:_free)
                  00003b60    000002c0                 : imath64.obj (.text:__divull)
                  00003e20    000002a0                 : _printfi.obj (.text:__pproc_diouxp)
                  000040c0    00000280                 : mpyd.obj (.text:__mpyd)
                  00004340    00000260                 : frcaddd.obj (.text:__frcaddd)
                  000045a0    00000260                 : _printfi.obj (.text:__pproc_str)
                  00004800    00000260                 : fputc.obj (.text:_fputc)
                  00004a60    00000240                 : addd.obj (.text:__addd)
                  00004ca0    00000240                 : _printfi.obj (.text:__pconv_g)
                  00004ee0    00000240                 : setvbuf.obj (.text:_setvbuf)
                  00005120    00000200                 : trgdrv.obj (.text:_HOSTrename)
                  00005320    00000200                 : _printfi.obj (.text:__mcpy)
                  00005520    000001e0                 : fopen.obj (.text:__openfile)
                  00005700    000001c0                 : memory.obj (.text:_malloc)
                  000058c0    000001c0                 : lowlev.obj (.text:_open)
                  00005a80    000001a0                 : imath40.obj (.text:__divul)
                  00005c20    00000180                 : fseek.obj (.text:_fseek)
                  00005da0    00000180                 : lowlev.obj (.text:_getdevice)
                  00005f20    00000160                 : _printfi.obj (.text:__ltostr)
                  00006080    00000160                 : _printfi.obj (.text:__pproc_fflags)
                  000061e0    00000140                 : fclose.obj (.text:__closefile)
                  00006320    00000140                 : fopen.obj (.text:__search_fp)
                  00006460    00000120                 : trgdrv.obj (.text:_HOSTlseek)
                  00006580    00000120                 : _bufread.obj (.text:__buff_read)
                  000066a0    00000120                 : frcmpyd.obj (.text:__frcmpyd)
                  000067c0    00000120                 : _io_perm.obj (.text:__wrt_ok)
                  000068e0    00000120                 : atoi.obj (.text:_atoi)
                  00006a00    00000100                 : trgdrv.obj (.text:_HOSTopen)
                  00006b00    00000100                 : trgdrv.obj (.text:_HOSTread)
                  00006c00    00000100                 : trgdrv.obj (.text:_HOSTwrite)
                  00006d00    00000100                 : frcmpyd_div.obj (.text:__frcmpyd_div)
                  00006e00    00000100                 : lowlev.obj (.text:_close)
                  00006f00    00000100                 : ltoa.obj (.text:_ltoa)
                  00007000    00000100                 : memset.obj (.text:_memset)
                  00007100    000000e0                 : trgdrv.obj (.text:_HOSTunlink)
                  000071e0    000000e0                 : autoinit.obj (.text:__auto_init)
                  000072c0    000000e0                 : cmpd.obj (.text:__cmpd)
                  000073a0    000000e0                 : _printfi.obj (.text:__div)
                  00007480    000000e0                 : fflush.obj (.text:__doflush)
                  00007560    000000e0                 : _printfi.obj (.text:__pconv_f)
                  00007640    000000e0                 : memcpy64.obj (.text:_memcpy)
                  00007720    000000e0                 : memory.obj (.text:_mremove)
                  00007800    000000e0                 : printf.obj (.text:_printf)
                  000078e0    000000c0                 : trgdrv.obj (.text:_HOSTclose)
                  000079a0    000000c0                 : fopen.obj (.text:__cleanup)
                  00007a60    000000c0                 : divu.obj (.text:__divu)
                  00007b20    000000c0                 : _printfi.obj (.text:__ecpy)
                  00007be0    000000c0                 : _printfi.obj (.text:__fcpy)
                  00007ca0    000000c0                 : _io_perm.obj (.text:__rd_ok)
                  00007d60    000000c0                 : exit.obj (.text:_exit)
                  00007e20    000000c0                 : lowlev.obj (.text:_lseek)
                  00007ee0    000000c0                 : memory.obj (.text:_minsert)
                  00007fa0    000000c0                 : lowlev.obj (.text:_read)
                  00008060    000000c0                 : lowlev.obj (.text:_write)
                  00008120    000000c0     mat_process.obj (.text)
                  000081e0    000000a0     rts6400.lib : imath40.obj (.text:__divli)
                  00008280    000000a0                 : fixdi.obj (.text:__fixdi)
                  00008320    000000a0                 : fixdli.obj (.text:__fixdli)
                  000083c0    000000a0                 : renormd.obj (.text:__renormd)
                  00008460    000000a0                 : cpy_tbl.obj (.text:_copy_in)
                  00008500    000000a0                 : lowlev.obj (.text:_finddevice)
                  000085a0    000000a0                 : lowlev.obj (.text:_tabinit)
                  00008640    000000a0     main.obj (.text)
                  000086e0    00000080     rts6400.lib : cpp_init.obj (.text:___TI_cpp_init)
                  00008760    00000080                 : fltlid.obj (.text:__fltlid)
                  000087e0    00000080                 : llshift.obj (.text:__llshl)
                  00008860    00000080                 : mpyll.obj (.text:__mpyll)
                  000088e0    00000080                 : fopen.obj (.text:_fopen)
                  00008960    00000080                 : memccpy.obj (.text:_memccpy)
                  000089e0    00000080                 : trgmsg.obj (.text:_readmsg)
                  00008a60    00000080                 : lowlev.obj (.text:_unlink)
                  00008ae0    00000060                 : llshift.obj (.text:__llshru)
                  00008b40    00000060                 : imath40.obj (.text:__remli)
                  00008ba0    00000060                 : imath64.obj (.text:__subcull)
                  00008c00    00000060                 : boot.obj (.text:_c_int00)
                  00008c60    00000060                 : trgmsg.obj (.text:_writemsg)
                  00008cc0    00000040                 : isinf.obj (.text:___isinf)
                  00008d00    00000040                 : _printfi.obj (.text:___isnan)
                  00008d40    00000040                 : args_main.obj (.text:__args_main)
                  00008d80    00000040                 : negd.obj (.text:__negd)
                  00008dc0    00000040                 : subd.obj (.text:__subd)
                  00008e00    00000020                 : negll.obj (.text:__negll)
                  00008e20    00000020                 : _lock.obj (.text:__nop)
                  00008e40    00000020                 : printf.obj (.text:__outc)
                  00008e60    00000020                 : printf.obj (.text:__outs)
                  00008e80    00000020                 : exit.obj (.text:_abort)
                  00008ea0    00000020                 : remove.obj (.text:_remove)

.bss       0    00000000    00000000     UNINITIALIZED

.data      0    00000000    00000000     UNINITIALIZED

.pinit     0    00000000    00000000     UNINITIALIZED

.stack     0    00008ec0    00000800     UNINITIALIZED
                  00008ec0    00000008     rts6400.lib : boot.obj (.stack)
                  00008ec8    000007f8     --HOLE--

.sysmem    0    000096c0    00000800     UNINITIALIZED
                  000096c0    00000008     rts6400.lib : memory.obj (.sysmem)
                  000096c8    000007f8     --HOLE--

.far       0    00009ec0    00000468     UNINITIALIZED
                  00009ec0    00000324     rts6400.lib : defs.obj (.far)
                  0000a1e4    00000004                 : fopen.obj (.far)
                  0000a1e8    0000011c                 : lowlev.obj (.far)
                  0000a304    0000000c                 : exit.obj (.far)
                  0000a310    00000008                 : _lock.obj (.far)
                  0000a318    00000008                 : memory.obj (.far)
                  0000a320    00000008                 : trgdrv.obj (.far)

.const     0    0000a328    000001b0     
                  0000a328    00000101     rts6400.lib : ctype.obj (.const:.string:__ctypes_)
                  0000a429    00000002                 : fputs.obj (.const:.string)
                  0000a42b    00000001     --HOLE-- [fill = 0]
                  0000a42c    00000078     main.obj (.const:.string)
                  0000a4a4    00000023     rts6400.lib : _printfi.obj (.const:.string)
                  0000a4c7    00000001     --HOLE-- [fill = 0]
                  0000a4c8    00000008                 : divd.obj (.const:.string:_initial_approx$1)
                  0000a4d0    00000008     func.obj (.const:.string)

.cinit     0    0000a4d8    00000154     
                  0000a4d8    0000005c     rts6400.lib : defs.obj (.cinit)
                  0000a534    00000004     --HOLE-- [fill = 0]
                  0000a538    0000005c                 : lowlev.obj (.cinit)
                  0000a594    00000004     --HOLE-- [fill = 0]
                  0000a598    0000002c                 : exit.obj (.cinit)
                  0000a5c4    00000004     --HOLE-- [fill = 0]
                  0000a5c8    0000002c                 : memory.obj (.cinit)
                  0000a5f4    00000004     --HOLE-- [fill = 0]
                  0000a5f8    0000001c                 : _lock.obj (.cinit)
                  0000a614    00000004     --HOLE-- [fill = 0]
                  0000a618    0000000c                 : fopen.obj (.cinit)
                  0000a624    00000004     --HOLE-- [fill = 0]
                  0000a628    00000004     (.pad.cinit) [fill = 0]

.cio       0    0000a630    00000120     UNINITIALIZED
                  0000a630    00000120     rts6400.lib : trgmsg.obj (.cio)


GLOBAL SYMBOLS: SORTED ALPHABETICALLY BY Name 

address    name
--------   ----
00000000   $bss
00000000   .bss
00000000   .data
00000000   .text
00008e80   C$$EXIT
00008cb8   C$$IO$$
000078e0   _HOSTclose
00006460   _HOSTlseek
00006a00   _HOSTopen
00006b00   _HOSTread
00005120   _HOSTrename
00007100   _HOSTunlink
00006c00   _HOSTwrite
0000a630   __CIOBUF_
000096c0   __STACK_END
00000800   __STACK_SIZE
00000800   __SYSMEM_SIZE
00000001   __TI_args_main
000086e0   ___TI_cpp_init
0000a30c   ___TI_enable_exit_profile_output
ffffffff   ___TI_pprof_out_hndl
ffffffff   ___TI_prof_data_size
ffffffff   ___TI_prof_data_start
ffffffff   ___binit__
00000000   ___bss__
ffffffff   ___c_args__
0000a4d8   ___cinit__
00000000   ___data__
00000000   ___edata__
00000000   ___end__
00008ec0   ___etext__
00008cc0   ___isinf
ffffffff   ___pinit__
00000000   ___text__
00004a60   __addd
00008d40   __args_main
000071e0   __auto_init
00006580   __buff_read
00007a60   __c6xabi_divu
000079a0   __cleanup
0000a304   __cleanup_ptr
000061e0   __closefile
000072c0   __cmpd
0000a328   __ctypes_
00000620   __divd
000081e0   __divli
00007a60   __divu
00005a80   __divul
00003b60   __divull
00007480   __doflush
0000a308   __dtors_ptr
00008280   __fixdi
00008320   __fixdli
00008760   __fltlid
00004340   __frcaddd
000066a0   __frcmpyd
00006d00   __frcmpyd_div
0000a1e0   __ft_end
00009ec0   __ftable
000087e0   __llshl
00008ae0   __llshru
0000a310   __lock
000040c0   __mpyd
00008860   __mpyll
00008d80   __negd
00008e00   __negll
00008e20   __nop
00001640   __printfi
00007ca0   __rd_ok
00008b40   __remli
000083c0   __renormd
00008ec0   __stack
00008ba0   __subcull
00008dc0   __subd
000096c0   __sys_memory
0000a0a0   __tmpnams
0000a314   __unlock
000067c0   __wrt_ok
00008e80   _abort
000068e0   _atoi
00001eac   _back_4x4_data
00008c00   _c_int00
00006e00   _close
00008460   _copy_in
00007d60   _exit
000088e0   _fopen
00004800   _fputc
00001fa0   _fputs
00003580   _fread
00003880   _free
00005c20   _fseek
00000be0   _fwrite
00001e30   _get_4x4_data
00001f2c   _get_H_kernel
00007e20   _lseek
00006f00   _ltoa
00008640   _main
00005700   _malloc
00001cfc   _mat_mpy4x4
00008120   _mat_process
00008960   _memccpy
00007640   _memcpy
00007000   _memset
000058c0   _open
00007800   _printf
00004800   _putc
00007fa0   _read
000089e0   _readmsg
00008ea0   _remove
00004ee0   _setvbuf
00001b00   _transfer_arr_p
00008a60   _unlink
00008060   _write
00008c60   _writemsg
ffffffff   binit
0000a4d8   cinit
00000000   edata
00000000   end
00008ec0   etext
ffffffff   pinit


GLOBAL SYMBOLS: SORTED BY Symbol Address 

address    name
--------   ----
00000000   $bss
00000000   .bss
00000000   .data
00000000   .text
00000000   ___bss__
00000000   ___data__
00000000   ___edata__
00000000   ___end__
00000000   ___text__
00000000   edata
00000000   end
00000001   __TI_args_main
00000620   __divd
00000800   __STACK_SIZE
00000800   __SYSMEM_SIZE
00000be0   _fwrite
00001640   __printfi
00001b00   _transfer_arr_p
00001cfc   _mat_mpy4x4
00001e30   _get_4x4_data
00001eac   _back_4x4_data
00001f2c   _get_H_kernel
00001fa0   _fputs
00003580   _fread
00003880   _free
00003b60   __divull
000040c0   __mpyd
00004340   __frcaddd
00004800   _fputc
00004800   _putc
00004a60   __addd
00004ee0   _setvbuf
00005120   _HOSTrename
00005700   _malloc
000058c0   _open
00005a80   __divul
00005c20   _fseek
000061e0   __closefile
00006460   _HOSTlseek
00006580   __buff_read
000066a0   __frcmpyd
000067c0   __wrt_ok
000068e0   _atoi
00006a00   _HOSTopen
00006b00   _HOSTread
00006c00   _HOSTwrite
00006d00   __frcmpyd_div
00006e00   _close
00006f00   _ltoa
00007000   _memset
00007100   _HOSTunlink
000071e0   __auto_init
000072c0   __cmpd
00007480   __doflush
00007640   _memcpy
00007800   _printf
000078e0   _HOSTclose
000079a0   __cleanup
00007a60   __c6xabi_divu
00007a60   __divu
00007ca0   __rd_ok
00007d60   _exit
00007e20   _lseek
00007fa0   _read
00008060   _write
00008120   _mat_process
000081e0   __divli
00008280   __fixdi
00008320   __fixdli
000083c0   __renormd
00008460   _copy_in
00008640   _main
000086e0   ___TI_cpp_init
00008760   __fltlid
000087e0   __llshl
00008860   __mpyll
000088e0   _fopen
00008960   _memccpy
000089e0   _readmsg
00008a60   _unlink
00008ae0   __llshru
00008b40   __remli
00008ba0   __subcull
00008c00   _c_int00
00008c60   _writemsg
00008cb8   C$$IO$$
00008cc0   ___isinf
00008d40   __args_main
00008d80   __negd
00008dc0   __subd
00008e00   __negll
00008e20   __nop
00008e80   C$$EXIT
00008e80   _abort
00008ea0   _remove
00008ec0   ___etext__
00008ec0   __stack
00008ec0   etext
000096c0   __STACK_END
000096c0   __sys_memory
00009ec0   __ftable
0000a0a0   __tmpnams
0000a1e0   __ft_end
0000a304   __cleanup_ptr
0000a308   __dtors_ptr
0000a30c   ___TI_enable_exit_profile_output
0000a310   __lock
0000a314   __unlock
0000a328   __ctypes_
0000a4d8   ___cinit__
0000a4d8   cinit
0000a630   __CIOBUF_
ffffffff   ___TI_pprof_out_hndl
ffffffff   ___TI_prof_data_size
ffffffff   ___TI_prof_data_start
ffffffff   ___binit__
ffffffff   ___c_args__
ffffffff   ___pinit__
ffffffff   binit
ffffffff   pinit

[120 symbols]
