******************************************************************************
               TMS320C6x Linker PC v7.4.4                      
******************************************************************************
>> Linked Wed Nov 24 23:33:04 2021

OUTPUT FILE NAME:   <bmp.out>
ENTRY POINT SYMBOL: "_c_int00"  address: 00008b20


MEMORY CONFIGURATION

         name            origin    length      used     unused   attr    fill
----------------------  --------  ---------  --------  --------  ----  --------
  IRAM                  00000000   00040000  0000a66c  00035994  RWIX
  EMIFA_CS0             80000000   10000000  00000000  10000000  RWIX
  EMIFA_CS1             90000000   10000000  00000000  10000000  RWIX
  EMIFA_CS2             a0000000   10000000  00000000  10000000  RWIX
  EMIFA_CS3             b0000000   10000000  00000000  10000000  RWIX


SECTION ALLOCATION MAP

 output                                  attributes/
section   page    origin      length       input sections
--------  ----  ----------  ----------   ----------------
.text      0    00000000    00008de0     
                  00000000    00000620     rts6400.lib : _printfi.obj (.text:__getarg_diouxp)
                  00000620    000005c0                 : divd.obj (.text:__divd)
                  00000be0    00000580                 : fwrite.obj (.text:_fwrite)
                  00001160    000004e0                 : _printfi.obj (.text:__setfield)
                  00001640    000004c0                 : _printfi.obj (.text:__printfi)
                  00001b00    00000480     func.obj (.text)
                  00001f80    00000420     rts6400.lib : fputs.obj (.text:_fputs)
                  000023a0    00000400                 : _printfi.obj (.text:_fcvt)
                  000027a0    000003e0                 : _printfi.obj (.text:__pproc_fge)
                  00002b80    000003c0                 : _printfi.obj (.text:_ecvt)
                  00002f40    00000320                 : _printfi.obj (.text:__pconv_e)
                  00003260    00000300                 : _printfi.obj (.text:__pproc_fwp)
                  00003560    00000300                 : fread.obj (.text:_fread)
                  00003860    000002e0                 : memory.obj (.text:_free)
                  00003b40    000002c0                 : imath64.obj (.text:__divull)
                  00003e00    000002a0                 : _printfi.obj (.text:__pproc_diouxp)
                  000040a0    00000280                 : mpyd.obj (.text:__mpyd)
                  00004320    00000260                 : frcaddd.obj (.text:__frcaddd)
                  00004580    00000260                 : _printfi.obj (.text:__pproc_str)
                  000047e0    00000260                 : fputc.obj (.text:_fputc)
                  00004a40    00000240                 : addd.obj (.text:__addd)
                  00004c80    00000240                 : _printfi.obj (.text:__pconv_g)
                  00004ec0    00000240                 : setvbuf.obj (.text:_setvbuf)
                  00005100    00000200                 : trgdrv.obj (.text:_HOSTrename)
                  00005300    00000200                 : _printfi.obj (.text:__mcpy)
                  00005500    000001e0                 : fopen.obj (.text:__openfile)
                  000056e0    000001c0                 : memory.obj (.text:_malloc)
                  000058a0    000001c0                 : lowlev.obj (.text:_open)
                  00005a60    000001a0                 : imath40.obj (.text:__divul)
                  00005c00    00000180                 : fseek.obj (.text:_fseek)
                  00005d80    00000180                 : lowlev.obj (.text:_getdevice)
                  00005f00    00000160                 : _printfi.obj (.text:__ltostr)
                  00006060    00000160                 : _printfi.obj (.text:__pproc_fflags)
                  000061c0    00000140                 : fclose.obj (.text:__closefile)
                  00006300    00000140                 : fopen.obj (.text:__search_fp)
                  00006440    00000120                 : trgdrv.obj (.text:_HOSTlseek)
                  00006560    00000120                 : _bufread.obj (.text:__buff_read)
                  00006680    00000120                 : frcmpyd.obj (.text:__frcmpyd)
                  000067a0    00000120                 : _io_perm.obj (.text:__wrt_ok)
                  000068c0    00000120                 : atoi.obj (.text:_atoi)
                  000069e0    00000100                 : trgdrv.obj (.text:_HOSTopen)
                  00006ae0    00000100                 : trgdrv.obj (.text:_HOSTread)
                  00006be0    00000100                 : trgdrv.obj (.text:_HOSTwrite)
                  00006ce0    00000100                 : frcmpyd_div.obj (.text:__frcmpyd_div)
                  00006de0    00000100                 : lowlev.obj (.text:_close)
                  00006ee0    00000100                 : ltoa.obj (.text:_ltoa)
                  00006fe0    00000100                 : memset.obj (.text:_memset)
                  000070e0    000000e0                 : trgdrv.obj (.text:_HOSTunlink)
                  000071c0    000000e0                 : autoinit.obj (.text:__auto_init)
                  000072a0    000000e0                 : cmpd.obj (.text:__cmpd)
                  00007380    000000e0                 : _printfi.obj (.text:__div)
                  00007460    000000e0                 : fflush.obj (.text:__doflush)
                  00007540    000000e0                 : _printfi.obj (.text:__pconv_f)
                  00007620    000000e0                 : memcpy64.obj (.text:_memcpy)
                  00007700    000000e0                 : memory.obj (.text:_mremove)
                  000077e0    000000e0                 : printf.obj (.text:_printf)
                  000078c0    000000c0                 : trgdrv.obj (.text:_HOSTclose)
                  00007980    000000c0                 : fopen.obj (.text:__cleanup)
                  00007a40    000000c0                 : divu.obj (.text:__divu)
                  00007b00    000000c0                 : _printfi.obj (.text:__ecpy)
                  00007bc0    000000c0                 : _printfi.obj (.text:__fcpy)
                  00007c80    000000c0                 : _io_perm.obj (.text:__rd_ok)
                  00007d40    000000c0                 : exit.obj (.text:_exit)
                  00007e00    000000c0                 : lowlev.obj (.text:_lseek)
                  00007ec0    000000c0                 : memory.obj (.text:_minsert)
                  00007f80    000000c0                 : lowlev.obj (.text:_read)
                  00008040    000000c0                 : lowlev.obj (.text:_write)
                  00008100    000000a0                 : imath40.obj (.text:__divli)
                  000081a0    000000a0                 : fixdi.obj (.text:__fixdi)
                  00008240    000000a0                 : fixdli.obj (.text:__fixdli)
                  000082e0    000000a0                 : renormd.obj (.text:__renormd)
                  00008380    000000a0                 : cpy_tbl.obj (.text:_copy_in)
                  00008420    000000a0                 : lowlev.obj (.text:_finddevice)
                  000084c0    000000a0                 : lowlev.obj (.text:_tabinit)
                  00008560    000000a0     main.obj (.text)
                  00008600    00000080     rts6400.lib : cpp_init.obj (.text:___TI_cpp_init)
                  00008680    00000080                 : fltlid.obj (.text:__fltlid)
                  00008700    00000080                 : llshift.obj (.text:__llshl)
                  00008780    00000080                 : mpyll.obj (.text:__mpyll)
                  00008800    00000080                 : fopen.obj (.text:_fopen)
                  00008880    00000080                 : memccpy.obj (.text:_memccpy)
                  00008900    00000080                 : trgmsg.obj (.text:_readmsg)
                  00008980    00000080                 : lowlev.obj (.text:_unlink)
                  00008a00    00000060                 : llshift.obj (.text:__llshru)
                  00008a60    00000060                 : imath40.obj (.text:__remli)
                  00008ac0    00000060                 : imath64.obj (.text:__subcull)
                  00008b20    00000060                 : boot.obj (.text:_c_int00)
                  00008b80    00000060                 : trgmsg.obj (.text:_writemsg)
                  00008be0    00000040                 : isinf.obj (.text:___isinf)
                  00008c20    00000040                 : _printfi.obj (.text:___isnan)
                  00008c60    00000040                 : args_main.obj (.text:__args_main)
                  00008ca0    00000040                 : negd.obj (.text:__negd)
                  00008ce0    00000040                 : subd.obj (.text:__subd)
                  00008d20    00000020                 : negll.obj (.text:__negll)
                  00008d40    00000020                 : _lock.obj (.text:__nop)
                  00008d60    00000020                 : printf.obj (.text:__outc)
                  00008d80    00000020                 : printf.obj (.text:__outs)
                  00008da0    00000020                 : exit.obj (.text:_abort)
                  00008dc0    00000020                 : remove.obj (.text:_remove)

.bss       0    00000000    00000000     UNINITIALIZED

.data      0    00000000    00000000     UNINITIALIZED

.pinit     0    00000000    00000000     UNINITIALIZED

.stack     0    00008de0    00000800     UNINITIALIZED
                  00008de0    00000008     rts6400.lib : boot.obj (.stack)
                  00008de8    000007f8     --HOLE--

.sysmem    0    000095e0    00000800     UNINITIALIZED
                  000095e0    00000008     rts6400.lib : memory.obj (.sysmem)
                  000095e8    000007f8     --HOLE--

.far       0    00009de0    00000468     UNINITIALIZED
                  00009de0    00000324     rts6400.lib : defs.obj (.far)
                  0000a104    00000004                 : fopen.obj (.far)
                  0000a108    0000011c                 : lowlev.obj (.far)
                  0000a224    0000000c                 : exit.obj (.far)
                  0000a230    00000008                 : _lock.obj (.far)
                  0000a238    00000008                 : memory.obj (.far)
                  0000a240    00000008                 : trgdrv.obj (.far)

.const     0    0000a248    000001b0     
                  0000a248    00000101     rts6400.lib : ctype.obj (.const:.string:__ctypes_)
                  0000a349    00000002                 : fputs.obj (.const:.string)
                  0000a34b    00000001     --HOLE-- [fill = 0]
                  0000a34c    00000078     main.obj (.const:.string)
                  0000a3c4    00000023     rts6400.lib : _printfi.obj (.const:.string)
                  0000a3e7    00000001     --HOLE-- [fill = 0]
                  0000a3e8    00000008                 : divd.obj (.const:.string:_initial_approx$1)
                  0000a3f0    00000008     func.obj (.const:.string)

.cinit     0    0000a3f8    00000154     
                  0000a3f8    0000005c     rts6400.lib : defs.obj (.cinit)
                  0000a454    00000004     --HOLE-- [fill = 0]
                  0000a458    0000005c                 : lowlev.obj (.cinit)
                  0000a4b4    00000004     --HOLE-- [fill = 0]
                  0000a4b8    0000002c                 : exit.obj (.cinit)
                  0000a4e4    00000004     --HOLE-- [fill = 0]
                  0000a4e8    0000002c                 : memory.obj (.cinit)
                  0000a514    00000004     --HOLE-- [fill = 0]
                  0000a518    0000001c                 : _lock.obj (.cinit)
                  0000a534    00000004     --HOLE-- [fill = 0]
                  0000a538    0000000c                 : fopen.obj (.cinit)
                  0000a544    00000004     --HOLE-- [fill = 0]
                  0000a548    00000004     (.pad.cinit) [fill = 0]

.cio       0    0000a550    00000120     UNINITIALIZED
                  0000a550    00000120     rts6400.lib : trgmsg.obj (.cio)


GLOBAL SYMBOLS: SORTED ALPHABETICALLY BY Name 

address    name
--------   ----
00000000   $bss
00000000   .bss
00000000   .data
00000000   .text
00008da0   C$$EXIT
00008bd8   C$$IO$$
000078c0   _HOSTclose
00006440   _HOSTlseek
000069e0   _HOSTopen
00006ae0   _HOSTread
00005100   _HOSTrename
000070e0   _HOSTunlink
00006be0   _HOSTwrite
0000a550   __CIOBUF_
000095e0   __STACK_END
00000800   __STACK_SIZE
00000800   __SYSMEM_SIZE
00000001   __TI_args_main
00008600   ___TI_cpp_init
0000a22c   ___TI_enable_exit_profile_output
ffffffff   ___TI_pprof_out_hndl
ffffffff   ___TI_prof_data_size
ffffffff   ___TI_prof_data_start
ffffffff   ___binit__
00000000   ___bss__
ffffffff   ___c_args__
0000a3f8   ___cinit__
00000000   ___data__
00000000   ___edata__
00000000   ___end__
00008de0   ___etext__
00008be0   ___isinf
ffffffff   ___pinit__
00000000   ___text__
00004a40   __addd
00008c60   __args_main
000071c0   __auto_init
00006560   __buff_read
00007a40   __c6xabi_divu
00007980   __cleanup
0000a224   __cleanup_ptr
000061c0   __closefile
000072a0   __cmpd
0000a248   __ctypes_
00000620   __divd
00008100   __divli
00007a40   __divu
00005a60   __divul
00003b40   __divull
00007460   __doflush
0000a228   __dtors_ptr
000081a0   __fixdi
00008240   __fixdli
00008680   __fltlid
00004320   __frcaddd
00006680   __frcmpyd
00006ce0   __frcmpyd_div
0000a100   __ft_end
00009de0   __ftable
00008700   __llshl
00008a00   __llshru
0000a230   __lock
000040a0   __mpyd
00008780   __mpyll
00008ca0   __negd
00008d20   __negll
00008d40   __nop
00001640   __printfi
00007c80   __rd_ok
00008a60   __remli
000082e0   __renormd
00008de0   __stack
00008ac0   __subcull
00008ce0   __subd
000095e0   __sys_memory
00009fc0   __tmpnams
0000a234   __unlock
000067a0   __wrt_ok
00008da0   _abort
000068c0   _atoi
00001e7c   _back_4x4_data
00008b20   _c_int00
00006de0   _close
00008380   _copy_in
00007d40   _exit
00008800   _fopen
000047e0   _fputc
00001f80   _fputs
00003560   _fread
00003860   _free
00005c00   _fseek
00000be0   _fwrite
00001e00   _get_4x4_data
00001ef8   _get_H_kernel
00007e00   _lseek
00006ee0   _ltoa
00008560   _main
000056e0   _malloc
00001ca8   _mat_mpy4x4
00008880   _memccpy
00007620   _memcpy
00006fe0   _memset
000058a0   _open
000077e0   _printf
000047e0   _putc
00007f80   _read
00008900   _readmsg
00008dc0   _remove
00004ec0   _setvbuf
00001b00   _transfer_arr_p
00008980   _unlink
00008040   _write
00008b80   _writemsg
ffffffff   binit
0000a3f8   cinit
00000000   edata
00000000   end
00008de0   etext
ffffffff   pinit


GLOBAL SYMBOLS: SORTED BY Symbol Address 

address    name
--------   ----
00000000   $bss
00000000   .bss
00000000   .data
00000000   .text
00000000   ___bss__
00000000   ___data__
00000000   ___edata__
00000000   ___end__
00000000   ___text__
00000000   edata
00000000   end
00000001   __TI_args_main
00000620   __divd
00000800   __STACK_SIZE
00000800   __SYSMEM_SIZE
00000be0   _fwrite
00001640   __printfi
00001b00   _transfer_arr_p
00001ca8   _mat_mpy4x4
00001e00   _get_4x4_data
00001e7c   _back_4x4_data
00001ef8   _get_H_kernel
00001f80   _fputs
00003560   _fread
00003860   _free
00003b40   __divull
000040a0   __mpyd
00004320   __frcaddd
000047e0   _fputc
000047e0   _putc
00004a40   __addd
00004ec0   _setvbuf
00005100   _HOSTrename
000056e0   _malloc
000058a0   _open
00005a60   __divul
00005c00   _fseek
000061c0   __closefile
00006440   _HOSTlseek
00006560   __buff_read
00006680   __frcmpyd
000067a0   __wrt_ok
000068c0   _atoi
000069e0   _HOSTopen
00006ae0   _HOSTread
00006be0   _HOSTwrite
00006ce0   __frcmpyd_div
00006de0   _close
00006ee0   _ltoa
00006fe0   _memset
000070e0   _HOSTunlink
000071c0   __auto_init
000072a0   __cmpd
00007460   __doflush
00007620   _memcpy
000077e0   _printf
000078c0   _HOSTclose
00007980   __cleanup
00007a40   __c6xabi_divu
00007a40   __divu
00007c80   __rd_ok
00007d40   _exit
00007e00   _lseek
00007f80   _read
00008040   _write
00008100   __divli
000081a0   __fixdi
00008240   __fixdli
000082e0   __renormd
00008380   _copy_in
00008560   _main
00008600   ___TI_cpp_init
00008680   __fltlid
00008700   __llshl
00008780   __mpyll
00008800   _fopen
00008880   _memccpy
00008900   _readmsg
00008980   _unlink
00008a00   __llshru
00008a60   __remli
00008ac0   __subcull
00008b20   _c_int00
00008b80   _writemsg
00008bd8   C$$IO$$
00008be0   ___isinf
00008c60   __args_main
00008ca0   __negd
00008ce0   __subd
00008d20   __negll
00008d40   __nop
00008da0   C$$EXIT
00008da0   _abort
00008dc0   _remove
00008de0   ___etext__
00008de0   __stack
00008de0   etext
000095e0   __STACK_END
000095e0   __sys_memory
00009de0   __ftable
00009fc0   __tmpnams
0000a100   __ft_end
0000a224   __cleanup_ptr
0000a228   __dtors_ptr
0000a22c   ___TI_enable_exit_profile_output
0000a230   __lock
0000a234   __unlock
0000a248   __ctypes_
0000a3f8   ___cinit__
0000a3f8   cinit
0000a550   __CIOBUF_
ffffffff   ___TI_pprof_out_hndl
ffffffff   ___TI_prof_data_size
ffffffff   ___TI_prof_data_start
ffffffff   ___binit__
ffffffff   ___c_args__
ffffffff   ___pinit__
ffffffff   binit
ffffffff   pinit

[119 symbols]
