******************************************************************************
               TMS320C6x Linker PC v7.4.4                      
******************************************************************************
>> Linked Thu Nov 25 00:10:38 2021

OUTPUT FILE NAME:   <bmp.out>
ENTRY POINT SYMBOL: "_c_int00"  address: 00008b00


MEMORY CONFIGURATION

         name            origin    length      used     unused   attr    fill
----------------------  --------  ---------  --------  --------  ----  --------
  IRAM                  00000000   00040000  0000a654  000359ac  RWIX
  EMIFA_CS0             80000000   10000000  00000000  10000000  RWIX
  EMIFA_CS1             90000000   10000000  00000000  10000000  RWIX
  EMIFA_CS2             a0000000   10000000  00000000  10000000  RWIX
  EMIFA_CS3             b0000000   10000000  00000000  10000000  RWIX


SECTION ALLOCATION MAP

 output                                  attributes/
section   page    origin      length       input sections
--------  ----  ----------  ----------   ----------------
.text      0    00000000    00008dc0     
                  00000000    00000620     rts6400.lib : _printfi.obj (.text:__getarg_diouxp)
                  00000620    000005c0                 : divd.obj (.text:__divd)
                  00000be0    00000580                 : fwrite.obj (.text:_fwrite)
                  00001160    000004e0                 : _printfi.obj (.text:__setfield)
                  00001640    000004c0                 : _printfi.obj (.text:__printfi)
                  00001b00    00000460     func.obj (.text)
                  00001f60    00000420     rts6400.lib : fputs.obj (.text:_fputs)
                  00002380    00000400                 : _printfi.obj (.text:_fcvt)
                  00002780    000003e0                 : _printfi.obj (.text:__pproc_fge)
                  00002b60    000003c0                 : _printfi.obj (.text:_ecvt)
                  00002f20    00000320                 : _printfi.obj (.text:__pconv_e)
                  00003240    00000300                 : _printfi.obj (.text:__pproc_fwp)
                  00003540    00000300                 : fread.obj (.text:_fread)
                  00003840    000002e0                 : memory.obj (.text:_free)
                  00003b20    000002c0                 : imath64.obj (.text:__divull)
                  00003de0    000002a0                 : _printfi.obj (.text:__pproc_diouxp)
                  00004080    00000280                 : mpyd.obj (.text:__mpyd)
                  00004300    00000260                 : frcaddd.obj (.text:__frcaddd)
                  00004560    00000260                 : _printfi.obj (.text:__pproc_str)
                  000047c0    00000260                 : fputc.obj (.text:_fputc)
                  00004a20    00000240                 : addd.obj (.text:__addd)
                  00004c60    00000240                 : _printfi.obj (.text:__pconv_g)
                  00004ea0    00000240                 : setvbuf.obj (.text:_setvbuf)
                  000050e0    00000200                 : trgdrv.obj (.text:_HOSTrename)
                  000052e0    00000200                 : _printfi.obj (.text:__mcpy)
                  000054e0    000001e0                 : fopen.obj (.text:__openfile)
                  000056c0    000001c0                 : memory.obj (.text:_malloc)
                  00005880    000001c0                 : lowlev.obj (.text:_open)
                  00005a40    000001a0                 : imath40.obj (.text:__divul)
                  00005be0    00000180                 : fseek.obj (.text:_fseek)
                  00005d60    00000180                 : lowlev.obj (.text:_getdevice)
                  00005ee0    00000160                 : _printfi.obj (.text:__ltostr)
                  00006040    00000160                 : _printfi.obj (.text:__pproc_fflags)
                  000061a0    00000140                 : fclose.obj (.text:__closefile)
                  000062e0    00000140                 : fopen.obj (.text:__search_fp)
                  00006420    00000120                 : trgdrv.obj (.text:_HOSTlseek)
                  00006540    00000120                 : _bufread.obj (.text:__buff_read)
                  00006660    00000120                 : frcmpyd.obj (.text:__frcmpyd)
                  00006780    00000120                 : _io_perm.obj (.text:__wrt_ok)
                  000068a0    00000120                 : atoi.obj (.text:_atoi)
                  000069c0    00000100                 : trgdrv.obj (.text:_HOSTopen)
                  00006ac0    00000100                 : trgdrv.obj (.text:_HOSTread)
                  00006bc0    00000100                 : trgdrv.obj (.text:_HOSTwrite)
                  00006cc0    00000100                 : frcmpyd_div.obj (.text:__frcmpyd_div)
                  00006dc0    00000100                 : lowlev.obj (.text:_close)
                  00006ec0    00000100                 : ltoa.obj (.text:_ltoa)
                  00006fc0    00000100                 : memset.obj (.text:_memset)
                  000070c0    000000e0                 : trgdrv.obj (.text:_HOSTunlink)
                  000071a0    000000e0                 : autoinit.obj (.text:__auto_init)
                  00007280    000000e0                 : cmpd.obj (.text:__cmpd)
                  00007360    000000e0                 : _printfi.obj (.text:__div)
                  00007440    000000e0                 : fflush.obj (.text:__doflush)
                  00007520    000000e0                 : _printfi.obj (.text:__pconv_f)
                  00007600    000000e0                 : memcpy64.obj (.text:_memcpy)
                  000076e0    000000e0                 : memory.obj (.text:_mremove)
                  000077c0    000000e0                 : printf.obj (.text:_printf)
                  000078a0    000000c0                 : trgdrv.obj (.text:_HOSTclose)
                  00007960    000000c0                 : fopen.obj (.text:__cleanup)
                  00007a20    000000c0                 : divu.obj (.text:__divu)
                  00007ae0    000000c0                 : _printfi.obj (.text:__ecpy)
                  00007ba0    000000c0                 : _printfi.obj (.text:__fcpy)
                  00007c60    000000c0                 : _io_perm.obj (.text:__rd_ok)
                  00007d20    000000c0                 : exit.obj (.text:_exit)
                  00007de0    000000c0                 : lowlev.obj (.text:_lseek)
                  00007ea0    000000c0                 : memory.obj (.text:_minsert)
                  00007f60    000000c0                 : lowlev.obj (.text:_read)
                  00008020    000000c0                 : lowlev.obj (.text:_write)
                  000080e0    000000a0                 : imath40.obj (.text:__divli)
                  00008180    000000a0                 : fixdi.obj (.text:__fixdi)
                  00008220    000000a0                 : fixdli.obj (.text:__fixdli)
                  000082c0    000000a0                 : renormd.obj (.text:__renormd)
                  00008360    000000a0                 : cpy_tbl.obj (.text:_copy_in)
                  00008400    000000a0                 : lowlev.obj (.text:_finddevice)
                  000084a0    000000a0                 : lowlev.obj (.text:_tabinit)
                  00008540    000000a0     main.obj (.text)
                  000085e0    00000080     rts6400.lib : cpp_init.obj (.text:___TI_cpp_init)
                  00008660    00000080                 : fltlid.obj (.text:__fltlid)
                  000086e0    00000080                 : llshift.obj (.text:__llshl)
                  00008760    00000080                 : mpyll.obj (.text:__mpyll)
                  000087e0    00000080                 : fopen.obj (.text:_fopen)
                  00008860    00000080                 : memccpy.obj (.text:_memccpy)
                  000088e0    00000080                 : trgmsg.obj (.text:_readmsg)
                  00008960    00000080                 : lowlev.obj (.text:_unlink)
                  000089e0    00000060                 : llshift.obj (.text:__llshru)
                  00008a40    00000060                 : imath40.obj (.text:__remli)
                  00008aa0    00000060                 : imath64.obj (.text:__subcull)
                  00008b00    00000060                 : boot.obj (.text:_c_int00)
                  00008b60    00000060                 : trgmsg.obj (.text:_writemsg)
                  00008bc0    00000040                 : isinf.obj (.text:___isinf)
                  00008c00    00000040                 : _printfi.obj (.text:___isnan)
                  00008c40    00000040                 : args_main.obj (.text:__args_main)
                  00008c80    00000040                 : negd.obj (.text:__negd)
                  00008cc0    00000040                 : subd.obj (.text:__subd)
                  00008d00    00000020                 : negll.obj (.text:__negll)
                  00008d20    00000020                 : _lock.obj (.text:__nop)
                  00008d40    00000020                 : printf.obj (.text:__outc)
                  00008d60    00000020                 : printf.obj (.text:__outs)
                  00008d80    00000020                 : exit.obj (.text:_abort)
                  00008da0    00000020                 : remove.obj (.text:_remove)

.bss       0    00000000    00000000     UNINITIALIZED

.data      0    00000000    00000000     UNINITIALIZED

.pinit     0    00000000    00000000     UNINITIALIZED

.stack     0    00008dc0    00000800     UNINITIALIZED
                  00008dc0    00000008     rts6400.lib : boot.obj (.stack)
                  00008dc8    000007f8     --HOLE--

.sysmem    0    000095c0    00000800     UNINITIALIZED
                  000095c0    00000008     rts6400.lib : memory.obj (.sysmem)
                  000095c8    000007f8     --HOLE--

.far       0    00009dc0    00000468     UNINITIALIZED
                  00009dc0    00000324     rts6400.lib : defs.obj (.far)
                  0000a0e4    00000004                 : fopen.obj (.far)
                  0000a0e8    0000011c                 : lowlev.obj (.far)
                  0000a204    0000000c                 : exit.obj (.far)
                  0000a210    00000008                 : _lock.obj (.far)
                  0000a218    00000008                 : memory.obj (.far)
                  0000a220    00000008                 : trgdrv.obj (.far)

.const     0    0000a228    000001b8     
                  0000a228    00000101     rts6400.lib : ctype.obj (.const:.string:__ctypes_)
                  0000a329    00000002                 : fputs.obj (.const:.string)
                  0000a32b    00000001     --HOLE-- [fill = 0]
                  0000a32c    00000078     main.obj (.const:.string)
                  0000a3a4    00000023     rts6400.lib : _printfi.obj (.const:.string)
                  0000a3c7    00000001     --HOLE-- [fill = 0]
                  0000a3c8    00000010     func.obj (.const:.string)
                  0000a3d8    00000008     rts6400.lib : divd.obj (.const:.string:_initial_approx$1)

.cinit     0    0000a3e0    00000154     
                  0000a3e0    0000005c     rts6400.lib : defs.obj (.cinit)
                  0000a43c    00000004     --HOLE-- [fill = 0]
                  0000a440    0000005c                 : lowlev.obj (.cinit)
                  0000a49c    00000004     --HOLE-- [fill = 0]
                  0000a4a0    0000002c                 : exit.obj (.cinit)
                  0000a4cc    00000004     --HOLE-- [fill = 0]
                  0000a4d0    0000002c                 : memory.obj (.cinit)
                  0000a4fc    00000004     --HOLE-- [fill = 0]
                  0000a500    0000001c                 : _lock.obj (.cinit)
                  0000a51c    00000004     --HOLE-- [fill = 0]
                  0000a520    0000000c                 : fopen.obj (.cinit)
                  0000a52c    00000004     --HOLE-- [fill = 0]
                  0000a530    00000004     (.pad.cinit) [fill = 0]

.cio       0    0000a538    00000120     UNINITIALIZED
                  0000a538    00000120     rts6400.lib : trgmsg.obj (.cio)


GLOBAL SYMBOLS: SORTED ALPHABETICALLY BY Name 

address    name
--------   ----
00000000   $bss
00000000   .bss
00000000   .data
00000000   .text
00008d80   C$$EXIT
00008bb8   C$$IO$$
000078a0   _HOSTclose
00006420   _HOSTlseek
000069c0   _HOSTopen
00006ac0   _HOSTread
000050e0   _HOSTrename
000070c0   _HOSTunlink
00006bc0   _HOSTwrite
0000a538   __CIOBUF_
000095c0   __STACK_END
00000800   __STACK_SIZE
00000800   __SYSMEM_SIZE
00000001   __TI_args_main
000085e0   ___TI_cpp_init
0000a20c   ___TI_enable_exit_profile_output
ffffffff   ___TI_pprof_out_hndl
ffffffff   ___TI_prof_data_size
ffffffff   ___TI_prof_data_start
ffffffff   ___binit__
00000000   ___bss__
ffffffff   ___c_args__
0000a3e0   ___cinit__
00000000   ___data__
00000000   ___edata__
00000000   ___end__
00008dc0   ___etext__
00008bc0   ___isinf
ffffffff   ___pinit__
00000000   ___text__
00004a20   __addd
00008c40   __args_main
000071a0   __auto_init
00006540   __buff_read
00007a20   __c6xabi_divu
00007960   __cleanup
0000a204   __cleanup_ptr
000061a0   __closefile
00007280   __cmpd
0000a228   __ctypes_
00000620   __divd
000080e0   __divli
00007a20   __divu
00005a40   __divul
00003b20   __divull
00007440   __doflush
0000a208   __dtors_ptr
00008180   __fixdi
00008220   __fixdli
00008660   __fltlid
00004300   __frcaddd
00006660   __frcmpyd
00006cc0   __frcmpyd_div
0000a0e0   __ft_end
00009dc0   __ftable
000086e0   __llshl
000089e0   __llshru
0000a210   __lock
00004080   __mpyd
00008760   __mpyll
00008c80   __negd
00008d00   __negll
00008d20   __nop
00001640   __printfi
00007c60   __rd_ok
00008a40   __remli
000082c0   __renormd
00008dc0   __stack
00008aa0   __subcull
00008cc0   __subd
000095c0   __sys_memory
00009fa0   __tmpnams
0000a214   __unlock
00006780   __wrt_ok
00008d80   _abort
000068a0   _atoi
00001e70   _back_4x4_data
00008b00   _c_int00
00006dc0   _close
00008360   _copy_in
00007d20   _exit
000087e0   _fopen
000047c0   _fputc
00001f60   _fputs
00003540   _fread
00003840   _free
00005be0   _fseek
00000be0   _fwrite
00001df4   _get_4x4_data
00001ef0   _get_H_kernel
00007de0   _lseek
00006ec0   _ltoa
00008540   _main
000056c0   _malloc
00001cc0   _mat_mpy4x4
00008860   _memccpy
00007600   _memcpy
00006fc0   _memset
00005880   _open
000077c0   _printf
000047c0   _putc
00007f60   _read
000088e0   _readmsg
00008da0   _remove
00004ea0   _setvbuf
00001b00   _transfer_arr_p
00008960   _unlink
00008020   _write
00008b60   _writemsg
ffffffff   binit
0000a3e0   cinit
00000000   edata
00000000   end
00008dc0   etext
ffffffff   pinit


GLOBAL SYMBOLS: SORTED BY Symbol Address 

address    name
--------   ----
00000000   $bss
00000000   .bss
00000000   .data
00000000   .text
00000000   ___bss__
00000000   ___data__
00000000   ___edata__
00000000   ___end__
00000000   ___text__
00000000   edata
00000000   end
00000001   __TI_args_main
00000620   __divd
00000800   __STACK_SIZE
00000800   __SYSMEM_SIZE
00000be0   _fwrite
00001640   __printfi
00001b00   _transfer_arr_p
00001cc0   _mat_mpy4x4
00001df4   _get_4x4_data
00001e70   _back_4x4_data
00001ef0   _get_H_kernel
00001f60   _fputs
00003540   _fread
00003840   _free
00003b20   __divull
00004080   __mpyd
00004300   __frcaddd
000047c0   _fputc
000047c0   _putc
00004a20   __addd
00004ea0   _setvbuf
000050e0   _HOSTrename
000056c0   _malloc
00005880   _open
00005a40   __divul
00005be0   _fseek
000061a0   __closefile
00006420   _HOSTlseek
00006540   __buff_read
00006660   __frcmpyd
00006780   __wrt_ok
000068a0   _atoi
000069c0   _HOSTopen
00006ac0   _HOSTread
00006bc0   _HOSTwrite
00006cc0   __frcmpyd_div
00006dc0   _close
00006ec0   _ltoa
00006fc0   _memset
000070c0   _HOSTunlink
000071a0   __auto_init
00007280   __cmpd
00007440   __doflush
00007600   _memcpy
000077c0   _printf
000078a0   _HOSTclose
00007960   __cleanup
00007a20   __c6xabi_divu
00007a20   __divu
00007c60   __rd_ok
00007d20   _exit
00007de0   _lseek
00007f60   _read
00008020   _write
000080e0   __divli
00008180   __fixdi
00008220   __fixdli
000082c0   __renormd
00008360   _copy_in
00008540   _main
000085e0   ___TI_cpp_init
00008660   __fltlid
000086e0   __llshl
00008760   __mpyll
000087e0   _fopen
00008860   _memccpy
000088e0   _readmsg
00008960   _unlink
000089e0   __llshru
00008a40   __remli
00008aa0   __subcull
00008b00   _c_int00
00008b60   _writemsg
00008bb8   C$$IO$$
00008bc0   ___isinf
00008c40   __args_main
00008c80   __negd
00008cc0   __subd
00008d00   __negll
00008d20   __nop
00008d80   C$$EXIT
00008d80   _abort
00008da0   _remove
00008dc0   ___etext__
00008dc0   __stack
00008dc0   etext
000095c0   __STACK_END
000095c0   __sys_memory
00009dc0   __ftable
00009fa0   __tmpnams
0000a0e0   __ft_end
0000a204   __cleanup_ptr
0000a208   __dtors_ptr
0000a20c   ___TI_enable_exit_profile_output
0000a210   __lock
0000a214   __unlock
0000a228   __ctypes_
0000a3e0   ___cinit__
0000a3e0   cinit
0000a538   __CIOBUF_
ffffffff   ___TI_pprof_out_hndl
ffffffff   ___TI_prof_data_size
ffffffff   ___TI_prof_data_start
ffffffff   ___binit__
ffffffff   ___c_args__
ffffffff   ___pinit__
ffffffff   binit
ffffffff   pinit

[119 symbols]
