******************************************************************************
               TMS320C6x Linker PC v7.4.4                      
******************************************************************************
>> Linked Mon Nov 22 23:51:46 2021

OUTPUT FILE NAME:   <bmp.out>
ENTRY POINT SYMBOL: "_c_int00"  address: 0000ab40


MEMORY CONFIGURATION

         name            origin    length      used     unused   attr    fill
----------------------  --------  ---------  --------  --------  ----  --------
  IRAM                  00000000   00040000  0000caa4  0003355c  RWIX
  EMIFA_CS0             80000000   10000000  00000000  10000000  RWIX
  EMIFA_CS1             90000000   10000000  00000000  10000000  RWIX
  EMIFA_CS2             a0000000   10000000  00000000  10000000  RWIX
  EMIFA_CS3             b0000000   10000000  00000000  10000000  RWIX


SECTION ALLOCATION MAP

 output                                  attributes/
section   page    origin      length       input sections
--------  ----  ----------  ----------   ----------------
.text      0    00000000    0000aec0     
                  00000000    00001660     func.obj (.text)
                  00001660    00000620     rts6400.lib : _printfi.obj (.text:__getarg_diouxp)
                  00001c80    000005c0                 : divd.obj (.text:__divd)
                  00002240    00000580                 : fwrite.obj (.text:_fwrite)
                  000027c0    000004e0                 : _printfi.obj (.text:__setfield)
                  00002ca0    000004c0                 : _printfi.obj (.text:__printfi)
                  00003160    00000420                 : fputs.obj (.text:_fputs)
                  00003580    00000400                 : _printfi.obj (.text:_fcvt)
                  00003980    000003e0                 : _printfi.obj (.text:__pproc_fge)
                  00003d60    000003c0                 : _printfi.obj (.text:_ecvt)
                  00004120    00000380                 : addf.obj (.text:__addf)
                  000044a0    00000320                 : _printfi.obj (.text:__pconv_e)
                  000047c0    00000300                 : _printfi.obj (.text:__pproc_fwp)
                  00004ac0    00000300                 : fread.obj (.text:_fread)
                  00004dc0    000002e0                 : memory.obj (.text:_free)
                  000050a0    000002c0                 : imath64.obj (.text:__divull)
                  00005360    000002a0                 : _printfi.obj (.text:__pproc_diouxp)
                  00005600    00000280                 : mpyd.obj (.text:__mpyd)
                  00005880    00000260                 : frcaddd.obj (.text:__frcaddd)
                  00005ae0    00000260                 : _printfi.obj (.text:__pproc_str)
                  00005d40    00000260                 : fputc.obj (.text:_fputc)
                  00005fa0    00000240                 : addd.obj (.text:__addd)
                  000061e0    00000240                 : mpyf.obj (.text:__mpyf)
                  00006420    00000240                 : _printfi.obj (.text:__pconv_g)
                  00006660    00000240                 : setvbuf.obj (.text:_setvbuf)
                  000068a0    00000200                 : trgdrv.obj (.text:_HOSTrename)
                  00006aa0    00000200                 : _printfi.obj (.text:__mcpy)
                  00006ca0    000001e0                 : fopen.obj (.text:__openfile)
                  00006e80    000001c0                 : memory.obj (.text:_malloc)
                  00007040    000001c0                 : lowlev.obj (.text:_open)
                  00007200    000001a0                 : imath40.obj (.text:__divul)
                  000073a0    00000180                 : fseek.obj (.text:_fseek)
                  00007520    00000180                 : lowlev.obj (.text:_getdevice)
                  000076a0    00000160                 : _printfi.obj (.text:__ltostr)
                  00007800    00000160                 : _printfi.obj (.text:__pproc_fflags)
                  00007960    00000140                 : fclose.obj (.text:__closefile)
                  00007aa0    00000140                 : fopen.obj (.text:__search_fp)
                  00007be0    00000120                 : trgdrv.obj (.text:_HOSTlseek)
                  00007d00    00000120                 : _bufread.obj (.text:__buff_read)
                  00007e20    00000120                 : frcmpyd.obj (.text:__frcmpyd)
                  00007f40    00000120                 : _io_perm.obj (.text:__wrt_ok)
                  00008060    00000120                 : atoi.obj (.text:_atoi)
                  00008180    00000120     cal_bilinear.obj (.text)
                  000082a0    00000100     rts6400.lib : trgdrv.obj (.text:_HOSTopen)
                  000083a0    00000100                 : trgdrv.obj (.text:_HOSTread)
                  000084a0    00000100                 : trgdrv.obj (.text:_HOSTwrite)
                  000085a0    00000100                 : frcmpyd_div.obj (.text:__frcmpyd_div)
                  000086a0    00000100                 : lowlev.obj (.text:_close)
                  000087a0    00000100                 : ltoa.obj (.text:_ltoa)
                  000088a0    00000100                 : memset.obj (.text:_memset)
                  000089a0    000000e0                 : trgdrv.obj (.text:_HOSTunlink)
                  00008a80    000000e0                 : autoinit.obj (.text:__auto_init)
                  00008b60    000000e0                 : cmpd.obj (.text:__cmpd)
                  00008c40    000000e0                 : _printfi.obj (.text:__div)
                  00008d20    000000e0                 : fflush.obj (.text:__doflush)
                  00008e00    000000e0                 : _printfi.obj (.text:__pconv_f)
                  00008ee0    000000e0                 : memcpy64.obj (.text:_memcpy)
                  00008fc0    000000e0                 : memory.obj (.text:_mremove)
                  000090a0    000000e0                 : printf.obj (.text:_printf)
                  00009180    000000e0     cal_abcd.obj (.text)
                  00009260    000000c0     rts6400.lib : trgdrv.obj (.text:_HOSTclose)
                  00009320    000000c0                 : fopen.obj (.text:__cleanup)
                  000093e0    000000c0                 : cvtdf.obj (.text:__cvtdf)
                  000094a0    000000c0                 : divu.obj (.text:__divu)
                  00009560    000000c0                 : _printfi.obj (.text:__ecpy)
                  00009620    000000c0                 : _printfi.obj (.text:__fcpy)
                  000096e0    000000c0                 : _io_perm.obj (.text:__rd_ok)
                  000097a0    000000c0                 : remi.obj (.text:__remi)
                  00009860    000000c0                 : exit.obj (.text:_exit)
                  00009920    000000c0                 : lowlev.obj (.text:_lseek)
                  000099e0    000000c0                 : memory.obj (.text:_minsert)
                  00009aa0    000000c0                 : lowlev.obj (.text:_read)
                  00009b60    000000c0                 : lowlev.obj (.text:_write)
                  00009c20    000000a0                 : cmpf.obj (.text:__cmpf)
                  00009cc0    000000a0                 : imath40.obj (.text:__divli)
                  00009d60    000000a0                 : fixdi.obj (.text:__fixdi)
                  00009e00    000000a0                 : fixdli.obj (.text:__fixdli)
                  00009ea0    000000a0                 : fixdu.obj (.text:__fixdu)
                  00009f40    000000a0                 : fixfu.obj (.text:__fixfu)
                  00009fe0    000000a0                 : renormd.obj (.text:__renormd)
                  0000a080    000000a0                 : cpy_tbl.obj (.text:_copy_in)
                  0000a120    000000a0                 : lowlev.obj (.text:_finddevice)
                  0000a1c0    000000a0                 : lowlev.obj (.text:_tabinit)
                  0000a260    000000a0     main.obj (.text)
                  0000a300    000000a0     ycbcr2rgb_core.obj (.text)
                  0000a3a0    00000080     rts6400.lib : cpp_init.obj (.text:___TI_cpp_init)
                  0000a420    00000080                 : fixfi.obj (.text:__fixfi)
                  0000a4a0    00000080                 : fltlid.obj (.text:__fltlid)
                  0000a520    00000080                 : llshift.obj (.text:__llshl)
                  0000a5a0    00000080                 : mpyll.obj (.text:__mpyll)
                  0000a620    00000080                 : fclose.obj (.text:_fclose)
                  0000a6a0    00000080                 : fopen.obj (.text:_fopen)
                  0000a720    00000080                 : memccpy.obj (.text:_memccpy)
                  0000a7a0    00000080                 : trgmsg.obj (.text:_readmsg)
                  0000a820    00000080                 : lowlev.obj (.text:_unlink)
                  0000a8a0    00000060                 : cvtfd.obj (.text:__cvtfd)
                  0000a900    00000060                 : fltid.obj (.text:__fltid)
                  0000a960    00000060                 : fltif.obj (.text:__fltif)
                  0000a9c0    00000060                 : frcmpyf.obj (.text:__frcmpyf)
                  0000aa20    00000060                 : llshift.obj (.text:__llshru)
                  0000aa80    00000060                 : imath40.obj (.text:__remli)
                  0000aae0    00000060                 : imath64.obj (.text:__subcull)
                  0000ab40    00000060                 : boot.obj (.text:_c_int00)
                  0000aba0    00000060                 : trgmsg.obj (.text:_writemsg)
                  0000ac00    00000040                 : isinf.obj (.text:___isinf)
                  0000ac40    00000040                 : _printfi.obj (.text:___isnan)
                  0000ac80    00000040                 : args_main.obj (.text:__args_main)
                  0000acc0    00000040                 : fltud.obj (.text:__fltud)
                  0000ad00    00000040                 : negd.obj (.text:__negd)
                  0000ad40    00000040                 : subd.obj (.text:__subd)
                  0000ad80    00000040                 : subf.obj (.text:__subf)
                  0000adc0    00000040     ufloat2int.obj (.text)
                  0000ae00    00000020     rts6400.lib : negll.obj (.text:__negll)
                  0000ae20    00000020                 : _lock.obj (.text:__nop)
                  0000ae40    00000020                 : printf.obj (.text:__outc)
                  0000ae60    00000020                 : printf.obj (.text:__outs)
                  0000ae80    00000020                 : exit.obj (.text:_abort)
                  0000aea0    00000020                 : remove.obj (.text:_remove)

.bss       0    00000000    00000000     UNINITIALIZED

.data      0    00000000    00000000     UNINITIALIZED

.pinit     0    00000000    00000000     UNINITIALIZED

.stack     0    0000aec0    00000800     UNINITIALIZED
                  0000aec0    00000008     rts6400.lib : boot.obj (.stack)
                  0000aec8    000007f8     --HOLE--

.sysmem    0    0000b6c0    00000800     UNINITIALIZED
                  0000b6c0    00000008     rts6400.lib : memory.obj (.sysmem)
                  0000b6c8    000007f8     --HOLE--

.const     0    0000bec0    00000508     
                  0000bec0    00000340     func.obj (.const:.string)
                  0000c200    00000101     rts6400.lib : ctype.obj (.const:.string:__ctypes_)
                  0000c301    00000002                 : fputs.obj (.const:.string)
                  0000c303    00000001     --HOLE-- [fill = 0]
                  0000c304    00000094     main.obj (.const:.string)
                  0000c398    00000023     rts6400.lib : _printfi.obj (.const:.string)
                  0000c3bb    00000005     --HOLE-- [fill = 0]
                  0000c3c0    00000008                 : divd.obj (.const:.string:_initial_approx$1)

.far       0    0000c3c8    00000468     UNINITIALIZED
                  0000c3c8    00000324     rts6400.lib : defs.obj (.far)
                  0000c6ec    00000004                 : fopen.obj (.far)
                  0000c6f0    0000011c                 : lowlev.obj (.far)
                  0000c80c    0000000c                 : exit.obj (.far)
                  0000c818    00000008                 : _lock.obj (.far)
                  0000c820    00000008                 : memory.obj (.far)
                  0000c828    00000008                 : trgdrv.obj (.far)

.cinit     0    0000c830    00000154     
                  0000c830    0000005c     rts6400.lib : defs.obj (.cinit)
                  0000c88c    00000004     --HOLE-- [fill = 0]
                  0000c890    0000005c                 : lowlev.obj (.cinit)
                  0000c8ec    00000004     --HOLE-- [fill = 0]
                  0000c8f0    0000002c                 : exit.obj (.cinit)
                  0000c91c    00000004     --HOLE-- [fill = 0]
                  0000c920    0000002c                 : memory.obj (.cinit)
                  0000c94c    00000004     --HOLE-- [fill = 0]
                  0000c950    0000001c                 : _lock.obj (.cinit)
                  0000c96c    00000004     --HOLE-- [fill = 0]
                  0000c970    0000000c                 : fopen.obj (.cinit)
                  0000c97c    00000004     --HOLE-- [fill = 0]
                  0000c980    00000004     (.pad.cinit) [fill = 0]

.cio       0    0000c988    00000120     UNINITIALIZED
                  0000c988    00000120     rts6400.lib : trgmsg.obj (.cio)


GLOBAL SYMBOLS: SORTED ALPHABETICALLY BY Name 

address    name
--------   ----
00000000   $bss
00000000   .bss
00000000   .data
00000000   .text
0000ae80   C$$EXIT
0000abf8   C$$IO$$
00009260   _HOSTclose
00007be0   _HOSTlseek
000082a0   _HOSTopen
000083a0   _HOSTread
000068a0   _HOSTrename
000089a0   _HOSTunlink
000084a0   _HOSTwrite
0000c988   __CIOBUF_
0000b6c0   __STACK_END
00000800   __STACK_SIZE
00000800   __SYSMEM_SIZE
00000001   __TI_args_main
0000a3a0   ___TI_cpp_init
0000c814   ___TI_enable_exit_profile_output
ffffffff   ___TI_pprof_out_hndl
ffffffff   ___TI_prof_data_size
ffffffff   ___TI_prof_data_start
ffffffff   ___binit__
00000000   ___bss__
ffffffff   ___c_args__
0000c830   ___cinit__
00000000   ___data__
00000000   ___edata__
00000000   ___end__
0000aec0   ___etext__
0000ac00   ___isinf
ffffffff   ___pinit__
00000000   ___text__
00005fa0   __addd
00004120   __addf
0000ac80   __args_main
00008a80   __auto_init
00007d00   __buff_read
000094a0   __c6xabi_divu
000097a0   __c6xabi_remi
00009320   __cleanup
0000c80c   __cleanup_ptr
00007960   __closefile
00008b60   __cmpd
00009c20   __cmpf
0000c200   __ctypes_
000093e0   __cvtdf
0000a8a0   __cvtfd
00001c80   __divd
00009cc0   __divli
000094a0   __divu
00007200   __divul
000050a0   __divull
00008d20   __doflush
0000c810   __dtors_ptr
00009d60   __fixdi
00009e00   __fixdli
00009ea0   __fixdu
0000a420   __fixfi
00009f40   __fixfu
0000a900   __fltid
0000a960   __fltif
0000a4a0   __fltlid
0000acc0   __fltud
00005880   __frcaddd
00007e20   __frcmpyd
000085a0   __frcmpyd_div
0000a9c0   __frcmpyf
0000c6e8   __ft_end
0000c3c8   __ftable
0000a520   __llshl
0000aa20   __llshru
0000c818   __lock
00005600   __mpyd
000061e0   __mpyf
0000a5a0   __mpyll
0000ad00   __negd
0000ae00   __negll
0000ae20   __nop
00002ca0   __printfi
000096e0   __rd_ok
000097a0   __remi
0000aa80   __remli
00009fe0   __renormd
0000aec0   __stack
0000aae0   __subcull
0000ad40   __subd
0000ad80   __subf
0000b6c0   __sys_memory
0000c5a8   __tmpnams
0000c81c   __unlock
00007f40   __wrt_ok
0000ae80   _abort
00008060   _atoi
00000ba0   _bilinear_interpolation
0000ab40   _c_int00
00009180   _cal_abcd
00008180   _cal_bilinear
000086a0   _close
0000a080   _copy_in
00009860   _exit
0000a620   _fclose
0000a6a0   _fopen
00005d40   _fputc
00003160   _fputs
00004ac0   _fread
00004dc0   _free
000073a0   _fseek
00002240   _fwrite
00000290   _get_header_info
00000444   _get_row_data
00009920   _lseek
000087a0   _ltoa
0000a260   _main
00006e80   _malloc
0000a720   _memccpy
00008ee0   _memcpy
000088a0   _memset
00007040   _open
000090a0   _printf
00005d40   _putc
00009aa0   _read
0000a7a0   _readmsg
0000aea0   _remove
00006660   _setvbuf
00000000   _show_info
0000adc0   _ufloat2int
0000a820   _unlink
00009b60   _write
00000b24   _write_color_palette
00000308   _write_header_info
00000528   _write_row_data
00000ad4   _write_ycrcb_k
0000aba0   _writemsg
0000a300   _ycbcr2rgb_core
00000550   _ycrbr2rgb
ffffffff   binit
0000c830   cinit
00000000   edata
00000000   end
0000aec0   etext
ffffffff   pinit


GLOBAL SYMBOLS: SORTED BY Symbol Address 

address    name
--------   ----
00000000   $bss
00000000   .bss
00000000   .data
00000000   .text
00000000   ___bss__
00000000   ___data__
00000000   ___edata__
00000000   ___end__
00000000   ___text__
00000000   _show_info
00000000   edata
00000000   end
00000001   __TI_args_main
00000290   _get_header_info
00000308   _write_header_info
00000444   _get_row_data
00000528   _write_row_data
00000550   _ycrbr2rgb
00000800   __STACK_SIZE
00000800   __SYSMEM_SIZE
00000ad4   _write_ycrcb_k
00000b24   _write_color_palette
00000ba0   _bilinear_interpolation
00001c80   __divd
00002240   _fwrite
00002ca0   __printfi
00003160   _fputs
00004120   __addf
00004ac0   _fread
00004dc0   _free
000050a0   __divull
00005600   __mpyd
00005880   __frcaddd
00005d40   _fputc
00005d40   _putc
00005fa0   __addd
000061e0   __mpyf
00006660   _setvbuf
000068a0   _HOSTrename
00006e80   _malloc
00007040   _open
00007200   __divul
000073a0   _fseek
00007960   __closefile
00007be0   _HOSTlseek
00007d00   __buff_read
00007e20   __frcmpyd
00007f40   __wrt_ok
00008060   _atoi
00008180   _cal_bilinear
000082a0   _HOSTopen
000083a0   _HOSTread
000084a0   _HOSTwrite
000085a0   __frcmpyd_div
000086a0   _close
000087a0   _ltoa
000088a0   _memset
000089a0   _HOSTunlink
00008a80   __auto_init
00008b60   __cmpd
00008d20   __doflush
00008ee0   _memcpy
000090a0   _printf
00009180   _cal_abcd
00009260   _HOSTclose
00009320   __cleanup
000093e0   __cvtdf
000094a0   __c6xabi_divu
000094a0   __divu
000096e0   __rd_ok
000097a0   __c6xabi_remi
000097a0   __remi
00009860   _exit
00009920   _lseek
00009aa0   _read
00009b60   _write
00009c20   __cmpf
00009cc0   __divli
00009d60   __fixdi
00009e00   __fixdli
00009ea0   __fixdu
00009f40   __fixfu
00009fe0   __renormd
0000a080   _copy_in
0000a260   _main
0000a300   _ycbcr2rgb_core
0000a3a0   ___TI_cpp_init
0000a420   __fixfi
0000a4a0   __fltlid
0000a520   __llshl
0000a5a0   __mpyll
0000a620   _fclose
0000a6a0   _fopen
0000a720   _memccpy
0000a7a0   _readmsg
0000a820   _unlink
0000a8a0   __cvtfd
0000a900   __fltid
0000a960   __fltif
0000a9c0   __frcmpyf
0000aa20   __llshru
0000aa80   __remli
0000aae0   __subcull
0000ab40   _c_int00
0000aba0   _writemsg
0000abf8   C$$IO$$
0000ac00   ___isinf
0000ac80   __args_main
0000acc0   __fltud
0000ad00   __negd
0000ad40   __subd
0000ad80   __subf
0000adc0   _ufloat2int
0000ae00   __negll
0000ae20   __nop
0000ae80   C$$EXIT
0000ae80   _abort
0000aea0   _remove
0000aec0   ___etext__
0000aec0   __stack
0000aec0   etext
0000b6c0   __STACK_END
0000b6c0   __sys_memory
0000c200   __ctypes_
0000c3c8   __ftable
0000c5a8   __tmpnams
0000c6e8   __ft_end
0000c80c   __cleanup_ptr
0000c810   __dtors_ptr
0000c814   ___TI_enable_exit_profile_output
0000c818   __lock
0000c81c   __unlock
0000c830   ___cinit__
0000c830   cinit
0000c988   __CIOBUF_
ffffffff   ___TI_pprof_out_hndl
ffffffff   ___TI_prof_data_size
ffffffff   ___TI_prof_data_start
ffffffff   ___binit__
ffffffff   ___c_args__
ffffffff   ___pinit__
ffffffff   binit
ffffffff   pinit

[143 symbols]
