******************************************************************************
               TMS320C6x Linker PC v7.4.4                      
******************************************************************************
>> Linked Mon Nov 22 10:57:45 2021

OUTPUT FILE NAME:   <bmp.out>
ENTRY POINT SYMBOL: "_c_int00"  address: 0000a340


MEMORY CONFIGURATION

         name            origin    length      used     unused   attr    fill
----------------------  --------  ---------  --------  --------  ----  --------
  IRAM                  00000000   00040000  0000c264  00033d9c  RWIX
  EMIFA_CS0             80000000   10000000  00000000  10000000  RWIX
  EMIFA_CS1             90000000   10000000  00000000  10000000  RWIX
  EMIFA_CS2             a0000000   10000000  00000000  10000000  RWIX
  EMIFA_CS3             b0000000   10000000  00000000  10000000  RWIX


SECTION ALLOCATION MAP

 output                                  attributes/
section   page    origin      length       input sections
--------  ----  ----------  ----------   ----------------
.text      0    00000000    0000a6c0     
                  00000000    00000f80     func.obj (.text)
                  00000f80    00000620     rts6400.lib : _printfi.obj (.text:__getarg_diouxp)
                  000015a0    000005c0                 : divd.obj (.text:__divd)
                  00001b60    00000580                 : fwrite.obj (.text:_fwrite)
                  000020e0    000004e0                 : _printfi.obj (.text:__setfield)
                  000025c0    000004c0                 : _printfi.obj (.text:__printfi)
                  00002a80    00000420                 : fputs.obj (.text:_fputs)
                  00002ea0    00000400                 : _printfi.obj (.text:_fcvt)
                  000032a0    000003e0                 : _printfi.obj (.text:__pproc_fge)
                  00003680    000003c0                 : _printfi.obj (.text:_ecvt)
                  00003a40    00000380                 : addf.obj (.text:__addf)
                  00003dc0    00000320                 : _printfi.obj (.text:__pconv_e)
                  000040e0    00000300                 : _printfi.obj (.text:__pproc_fwp)
                  000043e0    00000300                 : fread.obj (.text:_fread)
                  000046e0    000002e0                 : memory.obj (.text:_free)
                  000049c0    000002c0                 : imath64.obj (.text:__divull)
                  00004c80    000002a0                 : _printfi.obj (.text:__pproc_diouxp)
                  00004f20    00000280                 : mpyd.obj (.text:__mpyd)
                  000051a0    00000260                 : frcaddd.obj (.text:__frcaddd)
                  00005400    00000260                 : _printfi.obj (.text:__pproc_str)
                  00005660    00000260                 : fputc.obj (.text:_fputc)
                  000058c0    00000240                 : addd.obj (.text:__addd)
                  00005b00    00000240                 : mpyf.obj (.text:__mpyf)
                  00005d40    00000240                 : _printfi.obj (.text:__pconv_g)
                  00005f80    00000240                 : setvbuf.obj (.text:_setvbuf)
                  000061c0    00000200                 : trgdrv.obj (.text:_HOSTrename)
                  000063c0    00000200                 : _printfi.obj (.text:__mcpy)
                  000065c0    000001e0                 : fopen.obj (.text:__openfile)
                  000067a0    000001c0                 : memory.obj (.text:_malloc)
                  00006960    000001c0                 : lowlev.obj (.text:_open)
                  00006b20    000001a0                 : imath40.obj (.text:__divul)
                  00006cc0    00000180                 : fseek.obj (.text:_fseek)
                  00006e40    00000180                 : lowlev.obj (.text:_getdevice)
                  00006fc0    00000160                 : _printfi.obj (.text:__ltostr)
                  00007120    00000160                 : _printfi.obj (.text:__pproc_fflags)
                  00007280    00000140                 : fclose.obj (.text:__closefile)
                  000073c0    00000140                 : fopen.obj (.text:__search_fp)
                  00007500    00000120                 : trgdrv.obj (.text:_HOSTlseek)
                  00007620    00000120                 : _bufread.obj (.text:__buff_read)
                  00007740    00000120                 : frcmpyd.obj (.text:__frcmpyd)
                  00007860    00000120                 : _io_perm.obj (.text:__wrt_ok)
                  00007980    00000120                 : atoi.obj (.text:_atoi)
                  00007aa0    00000120     cal_bilinear.obj (.text)
                  00007bc0    00000100     rts6400.lib : trgdrv.obj (.text:_HOSTopen)
                  00007cc0    00000100                 : trgdrv.obj (.text:_HOSTread)
                  00007dc0    00000100                 : trgdrv.obj (.text:_HOSTwrite)
                  00007ec0    00000100                 : frcmpyd_div.obj (.text:__frcmpyd_div)
                  00007fc0    00000100                 : lowlev.obj (.text:_close)
                  000080c0    00000100                 : ltoa.obj (.text:_ltoa)
                  000081c0    00000100                 : memset.obj (.text:_memset)
                  000082c0    000000e0                 : trgdrv.obj (.text:_HOSTunlink)
                  000083a0    000000e0                 : autoinit.obj (.text:__auto_init)
                  00008480    000000e0                 : cmpd.obj (.text:__cmpd)
                  00008560    000000e0                 : _printfi.obj (.text:__div)
                  00008640    000000e0                 : fflush.obj (.text:__doflush)
                  00008720    000000e0                 : _printfi.obj (.text:__pconv_f)
                  00008800    000000e0                 : memcpy64.obj (.text:_memcpy)
                  000088e0    000000e0                 : memory.obj (.text:_mremove)
                  000089c0    000000e0                 : printf.obj (.text:_printf)
                  00008aa0    000000e0     cal_abcd.obj (.text)
                  00008b80    000000e0     main.obj (.text)
                  00008c60    000000c0     rts6400.lib : trgdrv.obj (.text:_HOSTclose)
                  00008d20    000000c0                 : fopen.obj (.text:__cleanup)
                  00008de0    000000c0                 : cvtdf.obj (.text:__cvtdf)
                  00008ea0    000000c0                 : divu.obj (.text:__divu)
                  00008f60    000000c0                 : _printfi.obj (.text:__ecpy)
                  00009020    000000c0                 : _printfi.obj (.text:__fcpy)
                  000090e0    000000c0                 : _io_perm.obj (.text:__rd_ok)
                  000091a0    000000c0                 : exit.obj (.text:_exit)
                  00009260    000000c0                 : lowlev.obj (.text:_lseek)
                  00009320    000000c0                 : memory.obj (.text:_minsert)
                  000093e0    000000c0                 : lowlev.obj (.text:_read)
                  000094a0    000000c0                 : lowlev.obj (.text:_write)
                  00009560    000000a0                 : cmpf.obj (.text:__cmpf)
                  00009600    000000a0                 : imath40.obj (.text:__divli)
                  000096a0    000000a0                 : fixdi.obj (.text:__fixdi)
                  00009740    000000a0                 : fixdli.obj (.text:__fixdli)
                  000097e0    000000a0                 : fixdu.obj (.text:__fixdu)
                  00009880    000000a0                 : fixfu.obj (.text:__fixfu)
                  00009920    000000a0                 : renormd.obj (.text:__renormd)
                  000099c0    000000a0                 : cpy_tbl.obj (.text:_copy_in)
                  00009a60    000000a0                 : lowlev.obj (.text:_finddevice)
                  00009b00    000000a0                 : lowlev.obj (.text:_tabinit)
                  00009ba0    00000080                 : cpp_init.obj (.text:___TI_cpp_init)
                  00009c20    00000080                 : fixfi.obj (.text:__fixfi)
                  00009ca0    00000080                 : fltlid.obj (.text:__fltlid)
                  00009d20    00000080                 : llshift.obj (.text:__llshl)
                  00009da0    00000080                 : mpyll.obj (.text:__mpyll)
                  00009e20    00000080                 : fclose.obj (.text:_fclose)
                  00009ea0    00000080                 : fopen.obj (.text:_fopen)
                  00009f20    00000080                 : memccpy.obj (.text:_memccpy)
                  00009fa0    00000080                 : trgmsg.obj (.text:_readmsg)
                  0000a020    00000080                 : lowlev.obj (.text:_unlink)
                  0000a0a0    00000060                 : cvtfd.obj (.text:__cvtfd)
                  0000a100    00000060                 : fltid.obj (.text:__fltid)
                  0000a160    00000060                 : fltif.obj (.text:__fltif)
                  0000a1c0    00000060                 : frcmpyf.obj (.text:__frcmpyf)
                  0000a220    00000060                 : llshift.obj (.text:__llshru)
                  0000a280    00000060                 : imath40.obj (.text:__remli)
                  0000a2e0    00000060                 : imath64.obj (.text:__subcull)
                  0000a340    00000060                 : boot.obj (.text:_c_int00)
                  0000a3a0    00000060                 : trgmsg.obj (.text:_writemsg)
                  0000a400    00000040                 : isinf.obj (.text:___isinf)
                  0000a440    00000040                 : _printfi.obj (.text:___isnan)
                  0000a480    00000040                 : args_main.obj (.text:__args_main)
                  0000a4c0    00000040                 : fltud.obj (.text:__fltud)
                  0000a500    00000040                 : negd.obj (.text:__negd)
                  0000a540    00000040                 : subd.obj (.text:__subd)
                  0000a580    00000040                 : subf.obj (.text:__subf)
                  0000a5c0    00000040     ufloat2int.obj (.text)
                  0000a600    00000020     rts6400.lib : negll.obj (.text:__negll)
                  0000a620    00000020                 : _lock.obj (.text:__nop)
                  0000a640    00000020                 : printf.obj (.text:__outc)
                  0000a660    00000020                 : printf.obj (.text:__outs)
                  0000a680    00000020                 : exit.obj (.text:_abort)
                  0000a6a0    00000020                 : remove.obj (.text:_remove)

.bss       0    00000000    00000000     UNINITIALIZED

.data      0    00000000    00000000     UNINITIALIZED

.pinit     0    00000000    00000000     UNINITIALIZED

.stack     0    0000a6c0    00000800     UNINITIALIZED
                  0000a6c0    00000008     rts6400.lib : boot.obj (.stack)
                  0000a6c8    000007f8     --HOLE--

.sysmem    0    0000aec0    00000800     UNINITIALIZED
                  0000aec0    00000008     rts6400.lib : memory.obj (.sysmem)
                  0000aec8    000007f8     --HOLE--

.const     0    0000b6c0    000004c8     
                  0000b6c0    000002d8     func.obj (.const:.string)
                  0000b998    00000101     rts6400.lib : ctype.obj (.const:.string:__ctypes_)
                  0000ba99    00000002                 : fputs.obj (.const:.string)
                  0000ba9b    00000001     --HOLE-- [fill = 0]
                  0000ba9c    000000c0     main.obj (.const:.string)
                  0000bb5c    00000023     rts6400.lib : _printfi.obj (.const:.string)
                  0000bb7f    00000001     --HOLE-- [fill = 0]
                  0000bb80    00000008                 : divd.obj (.const:.string:_initial_approx$1)

.far       0    0000bb88    00000468     UNINITIALIZED
                  0000bb88    00000324     rts6400.lib : defs.obj (.far)
                  0000beac    00000004                 : fopen.obj (.far)
                  0000beb0    0000011c                 : lowlev.obj (.far)
                  0000bfcc    0000000c                 : exit.obj (.far)
                  0000bfd8    00000008                 : _lock.obj (.far)
                  0000bfe0    00000008                 : memory.obj (.far)
                  0000bfe8    00000008                 : trgdrv.obj (.far)

.cinit     0    0000bff0    00000154     
                  0000bff0    0000005c     rts6400.lib : defs.obj (.cinit)
                  0000c04c    00000004     --HOLE-- [fill = 0]
                  0000c050    0000005c                 : lowlev.obj (.cinit)
                  0000c0ac    00000004     --HOLE-- [fill = 0]
                  0000c0b0    0000002c                 : exit.obj (.cinit)
                  0000c0dc    00000004     --HOLE-- [fill = 0]
                  0000c0e0    0000002c                 : memory.obj (.cinit)
                  0000c10c    00000004     --HOLE-- [fill = 0]
                  0000c110    0000001c                 : _lock.obj (.cinit)
                  0000c12c    00000004     --HOLE-- [fill = 0]
                  0000c130    0000000c                 : fopen.obj (.cinit)
                  0000c13c    00000004     --HOLE-- [fill = 0]
                  0000c140    00000004     (.pad.cinit) [fill = 0]

.cio       0    0000c148    00000120     UNINITIALIZED
                  0000c148    00000120     rts6400.lib : trgmsg.obj (.cio)


GLOBAL SYMBOLS: SORTED ALPHABETICALLY BY Name 

address    name
--------   ----
00000000   $bss
00000000   .bss
00000000   .data
00000000   .text
0000a680   C$$EXIT
0000a3f8   C$$IO$$
00008c60   _HOSTclose
00007500   _HOSTlseek
00007bc0   _HOSTopen
00007cc0   _HOSTread
000061c0   _HOSTrename
000082c0   _HOSTunlink
00007dc0   _HOSTwrite
0000c148   __CIOBUF_
0000aec0   __STACK_END
00000800   __STACK_SIZE
00000800   __SYSMEM_SIZE
00000001   __TI_args_main
00009ba0   ___TI_cpp_init
0000bfd4   ___TI_enable_exit_profile_output
ffffffff   ___TI_pprof_out_hndl
ffffffff   ___TI_prof_data_size
ffffffff   ___TI_prof_data_start
ffffffff   ___binit__
00000000   ___bss__
ffffffff   ___c_args__
0000bff0   ___cinit__
00000000   ___data__
00000000   ___edata__
00000000   ___end__
0000a6c0   ___etext__
0000a400   ___isinf
ffffffff   ___pinit__
00000000   ___text__
000058c0   __addd
00003a40   __addf
0000a480   __args_main
000083a0   __auto_init
00007620   __buff_read
00008ea0   __c6xabi_divu
00008d20   __cleanup
0000bfcc   __cleanup_ptr
00007280   __closefile
00008480   __cmpd
00009560   __cmpf
0000b998   __ctypes_
00008de0   __cvtdf
0000a0a0   __cvtfd
000015a0   __divd
00009600   __divli
00008ea0   __divu
00006b20   __divul
000049c0   __divull
00008640   __doflush
0000bfd0   __dtors_ptr
000096a0   __fixdi
00009740   __fixdli
000097e0   __fixdu
00009c20   __fixfi
00009880   __fixfu
0000a100   __fltid
0000a160   __fltif
00009ca0   __fltlid
0000a4c0   __fltud
000051a0   __frcaddd
00007740   __frcmpyd
00007ec0   __frcmpyd_div
0000a1c0   __frcmpyf
0000bea8   __ft_end
0000bb88   __ftable
00009d20   __llshl
0000a220   __llshru
0000bfd8   __lock
00004f20   __mpyd
00005b00   __mpyf
00009da0   __mpyll
0000a500   __negd
0000a600   __negll
0000a620   __nop
000025c0   __printfi
000090e0   __rd_ok
0000a280   __remli
00009920   __renormd
0000a6c0   __stack
0000a2e0   __subcull
0000a540   __subd
0000a580   __subf
0000aec0   __sys_memory
0000bd68   __tmpnams
0000bfdc   __unlock
00007860   __wrt_ok
0000a680   _abort
00007980   _atoi
00000574   _bilinear_interpolation
0000a340   _c_int00
00008aa0   _cal_abcd
00007aa0   _cal_bilinear
00007fc0   _close
000099c0   _copy_in
000091a0   _exit
00009e20   _fclose
00009ea0   _fopen
00005660   _fputc
00002a80   _fputs
000043e0   _fread
000046e0   _free
00006cc0   _fseek
00001b60   _fwrite
000004fc   _get_header_info
00000464   _get_row_data
00009260   _lseek
000080c0   _ltoa
00008b80   _main
000067a0   _malloc
00009f20   _memccpy
00008800   _memcpy
000081c0   _memset
00006960   _open
000089c0   _printf
00005660   _putc
000093e0   _read
00009fa0   _readmsg
0000a6a0   _remove
00005f80   _setvbuf
00000028   _show_info
0000a5c0   _ufloat2int
0000a020   _unlink
000094a0   _write
000003ec   _write_color_palette
000002b0   _write_header_info
00000000   _write_row_data
0000a3a0   _writemsg
ffffffff   binit
0000bff0   cinit
00000000   edata
00000000   end
0000a6c0   etext
ffffffff   pinit


GLOBAL SYMBOLS: SORTED BY Symbol Address 

address    name
--------   ----
00000000   $bss
00000000   .bss
00000000   .data
00000000   .text
00000000   ___bss__
00000000   ___data__
00000000   ___edata__
00000000   ___end__
00000000   ___text__
00000000   _write_row_data
00000000   edata
00000000   end
00000001   __TI_args_main
00000028   _show_info
000002b0   _write_header_info
000003ec   _write_color_palette
00000464   _get_row_data
000004fc   _get_header_info
00000574   _bilinear_interpolation
00000800   __STACK_SIZE
00000800   __SYSMEM_SIZE
000015a0   __divd
00001b60   _fwrite
000025c0   __printfi
00002a80   _fputs
00003a40   __addf
000043e0   _fread
000046e0   _free
000049c0   __divull
00004f20   __mpyd
000051a0   __frcaddd
00005660   _fputc
00005660   _putc
000058c0   __addd
00005b00   __mpyf
00005f80   _setvbuf
000061c0   _HOSTrename
000067a0   _malloc
00006960   _open
00006b20   __divul
00006cc0   _fseek
00007280   __closefile
00007500   _HOSTlseek
00007620   __buff_read
00007740   __frcmpyd
00007860   __wrt_ok
00007980   _atoi
00007aa0   _cal_bilinear
00007bc0   _HOSTopen
00007cc0   _HOSTread
00007dc0   _HOSTwrite
00007ec0   __frcmpyd_div
00007fc0   _close
000080c0   _ltoa
000081c0   _memset
000082c0   _HOSTunlink
000083a0   __auto_init
00008480   __cmpd
00008640   __doflush
00008800   _memcpy
000089c0   _printf
00008aa0   _cal_abcd
00008b80   _main
00008c60   _HOSTclose
00008d20   __cleanup
00008de0   __cvtdf
00008ea0   __c6xabi_divu
00008ea0   __divu
000090e0   __rd_ok
000091a0   _exit
00009260   _lseek
000093e0   _read
000094a0   _write
00009560   __cmpf
00009600   __divli
000096a0   __fixdi
00009740   __fixdli
000097e0   __fixdu
00009880   __fixfu
00009920   __renormd
000099c0   _copy_in
00009ba0   ___TI_cpp_init
00009c20   __fixfi
00009ca0   __fltlid
00009d20   __llshl
00009da0   __mpyll
00009e20   _fclose
00009ea0   _fopen
00009f20   _memccpy
00009fa0   _readmsg
0000a020   _unlink
0000a0a0   __cvtfd
0000a100   __fltid
0000a160   __fltif
0000a1c0   __frcmpyf
0000a220   __llshru
0000a280   __remli
0000a2e0   __subcull
0000a340   _c_int00
0000a3a0   _writemsg
0000a3f8   C$$IO$$
0000a400   ___isinf
0000a480   __args_main
0000a4c0   __fltud
0000a500   __negd
0000a540   __subd
0000a580   __subf
0000a5c0   _ufloat2int
0000a600   __negll
0000a620   __nop
0000a680   C$$EXIT
0000a680   _abort
0000a6a0   _remove
0000a6c0   ___etext__
0000a6c0   __stack
0000a6c0   etext
0000aec0   __STACK_END
0000aec0   __sys_memory
0000b998   __ctypes_
0000bb88   __ftable
0000bd68   __tmpnams
0000bea8   __ft_end
0000bfcc   __cleanup_ptr
0000bfd0   __dtors_ptr
0000bfd4   ___TI_enable_exit_profile_output
0000bfd8   __lock
0000bfdc   __unlock
0000bff0   ___cinit__
0000bff0   cinit
0000c148   __CIOBUF_
ffffffff   ___TI_pprof_out_hndl
ffffffff   ___TI_prof_data_size
ffffffff   ___TI_prof_data_start
ffffffff   ___binit__
ffffffff   ___c_args__
ffffffff   ___pinit__
ffffffff   binit
ffffffff   pinit

[138 symbols]
