******************************************************************************
               TMS320C6x Linker PC v7.4.4                      
******************************************************************************
>> Linked Wed Nov 24 18:44:35 2021

OUTPUT FILE NAME:   <bmp.out>
ENTRY POINT SYMBOL: "_c_int00"  address: 0000ab20


MEMORY CONFIGURATION

         name            origin    length      used     unused   attr    fill
----------------------  --------  ---------  --------  --------  ----  --------
  IRAM                  00000000   00040000  0000ca54  000335ac  RWIX
  EMIFA_CS0             80000000   10000000  00000000  10000000  RWIX
  EMIFA_CS1             90000000   10000000  00000000  10000000  RWIX
  EMIFA_CS2             a0000000   10000000  00000000  10000000  RWIX
  EMIFA_CS3             b0000000   10000000  00000000  10000000  RWIX


SECTION ALLOCATION MAP

 output                                  attributes/
section   page    origin      length       input sections
--------  ----  ----------  ----------   ----------------
.text      0    00000000    0000aea0     
                  00000000    000015e0     func.obj (.text)
                  000015e0    00000620     rts6400.lib : _printfi.obj (.text:__getarg_diouxp)
                  00001c00    000005c0                 : divd.obj (.text:__divd)
                  000021c0    00000580                 : fwrite.obj (.text:_fwrite)
                  00002740    000004e0                 : _printfi.obj (.text:__setfield)
                  00002c20    000004c0                 : _printfi.obj (.text:__printfi)
                  000030e0    00000420                 : fputs.obj (.text:_fputs)
                  00003500    00000400                 : _printfi.obj (.text:_fcvt)
                  00003900    000003e0                 : _printfi.obj (.text:__pproc_fge)
                  00003ce0    000003c0                 : _printfi.obj (.text:_ecvt)
                  000040a0    00000380                 : addf.obj (.text:__addf)
                  00004420    00000320                 : _printfi.obj (.text:__pconv_e)
                  00004740    00000300                 : _printfi.obj (.text:__pproc_fwp)
                  00004a40    00000300                 : fread.obj (.text:_fread)
                  00004d40    000002e0                 : memory.obj (.text:_free)
                  00005020    000002c0                 : imath64.obj (.text:__divull)
                  000052e0    000002a0                 : _printfi.obj (.text:__pproc_diouxp)
                  00005580    00000280                 : mpyd.obj (.text:__mpyd)
                  00005800    00000260                 : frcaddd.obj (.text:__frcaddd)
                  00005a60    00000260                 : _printfi.obj (.text:__pproc_str)
                  00005cc0    00000260                 : fputc.obj (.text:_fputc)
                  00005f20    00000240                 : addd.obj (.text:__addd)
                  00006160    00000240                 : mpyf.obj (.text:__mpyf)
                  000063a0    00000240                 : _printfi.obj (.text:__pconv_g)
                  000065e0    00000240                 : setvbuf.obj (.text:_setvbuf)
                  00006820    00000200                 : trgdrv.obj (.text:_HOSTrename)
                  00006a20    00000200                 : _printfi.obj (.text:__mcpy)
                  00006c20    000001e0                 : fopen.obj (.text:__openfile)
                  00006e00    000001c0                 : memory.obj (.text:_malloc)
                  00006fc0    000001c0                 : lowlev.obj (.text:_open)
                  00007180    000001a0                 : imath40.obj (.text:__divul)
                  00007320    00000180                 : fseek.obj (.text:_fseek)
                  000074a0    00000180                 : lowlev.obj (.text:_getdevice)
                  00007620    00000160                 : _printfi.obj (.text:__ltostr)
                  00007780    00000160                 : _printfi.obj (.text:__pproc_fflags)
                  000078e0    00000140                 : fclose.obj (.text:__closefile)
                  00007a20    00000140                 : fopen.obj (.text:__search_fp)
                  00007b60    00000120                 : trgdrv.obj (.text:_HOSTlseek)
                  00007c80    00000120                 : _bufread.obj (.text:__buff_read)
                  00007da0    00000120                 : frcmpyd.obj (.text:__frcmpyd)
                  00007ec0    00000120                 : _io_perm.obj (.text:__wrt_ok)
                  00007fe0    00000120                 : atoi.obj (.text:_atoi)
                  00008100    00000120     cal_bilinear.obj (.text)
                  00008220    00000100     rts6400.lib : trgdrv.obj (.text:_HOSTopen)
                  00008320    00000100                 : trgdrv.obj (.text:_HOSTread)
                  00008420    00000100                 : trgdrv.obj (.text:_HOSTwrite)
                  00008520    00000100                 : frcmpyd_div.obj (.text:__frcmpyd_div)
                  00008620    00000100                 : lowlev.obj (.text:_close)
                  00008720    00000100                 : ltoa.obj (.text:_ltoa)
                  00008820    00000100                 : memset.obj (.text:_memset)
                  00008920    000000e0                 : trgdrv.obj (.text:_HOSTunlink)
                  00008a00    000000e0                 : autoinit.obj (.text:__auto_init)
                  00008ae0    000000e0                 : cmpd.obj (.text:__cmpd)
                  00008bc0    000000e0                 : _printfi.obj (.text:__div)
                  00008ca0    000000e0                 : fflush.obj (.text:__doflush)
                  00008d80    000000e0                 : _printfi.obj (.text:__pconv_f)
                  00008e60    000000e0                 : memcpy64.obj (.text:_memcpy)
                  00008f40    000000e0                 : memory.obj (.text:_mremove)
                  00009020    000000e0                 : printf.obj (.text:_printf)
                  00009100    000000e0     cal_abcd.obj (.text)
                  000091e0    000000e0     ycbcr2rgb_col.obj (.text)
                  000092c0    000000c0     rts6400.lib : trgdrv.obj (.text:_HOSTclose)
                  00009380    000000c0                 : fopen.obj (.text:__cleanup)
                  00009440    000000c0                 : cvtdf.obj (.text:__cvtdf)
                  00009500    000000c0                 : divu.obj (.text:__divu)
                  000095c0    000000c0                 : _printfi.obj (.text:__ecpy)
                  00009680    000000c0                 : _printfi.obj (.text:__fcpy)
                  00009740    000000c0                 : _io_perm.obj (.text:__rd_ok)
                  00009800    000000c0                 : remi.obj (.text:__remi)
                  000098c0    000000c0                 : exit.obj (.text:_exit)
                  00009980    000000c0                 : lowlev.obj (.text:_lseek)
                  00009a40    000000c0                 : memory.obj (.text:_minsert)
                  00009b00    000000c0                 : lowlev.obj (.text:_read)
                  00009bc0    000000c0                 : lowlev.obj (.text:_write)
                  00009c80    000000c0     main.obj (.text)
                  00009d40    000000a0     rts6400.lib : cmpf.obj (.text:__cmpf)
                  00009de0    000000a0                 : imath40.obj (.text:__divli)
                  00009e80    000000a0                 : fixdi.obj (.text:__fixdi)
                  00009f20    000000a0                 : fixdli.obj (.text:__fixdli)
                  00009fc0    000000a0                 : fixdu.obj (.text:__fixdu)
                  0000a060    000000a0                 : fixfu.obj (.text:__fixfu)
                  0000a100    000000a0                 : renormd.obj (.text:__renormd)
                  0000a1a0    000000a0                 : cpy_tbl.obj (.text:_copy_in)
                  0000a240    000000a0                 : lowlev.obj (.text:_finddevice)
                  0000a2e0    000000a0                 : lowlev.obj (.text:_tabinit)
                  0000a380    00000080                 : cpp_init.obj (.text:___TI_cpp_init)
                  0000a400    00000080                 : fixfi.obj (.text:__fixfi)
                  0000a480    00000080                 : fltlid.obj (.text:__fltlid)
                  0000a500    00000080                 : llshift.obj (.text:__llshl)
                  0000a580    00000080                 : mpyll.obj (.text:__mpyll)
                  0000a600    00000080                 : fclose.obj (.text:_fclose)
                  0000a680    00000080                 : fopen.obj (.text:_fopen)
                  0000a700    00000080                 : memccpy.obj (.text:_memccpy)
                  0000a780    00000080                 : trgmsg.obj (.text:_readmsg)
                  0000a800    00000080                 : lowlev.obj (.text:_unlink)
                  0000a880    00000060                 : cvtfd.obj (.text:__cvtfd)
                  0000a8e0    00000060                 : fltid.obj (.text:__fltid)
                  0000a940    00000060                 : fltif.obj (.text:__fltif)
                  0000a9a0    00000060                 : frcmpyf.obj (.text:__frcmpyf)
                  0000aa00    00000060                 : llshift.obj (.text:__llshru)
                  0000aa60    00000060                 : imath40.obj (.text:__remli)
                  0000aac0    00000060                 : imath64.obj (.text:__subcull)
                  0000ab20    00000060                 : boot.obj (.text:_c_int00)
                  0000ab80    00000060                 : trgmsg.obj (.text:_writemsg)
                  0000abe0    00000040                 : isinf.obj (.text:___isinf)
                  0000ac20    00000040                 : _printfi.obj (.text:___isnan)
                  0000ac60    00000040                 : args_main.obj (.text:__args_main)
                  0000aca0    00000040                 : fltud.obj (.text:__fltud)
                  0000ace0    00000040                 : negd.obj (.text:__negd)
                  0000ad20    00000040                 : subd.obj (.text:__subd)
                  0000ad60    00000040                 : subf.obj (.text:__subf)
                  0000ada0    00000040     ufloat2int.obj (.text)
                  0000ade0    00000020     rts6400.lib : negll.obj (.text:__negll)
                  0000ae00    00000020                 : _lock.obj (.text:__nop)
                  0000ae20    00000020                 : printf.obj (.text:__outc)
                  0000ae40    00000020                 : printf.obj (.text:__outs)
                  0000ae60    00000020                 : exit.obj (.text:_abort)
                  0000ae80    00000020                 : remove.obj (.text:_remove)

.bss       0    00000000    00000000     UNINITIALIZED

.data      0    00000000    00000000     UNINITIALIZED

.pinit     0    00000000    00000000     UNINITIALIZED

.stack     0    0000aea0    00000800     UNINITIALIZED
                  0000aea0    00000008     rts6400.lib : boot.obj (.stack)
                  0000aea8    000007f8     --HOLE--

.sysmem    0    0000b6a0    00000800     UNINITIALIZED
                  0000b6a0    00000008     rts6400.lib : memory.obj (.sysmem)
                  0000b6a8    000007f8     --HOLE--

.const     0    0000bea0    000004d8     
                  0000bea0    00000330     func.obj (.const:.string)
                  0000c1d0    00000101     rts6400.lib : ctype.obj (.const:.string:__ctypes_)
                  0000c2d1    00000002                 : fputs.obj (.const:.string)
                  0000c2d3    00000001     --HOLE-- [fill = 0]
                  0000c2d4    00000078     main.obj (.const:.string)
                  0000c34c    00000023     rts6400.lib : _printfi.obj (.const:.string)
                  0000c36f    00000001     --HOLE-- [fill = 0]
                  0000c370    00000008                 : divd.obj (.const:.string:_initial_approx$1)

.far       0    0000c378    00000468     UNINITIALIZED
                  0000c378    00000324     rts6400.lib : defs.obj (.far)
                  0000c69c    00000004                 : fopen.obj (.far)
                  0000c6a0    0000011c                 : lowlev.obj (.far)
                  0000c7bc    0000000c                 : exit.obj (.far)
                  0000c7c8    00000008                 : _lock.obj (.far)
                  0000c7d0    00000008                 : memory.obj (.far)
                  0000c7d8    00000008                 : trgdrv.obj (.far)

.cinit     0    0000c7e0    00000154     
                  0000c7e0    0000005c     rts6400.lib : defs.obj (.cinit)
                  0000c83c    00000004     --HOLE-- [fill = 0]
                  0000c840    0000005c                 : lowlev.obj (.cinit)
                  0000c89c    00000004     --HOLE-- [fill = 0]
                  0000c8a0    0000002c                 : exit.obj (.cinit)
                  0000c8cc    00000004     --HOLE-- [fill = 0]
                  0000c8d0    0000002c                 : memory.obj (.cinit)
                  0000c8fc    00000004     --HOLE-- [fill = 0]
                  0000c900    0000001c                 : _lock.obj (.cinit)
                  0000c91c    00000004     --HOLE-- [fill = 0]
                  0000c920    0000000c                 : fopen.obj (.cinit)
                  0000c92c    00000004     --HOLE-- [fill = 0]
                  0000c930    00000004     (.pad.cinit) [fill = 0]

.cio       0    0000c938    00000120     UNINITIALIZED
                  0000c938    00000120     rts6400.lib : trgmsg.obj (.cio)


GLOBAL SYMBOLS: SORTED ALPHABETICALLY BY Name 

address    name
--------   ----
00000000   $bss
00000000   .bss
00000000   .data
00000000   .text
0000ae60   C$$EXIT
0000abd8   C$$IO$$
000092c0   _HOSTclose
00007b60   _HOSTlseek
00008220   _HOSTopen
00008320   _HOSTread
00006820   _HOSTrename
00008920   _HOSTunlink
00008420   _HOSTwrite
0000c938   __CIOBUF_
0000b6a0   __STACK_END
00000800   __STACK_SIZE
00000800   __SYSMEM_SIZE
00000001   __TI_args_main
0000a380   ___TI_cpp_init
0000c7c4   ___TI_enable_exit_profile_output
ffffffff   ___TI_pprof_out_hndl
ffffffff   ___TI_prof_data_size
ffffffff   ___TI_prof_data_start
ffffffff   ___binit__
00000000   ___bss__
ffffffff   ___c_args__
0000c7e0   ___cinit__
00000000   ___data__
00000000   ___edata__
00000000   ___end__
0000aea0   ___etext__
0000abe0   ___isinf
ffffffff   ___pinit__
00000000   ___text__
00005f20   __addd
000040a0   __addf
0000ac60   __args_main
00008a00   __auto_init
00007c80   __buff_read
00009500   __c6xabi_divu
00009800   __c6xabi_remi
00009380   __cleanup
0000c7bc   __cleanup_ptr
000078e0   __closefile
00008ae0   __cmpd
00009d40   __cmpf
0000c1d0   __ctypes_
00009440   __cvtdf
0000a880   __cvtfd
00001c00   __divd
00009de0   __divli
00009500   __divu
00007180   __divul
00005020   __divull
00008ca0   __doflush
0000c7c0   __dtors_ptr
00009e80   __fixdi
00009f20   __fixdli
00009fc0   __fixdu
0000a400   __fixfi
0000a060   __fixfu
0000a8e0   __fltid
0000a940   __fltif
0000a480   __fltlid
0000aca0   __fltud
00005800   __frcaddd
00007da0   __frcmpyd
00008520   __frcmpyd_div
0000a9a0   __frcmpyf
0000c698   __ft_end
0000c378   __ftable
0000a500   __llshl
0000aa00   __llshru
0000c7c8   __lock
00005580   __mpyd
00006160   __mpyf
0000a580   __mpyll
0000ace0   __negd
0000ade0   __negll
0000ae00   __nop
00002c20   __printfi
00009740   __rd_ok
00009800   __remi
0000aa60   __remli
0000a100   __renormd
0000aea0   __stack
0000aac0   __subcull
0000ad20   __subd
0000ad60   __subf
0000b6a0   __sys_memory
0000c558   __tmpnams
0000c7cc   __unlock
00007ec0   __wrt_ok
0000ae60   _abort
00007fe0   _atoi
00000b28   _bilinear_interpolation
0000ab20   _c_int00
00009100   _cal_abcd
00008100   _cal_bilinear
00008620   _close
0000a1a0   _copy_in
000098c0   _exit
0000a600   _fclose
0000a680   _fopen
00005cc0   _fputc
000030e0   _fputs
00004a40   _fread
00004d40   _free
00007320   _fseek
000021c0   _fwrite
00000abc   _get_H_kernel
00000290   _get_header_info
00000444   _get_row_data
00009980   _lseek
00008720   _ltoa
00009c80   _main
00006e00   _malloc
0000a700   _memccpy
00008e60   _memcpy
00008820   _memset
00006fc0   _open
00009020   _printf
00005cc0   _putc
00009b00   _read
0000a780   _readmsg
0000ae80   _remove
000065e0   _setvbuf
00000000   _show_info
000008cc   _transfer_arr
0000ada0   _ufloat2int
0000a800   _unlink
00009bc0   _write
00000854   _write_color_palette
00000308   _write_header_info
00000528   _write_row_data
0000ab80   _writemsg
000091e0   _ycbcr2rgb_col
00000550   _ycrbr2rgb
ffffffff   binit
0000c7e0   cinit
00000000   edata
00000000   end
0000aea0   etext
ffffffff   pinit


GLOBAL SYMBOLS: SORTED BY Symbol Address 

address    name
--------   ----
00000000   $bss
00000000   .bss
00000000   .data
00000000   .text
00000000   ___bss__
00000000   ___data__
00000000   ___edata__
00000000   ___end__
00000000   ___text__
00000000   _show_info
00000000   edata
00000000   end
00000001   __TI_args_main
00000290   _get_header_info
00000308   _write_header_info
00000444   _get_row_data
00000528   _write_row_data
00000550   _ycrbr2rgb
00000800   __STACK_SIZE
00000800   __SYSMEM_SIZE
00000854   _write_color_palette
000008cc   _transfer_arr
00000abc   _get_H_kernel
00000b28   _bilinear_interpolation
00001c00   __divd
000021c0   _fwrite
00002c20   __printfi
000030e0   _fputs
000040a0   __addf
00004a40   _fread
00004d40   _free
00005020   __divull
00005580   __mpyd
00005800   __frcaddd
00005cc0   _fputc
00005cc0   _putc
00005f20   __addd
00006160   __mpyf
000065e0   _setvbuf
00006820   _HOSTrename
00006e00   _malloc
00006fc0   _open
00007180   __divul
00007320   _fseek
000078e0   __closefile
00007b60   _HOSTlseek
00007c80   __buff_read
00007da0   __frcmpyd
00007ec0   __wrt_ok
00007fe0   _atoi
00008100   _cal_bilinear
00008220   _HOSTopen
00008320   _HOSTread
00008420   _HOSTwrite
00008520   __frcmpyd_div
00008620   _close
00008720   _ltoa
00008820   _memset
00008920   _HOSTunlink
00008a00   __auto_init
00008ae0   __cmpd
00008ca0   __doflush
00008e60   _memcpy
00009020   _printf
00009100   _cal_abcd
000091e0   _ycbcr2rgb_col
000092c0   _HOSTclose
00009380   __cleanup
00009440   __cvtdf
00009500   __c6xabi_divu
00009500   __divu
00009740   __rd_ok
00009800   __c6xabi_remi
00009800   __remi
000098c0   _exit
00009980   _lseek
00009b00   _read
00009bc0   _write
00009c80   _main
00009d40   __cmpf
00009de0   __divli
00009e80   __fixdi
00009f20   __fixdli
00009fc0   __fixdu
0000a060   __fixfu
0000a100   __renormd
0000a1a0   _copy_in
0000a380   ___TI_cpp_init
0000a400   __fixfi
0000a480   __fltlid
0000a500   __llshl
0000a580   __mpyll
0000a600   _fclose
0000a680   _fopen
0000a700   _memccpy
0000a780   _readmsg
0000a800   _unlink
0000a880   __cvtfd
0000a8e0   __fltid
0000a940   __fltif
0000a9a0   __frcmpyf
0000aa00   __llshru
0000aa60   __remli
0000aac0   __subcull
0000ab20   _c_int00
0000ab80   _writemsg
0000abd8   C$$IO$$
0000abe0   ___isinf
0000ac60   __args_main
0000aca0   __fltud
0000ace0   __negd
0000ad20   __subd
0000ad60   __subf
0000ada0   _ufloat2int
0000ade0   __negll
0000ae00   __nop
0000ae60   C$$EXIT
0000ae60   _abort
0000ae80   _remove
0000aea0   ___etext__
0000aea0   __stack
0000aea0   etext
0000b6a0   __STACK_END
0000b6a0   __sys_memory
0000c1d0   __ctypes_
0000c378   __ftable
0000c558   __tmpnams
0000c698   __ft_end
0000c7bc   __cleanup_ptr
0000c7c0   __dtors_ptr
0000c7c4   ___TI_enable_exit_profile_output
0000c7c8   __lock
0000c7cc   __unlock
0000c7e0   ___cinit__
0000c7e0   cinit
0000c938   __CIOBUF_
ffffffff   ___TI_pprof_out_hndl
ffffffff   ___TI_prof_data_size
ffffffff   ___TI_prof_data_start
ffffffff   ___binit__
ffffffff   ___c_args__
ffffffff   ___pinit__
ffffffff   binit
ffffffff   pinit

[144 symbols]
