<?xml version="1.0"?>
<link_info>
   <banner>TMS320C6x Linker PC v7.4.4</banner>
   <copyright>Copyright (c) 1996-2013 Texas Instruments Incorporated</copyright>
   <link_time>0x619f42ee</link_time>
   <output_file>bmp.out</output_file>
   <entry_point>
      <name>_c_int00</name>
      <address>0x8c40</address>
   </entry_point>
   <input_file_list>
      <input_file id="fl-2">
         <path>.\sa_func\</path>
         <kind>object</kind>
         <file>mat_process_c.obj</file>
         <name>mat_process_c.obj</name>
      </input_file>
      <input_file id="fl-3">
         <path>.\sa_func\</path>
         <kind>object</kind>
         <file>mat_process.obj</file>
         <name>mat_process.obj</name>
      </input_file>
      <input_file id="fl-4">
         <path>.\src\</path>
         <kind>object</kind>
         <file>func.obj</file>
         <name>func.obj</name>
      </input_file>
      <input_file id="fl-5">
         <path>.\</path>
         <kind>object</kind>
         <file>main.obj</file>
         <name>main.obj</name>
      </input_file>
      <input_file id="fl-80">
         <path>C:\ti\ccsv5\tools\compiler\c6000_7.4.4\lib\</path>
         <kind>archive</kind>
         <file>rts6400.lib</file>
         <name>boot.obj</name>
      </input_file>
      <input_file id="fl-81">
         <path>C:\ti\ccsv5\tools\compiler\c6000_7.4.4\lib\</path>
         <kind>archive</kind>
         <file>rts6400.lib</file>
         <name>exit.obj</name>
      </input_file>
      <input_file id="fl-82">
         <path>C:\ti\ccsv5\tools\compiler\c6000_7.4.4\lib\</path>
         <kind>archive</kind>
         <file>rts6400.lib</file>
         <name>fopen.obj</name>
      </input_file>
      <input_file id="fl-83">
         <path>C:\ti\ccsv5\tools\compiler\c6000_7.4.4\lib\</path>
         <kind>archive</kind>
         <file>rts6400.lib</file>
         <name>fread.obj</name>
      </input_file>
      <input_file id="fl-84">
         <path>C:\ti\ccsv5\tools\compiler\c6000_7.4.4\lib\</path>
         <kind>archive</kind>
         <file>rts6400.lib</file>
         <name>fwrite.obj</name>
      </input_file>
      <input_file id="fl-85">
         <path>C:\ti\ccsv5\tools\compiler\c6000_7.4.4\lib\</path>
         <kind>archive</kind>
         <file>rts6400.lib</file>
         <name>lowlev.obj</name>
      </input_file>
      <input_file id="fl-86">
         <path>C:\ti\ccsv5\tools\compiler\c6000_7.4.4\lib\</path>
         <kind>archive</kind>
         <file>rts6400.lib</file>
         <name>memcpy64.obj</name>
      </input_file>
      <input_file id="fl-87">
         <path>C:\ti\ccsv5\tools\compiler\c6000_7.4.4\lib\</path>
         <kind>archive</kind>
         <file>rts6400.lib</file>
         <name>memory.obj</name>
      </input_file>
      <input_file id="fl-88">
         <path>C:\ti\ccsv5\tools\compiler\c6000_7.4.4\lib\</path>
         <kind>archive</kind>
         <file>rts6400.lib</file>
         <name>memset.obj</name>
      </input_file>
      <input_file id="fl-89">
         <path>C:\ti\ccsv5\tools\compiler\c6000_7.4.4\lib\</path>
         <kind>archive</kind>
         <file>rts6400.lib</file>
         <name>printf.obj</name>
      </input_file>
      <input_file id="fl-8a">
         <path>C:\ti\ccsv5\tools\compiler\c6000_7.4.4\lib\</path>
         <kind>archive</kind>
         <file>rts6400.lib</file>
         <name>trgdrv.obj</name>
      </input_file>
      <input_file id="fl-8b">
         <path>C:\ti\ccsv5\tools\compiler\c6000_7.4.4\lib\</path>
         <kind>archive</kind>
         <file>rts6400.lib</file>
         <name>trgmsg.obj</name>
      </input_file>
      <input_file id="fl-8c">
         <path>C:\ti\ccsv5\tools\compiler\c6000_7.4.4\lib\</path>
         <kind>archive</kind>
         <file>rts6400.lib</file>
         <name>_bufread.obj</name>
      </input_file>
      <input_file id="fl-8d">
         <path>C:\ti\ccsv5\tools\compiler\c6000_7.4.4\lib\</path>
         <kind>archive</kind>
         <file>rts6400.lib</file>
         <name>_io_perm.obj</name>
      </input_file>
      <input_file id="fl-8e">
         <path>C:\ti\ccsv5\tools\compiler\c6000_7.4.4\lib\</path>
         <kind>archive</kind>
         <file>rts6400.lib</file>
         <name>_lock.obj</name>
      </input_file>
      <input_file id="fl-8f">
         <path>C:\ti\ccsv5\tools\compiler\c6000_7.4.4\lib\</path>
         <kind>archive</kind>
         <file>rts6400.lib</file>
         <name>_printfi.obj</name>
      </input_file>
      <input_file id="fl-90">
         <path>C:\ti\ccsv5\tools\compiler\c6000_7.4.4\lib\</path>
         <kind>archive</kind>
         <file>rts6400.lib</file>
         <name>args_main.obj</name>
      </input_file>
      <input_file id="fl-91">
         <path>C:\ti\ccsv5\tools\compiler\c6000_7.4.4\lib\</path>
         <kind>archive</kind>
         <file>rts6400.lib</file>
         <name>atoi.obj</name>
      </input_file>
      <input_file id="fl-92">
         <path>C:\ti\ccsv5\tools\compiler\c6000_7.4.4\lib\</path>
         <kind>archive</kind>
         <file>rts6400.lib</file>
         <name>autoinit.obj</name>
      </input_file>
      <input_file id="fl-93">
         <path>C:\ti\ccsv5\tools\compiler\c6000_7.4.4\lib\</path>
         <kind>archive</kind>
         <file>rts6400.lib</file>
         <name>cmpd.obj</name>
      </input_file>
      <input_file id="fl-94">
         <path>C:\ti\ccsv5\tools\compiler\c6000_7.4.4\lib\</path>
         <kind>archive</kind>
         <file>rts6400.lib</file>
         <name>cpp_init.obj</name>
      </input_file>
      <input_file id="fl-95">
         <path>C:\ti\ccsv5\tools\compiler\c6000_7.4.4\lib\</path>
         <kind>archive</kind>
         <file>rts6400.lib</file>
         <name>cpy_tbl.obj</name>
      </input_file>
      <input_file id="fl-96">
         <path>C:\ti\ccsv5\tools\compiler\c6000_7.4.4\lib\</path>
         <kind>archive</kind>
         <file>rts6400.lib</file>
         <name>ctype.obj</name>
      </input_file>
      <input_file id="fl-97">
         <path>C:\ti\ccsv5\tools\compiler\c6000_7.4.4\lib\</path>
         <kind>archive</kind>
         <file>rts6400.lib</file>
         <name>defs.obj</name>
      </input_file>
      <input_file id="fl-98">
         <path>C:\ti\ccsv5\tools\compiler\c6000_7.4.4\lib\</path>
         <kind>archive</kind>
         <file>rts6400.lib</file>
         <name>divd.obj</name>
      </input_file>
      <input_file id="fl-99">
         <path>C:\ti\ccsv5\tools\compiler\c6000_7.4.4\lib\</path>
         <kind>archive</kind>
         <file>rts6400.lib</file>
         <name>divu.obj</name>
      </input_file>
      <input_file id="fl-9a">
         <path>C:\ti\ccsv5\tools\compiler\c6000_7.4.4\lib\</path>
         <kind>archive</kind>
         <file>rts6400.lib</file>
         <name>fclose.obj</name>
      </input_file>
      <input_file id="fl-9b">
         <path>C:\ti\ccsv5\tools\compiler\c6000_7.4.4\lib\</path>
         <kind>archive</kind>
         <file>rts6400.lib</file>
         <name>fflush.obj</name>
      </input_file>
      <input_file id="fl-9c">
         <path>C:\ti\ccsv5\tools\compiler\c6000_7.4.4\lib\</path>
         <kind>archive</kind>
         <file>rts6400.lib</file>
         <name>fixdi.obj</name>
      </input_file>
      <input_file id="fl-9d">
         <path>C:\ti\ccsv5\tools\compiler\c6000_7.4.4\lib\</path>
         <kind>archive</kind>
         <file>rts6400.lib</file>
         <name>fixdli.obj</name>
      </input_file>
      <input_file id="fl-9e">
         <path>C:\ti\ccsv5\tools\compiler\c6000_7.4.4\lib\</path>
         <kind>archive</kind>
         <file>rts6400.lib</file>
         <name>fltlid.obj</name>
      </input_file>
      <input_file id="fl-9f">
         <path>C:\ti\ccsv5\tools\compiler\c6000_7.4.4\lib\</path>
         <kind>archive</kind>
         <file>rts6400.lib</file>
         <name>fputc.obj</name>
      </input_file>
      <input_file id="fl-a0">
         <path>C:\ti\ccsv5\tools\compiler\c6000_7.4.4\lib\</path>
         <kind>archive</kind>
         <file>rts6400.lib</file>
         <name>fputs.obj</name>
      </input_file>
      <input_file id="fl-a1">
         <path>C:\ti\ccsv5\tools\compiler\c6000_7.4.4\lib\</path>
         <kind>archive</kind>
         <file>rts6400.lib</file>
         <name>frcmpyd_div.obj</name>
      </input_file>
      <input_file id="fl-a2">
         <path>C:\ti\ccsv5\tools\compiler\c6000_7.4.4\lib\</path>
         <kind>archive</kind>
         <file>rts6400.lib</file>
         <name>fseek.obj</name>
      </input_file>
      <input_file id="fl-a3">
         <path>C:\ti\ccsv5\tools\compiler\c6000_7.4.4\lib\</path>
         <kind>archive</kind>
         <file>rts6400.lib</file>
         <name>imath40.obj</name>
      </input_file>
      <input_file id="fl-a4">
         <path>C:\ti\ccsv5\tools\compiler\c6000_7.4.4\lib\</path>
         <kind>archive</kind>
         <file>rts6400.lib</file>
         <name>imath64.obj</name>
      </input_file>
      <input_file id="fl-a5">
         <path>C:\ti\ccsv5\tools\compiler\c6000_7.4.4\lib\</path>
         <kind>archive</kind>
         <file>rts6400.lib</file>
         <name>isinf.obj</name>
      </input_file>
      <input_file id="fl-a6">
         <path>C:\ti\ccsv5\tools\compiler\c6000_7.4.4\lib\</path>
         <kind>archive</kind>
         <file>rts6400.lib</file>
         <name>llshift.obj</name>
      </input_file>
      <input_file id="fl-a7">
         <path>C:\ti\ccsv5\tools\compiler\c6000_7.4.4\lib\</path>
         <kind>archive</kind>
         <file>rts6400.lib</file>
         <name>ltoa.obj</name>
      </input_file>
      <input_file id="fl-a8">
         <path>C:\ti\ccsv5\tools\compiler\c6000_7.4.4\lib\</path>
         <kind>archive</kind>
         <file>rts6400.lib</file>
         <name>memccpy.obj</name>
      </input_file>
      <input_file id="fl-a9">
         <path>C:\ti\ccsv5\tools\compiler\c6000_7.4.4\lib\</path>
         <kind>archive</kind>
         <file>rts6400.lib</file>
         <name>mpyd.obj</name>
      </input_file>
      <input_file id="fl-aa">
         <path>C:\ti\ccsv5\tools\compiler\c6000_7.4.4\lib\</path>
         <kind>archive</kind>
         <file>rts6400.lib</file>
         <name>mpyll.obj</name>
      </input_file>
      <input_file id="fl-ab">
         <path>C:\ti\ccsv5\tools\compiler\c6000_7.4.4\lib\</path>
         <kind>archive</kind>
         <file>rts6400.lib</file>
         <name>negd.obj</name>
      </input_file>
      <input_file id="fl-ac">
         <path>C:\ti\ccsv5\tools\compiler\c6000_7.4.4\lib\</path>
         <kind>archive</kind>
         <file>rts6400.lib</file>
         <name>negll.obj</name>
      </input_file>
      <input_file id="fl-ad">
         <path>C:\ti\ccsv5\tools\compiler\c6000_7.4.4\lib\</path>
         <kind>archive</kind>
         <file>rts6400.lib</file>
         <name>remove.obj</name>
      </input_file>
      <input_file id="fl-ae">
         <path>C:\ti\ccsv5\tools\compiler\c6000_7.4.4\lib\</path>
         <kind>archive</kind>
         <file>rts6400.lib</file>
         <name>setvbuf.obj</name>
      </input_file>
      <input_file id="fl-af">
         <path>C:\ti\ccsv5\tools\compiler\c6000_7.4.4\lib\</path>
         <kind>archive</kind>
         <file>rts6400.lib</file>
         <name>subd.obj</name>
      </input_file>
      <input_file id="fl-b0">
         <path>C:\ti\ccsv5\tools\compiler\c6000_7.4.4\lib\</path>
         <kind>archive</kind>
         <file>rts6400.lib</file>
         <name>abs.obj</name>
      </input_file>
      <input_file id="fl-b1">
         <path>C:\ti\ccsv5\tools\compiler\c6000_7.4.4\lib\</path>
         <kind>archive</kind>
         <file>rts6400.lib</file>
         <name>addd.obj</name>
      </input_file>
      <input_file id="fl-b2">
         <path>C:\ti\ccsv5\tools\compiler\c6000_7.4.4\lib\</path>
         <kind>archive</kind>
         <file>rts6400.lib</file>
         <name>frcaddd.obj</name>
      </input_file>
      <input_file id="fl-b3">
         <path>C:\ti\ccsv5\tools\compiler\c6000_7.4.4\lib\</path>
         <kind>archive</kind>
         <file>rts6400.lib</file>
         <name>frcmpyd.obj</name>
      </input_file>
      <input_file id="fl-b4">
         <path>C:\ti\ccsv5\tools\compiler\c6000_7.4.4\lib\</path>
         <kind>archive</kind>
         <file>rts6400.lib</file>
         <name>renormd.obj</name>
      </input_file>
   </input_file_list>
   <object_component_list>
      <object_component id="oc-11c">
         <name>.text:__getarg_diouxp</name>
         <load_address>0x0</load_address>
         <run_address>0x0</run_address>
         <size>0x620</size>
         <input_file_ref idref="fl-8f"/>
      </object_component>
      <object_component id="oc-128">
         <name>.text:__divd</name>
         <load_address>0x620</load_address>
         <run_address>0x620</run_address>
         <size>0x5c0</size>
         <input_file_ref idref="fl-98"/>
      </object_component>
      <object_component id="oc-f1">
         <name>.text:_fwrite</name>
         <load_address>0xbe0</load_address>
         <run_address>0xbe0</run_address>
         <size>0x580</size>
         <input_file_ref idref="fl-84"/>
      </object_component>
      <object_component id="oc-104">
         <name>.text:__setfield</name>
         <load_address>0x1160</load_address>
         <run_address>0x1160</run_address>
         <size>0x4e0</size>
         <input_file_ref idref="fl-8f"/>
      </object_component>
      <object_component id="oc-f4">
         <name>.text:__printfi</name>
         <load_address>0x1640</load_address>
         <run_address>0x1640</run_address>
         <size>0x4c0</size>
         <input_file_ref idref="fl-8f"/>
      </object_component>
      <object_component id="oc-eb">
         <name>.text</name>
         <load_address>0x1b00</load_address>
         <run_address>0x1b00</run_address>
         <size>0x4c0</size>
         <input_file_ref idref="fl-4"/>
      </object_component>
      <object_component id="oc-101">
         <name>.text:_fputs</name>
         <load_address>0x1fc0</load_address>
         <run_address>0x1fc0</run_address>
         <size>0x420</size>
         <input_file_ref idref="fl-a0"/>
      </object_component>
      <object_component id="oc-125">
         <name>.text:_fcvt</name>
         <load_address>0x23e0</load_address>
         <run_address>0x23e0</run_address>
         <size>0x400</size>
         <input_file_ref idref="fl-8f"/>
      </object_component>
      <object_component id="oc-10d">
         <name>.text:__pproc_fge</name>
         <load_address>0x27e0</load_address>
         <run_address>0x27e0</run_address>
         <size>0x3e0</size>
         <input_file_ref idref="fl-8f"/>
      </object_component>
      <object_component id="oc-122">
         <name>.text:_ecvt</name>
         <load_address>0x2bc0</load_address>
         <run_address>0x2bc0</run_address>
         <size>0x3c0</size>
         <input_file_ref idref="fl-8f"/>
      </object_component>
      <object_component id="oc-11b">
         <name>.text:__pconv_e</name>
         <load_address>0x2f80</load_address>
         <run_address>0x2f80</run_address>
         <size>0x320</size>
         <input_file_ref idref="fl-8f"/>
      </object_component>
      <object_component id="oc-103">
         <name>.text:__pproc_fwp</name>
         <load_address>0x32a0</load_address>
         <run_address>0x32a0</run_address>
         <size>0x300</size>
         <input_file_ref idref="fl-8f"/>
      </object_component>
      <object_component id="oc-ef">
         <name>.text:_fread</name>
         <load_address>0x35a0</load_address>
         <run_address>0x35a0</run_address>
         <size>0x300</size>
         <input_file_ref idref="fl-83"/>
      </object_component>
      <object_component id="oc-f2">
         <name>.text:_free</name>
         <load_address>0x38a0</load_address>
         <run_address>0x38a0</run_address>
         <size>0x2e0</size>
         <input_file_ref idref="fl-87"/>
      </object_component>
      <object_component id="oc-135">
         <name>.text:__divull</name>
         <load_address>0x3b80</load_address>
         <run_address>0x3b80</run_address>
         <size>0x2c0</size>
         <input_file_ref idref="fl-a4"/>
      </object_component>
      <object_component id="oc-10e">
         <name>.text:__pproc_diouxp</name>
         <load_address>0x3e40</load_address>
         <run_address>0x3e40</run_address>
         <size>0x2a0</size>
         <input_file_ref idref="fl-8f"/>
      </object_component>
      <object_component id="oc-127">
         <name>.text:__mpyd</name>
         <load_address>0x40e0</load_address>
         <run_address>0x40e0</run_address>
         <size>0x280</size>
         <input_file_ref idref="fl-a9"/>
      </object_component>
      <object_component id="oc-13c">
         <name>.text:__frcaddd</name>
         <load_address>0x4360</load_address>
         <run_address>0x4360</run_address>
         <size>0x260</size>
         <input_file_ref idref="fl-b2"/>
      </object_component>
      <object_component id="oc-105">
         <name>.text:__pproc_str</name>
         <load_address>0x45c0</load_address>
         <run_address>0x45c0</run_address>
         <size>0x260</size>
         <input_file_ref idref="fl-8f"/>
      </object_component>
      <object_component id="oc-106">
         <name>.text:_fputc</name>
         <load_address>0x4820</load_address>
         <run_address>0x4820</run_address>
         <size>0x260</size>
         <input_file_ref idref="fl-9f"/>
      </object_component>
      <object_component id="oc-138">
         <name>.text:__addd</name>
         <load_address>0x4a80</load_address>
         <run_address>0x4a80</run_address>
         <size>0x240</size>
         <input_file_ref idref="fl-b1"/>
      </object_component>
      <object_component id="oc-119">
         <name>.text:__pconv_g</name>
         <load_address>0x4cc0</load_address>
         <run_address>0x4cc0</run_address>
         <size>0x240</size>
         <input_file_ref idref="fl-8f"/>
      </object_component>
      <object_component id="oc-10a">
         <name>.text:_setvbuf</name>
         <load_address>0x4f00</load_address>
         <run_address>0x4f00</run_address>
         <size>0x240</size>
         <input_file_ref idref="fl-ae"/>
      </object_component>
      <object_component id="oc-e2">
         <name>.text:_HOSTrename</name>
         <load_address>0x5140</load_address>
         <run_address>0x5140</run_address>
         <size>0x200</size>
         <input_file_ref idref="fl-8a"/>
      </object_component>
      <object_component id="oc-124">
         <name>.text:__mcpy</name>
         <load_address>0x5340</load_address>
         <run_address>0x5340</run_address>
         <size>0x200</size>
         <input_file_ref idref="fl-8f"/>
      </object_component>
      <object_component id="oc-f7">
         <name>.text:__openfile</name>
         <load_address>0x5540</load_address>
         <run_address>0x5540</run_address>
         <size>0x1e0</size>
         <input_file_ref idref="fl-82"/>
      </object_component>
      <object_component id="oc-ee">
         <name>.text:_malloc</name>
         <load_address>0x5720</load_address>
         <run_address>0x5720</run_address>
         <size>0x1c0</size>
         <input_file_ref idref="fl-87"/>
      </object_component>
      <object_component id="oc-109">
         <name>.text:_open</name>
         <load_address>0x58e0</load_address>
         <run_address>0x58e0</run_address>
         <size>0x1c0</size>
         <input_file_ref idref="fl-85"/>
      </object_component>
      <object_component id="oc-134">
         <name>.text:__divul</name>
         <load_address>0x5aa0</load_address>
         <run_address>0x5aa0</run_address>
         <size>0x1a0</size>
         <input_file_ref idref="fl-a3"/>
      </object_component>
      <object_component id="oc-10b">
         <name>.text:_fseek</name>
         <load_address>0x5c40</load_address>
         <run_address>0x5c40</run_address>
         <size>0x180</size>
         <input_file_ref idref="fl-a2"/>
      </object_component>
      <object_component id="oc-112">
         <name>.text:_getdevice</name>
         <load_address>0x5dc0</load_address>
         <run_address>0x5dc0</run_address>
         <size>0x180</size>
         <input_file_ref idref="fl-85"/>
      </object_component>
      <object_component id="oc-11e">
         <name>.text:__ltostr</name>
         <load_address>0x5f40</load_address>
         <run_address>0x5f40</run_address>
         <size>0x160</size>
         <input_file_ref idref="fl-8f"/>
      </object_component>
      <object_component id="oc-102">
         <name>.text:__pproc_fflags</name>
         <load_address>0x60a0</load_address>
         <run_address>0x60a0</run_address>
         <size>0x160</size>
         <input_file_ref idref="fl-8f"/>
      </object_component>
      <object_component id="oc-110">
         <name>.text:__closefile</name>
         <load_address>0x6200</load_address>
         <run_address>0x6200</run_address>
         <size>0x140</size>
         <input_file_ref idref="fl-9a"/>
      </object_component>
      <object_component id="oc-f6">
         <name>.text:__search_fp</name>
         <load_address>0x6340</load_address>
         <run_address>0x6340</run_address>
         <size>0x140</size>
         <input_file_ref idref="fl-82"/>
      </object_component>
      <object_component id="oc-e0">
         <name>.text:_HOSTlseek</name>
         <load_address>0x6480</load_address>
         <run_address>0x6480</run_address>
         <size>0x120</size>
         <input_file_ref idref="fl-8a"/>
      </object_component>
      <object_component id="oc-fb">
         <name>.text:__buff_read</name>
         <load_address>0x65a0</load_address>
         <run_address>0x65a0</run_address>
         <size>0x120</size>
         <input_file_ref idref="fl-8c"/>
      </object_component>
      <object_component id="oc-131">
         <name>.text:__frcmpyd</name>
         <load_address>0x66c0</load_address>
         <run_address>0x66c0</run_address>
         <size>0x120</size>
         <input_file_ref idref="fl-b3"/>
      </object_component>
      <object_component id="oc-fe">
         <name>.text:__wrt_ok</name>
         <load_address>0x67e0</load_address>
         <run_address>0x67e0</run_address>
         <size>0x120</size>
         <input_file_ref idref="fl-8d"/>
      </object_component>
      <object_component id="oc-10c">
         <name>.text:_atoi</name>
         <load_address>0x6900</load_address>
         <run_address>0x6900</run_address>
         <size>0x120</size>
         <input_file_ref idref="fl-91"/>
      </object_component>
      <object_component id="oc-dc">
         <name>.text:_HOSTopen</name>
         <load_address>0x6a20</load_address>
         <run_address>0x6a20</run_address>
         <size>0x100</size>
         <input_file_ref idref="fl-8a"/>
      </object_component>
      <object_component id="oc-de">
         <name>.text:_HOSTread</name>
         <load_address>0x6b20</load_address>
         <run_address>0x6b20</run_address>
         <size>0x100</size>
         <input_file_ref idref="fl-8a"/>
      </object_component>
      <object_component id="oc-df">
         <name>.text:_HOSTwrite</name>
         <load_address>0x6c20</load_address>
         <run_address>0x6c20</run_address>
         <size>0x100</size>
         <input_file_ref idref="fl-8a"/>
      </object_component>
      <object_component id="oc-133">
         <name>.text:__frcmpyd_div</name>
         <load_address>0x6d20</load_address>
         <run_address>0x6d20</run_address>
         <size>0x100</size>
         <input_file_ref idref="fl-a1"/>
      </object_component>
      <object_component id="oc-11f">
         <name>.text:_close</name>
         <load_address>0x6e20</load_address>
         <run_address>0x6e20</run_address>
         <size>0x100</size>
         <input_file_ref idref="fl-85"/>
      </object_component>
      <object_component id="oc-12d">
         <name>.text:_ltoa</name>
         <load_address>0x6f20</load_address>
         <run_address>0x6f20</run_address>
         <size>0x100</size>
         <input_file_ref idref="fl-a7"/>
      </object_component>
      <object_component id="oc-107">
         <name>.text:_memset</name>
         <load_address>0x7020</load_address>
         <run_address>0x7020</run_address>
         <size>0x100</size>
         <input_file_ref idref="fl-88"/>
      </object_component>
      <object_component id="oc-e1">
         <name>.text:_HOSTunlink</name>
         <load_address>0x7120</load_address>
         <run_address>0x7120</run_address>
         <size>0xe0</size>
         <input_file_ref idref="fl-8a"/>
      </object_component>
      <object_component id="oc-d9">
         <name>.text:__auto_init</name>
         <load_address>0x7200</load_address>
         <run_address>0x7200</run_address>
         <size>0xe0</size>
         <input_file_ref idref="fl-92"/>
      </object_component>
      <object_component id="oc-117">
         <name>.text:__cmpd</name>
         <load_address>0x72e0</load_address>
         <run_address>0x72e0</run_address>
         <size>0xe0</size>
         <input_file_ref idref="fl-93"/>
      </object_component>
      <object_component id="oc-129">
         <name>.text:__div</name>
         <load_address>0x73c0</load_address>
         <run_address>0x73c0</run_address>
         <size>0xe0</size>
         <input_file_ref idref="fl-8f"/>
      </object_component>
      <object_component id="oc-ff">
         <name>.text:__doflush</name>
         <load_address>0x74a0</load_address>
         <run_address>0x74a0</run_address>
         <size>0xe0</size>
         <input_file_ref idref="fl-9b"/>
      </object_component>
      <object_component id="oc-11a">
         <name>.text:__pconv_f</name>
         <load_address>0x7580</load_address>
         <run_address>0x7580</run_address>
         <size>0xe0</size>
         <input_file_ref idref="fl-8f"/>
      </object_component>
      <object_component id="oc-e5">
         <name>.text:_memcpy</name>
         <load_address>0x7660</load_address>
         <run_address>0x7660</run_address>
         <size>0xe0</size>
         <input_file_ref idref="fl-86"/>
      </object_component>
      <object_component id="oc-f8">
         <name>.text:_mremove</name>
         <load_address>0x7740</load_address>
         <run_address>0x7740</run_address>
         <size>0xe0</size>
         <input_file_ref idref="fl-87"/>
      </object_component>
      <object_component id="oc-ec">
         <name>.text:_printf</name>
         <load_address>0x7820</load_address>
         <run_address>0x7820</run_address>
         <size>0xe0</size>
         <input_file_ref idref="fl-89"/>
      </object_component>
      <object_component id="oc-f0">
         <name>.text</name>
         <load_address>0x7900</load_address>
         <run_address>0x7900</run_address>
         <size>0xe0</size>
         <input_file_ref idref="fl-2"/>
      </object_component>
      <object_component id="oc-dd">
         <name>.text:_HOSTclose</name>
         <load_address>0x79e0</load_address>
         <run_address>0x79e0</run_address>
         <size>0xc0</size>
         <input_file_ref idref="fl-8a"/>
      </object_component>
      <object_component id="oc-108">
         <name>.text:__cleanup</name>
         <load_address>0x7aa0</load_address>
         <run_address>0x7aa0</run_address>
         <size>0xc0</size>
         <input_file_ref idref="fl-82"/>
      </object_component>
      <object_component id="oc-fc">
         <name>.text:__divu</name>
         <load_address>0x7b60</load_address>
         <run_address>0x7b60</run_address>
         <size>0xc0</size>
         <input_file_ref idref="fl-99"/>
      </object_component>
      <object_component id="oc-123">
         <name>.text:__ecpy</name>
         <load_address>0x7c20</load_address>
         <run_address>0x7c20</run_address>
         <size>0xc0</size>
         <input_file_ref idref="fl-8f"/>
      </object_component>
      <object_component id="oc-126">
         <name>.text:__fcpy</name>
         <load_address>0x7ce0</load_address>
         <run_address>0x7ce0</run_address>
         <size>0xc0</size>
         <input_file_ref idref="fl-8f"/>
      </object_component>
      <object_component id="oc-fa">
         <name>.text:__rd_ok</name>
         <load_address>0x7da0</load_address>
         <run_address>0x7da0</run_address>
         <size>0xc0</size>
         <input_file_ref idref="fl-8d"/>
      </object_component>
      <object_component id="oc-db">
         <name>.text:_exit</name>
         <load_address>0x7e60</load_address>
         <run_address>0x7e60</run_address>
         <size>0xc0</size>
         <input_file_ref idref="fl-81"/>
      </object_component>
      <object_component id="oc-113">
         <name>.text:_lseek</name>
         <load_address>0x7f20</load_address>
         <run_address>0x7f20</run_address>
         <size>0xc0</size>
         <input_file_ref idref="fl-85"/>
      </object_component>
      <object_component id="oc-f9">
         <name>.text:_minsert</name>
         <load_address>0x7fe0</load_address>
         <run_address>0x7fe0</run_address>
         <size>0xc0</size>
         <input_file_ref idref="fl-87"/>
      </object_component>
      <object_component id="oc-fd">
         <name>.text:_read</name>
         <load_address>0x80a0</load_address>
         <run_address>0x80a0</run_address>
         <size>0xc0</size>
         <input_file_ref idref="fl-85"/>
      </object_component>
      <object_component id="oc-100">
         <name>.text:_write</name>
         <load_address>0x8160</load_address>
         <run_address>0x8160</run_address>
         <size>0xc0</size>
         <input_file_ref idref="fl-85"/>
      </object_component>
      <object_component id="oc-137">
         <name>.text:__divli</name>
         <load_address>0x8220</load_address>
         <run_address>0x8220</run_address>
         <size>0xa0</size>
         <input_file_ref idref="fl-a3"/>
      </object_component>
      <object_component id="oc-130">
         <name>.text:__fixdi</name>
         <load_address>0x82c0</load_address>
         <run_address>0x82c0</run_address>
         <size>0xa0</size>
         <input_file_ref idref="fl-9c"/>
      </object_component>
      <object_component id="oc-12c">
         <name>.text:__fixdli</name>
         <load_address>0x8360</load_address>
         <run_address>0x8360</run_address>
         <size>0xa0</size>
         <input_file_ref idref="fl-9d"/>
      </object_component>
      <object_component id="oc-13d">
         <name>.text:__renormd</name>
         <load_address>0x8400</load_address>
         <run_address>0x8400</run_address>
         <size>0xa0</size>
         <input_file_ref idref="fl-b4"/>
      </object_component>
      <object_component id="oc-e4">
         <name>.text:_copy_in</name>
         <load_address>0x84a0</load_address>
         <run_address>0x84a0</run_address>
         <size>0xa0</size>
         <input_file_ref idref="fl-95"/>
      </object_component>
      <object_component id="oc-121">
         <name>.text:_finddevice</name>
         <load_address>0x8540</load_address>
         <run_address>0x8540</run_address>
         <size>0xa0</size>
         <input_file_ref idref="fl-85"/>
      </object_component>
      <object_component id="oc-111">
         <name>.text:_tabinit</name>
         <load_address>0x85e0</load_address>
         <run_address>0x85e0</run_address>
         <size>0xa0</size>
         <input_file_ref idref="fl-85"/>
      </object_component>
      <object_component id="oc-e7">
         <name>.text</name>
         <load_address>0x8680</load_address>
         <run_address>0x8680</run_address>
         <size>0xa0</size>
         <input_file_ref idref="fl-5"/>
      </object_component>
      <object_component id="oc-e6">
         <name>.text:___TI_cpp_init</name>
         <load_address>0x8720</load_address>
         <run_address>0x8720</run_address>
         <size>0x80</size>
         <input_file_ref idref="fl-94"/>
      </object_component>
      <object_component id="oc-12e">
         <name>.text:__fltlid</name>
         <load_address>0x87a0</load_address>
         <run_address>0x87a0</run_address>
         <size>0x80</size>
         <input_file_ref idref="fl-9e"/>
      </object_component>
      <object_component id="oc-139">
         <name>.text:__llshl</name>
         <load_address>0x8820</load_address>
         <run_address>0x8820</run_address>
         <size>0x80</size>
         <input_file_ref idref="fl-a6"/>
      </object_component>
      <object_component id="oc-12a">
         <name>.text:__mpyll</name>
         <load_address>0x88a0</load_address>
         <run_address>0x88a0</run_address>
         <size>0x80</size>
         <input_file_ref idref="fl-aa"/>
      </object_component>
      <object_component id="oc-ed">
         <name>.text:_fopen</name>
         <load_address>0x8920</load_address>
         <run_address>0x8920</run_address>
         <size>0x80</size>
         <input_file_ref idref="fl-82"/>
      </object_component>
      <object_component id="oc-10f">
         <name>.text:_memccpy</name>
         <load_address>0x89a0</load_address>
         <run_address>0x89a0</run_address>
         <size>0x80</size>
         <input_file_ref idref="fl-a8"/>
      </object_component>
      <object_component id="oc-ea">
         <name>.text:_readmsg</name>
         <load_address>0x8a20</load_address>
         <run_address>0x8a20</run_address>
         <size>0x80</size>
         <input_file_ref idref="fl-8b"/>
      </object_component>
      <object_component id="oc-12b">
         <name>.text:_unlink</name>
         <load_address>0x8aa0</load_address>
         <run_address>0x8aa0</run_address>
         <size>0x80</size>
         <input_file_ref idref="fl-85"/>
      </object_component>
      <object_component id="oc-13b">
         <name>.text:__llshru</name>
         <load_address>0x8b20</load_address>
         <run_address>0x8b20</run_address>
         <size>0x60</size>
         <input_file_ref idref="fl-a6"/>
      </object_component>
      <object_component id="oc-136">
         <name>.text:__remli</name>
         <load_address>0x8b80</load_address>
         <run_address>0x8b80</run_address>
         <size>0x60</size>
         <input_file_ref idref="fl-a3"/>
      </object_component>
      <object_component id="oc-13a">
         <name>.text:__subcull</name>
         <load_address>0x8be0</load_address>
         <run_address>0x8be0</run_address>
         <size>0x60</size>
         <input_file_ref idref="fl-a4"/>
      </object_component>
      <object_component id="oc-17">
         <name>.text:_c_int00</name>
         <load_address>0x8c40</load_address>
         <run_address>0x8c40</run_address>
         <size>0x60</size>
         <input_file_ref idref="fl-80"/>
      </object_component>
      <object_component id="oc-e9">
         <name>.text:_writemsg</name>
         <load_address>0x8ca0</load_address>
         <run_address>0x8ca0</run_address>
         <size>0x60</size>
         <input_file_ref idref="fl-8b"/>
      </object_component>
      <object_component id="oc-116">
         <name>.text:___isinf</name>
         <load_address>0x8d00</load_address>
         <run_address>0x8d00</run_address>
         <size>0x40</size>
         <input_file_ref idref="fl-a5"/>
      </object_component>
      <object_component id="oc-115">
         <name>.text:___isnan</name>
         <load_address>0x8d40</load_address>
         <run_address>0x8d40</run_address>
         <size>0x40</size>
         <input_file_ref idref="fl-8f"/>
      </object_component>
      <object_component id="oc-da">
         <name>.text:__args_main</name>
         <load_address>0x8d80</load_address>
         <run_address>0x8d80</run_address>
         <size>0x40</size>
         <input_file_ref idref="fl-90"/>
      </object_component>
      <object_component id="oc-118">
         <name>.text:__negd</name>
         <load_address>0x8dc0</load_address>
         <run_address>0x8dc0</run_address>
         <size>0x40</size>
         <input_file_ref idref="fl-ab"/>
      </object_component>
      <object_component id="oc-12f">
         <name>.text:__subd</name>
         <load_address>0x8e00</load_address>
         <run_address>0x8e00</run_address>
         <size>0x40</size>
         <input_file_ref idref="fl-af"/>
      </object_component>
      <object_component id="oc-11d">
         <name>.text:__negll</name>
         <load_address>0x8e40</load_address>
         <run_address>0x8e40</run_address>
         <size>0x20</size>
         <input_file_ref idref="fl-ac"/>
      </object_component>
      <object_component id="oc-e3">
         <name>.text:__nop</name>
         <load_address>0x8e60</load_address>
         <run_address>0x8e60</run_address>
         <size>0x20</size>
         <input_file_ref idref="fl-8e"/>
      </object_component>
      <object_component id="oc-f5">
         <name>.text:__outc</name>
         <load_address>0x8e80</load_address>
         <run_address>0x8e80</run_address>
         <size>0x20</size>
         <input_file_ref idref="fl-89"/>
      </object_component>
      <object_component id="oc-f3">
         <name>.text:__outs</name>
         <load_address>0x8ea0</load_address>
         <run_address>0x8ea0</run_address>
         <size>0x20</size>
         <input_file_ref idref="fl-89"/>
      </object_component>
      <object_component id="oc-e8">
         <name>.text:_abort</name>
         <load_address>0x8ec0</load_address>
         <run_address>0x8ec0</run_address>
         <size>0x20</size>
         <input_file_ref idref="fl-81"/>
      </object_component>
      <object_component id="oc-120">
         <name>.text:_remove</name>
         <load_address>0x8ee0</load_address>
         <run_address>0x8ee0</run_address>
         <size>0x20</size>
         <input_file_ref idref="fl-ad"/>
      </object_component>
      <object_component id="oc-2b">
         <name>.stack</name>
         <uninitialized>true</uninitialized>
         <run_address>0x8f00</run_address>
         <size>0x8</size>
         <input_file_ref idref="fl-80"/>
      </object_component>
      <object_component id="oc-15c">
         <name>.stack</name>
         <uninitialized>true</uninitialized>
         <run_address>0x8f00</run_address>
         <size>0x0</size>
      </object_component>
      <object_component id="oc-57">
         <name>.cio</name>
         <uninitialized>true</uninitialized>
         <run_address>0xa670</run_address>
         <size>0x120</size>
         <input_file_ref idref="fl-8b"/>
      </object_component>
      <object_component id="oc-114">
         <name>.const:.string:__ctypes_</name>
         <load_address>0xa368</load_address>
         <run_address>0xa368</run_address>
         <size>0x101</size>
         <input_file_ref idref="fl-96"/>
      </object_component>
      <object_component id="oc-9a">
         <name>.const:.string</name>
         <load_address>0xa469</load_address>
         <run_address>0xa469</run_address>
         <size>0x2</size>
         <input_file_ref idref="fl-a0"/>
      </object_component>
      <object_component id="oc-26">
         <name>.const:.string</name>
         <load_address>0xa46c</load_address>
         <run_address>0xa46c</run_address>
         <size>0x78</size>
         <input_file_ref idref="fl-5"/>
      </object_component>
      <object_component id="oc-66">
         <name>.const:.string</name>
         <load_address>0xa4e4</load_address>
         <run_address>0xa4e4</run_address>
         <size>0x23</size>
         <input_file_ref idref="fl-8f"/>
      </object_component>
      <object_component id="oc-132">
         <name>.const:.string:_initial_approx$1</name>
         <load_address>0xa508</load_address>
         <run_address>0xa508</run_address>
         <size>0x8</size>
         <input_file_ref idref="fl-98"/>
      </object_component>
      <object_component id="oc-21">
         <name>.const:.string</name>
         <load_address>0xa510</load_address>
         <run_address>0xa510</run_address>
         <size>0x8</size>
         <input_file_ref idref="fl-4"/>
      </object_component>
      <object_component id="oc-49">
         <name>.sysmem</name>
         <uninitialized>true</uninitialized>
         <run_address>0x9700</run_address>
         <size>0x8</size>
         <input_file_ref idref="fl-87"/>
      </object_component>
      <object_component id="oc-15d">
         <name>.sysmem</name>
         <uninitialized>true</uninitialized>
         <run_address>0x9700</run_address>
         <size>0x0</size>
      </object_component>
      <object_component id="oc-30">
         <name>.far</name>
         <uninitialized>true</uninitialized>
         <run_address>0xa344</run_address>
         <size>0xc</size>
         <input_file_ref idref="fl-81"/>
      </object_component>
      <object_component id="oc-35">
         <name>.far</name>
         <uninitialized>true</uninitialized>
         <run_address>0xa224</run_address>
         <size>0x4</size>
         <input_file_ref idref="fl-82"/>
      </object_component>
      <object_component id="oc-40">
         <name>.far</name>
         <uninitialized>true</uninitialized>
         <run_address>0xa228</run_address>
         <size>0x11c</size>
         <input_file_ref idref="fl-85"/>
      </object_component>
      <object_component id="oc-48">
         <name>.far</name>
         <uninitialized>true</uninitialized>
         <run_address>0xa358</run_address>
         <size>0x8</size>
         <input_file_ref idref="fl-87"/>
      </object_component>
      <object_component id="oc-53">
         <name>.far</name>
         <uninitialized>true</uninitialized>
         <run_address>0xa360</run_address>
         <size>0x8</size>
         <input_file_ref idref="fl-8a"/>
      </object_component>
      <object_component id="oc-62">
         <name>.far</name>
         <uninitialized>true</uninitialized>
         <run_address>0xa350</run_address>
         <size>0x8</size>
         <input_file_ref idref="fl-8e"/>
      </object_component>
      <object_component id="oc-7f">
         <name>.far</name>
         <uninitialized>true</uninitialized>
         <run_address>0x9f00</run_address>
         <size>0x324</size>
         <input_file_ref idref="fl-97"/>
      </object_component>
      <object_component id="oc-7e">
         <name>.cinit</name>
         <load_address>0xa518</load_address>
         <run_address>0xa518</run_address>
         <size>0x5c</size>
         <input_file_ref idref="fl-97"/>
      </object_component>
      <object_component id="oc-3f">
         <name>.cinit</name>
         <load_address>0xa578</load_address>
         <run_address>0xa578</run_address>
         <size>0x5c</size>
         <input_file_ref idref="fl-85"/>
      </object_component>
      <object_component id="oc-2f">
         <name>.cinit</name>
         <load_address>0xa5d8</load_address>
         <run_address>0xa5d8</run_address>
         <size>0x2c</size>
         <input_file_ref idref="fl-81"/>
      </object_component>
      <object_component id="oc-47">
         <name>.cinit</name>
         <load_address>0xa608</load_address>
         <run_address>0xa608</run_address>
         <size>0x2c</size>
         <input_file_ref idref="fl-87"/>
      </object_component>
      <object_component id="oc-61">
         <name>.cinit</name>
         <load_address>0xa638</load_address>
         <run_address>0xa638</run_address>
         <size>0x1c</size>
         <input_file_ref idref="fl-8e"/>
      </object_component>
      <object_component id="oc-34">
         <name>.cinit</name>
         <load_address>0xa658</load_address>
         <run_address>0xa658</run_address>
         <size>0xc</size>
         <input_file_ref idref="fl-82"/>
      </object_component>
      <object_component id="oc-18">
         <name>.debug_info</name>
         <load_address>0x0</load_address>
         <run_address>0x0</run_address>
         <size>0x9fa</size>
         <input_file_ref idref="fl-2"/>
      </object_component>
      <object_component id="oc-1c">
         <name>.debug_info</name>
         <load_address>0x9fa</load_address>
         <run_address>0x9fa</run_address>
         <size>0x5dd</size>
         <input_file_ref idref="fl-3"/>
      </object_component>
      <object_component id="oc-20">
         <name>.debug_info</name>
         <load_address>0xfd7</load_address>
         <run_address>0xfd7</run_address>
         <size>0x11da</size>
         <input_file_ref idref="fl-4"/>
      </object_component>
      <object_component id="oc-25">
         <name>.debug_info</name>
         <load_address>0x21b1</load_address>
         <run_address>0x21b1</run_address>
         <size>0x703</size>
         <input_file_ref idref="fl-5"/>
      </object_component>
      <object_component id="oc-2a">
         <name>.debug_info</name>
         <load_address>0x28b4</load_address>
         <run_address>0x28b4</run_address>
         <size>0x6f5</size>
         <input_file_ref idref="fl-80"/>
      </object_component>
      <object_component id="oc-2e">
         <name>.debug_info</name>
         <load_address>0x2fa9</load_address>
         <run_address>0x2fa9</run_address>
         <size>0x7c2</size>
         <input_file_ref idref="fl-81"/>
      </object_component>
      <object_component id="oc-33">
         <name>.debug_info</name>
         <load_address>0x376b</load_address>
         <run_address>0x376b</run_address>
         <size>0xa95</size>
         <input_file_ref idref="fl-82"/>
      </object_component>
      <object_component id="oc-38">
         <name>.debug_info</name>
         <load_address>0x4200</load_address>
         <run_address>0x4200</run_address>
         <size>0x931</size>
         <input_file_ref idref="fl-83"/>
      </object_component>
      <object_component id="oc-3b">
         <name>.debug_info</name>
         <load_address>0x4b31</load_address>
         <run_address>0x4b31</run_address>
         <size>0xac9</size>
         <input_file_ref idref="fl-84"/>
      </object_component>
      <object_component id="oc-3e">
         <name>.debug_info</name>
         <load_address>0x55fa</load_address>
         <run_address>0x55fa</run_address>
         <size>0x10c7</size>
         <input_file_ref idref="fl-85"/>
      </object_component>
      <object_component id="oc-43">
         <name>.debug_info</name>
         <load_address>0x66c1</load_address>
         <run_address>0x66c1</run_address>
         <size>0xcb</size>
         <input_file_ref idref="fl-86"/>
      </object_component>
      <object_component id="oc-46">
         <name>.debug_info</name>
         <load_address>0x678c</load_address>
         <run_address>0x678c</run_address>
         <size>0xac2</size>
         <input_file_ref idref="fl-87"/>
      </object_component>
      <object_component id="oc-4c">
         <name>.debug_info</name>
         <load_address>0x724e</load_address>
         <run_address>0x724e</run_address>
         <size>0x7a0</size>
         <input_file_ref idref="fl-88"/>
      </object_component>
      <object_component id="oc-4f">
         <name>.debug_info</name>
         <load_address>0x79ee</load_address>
         <run_address>0x79ee</run_address>
         <size>0x8ec</size>
         <input_file_ref idref="fl-89"/>
      </object_component>
      <object_component id="oc-52">
         <name>.debug_info</name>
         <load_address>0x82da</load_address>
         <run_address>0x82da</run_address>
         <size>0xdc6</size>
         <input_file_ref idref="fl-8a"/>
      </object_component>
      <object_component id="oc-56">
         <name>.debug_info</name>
         <load_address>0x90a0</load_address>
         <run_address>0x90a0</run_address>
         <size>0x853</size>
         <input_file_ref idref="fl-8b"/>
      </object_component>
      <object_component id="oc-5a">
         <name>.debug_info</name>
         <load_address>0x98f3</load_address>
         <run_address>0x98f3</run_address>
         <size>0x7d0</size>
         <input_file_ref idref="fl-8c"/>
      </object_component>
      <object_component id="oc-5d">
         <name>.debug_info</name>
         <load_address>0xa0c3</load_address>
         <run_address>0xa0c3</run_address>
         <size>0x7b7</size>
         <input_file_ref idref="fl-8d"/>
      </object_component>
      <object_component id="oc-60">
         <name>.debug_info</name>
         <load_address>0xa87a</load_address>
         <run_address>0xa87a</run_address>
         <size>0x636</size>
         <input_file_ref idref="fl-8e"/>
      </object_component>
      <object_component id="oc-65">
         <name>.debug_info</name>
         <load_address>0xaeb0</load_address>
         <run_address>0xaeb0</run_address>
         <size>0x292c</size>
         <input_file_ref idref="fl-8f"/>
      </object_component>
      <object_component id="oc-69">
         <name>.debug_info</name>
         <load_address>0xd7dc</load_address>
         <run_address>0xd7dc</run_address>
         <size>0x6cb</size>
         <input_file_ref idref="fl-90"/>
      </object_component>
      <object_component id="oc-6c">
         <name>.debug_info</name>
         <load_address>0xdea7</load_address>
         <run_address>0xdea7</run_address>
         <size>0x6d8</size>
         <input_file_ref idref="fl-91"/>
      </object_component>
      <object_component id="oc-6f">
         <name>.debug_info</name>
         <load_address>0xe57f</load_address>
         <run_address>0xe57f</run_address>
         <size>0x841</size>
         <input_file_ref idref="fl-92"/>
      </object_component>
      <object_component id="oc-72">
         <name>.debug_info</name>
         <load_address>0xedc0</load_address>
         <run_address>0xedc0</run_address>
         <size>0x68f</size>
         <input_file_ref idref="fl-93"/>
      </object_component>
      <object_component id="oc-75">
         <name>.debug_info</name>
         <load_address>0xf44f</load_address>
         <run_address>0xf44f</run_address>
         <size>0x6b9</size>
         <input_file_ref idref="fl-94"/>
      </object_component>
      <object_component id="oc-78">
         <name>.debug_info</name>
         <load_address>0xfb08</load_address>
         <run_address>0xfb08</run_address>
         <size>0x7af</size>
         <input_file_ref idref="fl-95"/>
      </object_component>
      <object_component id="oc-7b">
         <name>.debug_info</name>
         <load_address>0x102b7</load_address>
         <run_address>0x102b7</run_address>
         <size>0x5e4</size>
         <input_file_ref idref="fl-96"/>
      </object_component>
      <object_component id="oc-7d">
         <name>.debug_info</name>
         <load_address>0x1089b</load_address>
         <run_address>0x1089b</run_address>
         <size>0x6d1</size>
         <input_file_ref idref="fl-97"/>
      </object_component>
      <object_component id="oc-81">
         <name>.debug_info</name>
         <load_address>0x10f6c</load_address>
         <run_address>0x10f6c</run_address>
         <size>0x993</size>
         <input_file_ref idref="fl-98"/>
      </object_component>
      <object_component id="oc-84">
         <name>.debug_info</name>
         <load_address>0x118ff</load_address>
         <run_address>0x118ff</run_address>
         <size>0xbc</size>
         <input_file_ref idref="fl-99"/>
      </object_component>
      <object_component id="oc-87">
         <name>.debug_info</name>
         <load_address>0x119bb</load_address>
         <run_address>0x119bb</run_address>
         <size>0x7f0</size>
         <input_file_ref idref="fl-9a"/>
      </object_component>
      <object_component id="oc-8a">
         <name>.debug_info</name>
         <load_address>0x121ab</load_address>
         <run_address>0x121ab</run_address>
         <size>0x76b</size>
         <input_file_ref idref="fl-9b"/>
      </object_component>
      <object_component id="oc-8d">
         <name>.debug_info</name>
         <load_address>0x12916</load_address>
         <run_address>0x12916</run_address>
         <size>0x67e</size>
         <input_file_ref idref="fl-9c"/>
      </object_component>
      <object_component id="oc-90">
         <name>.debug_info</name>
         <load_address>0x12f94</load_address>
         <run_address>0x12f94</run_address>
         <size>0x681</size>
         <input_file_ref idref="fl-9d"/>
      </object_component>
      <object_component id="oc-93">
         <name>.debug_info</name>
         <load_address>0x13615</load_address>
         <run_address>0x13615</run_address>
         <size>0x69a</size>
         <input_file_ref idref="fl-9e"/>
      </object_component>
      <object_component id="oc-96">
         <name>.debug_info</name>
         <load_address>0x13caf</load_address>
         <run_address>0x13caf</run_address>
         <size>0x814</size>
         <input_file_ref idref="fl-9f"/>
      </object_component>
      <object_component id="oc-99">
         <name>.debug_info</name>
         <load_address>0x144c3</load_address>
         <run_address>0x144c3</run_address>
         <size>0xab3</size>
         <input_file_ref idref="fl-a0"/>
      </object_component>
      <object_component id="oc-9d">
         <name>.debug_info</name>
         <load_address>0x14f76</load_address>
         <run_address>0x14f76</run_address>
         <size>0x68e</size>
         <input_file_ref idref="fl-a1"/>
      </object_component>
      <object_component id="oc-a0">
         <name>.debug_info</name>
         <load_address>0x15604</load_address>
         <run_address>0x15604</run_address>
         <size>0x7a3</size>
         <input_file_ref idref="fl-a2"/>
      </object_component>
      <object_component id="oc-a3">
         <name>.debug_info</name>
         <load_address>0x15da7</load_address>
         <run_address>0x15da7</run_address>
         <size>0x78d</size>
         <input_file_ref idref="fl-a3"/>
      </object_component>
      <object_component id="oc-a6">
         <name>.debug_info</name>
         <load_address>0x16534</load_address>
         <run_address>0x16534</run_address>
         <size>0x788</size>
         <input_file_ref idref="fl-a4"/>
      </object_component>
      <object_component id="oc-a9">
         <name>.debug_info</name>
         <load_address>0x16cbc</load_address>
         <run_address>0x16cbc</run_address>
         <size>0x800</size>
         <input_file_ref idref="fl-a5"/>
      </object_component>
      <object_component id="oc-ac">
         <name>.debug_info</name>
         <load_address>0x174bc</load_address>
         <run_address>0x174bc</run_address>
         <size>0x6eb</size>
         <input_file_ref idref="fl-a6"/>
      </object_component>
      <object_component id="oc-af">
         <name>.debug_info</name>
         <load_address>0x17ba7</load_address>
         <run_address>0x17ba7</run_address>
         <size>0x719</size>
         <input_file_ref idref="fl-a7"/>
      </object_component>
      <object_component id="oc-b2">
         <name>.debug_info</name>
         <load_address>0x182c0</load_address>
         <run_address>0x182c0</run_address>
         <size>0x6bc</size>
         <input_file_ref idref="fl-a8"/>
      </object_component>
      <object_component id="oc-b5">
         <name>.debug_info</name>
         <load_address>0x1897c</load_address>
         <run_address>0x1897c</run_address>
         <size>0x6cf</size>
         <input_file_ref idref="fl-a9"/>
      </object_component>
      <object_component id="oc-b8">
         <name>.debug_info</name>
         <load_address>0x1904b</load_address>
         <run_address>0x1904b</run_address>
         <size>0x6a1</size>
         <input_file_ref idref="fl-aa"/>
      </object_component>
      <object_component id="oc-bb">
         <name>.debug_info</name>
         <load_address>0x196ec</load_address>
         <run_address>0x196ec</run_address>
         <size>0x607</size>
         <input_file_ref idref="fl-ab"/>
      </object_component>
      <object_component id="oc-be">
         <name>.debug_info</name>
         <load_address>0x19cf3</load_address>
         <run_address>0x19cf3</run_address>
         <size>0x602</size>
         <input_file_ref idref="fl-ac"/>
      </object_component>
      <object_component id="oc-c1">
         <name>.debug_info</name>
         <load_address>0x1a2f5</load_address>
         <run_address>0x1a2f5</run_address>
         <size>0x64e</size>
         <input_file_ref idref="fl-ad"/>
      </object_component>
      <object_component id="oc-c4">
         <name>.debug_info</name>
         <load_address>0x1a943</load_address>
         <run_address>0x1a943</run_address>
         <size>0x7f6</size>
         <input_file_ref idref="fl-ae"/>
      </object_component>
      <object_component id="oc-c7">
         <name>.debug_info</name>
         <load_address>0x1b139</load_address>
         <run_address>0x1b139</run_address>
         <size>0x62e</size>
         <input_file_ref idref="fl-af"/>
      </object_component>
      <object_component id="oc-ca">
         <name>.debug_info</name>
         <load_address>0x1b767</load_address>
         <run_address>0x1b767</run_address>
         <size>0x5b6</size>
         <input_file_ref idref="fl-b0"/>
      </object_component>
      <object_component id="oc-cd">
         <name>.debug_info</name>
         <load_address>0x1bd1d</load_address>
         <run_address>0x1bd1d</run_address>
         <size>0x6d4</size>
         <input_file_ref idref="fl-b1"/>
      </object_component>
      <object_component id="oc-d0">
         <name>.debug_info</name>
         <load_address>0x1c3f1</load_address>
         <run_address>0x1c3f1</run_address>
         <size>0x6e0</size>
         <input_file_ref idref="fl-b2"/>
      </object_component>
      <object_component id="oc-d3">
         <name>.debug_info</name>
         <load_address>0x1cad1</load_address>
         <run_address>0x1cad1</run_address>
         <size>0x71c</size>
         <input_file_ref idref="fl-b3"/>
      </object_component>
      <object_component id="oc-d6">
         <name>.debug_info</name>
         <load_address>0x1d1ed</load_address>
         <run_address>0x1d1ed</run_address>
         <size>0x6f8</size>
         <input_file_ref idref="fl-b4"/>
      </object_component>
      <object_component id="oc-15e">
         <name>.debug_info</name>
         <load_address>0x1d8e5</load_address>
         <run_address>0x1d8e5</run_address>
         <size>0x6d</size>
      </object_component>
      <object_component id="oc-19">
         <name>.debug_frame</name>
         <load_address>0x0</load_address>
         <run_address>0x0</run_address>
         <size>0x256</size>
         <input_file_ref idref="fl-2"/>
      </object_component>
      <object_component id="oc-1d">
         <name>.debug_frame</name>
         <load_address>0x256</load_address>
         <run_address>0x256</run_address>
         <size>0x240</size>
         <input_file_ref idref="fl-3"/>
      </object_component>
      <object_component id="oc-22">
         <name>.debug_frame</name>
         <load_address>0x496</load_address>
         <run_address>0x496</run_address>
         <size>0x2f9</size>
         <input_file_ref idref="fl-4"/>
      </object_component>
      <object_component id="oc-27">
         <name>.debug_frame</name>
         <load_address>0x78f</load_address>
         <run_address>0x78f</run_address>
         <size>0x25d</size>
         <input_file_ref idref="fl-5"/>
      </object_component>
      <object_component id="oc-1a">
         <name>.debug_line</name>
         <load_address>0x0</load_address>
         <run_address>0x0</run_address>
         <size>0x72</size>
         <input_file_ref idref="fl-2"/>
      </object_component>
      <object_component id="oc-1e">
         <name>.debug_line</name>
         <load_address>0x72</load_address>
         <run_address>0x72</run_address>
         <size>0x37</size>
         <input_file_ref idref="fl-3"/>
      </object_component>
      <object_component id="oc-23">
         <name>.debug_line</name>
         <load_address>0xa9</load_address>
         <run_address>0xa9</run_address>
         <size>0x167</size>
         <input_file_ref idref="fl-4"/>
      </object_component>
      <object_component id="oc-28">
         <name>.debug_line</name>
         <load_address>0x210</load_address>
         <run_address>0x210</run_address>
         <size>0x4d</size>
         <input_file_ref idref="fl-5"/>
      </object_component>
      <object_component id="oc-2c">
         <name>.debug_line</name>
         <load_address>0x25d</load_address>
         <run_address>0x25d</run_address>
         <size>0x3d</size>
         <input_file_ref idref="fl-80"/>
      </object_component>
      <object_component id="oc-31">
         <name>.debug_line</name>
         <load_address>0x29a</load_address>
         <run_address>0x29a</run_address>
         <size>0x4f</size>
         <input_file_ref idref="fl-81"/>
      </object_component>
      <object_component id="oc-36">
         <name>.debug_line</name>
         <load_address>0x2e9</load_address>
         <run_address>0x2e9</run_address>
         <size>0x91</size>
         <input_file_ref idref="fl-82"/>
      </object_component>
      <object_component id="oc-39">
         <name>.debug_line</name>
         <load_address>0x37a</load_address>
         <run_address>0x37a</run_address>
         <size>0x4e</size>
         <input_file_ref idref="fl-83"/>
      </object_component>
      <object_component id="oc-3c">
         <name>.debug_line</name>
         <load_address>0x3c8</load_address>
         <run_address>0x3c8</run_address>
         <size>0x93</size>
         <input_file_ref idref="fl-84"/>
      </object_component>
      <object_component id="oc-41">
         <name>.debug_line</name>
         <load_address>0x45b</load_address>
         <run_address>0x45b</run_address>
         <size>0x145</size>
         <input_file_ref idref="fl-85"/>
      </object_component>
      <object_component id="oc-44">
         <name>.debug_line</name>
         <load_address>0x5a0</load_address>
         <run_address>0x5a0</run_address>
         <size>0x4f</size>
         <input_file_ref idref="fl-86"/>
      </object_component>
      <object_component id="oc-4a">
         <name>.debug_line</name>
         <load_address>0x5ef</load_address>
         <run_address>0x5ef</run_address>
         <size>0xa7</size>
         <input_file_ref idref="fl-87"/>
      </object_component>
      <object_component id="oc-4d">
         <name>.debug_line</name>
         <load_address>0x696</load_address>
         <run_address>0x696</run_address>
         <size>0x46</size>
         <input_file_ref idref="fl-88"/>
      </object_component>
      <object_component id="oc-50">
         <name>.debug_line</name>
         <load_address>0x6dc</load_address>
         <run_address>0x6dc</run_address>
         <size>0x6a</size>
         <input_file_ref idref="fl-89"/>
      </object_component>
      <object_component id="oc-54">
         <name>.debug_line</name>
         <load_address>0x746</load_address>
         <run_address>0x746</run_address>
         <size>0x122</size>
         <input_file_ref idref="fl-8a"/>
      </object_component>
      <object_component id="oc-58">
         <name>.debug_line</name>
         <load_address>0x868</load_address>
         <run_address>0x868</run_address>
         <size>0x60</size>
         <input_file_ref idref="fl-8b"/>
      </object_component>
      <object_component id="oc-5b">
         <name>.debug_line</name>
         <load_address>0x8c8</load_address>
         <run_address>0x8c8</run_address>
         <size>0x4a</size>
         <input_file_ref idref="fl-8c"/>
      </object_component>
      <object_component id="oc-5e">
         <name>.debug_line</name>
         <load_address>0x912</load_address>
         <run_address>0x912</run_address>
         <size>0x57</size>
         <input_file_ref idref="fl-8d"/>
      </object_component>
      <object_component id="oc-63">
         <name>.debug_line</name>
         <load_address>0x969</load_address>
         <run_address>0x969</run_address>
         <size>0x35</size>
         <input_file_ref idref="fl-8e"/>
      </object_component>
      <object_component id="oc-67">
         <name>.debug_line</name>
         <load_address>0x99e</load_address>
         <run_address>0x99e</run_address>
         <size>0x315</size>
         <input_file_ref idref="fl-8f"/>
      </object_component>
      <object_component id="oc-6a">
         <name>.debug_line</name>
         <load_address>0xcb3</load_address>
         <run_address>0xcb3</run_address>
         <size>0x41</size>
         <input_file_ref idref="fl-90"/>
      </object_component>
      <object_component id="oc-6d">
         <name>.debug_line</name>
         <load_address>0xcf4</load_address>
         <run_address>0xcf4</run_address>
         <size>0x3f</size>
         <input_file_ref idref="fl-91"/>
      </object_component>
      <object_component id="oc-70">
         <name>.debug_line</name>
         <load_address>0xd33</load_address>
         <run_address>0xd33</run_address>
         <size>0x47</size>
         <input_file_ref idref="fl-92"/>
      </object_component>
      <object_component id="oc-73">
         <name>.debug_line</name>
         <load_address>0xd7a</load_address>
         <run_address>0xd7a</run_address>
         <size>0x37</size>
         <input_file_ref idref="fl-93"/>
      </object_component>
      <object_component id="oc-76">
         <name>.debug_line</name>
         <load_address>0xdb1</load_address>
         <run_address>0xdb1</run_address>
         <size>0x45</size>
         <input_file_ref idref="fl-94"/>
      </object_component>
      <object_component id="oc-79">
         <name>.debug_line</name>
         <load_address>0xdf6</load_address>
         <run_address>0xdf6</run_address>
         <size>0x44</size>
         <input_file_ref idref="fl-95"/>
      </object_component>
      <object_component id="oc-82">
         <name>.debug_line</name>
         <load_address>0xe3a</load_address>
         <run_address>0xe3a</run_address>
         <size>0x5a</size>
         <input_file_ref idref="fl-98"/>
      </object_component>
      <object_component id="oc-85">
         <name>.debug_line</name>
         <load_address>0xe94</load_address>
         <run_address>0xe94</run_address>
         <size>0x44</size>
         <input_file_ref idref="fl-99"/>
      </object_component>
      <object_component id="oc-88">
         <name>.debug_line</name>
         <load_address>0xed8</load_address>
         <run_address>0xed8</run_address>
         <size>0x3e</size>
         <input_file_ref idref="fl-9a"/>
      </object_component>
      <object_component id="oc-8b">
         <name>.debug_line</name>
         <load_address>0xf16</load_address>
         <run_address>0xf16</run_address>
         <size>0x3e</size>
         <input_file_ref idref="fl-9b"/>
      </object_component>
      <object_component id="oc-8e">
         <name>.debug_line</name>
         <load_address>0xf54</load_address>
         <run_address>0xf54</run_address>
         <size>0x3d</size>
         <input_file_ref idref="fl-9c"/>
      </object_component>
      <object_component id="oc-91">
         <name>.debug_line</name>
         <load_address>0xf91</load_address>
         <run_address>0xf91</run_address>
         <size>0x3d</size>
         <input_file_ref idref="fl-9d"/>
      </object_component>
      <object_component id="oc-94">
         <name>.debug_line</name>
         <load_address>0xfce</load_address>
         <run_address>0xfce</run_address>
         <size>0x3d</size>
         <input_file_ref idref="fl-9e"/>
      </object_component>
      <object_component id="oc-97">
         <name>.debug_line</name>
         <load_address>0x100b</load_address>
         <run_address>0x100b</run_address>
         <size>0x3f</size>
         <input_file_ref idref="fl-9f"/>
      </object_component>
      <object_component id="oc-9b">
         <name>.debug_line</name>
         <load_address>0x104a</load_address>
         <run_address>0x104a</run_address>
         <size>0x92</size>
         <input_file_ref idref="fl-a0"/>
      </object_component>
      <object_component id="oc-9e">
         <name>.debug_line</name>
         <load_address>0x10dc</load_address>
         <run_address>0x10dc</run_address>
         <size>0x3e</size>
         <input_file_ref idref="fl-a1"/>
      </object_component>
      <object_component id="oc-a1">
         <name>.debug_line</name>
         <load_address>0x111a</load_address>
         <run_address>0x111a</run_address>
         <size>0x3c</size>
         <input_file_ref idref="fl-a2"/>
      </object_component>
      <object_component id="oc-a4">
         <name>.debug_line</name>
         <load_address>0x1156</load_address>
         <run_address>0x1156</run_address>
         <size>0x73</size>
         <input_file_ref idref="fl-a3"/>
      </object_component>
      <object_component id="oc-a7">
         <name>.debug_line</name>
         <load_address>0x11c9</load_address>
         <run_address>0x11c9</run_address>
         <size>0x5e</size>
         <input_file_ref idref="fl-a4"/>
      </object_component>
      <object_component id="oc-aa">
         <name>.debug_line</name>
         <load_address>0x1227</load_address>
         <run_address>0x1227</run_address>
         <size>0x38</size>
         <input_file_ref idref="fl-a5"/>
      </object_component>
      <object_component id="oc-ad">
         <name>.debug_line</name>
         <load_address>0x125f</load_address>
         <run_address>0x125f</run_address>
         <size>0x56</size>
         <input_file_ref idref="fl-a6"/>
      </object_component>
      <object_component id="oc-b0">
         <name>.debug_line</name>
         <load_address>0x12b5</load_address>
         <run_address>0x12b5</run_address>
         <size>0x40</size>
         <input_file_ref idref="fl-a7"/>
      </object_component>
      <object_component id="oc-b3">
         <name>.debug_line</name>
         <load_address>0x12f5</load_address>
         <run_address>0x12f5</run_address>
         <size>0x3f</size>
         <input_file_ref idref="fl-a8"/>
      </object_component>
      <object_component id="oc-b6">
         <name>.debug_line</name>
         <load_address>0x1334</load_address>
         <run_address>0x1334</run_address>
         <size>0x3c</size>
         <input_file_ref idref="fl-a9"/>
      </object_component>
      <object_component id="oc-b9">
         <name>.debug_line</name>
         <load_address>0x1370</load_address>
         <run_address>0x1370</run_address>
         <size>0x3d</size>
         <input_file_ref idref="fl-aa"/>
      </object_component>
      <object_component id="oc-bc">
         <name>.debug_line</name>
         <load_address>0x13ad</load_address>
         <run_address>0x13ad</run_address>
         <size>0x37</size>
         <input_file_ref idref="fl-ab"/>
      </object_component>
      <object_component id="oc-bf">
         <name>.debug_line</name>
         <load_address>0x13e4</load_address>
         <run_address>0x13e4</run_address>
         <size>0x37</size>
         <input_file_ref idref="fl-ac"/>
      </object_component>
      <object_component id="oc-c2">
         <name>.debug_line</name>
         <load_address>0x141b</load_address>
         <run_address>0x141b</run_address>
         <size>0x39</size>
         <input_file_ref idref="fl-ad"/>
      </object_component>
      <object_component id="oc-c5">
         <name>.debug_line</name>
         <load_address>0x1454</load_address>
         <run_address>0x1454</run_address>
         <size>0x40</size>
         <input_file_ref idref="fl-ae"/>
      </object_component>
      <object_component id="oc-c8">
         <name>.debug_line</name>
         <load_address>0x1494</load_address>
         <run_address>0x1494</run_address>
         <size>0x37</size>
         <input_file_ref idref="fl-af"/>
      </object_component>
      <object_component id="oc-cb">
         <name>.debug_line</name>
         <load_address>0x14cb</load_address>
         <run_address>0x14cb</run_address>
         <size>0x23</size>
         <input_file_ref idref="fl-b0"/>
      </object_component>
      <object_component id="oc-ce">
         <name>.debug_line</name>
         <load_address>0x14ee</load_address>
         <run_address>0x14ee</run_address>
         <size>0x3c</size>
         <input_file_ref idref="fl-b1"/>
      </object_component>
      <object_component id="oc-d1">
         <name>.debug_line</name>
         <load_address>0x152a</load_address>
         <run_address>0x152a</run_address>
         <size>0x3f</size>
         <input_file_ref idref="fl-b2"/>
      </object_component>
      <object_component id="oc-d4">
         <name>.debug_line</name>
         <load_address>0x1569</load_address>
         <run_address>0x1569</run_address>
         <size>0x3a</size>
         <input_file_ref idref="fl-b3"/>
      </object_component>
      <object_component id="oc-d7">
         <name>.debug_line</name>
         <load_address>0x15a3</load_address>
         <run_address>0x15a3</run_address>
         <size>0x53</size>
         <input_file_ref idref="fl-b4"/>
      </object_component>
      <object_component id="oc-1b">
         <name>.debug_abbrev</name>
         <load_address>0x0</load_address>
         <run_address>0x0</run_address>
         <size>0x92</size>
         <input_file_ref idref="fl-2"/>
      </object_component>
      <object_component id="oc-1f">
         <name>.debug_abbrev</name>
         <load_address>0x92</load_address>
         <run_address>0x92</run_address>
         <size>0x92</size>
         <input_file_ref idref="fl-3"/>
      </object_component>
      <object_component id="oc-24">
         <name>.debug_abbrev</name>
         <load_address>0x124</load_address>
         <run_address>0x124</run_address>
         <size>0x13a</size>
         <input_file_ref idref="fl-4"/>
      </object_component>
      <object_component id="oc-29">
         <name>.debug_abbrev</name>
         <load_address>0x25e</load_address>
         <run_address>0x25e</run_address>
         <size>0xbe</size>
         <input_file_ref idref="fl-5"/>
      </object_component>
      <object_component id="oc-2d">
         <name>.debug_abbrev</name>
         <load_address>0x31c</load_address>
         <run_address>0x31c</run_address>
         <size>0xfe</size>
         <input_file_ref idref="fl-80"/>
      </object_component>
      <object_component id="oc-32">
         <name>.debug_abbrev</name>
         <load_address>0x41a</load_address>
         <run_address>0x41a</run_address>
         <size>0x119</size>
         <input_file_ref idref="fl-81"/>
      </object_component>
      <object_component id="oc-37">
         <name>.debug_abbrev</name>
         <load_address>0x533</load_address>
         <run_address>0x533</run_address>
         <size>0x1cd</size>
         <input_file_ref idref="fl-82"/>
      </object_component>
      <object_component id="oc-3a">
         <name>.debug_abbrev</name>
         <load_address>0x700</load_address>
         <run_address>0x700</run_address>
         <size>0x12e</size>
         <input_file_ref idref="fl-83"/>
      </object_component>
      <object_component id="oc-3d">
         <name>.debug_abbrev</name>
         <load_address>0x82e</load_address>
         <run_address>0x82e</run_address>
         <size>0x139</size>
         <input_file_ref idref="fl-84"/>
      </object_component>
      <object_component id="oc-42">
         <name>.debug_abbrev</name>
         <load_address>0x967</load_address>
         <run_address>0x967</run_address>
         <size>0x215</size>
         <input_file_ref idref="fl-85"/>
      </object_component>
      <object_component id="oc-45">
         <name>.debug_abbrev</name>
         <load_address>0xb7c</load_address>
         <run_address>0xb7c</run_address>
         <size>0x3a</size>
         <input_file_ref idref="fl-86"/>
      </object_component>
      <object_component id="oc-4b">
         <name>.debug_abbrev</name>
         <load_address>0xbb6</load_address>
         <run_address>0xbb6</run_address>
         <size>0x1f8</size>
         <input_file_ref idref="fl-87"/>
      </object_component>
      <object_component id="oc-4e">
         <name>.debug_abbrev</name>
         <load_address>0xdae</load_address>
         <run_address>0xdae</run_address>
         <size>0xd0</size>
         <input_file_ref idref="fl-88"/>
      </object_component>
      <object_component id="oc-51">
         <name>.debug_abbrev</name>
         <load_address>0xe7e</load_address>
         <run_address>0xe7e</run_address>
         <size>0x161</size>
         <input_file_ref idref="fl-89"/>
      </object_component>
      <object_component id="oc-55">
         <name>.debug_abbrev</name>
         <load_address>0xfdf</load_address>
         <run_address>0xfdf</run_address>
         <size>0x180</size>
         <input_file_ref idref="fl-8a"/>
      </object_component>
      <object_component id="oc-59">
         <name>.debug_abbrev</name>
         <load_address>0x115f</load_address>
         <run_address>0x115f</run_address>
         <size>0xd5</size>
         <input_file_ref idref="fl-8b"/>
      </object_component>
      <object_component id="oc-5c">
         <name>.debug_abbrev</name>
         <load_address>0x1234</load_address>
         <run_address>0x1234</run_address>
         <size>0x10e</size>
         <input_file_ref idref="fl-8c"/>
      </object_component>
      <object_component id="oc-5f">
         <name>.debug_abbrev</name>
         <load_address>0x1342</load_address>
         <run_address>0x1342</run_address>
         <size>0xd1</size>
         <input_file_ref idref="fl-8d"/>
      </object_component>
      <object_component id="oc-64">
         <name>.debug_abbrev</name>
         <load_address>0x1413</load_address>
         <run_address>0x1413</run_address>
         <size>0x9f</size>
         <input_file_ref idref="fl-8e"/>
      </object_component>
      <object_component id="oc-68">
         <name>.debug_abbrev</name>
         <load_address>0x14b2</load_address>
         <run_address>0x14b2</run_address>
         <size>0x1d1</size>
         <input_file_ref idref="fl-8f"/>
      </object_component>
      <object_component id="oc-6b">
         <name>.debug_abbrev</name>
         <load_address>0x1683</load_address>
         <run_address>0x1683</run_address>
         <size>0xe1</size>
         <input_file_ref idref="fl-90"/>
      </object_component>
      <object_component id="oc-6e">
         <name>.debug_abbrev</name>
         <load_address>0x1764</load_address>
         <run_address>0x1764</run_address>
         <size>0xcc</size>
         <input_file_ref idref="fl-91"/>
      </object_component>
      <object_component id="oc-71">
         <name>.debug_abbrev</name>
         <load_address>0x1830</load_address>
         <run_address>0x1830</run_address>
         <size>0x13f</size>
         <input_file_ref idref="fl-92"/>
      </object_component>
      <object_component id="oc-74">
         <name>.debug_abbrev</name>
         <load_address>0x196f</load_address>
         <run_address>0x196f</run_address>
         <size>0xac</size>
         <input_file_ref idref="fl-93"/>
      </object_component>
      <object_component id="oc-77">
         <name>.debug_abbrev</name>
         <load_address>0x1a1b</load_address>
         <run_address>0x1a1b</run_address>
         <size>0xdd</size>
         <input_file_ref idref="fl-94"/>
      </object_component>
      <object_component id="oc-7a">
         <name>.debug_abbrev</name>
         <load_address>0x1af8</load_address>
         <run_address>0x1af8</run_address>
         <size>0x10c</size>
         <input_file_ref idref="fl-95"/>
      </object_component>
      <object_component id="oc-7c">
         <name>.debug_abbrev</name>
[...]
               <size>0x800</size>
               <logical_group_ref idref="lg-3"/>
            </allocated_space>
            <allocated_space>
               <start_address>0x9700</start_address>
               <size>0x800</size>
               <logical_group_ref idref="lg-9"/>
            </allocated_space>
            <allocated_space>
               <start_address>0x9f00</start_address>
               <size>0x468</size>
               <logical_group_ref idref="lg-a"/>
            </allocated_space>
            <allocated_space>
               <start_address>0xa368</start_address>
               <size>0x1b0</size>
               <logical_group_ref idref="lg-6"/>
            </allocated_space>
            <allocated_space>
               <start_address>0xa518</start_address>
               <size>0x154</size>
               <logical_group_ref idref="lg-f"/>
            </allocated_space>
            <available_space>
               <start_address>0xa66c</start_address>
               <size>0x4</size>
            </available_space>
            <allocated_space>
               <start_address>0xa670</start_address>
               <size>0x120</size>
               <logical_group_ref idref="lg-5"/>
            </allocated_space>
            <available_space>
               <start_address>0xa790</start_address>
               <size>0x35870</size>
            </available_space>
         </usage_details>
      </memory_area>
      <memory_area>
         <name>EMIFA_CS0</name>
         <page_id>0x0</page_id>
         <origin>0x80000000</origin>
         <length>0x10000000</length>
         <used_space>0x0</used_space>
         <unused_space>0x10000000</unused_space>
         <attributes>RWIX</attributes>
         <usage_details>
         </usage_details>
      </memory_area>
      <memory_area>
         <name>EMIFA_CS1</name>
         <page_id>0x0</page_id>
         <origin>0x90000000</origin>
         <length>0x10000000</length>
         <used_space>0x0</used_space>
         <unused_space>0x10000000</unused_space>
         <attributes>RWIX</attributes>
         <usage_details>
         </usage_details>
      </memory_area>
      <memory_area>
         <name>EMIFA_CS2</name>
         <page_id>0x0</page_id>
         <origin>0xa0000000</origin>
         <length>0x10000000</length>
         <used_space>0x0</used_space>
         <unused_space>0x10000000</unused_space>
         <attributes>RWIX</attributes>
         <usage_details>
         </usage_details>
      </memory_area>
      <memory_area>
         <name>EMIFA_CS3</name>
         <page_id>0x0</page_id>
         <origin>0xb0000000</origin>
         <length>0x10000000</length>
         <used_space>0x0</used_space>
         <unused_space>0x10000000</unused_space>
         <attributes>RWIX</attributes>
         <usage_details>
         </usage_details>
      </memory_area>
   </placement_map>
   <symbol_table>
      <symbol id="sm-0">
         <name>cinit</name>
         <value>0xa518</value>
      </symbol>
      <symbol id="sm-1">
         <name>___cinit__</name>
         <value>0xa518</value>
      </symbol>
      <symbol id="sm-2">
         <name>pinit</name>
         <value>0xffffffff</value>
      </symbol>
      <symbol id="sm-3">
         <name>___pinit__</name>
         <value>0xffffffff</value>
      </symbol>
      <symbol id="sm-4">
         <name>binit</name>
         <value>0xffffffff</value>
      </symbol>
      <symbol id="sm-5">
         <name>___binit__</name>
         <value>0xffffffff</value>
      </symbol>
      <symbol id="sm-6">
         <name>__STACK_SIZE</name>
         <value>0x800</value>
      </symbol>
      <symbol id="sm-7">
         <name>__STACK_END</name>
         <value>0x9700</value>
      </symbol>
      <symbol id="sm-8">
         <name>__SYSMEM_SIZE</name>
         <value>0x800</value>
      </symbol>
      <symbol id="sm-9">
         <name>___c_args__</name>
         <value>0xffffffff</value>
      </symbol>
      <symbol id="sm-a">
         <name>.text</name>
         <value>0x0</value>
      </symbol>
      <symbol id="sm-b">
         <name>___text__</name>
         <value>0x0</value>
      </symbol>
      <symbol id="sm-c">
         <name>etext</name>
         <value>0x8f00</value>
      </symbol>
      <symbol id="sm-d">
         <name>___etext__</name>
         <value>0x8f00</value>
      </symbol>
      <symbol id="sm-e">
         <name>.data</name>
         <value>0x0</value>
      </symbol>
      <symbol id="sm-f">
         <name>___data__</name>
         <value>0x0</value>
      </symbol>
      <symbol id="sm-10">
         <name>edata</name>
         <value>0x0</value>
      </symbol>
      <symbol id="sm-11">
         <name>___edata__</name>
         <value>0x0</value>
      </symbol>
      <symbol id="sm-12">
         <name>.bss</name>
         <value>0x0</value>
      </symbol>
      <symbol id="sm-13">
         <name>___bss__</name>
         <value>0x0</value>
      </symbol>
      <symbol id="sm-14">
         <name>end</name>
         <value>0x0</value>
      </symbol>
      <symbol id="sm-15">
         <name>___end__</name>
         <value>0x0</value>
      </symbol>
      <symbol id="sm-16">
         <name>___TI_pprof_out_hndl</name>
         <value>0xffffffff</value>
      </symbol>
      <symbol id="sm-17">
         <name>___TI_prof_data_start</name>
         <value>0xffffffff</value>
      </symbol>
      <symbol id="sm-18">
         <name>___TI_prof_data_size</name>
         <value>0xffffffff</value>
      </symbol>
      <symbol id="sm-19">
         <name>$bss</name>
         <value>0x0</value>
      </symbol>
      <symbol id="sm-55">
         <name>_mat_process_c</name>
         <value>0x7900</value>
         <object_component_ref idref="oc-f0"/>
      </symbol>
      <symbol id="sm-b2">
         <name>_get_4x4_data</name>
         <value>0x1e40</value>
         <object_component_ref idref="oc-eb"/>
      </symbol>
      <symbol id="sm-b3">
         <name>_get_H_kernel</name>
         <value>0x1f40</value>
         <object_component_ref idref="oc-eb"/>
      </symbol>
      <symbol id="sm-b4">
         <name>_back_4x4_data</name>
         <value>0x1ec0</value>
         <object_component_ref idref="oc-eb"/>
      </symbol>
      <symbol id="sm-b5">
         <name>_transfer_arr_p</name>
         <value>0x1b00</value>
         <object_component_ref idref="oc-eb"/>
      </symbol>
      <symbol id="sm-b6">
         <name>_mat_mpy4x4</name>
         <value>0x1d08</value>
         <object_component_ref idref="oc-eb"/>
      </symbol>
      <symbol id="sm-ce">
         <name>_main</name>
         <value>0x8680</value>
         <object_component_ref idref="oc-e7"/>
      </symbol>
      <symbol id="sm-da">
         <name>_c_int00</name>
         <value>0x8c40</value>
         <object_component_ref idref="oc-17"/>
      </symbol>
      <symbol id="sm-db">
         <name>__stack</name>
         <value>0x8f00</value>
         <object_component_ref idref="oc-2b"/>
      </symbol>
      <symbol id="sm-eb">
         <name>C$$EXIT</name>
         <value>0x8ec0</value>
         <object_component_ref idref="oc-e8"/>
      </symbol>
      <symbol id="sm-ec">
         <name>_exit</name>
         <value>0x7e60</value>
         <object_component_ref idref="oc-db"/>
      </symbol>
      <symbol id="sm-ed">
         <name>___TI_enable_exit_profile_output</name>
         <value>0xa34c</value>
         <object_component_ref idref="oc-30"/>
      </symbol>
      <symbol id="sm-ee">
         <name>_abort</name>
         <value>0x8ec0</value>
         <object_component_ref idref="oc-e8"/>
      </symbol>
      <symbol id="sm-ef">
         <name>__cleanup_ptr</name>
         <value>0xa344</value>
         <object_component_ref idref="oc-30"/>
      </symbol>
      <symbol id="sm-f0">
         <name>__dtors_ptr</name>
         <value>0xa348</value>
         <object_component_ref idref="oc-30"/>
      </symbol>
      <symbol id="sm-104">
         <name>__cleanup</name>
         <value>0x7aa0</value>
         <object_component_ref idref="oc-108"/>
      </symbol>
      <symbol id="sm-105">
         <name>_fopen</name>
         <value>0x8920</value>
         <object_component_ref idref="oc-ed"/>
      </symbol>
      <symbol id="sm-10f">
         <name>_fread</name>
         <value>0x35a0</value>
         <object_component_ref idref="oc-ef"/>
      </symbol>
      <symbol id="sm-119">
         <name>_fwrite</name>
         <value>0xbe0</value>
         <object_component_ref idref="oc-f1"/>
      </symbol>
      <symbol id="sm-137">
         <name>_read</name>
         <value>0x80a0</value>
         <object_component_ref idref="oc-fd"/>
      </symbol>
      <symbol id="sm-138">
         <name>_unlink</name>
         <value>0x8aa0</value>
         <object_component_ref idref="oc-12b"/>
      </symbol>
      <symbol id="sm-139">
         <name>_open</name>
         <value>0x58e0</value>
         <object_component_ref idref="oc-109"/>
      </symbol>
      <symbol id="sm-13a">
         <name>_lseek</name>
         <value>0x7f20</value>
         <object_component_ref idref="oc-113"/>
      </symbol>
      <symbol id="sm-13b">
         <name>_close</name>
         <value>0x6e20</value>
         <object_component_ref idref="oc-11f"/>
      </symbol>
      <symbol id="sm-13c">
         <name>_write</name>
         <value>0x8160</value>
         <object_component_ref idref="oc-100"/>
      </symbol>
      <symbol id="sm-144">
         <name>_memcpy</name>
         <value>0x7660</value>
         <object_component_ref idref="oc-e5"/>
      </symbol>
      <symbol id="sm-15a">
         <name>__sys_memory</name>
         <value>0x9700</value>
         <object_component_ref idref="oc-49"/>
      </symbol>
      <symbol id="sm-15b">
         <name>_free</name>
         <value>0x38a0</value>
         <object_component_ref idref="oc-f2"/>
      </symbol>
      <symbol id="sm-15c">
         <name>_malloc</name>
         <value>0x5720</value>
         <object_component_ref idref="oc-ee"/>
      </symbol>
      <symbol id="sm-166">
         <name>_memset</name>
         <value>0x7020</value>
         <object_component_ref idref="oc-107"/>
      </symbol>
      <symbol id="sm-174">
         <name>_printf</name>
         <value>0x7820</value>
         <object_component_ref idref="oc-ec"/>
      </symbol>
      <symbol id="sm-18c">
         <name>_HOSTopen</name>
         <value>0x6a20</value>
         <object_component_ref idref="oc-dc"/>
      </symbol>
      <symbol id="sm-18d">
         <name>_HOSTread</name>
         <value>0x6b20</value>
         <object_component_ref idref="oc-de"/>
      </symbol>
      <symbol id="sm-18e">
         <name>_HOSTrename</name>
         <value>0x5140</value>
         <object_component_ref idref="oc-e2"/>
      </symbol>
      <symbol id="sm-18f">
         <name>_HOSTwrite</name>
         <value>0x6c20</value>
         <object_component_ref idref="oc-df"/>
      </symbol>
      <symbol id="sm-190">
         <name>_HOSTlseek</name>
         <value>0x6480</value>
         <object_component_ref idref="oc-e0"/>
      </symbol>
      <symbol id="sm-191">
         <name>_HOSTunlink</name>
         <value>0x7120</value>
         <object_component_ref idref="oc-e1"/>
      </symbol>
      <symbol id="sm-192">
         <name>_HOSTclose</name>
         <value>0x79e0</value>
         <object_component_ref idref="oc-dd"/>
      </symbol>
      <symbol id="sm-1a0">
         <name>C$$IO$$</name>
         <value>0x8cf8</value>
         <object_component_ref idref="oc-e9"/>
      </symbol>
      <symbol id="sm-1a1">
         <name>__CIOBUF_</name>
         <value>0xa670</value>
         <object_component_ref idref="oc-57"/>
      </symbol>
      <symbol id="sm-1a2">
         <name>_readmsg</name>
         <value>0x8a20</value>
         <object_component_ref idref="oc-ea"/>
      </symbol>
      <symbol id="sm-1a3">
         <name>_writemsg</name>
         <value>0x8ca0</value>
         <object_component_ref idref="oc-e9"/>
      </symbol>
      <symbol id="sm-1ad">
         <name>__buff_read</name>
         <value>0x65a0</value>
         <object_component_ref idref="oc-fb"/>
      </symbol>
      <symbol id="sm-1b9">
         <name>__rd_ok</name>
         <value>0x7da0</value>
         <object_component_ref idref="oc-fa"/>
      </symbol>
      <symbol id="sm-1ba">
         <name>__wrt_ok</name>
         <value>0x67e0</value>
         <object_component_ref idref="oc-fe"/>
      </symbol>
      <symbol id="sm-1c8">
         <name>__unlock</name>
         <value>0xa354</value>
         <object_component_ref idref="oc-62"/>
      </symbol>
      <symbol id="sm-1c9">
         <name>__lock</name>
         <value>0xa350</value>
         <object_component_ref idref="oc-62"/>
      </symbol>
      <symbol id="sm-1ca">
         <name>__nop</name>
         <value>0x8e60</value>
         <object_component_ref idref="oc-e3"/>
      </symbol>
      <symbol id="sm-1fa">
         <name>__printfi</name>
         <value>0x1640</value>
         <object_component_ref idref="oc-f4"/>
      </symbol>
      <symbol id="sm-204">
         <name>__args_main</name>
         <value>0x8d80</value>
         <object_component_ref idref="oc-da"/>
      </symbol>
      <symbol id="sm-205">
         <name>__TI_args_main</name>
         <value>0x1</value>
      </symbol>
      <symbol id="sm-20f">
         <name>_atoi</name>
         <value>0x6900</value>
         <object_component_ref idref="oc-10c"/>
      </symbol>
      <symbol id="sm-219">
         <name>__auto_init</name>
         <value>0x7200</value>
         <object_component_ref idref="oc-d9"/>
      </symbol>
      <symbol id="sm-223">
         <name>__cmpd</name>
         <value>0x72e0</value>
         <object_component_ref idref="oc-117"/>
      </symbol>
      <symbol id="sm-22d">
         <name>___TI_cpp_init</name>
         <value>0x8720</value>
         <object_component_ref idref="oc-e6"/>
      </symbol>
      <symbol id="sm-237">
         <name>_copy_in</name>
         <value>0x84a0</value>
         <object_component_ref idref="oc-e4"/>
      </symbol>
      <symbol id="sm-23f">
         <name>__ctypes_</name>
         <value>0xa368</value>
         <object_component_ref idref="oc-114"/>
      </symbol>
      <symbol id="sm-249">
         <name>__tmpnams</name>
         <value>0xa0e0</value>
         <object_component_ref idref="oc-7f"/>
      </symbol>
      <symbol id="sm-24a">
         <name>__ft_end</name>
         <value>0xa220</value>
         <object_component_ref idref="oc-7f"/>
      </symbol>
      <symbol id="sm-24b">
         <name>__ftable</name>
         <value>0x9f00</value>
         <object_component_ref idref="oc-7f"/>
      </symbol>
      <symbol id="sm-257">
         <name>__divd</name>
         <value>0x620</value>
         <object_component_ref idref="oc-128"/>
      </symbol>
      <symbol id="sm-25f">
         <name>__c6xabi_divu</name>
         <value>0x7b60</value>
         <object_component_ref idref="oc-fc"/>
      </symbol>
      <symbol id="sm-260">
         <name>__divu</name>
         <value>0x7b60</value>
         <object_component_ref idref="oc-fc"/>
      </symbol>
      <symbol id="sm-26a">
         <name>__closefile</name>
         <value>0x6200</value>
         <object_component_ref idref="oc-110"/>
      </symbol>
      <symbol id="sm-274">
         <name>__doflush</name>
         <value>0x74a0</value>
         <object_component_ref idref="oc-ff"/>
      </symbol>
      <symbol id="sm-27e">
         <name>__fixdi</name>
         <value>0x82c0</value>
         <object_component_ref idref="oc-130"/>
      </symbol>
      <symbol id="sm-288">
         <name>__fixdli</name>
         <value>0x8360</value>
         <object_component_ref idref="oc-12c"/>
      </symbol>
      <symbol id="sm-292">
         <name>__fltlid</name>
         <value>0x87a0</value>
         <object_component_ref idref="oc-12e"/>
      </symbol>
      <symbol id="sm-29c">
         <name>_putc</name>
         <value>0x4820</value>
         <object_component_ref idref="oc-106"/>
      </symbol>
      <symbol id="sm-29d">
         <name>_fputc</name>
         <value>0x4820</value>
         <object_component_ref idref="oc-106"/>
      </symbol>
      <symbol id="sm-2a9">
         <name>_fputs</name>
         <value>0x1fc0</value>
         <object_component_ref idref="oc-101"/>
      </symbol>
      <symbol id="sm-2b3">
         <name>__frcmpyd_div</name>
         <value>0x6d20</value>
         <object_component_ref idref="oc-133"/>
      </symbol>
      <symbol id="sm-2bd">
         <name>_fseek</name>
         <value>0x5c40</value>
         <object_component_ref idref="oc-10b"/>
      </symbol>
      <symbol id="sm-2cb">
         <name>__divul</name>
         <value>0x5aa0</value>
         <object_component_ref idref="oc-134"/>
      </symbol>
      <symbol id="sm-2cc">
         <name>__remli</name>
         <value>0x8b80</value>
         <object_component_ref idref="oc-136"/>
      </symbol>
      <symbol id="sm-2cd">
         <name>__divli</name>
         <value>0x8220</value>
         <object_component_ref idref="oc-137"/>
      </symbol>
      <symbol id="sm-2d9">
         <name>__subcull</name>
         <value>0x8be0</value>
         <object_component_ref idref="oc-13a"/>
      </symbol>
      <symbol id="sm-2da">
         <name>__divull</name>
         <value>0x3b80</value>
         <object_component_ref idref="oc-135"/>
      </symbol>
      <symbol id="sm-2e4">
         <name>___isinf</name>
         <value>0x8d00</value>
         <object_component_ref idref="oc-116"/>
      </symbol>
      <symbol id="sm-2f0">
         <name>__llshl</name>
         <value>0x8820</value>
         <object_component_ref idref="oc-139"/>
      </symbol>
      <symbol id="sm-2f1">
         <name>__llshru</name>
         <value>0x8b20</value>
         <object_component_ref idref="oc-13b"/>
      </symbol>
      <symbol id="sm-2fb">
         <name>_ltoa</name>
         <value>0x6f20</value>
         <object_component_ref idref="oc-12d"/>
      </symbol>
      <symbol id="sm-305">
         <name>_memccpy</name>
         <value>0x89a0</value>
         <object_component_ref idref="oc-10f"/>
      </symbol>
      <symbol id="sm-30f">
         <name>__mpyd</name>
         <value>0x40e0</value>
         <object_component_ref idref="oc-127"/>
      </symbol>
      <symbol id="sm-319">
         <name>__mpyll</name>
         <value>0x88a0</value>
         <object_component_ref idref="oc-12a"/>
      </symbol>
      <symbol id="sm-323">
         <name>__negd</name>
         <value>0x8dc0</value>
         <object_component_ref idref="oc-118"/>
      </symbol>
      <symbol id="sm-32d">
         <name>__negll</name>
         <value>0x8e40</value>
         <object_component_ref idref="oc-11d"/>
      </symbol>
      <symbol id="sm-337">
         <name>_remove</name>
         <value>0x8ee0</value>
         <object_component_ref idref="oc-120"/>
      </symbol>
      <symbol id="sm-341">
         <name>_setvbuf</name>
         <value>0x4f00</value>
         <object_component_ref idref="oc-10a"/>
      </symbol>
      <symbol id="sm-34b">
         <name>__subd</name>
         <value>0x8e00</value>
         <object_component_ref idref="oc-12f"/>
      </symbol>
      <symbol id="sm-35c">
         <name>__addd</name>
         <value>0x4a80</value>
         <object_component_ref idref="oc-138"/>
      </symbol>
      <symbol id="sm-366">
         <name>__frcaddd</name>
         <value>0x4360</value>
         <object_component_ref idref="oc-13c"/>
      </symbol>
      <symbol id="sm-370">
         <name>__frcmpyd</name>
         <value>0x66c0</value>
         <object_component_ref idref="oc-131"/>
      </symbol>
      <symbol id="sm-37a">
         <name>__renormd</name>
         <value>0x8400</value>
         <object_component_ref idref="oc-13d"/>
      </symbol>
   </symbol_table>
</link_info>
