******************************************************************************
               TMS320C6x Linker PC v7.4.4                      
******************************************************************************
>> Linked Tue Dec 28 09:19:39 2021

OUTPUT FILE NAME:   <tsk6.out>
ENTRY POINT SYMBOL: "_c_int00"  address: 0000eec0


MEMORY CONFIGURATION

         name            origin    length      used     unused   attr    fill
----------------------  --------  ---------  --------  --------  ----  --------
  IRAM                  00000000   00100000  000126ae  000ed952  RWIX
  SDRAM                 80000000   01000000  00000000  01000000  RWIX


SECTION ALLOCATION MAP

 output                                  attributes/
section   page    origin      length       input sections
--------  ----  ----------  ----------   ----------------
.vers      0    00000000    0000003c     COPY SECTION
                  00000000    0000003c     tsk6cfg.obj (.vers)

.hwi_vec   0    00000000    00000200     
                  00000000    00000200     tsk6cfg.obj (.hwi_vec)

.data      0    00000000    00000000     UNINITIALIZED

.IRAM$heap 
*          0    00000200    00008000     UNINITIALIZED
                  00000200    00008000     --HOLE--

.bios      0    00008200    00004a60     
                  00008200    00000600     lnkrtdx.a64 : rtdx.o64 (.bios)
                  00008800    000005e0     bios.a64 : gbl_setL2CacheMode.o64 (.bios)
                  00008de0    000004e0              : swi.o64 (.bios)
                  000092c0    00000460              : gbl_cslcacheinit64.o64 (.bios)
                  00009720    00000460              : hwi_disp_asm.o64 (.bios)
                  00009b80    000003a0              : prd.o64 (.bios)
                  00009f20    00000360              : malloc.o64 (.bios)
                  0000a280    000002c0              : rta.o64 (.bios)
                  0000a540    00000280              : knl_run.o64 (.bios)
                  0000a7c0    00000260              : sem_pend.o64 (.bios)
                  0000aa20    00000240              : mem_free.o64 (.bios:.near)
                  0000ac60    00000240              : pip.o64 (.bios)
                  0000aea0    00000220              : mem_allo.o64 (.bios:.near)
                  0000b0c0    00000220              : knl_tick.o64 (.bios)
                  0000b2e0    000001e0              : sem_dopo.o64 (.bios)
                  0000b4c0    000001c0              : tsk_setu.o64 (.bios)
                  0000b680    000001c0     biosC6000.a64 : clk.o64 (.bios)
                  0000b840    000001a0     bios.a64 : knl_swit.o64 (.bios)
                  0000b9e0    00000160              : autoinit.o64 (.bios)
                  0000bb40    00000160              : tsk_exit.o64 (.bios)
                  0000bca0    00000140              : tsk_stup.o64 (.bios)
                  0000bde0    00000120              : knl_chec.o64 (.bios)
                  0000bf00    000000e0              : sem_post_asm.o64 (.bios)
                  0000bfe0    000000e0     biosC6000.a64 : clk_meas.o64 (.bios)
                  0000c0c0    000000c0     bios.a64 : knl_exit.o64 (.bios)
                  0000c180    000000c0     biosC6000.a64 : clk_htime.o64 (.bios)
                  0000c240    000000a0     bios.a64 : knl_ipos.o64 (.bios)
                  0000c2e0    000000a0              : knl_post.o64 (.bios)
                  0000c380    000000a0              : lck.o64 (.bios)
                  0000c420    000000a0              : sem_post.o64 (.bios)
                  0000c4c0    000000a0              : sys_exit.o64 (.bios)
                  0000c560    00000080              : fxn.o64 (.bios)
                  0000c5e0    00000080              : idl_busy.o64 (.bios)
                  0000c660    00000080              : log.o64 (.bios)
                  0000c6e0    00000080              : sts.o64 (.bios)
                  0000c760    00000080     biosC6000.a64 : idl_cal.o64 (.bios)
                  0000c7e0    00000060     bios.a64 : sys_erro.o64 (.bios:.near)
                  0000c840    00000060              : hwi_c.o64 (.bios)
                  0000c8a0    00000060              : sem_pend_binary.o64 (.bios)
                  0000c900    00000060              : sem_pend_counting.o64 (.bios)
                  0000c960    00000060              : sys_abor.o64 (.bios)
                  0000c9c0    00000060              : utl_putc.o64 (.bios)
                  0000ca20    00000060     biosC6000.a64 : clk_start.o64 (.bios)
                  0000ca80    00000040     bios.a64 : idl_stub.o64 (.bios)
                  0000cac0    00000040              : rta_andn.o64 (.bios)
                  0000cb00    00000040              : utl_doab.o64 (.bios)
                  0000cb40    00000040     biosC6000.a64 : clk_stop.o64 (.bios)
                  0000cb80    00000020     bios.a64 : fxn_c.o64 (.bios)
                  0000cba0    00000020              : gbl_vers.o64 (.bios)
                  0000cbc0    00000020              : idl.o64 (.bios)
                  0000cbe0    00000020              : log_printf.o64 (.bios)
                  0000cc00    00000020              : sts_set.o64 (.bios)
                  0000cc20    00000020              : utl_doer.o64 (.bios)
                  0000cc40    00000020              : utl_halt.o64 (.bios)

.cinit     0    0000cc60    00001104     
                  0000cc60    000008e4     tsk6cfg.obj (.cinit)
                  0000d544    00000004     --HOLE-- [fill = 0]
                  0000d548    0000026c     bios.a64 : biosdata.o64 (.cinit)
                  0000d7b4    00000004     --HOLE-- [fill = 0]
                  0000d7b8    000001a4              : knl.o64 (.cinit)
                  0000d95c    00000004     --HOLE-- [fill = 0]
                  0000d960    000000b0              : swi.o64 (.cinit)
                  0000da10    00000080              : tsk.o64 (.cinit)
                  0000da90    00000060              : tsk_stup.o64 (.cinit)
                  0000daf0    0000005c     lnkrtdx.a64 : rtdx.o64 (.cinit)
                  0000db4c    00000004     --HOLE-- [fill = 0]
                  0000db50    0000004c     bios.a64 : rta.o64 (.cinit)
                  0000db9c    00000004     --HOLE-- [fill = 0]
                  0000dba0    00000034              : hwi.o64 (.cinit)
                  0000dbd4    00000004     --HOLE-- [fill = 0]
                  0000dbd8    0000002c              : utl_putc.o64 (.cinit)
                  0000dc04    00000004     --HOLE-- [fill = 0]
                  0000dc08    0000002c     rts6400.lib : exit.obj (.cinit)
                  0000dc34    00000004     --HOLE-- [fill = 0]
                  0000dc38    00000024     bios.a64 : obj_init.o64 (.cinit)
                  0000dc5c    00000004     --HOLE-- [fill = 0]
                  0000dc60    0000001c              : sys.o64 (.cinit)
                  0000dc7c    00000004     --HOLE-- [fill = 0]
                  0000dc80    0000001c     rts6400.lib : _lock.obj (.cinit)
                  0000dc9c    00000004     --HOLE-- [fill = 0]
                  0000dca0    0000001c                 : atexit.obj (.cinit)
                  0000dcbc    00000004     --HOLE-- [fill = 0]
                  0000dcc0    00000018     bios.a64 : knl_tick.o64 (.cinit)
                  0000dcd8    00000014     tsk6.obj (.cinit)
                  0000dcec    00000004     --HOLE-- [fill = 0]
                  0000dcf0    00000010     rts6400.lib : rand.obj (.cinit)
                  0000dd00    0000000c     bios.a64 : gbl_setL2CacheMode.o64 (.cinit)
                  0000dd0c    00000004     --HOLE-- [fill = 0]
                  0000dd10    0000000c              : idl_busy.o64 (.cinit)
                  0000dd1c    00000004     --HOLE-- [fill = 0]
                  0000dd20    0000000c              : knl_swit.o64 (.cinit)
                  0000dd2c    00000004     --HOLE-- [fill = 0]
                  0000dd30    0000000c     rtdxsim.lib : simbuf.o62 (.cinit)
                  0000dd3c    00000004     --HOLE-- [fill = 0]
                  0000dd40    0000000c     rts6400.lib : sinit.obj (.cinit)
                  0000dd4c    00000004     --HOLE-- [fill = 0]
                  0000dd50    0000000c                 : vars.obj (.cinit)
                  0000dd5c    00000004     --HOLE-- [fill = 0]
                  0000dd60    00000004     (.pad.cinit) [fill = 0]

.pinit     0    0000dd64    00000010     
                  0000dd64    00000004     rtdxsim.lib : sim_mon.o62 (.pinit)
                  0000dd68    00000004                 : simbuf.o62 (.pinit)
                  0000dd6c    00000004     tsk6.obj (.pinit)
                  0000dd70    00000004     --HOLE-- [fill = 0]

.trcdata   0    0000dd74    0000000c     
                  0000dd74    0000000c     bios.a64 : trc.o64 (.trcdata)

.text      0    0000dd80    00000d80     
                  0000dd80    000001e0     tsk6.obj (.text)
                  0000df60    00000140     clock.obj (.text)
                  0000e0a0    00000120     rts6400.lib : sinit.obj (.text:_call_dtors)
                  0000e1c0    00000100                 : memset.obj (.text:_memset)
                  0000e2c0    000000e0                 : atexit.obj (.text:_atexit)
                  0000e3a0    000000e0                 : memcpy64.obj (.text:_memcpy)
                  0000e480    000000c0                 : trgdrv.obj (.text:_HOSTtime)
                  0000e540    000000c0                 : new_.obj (.text:___nw__FUi)
                  0000e600    000000c0                 : remi.obj (.text:__remi)
                  0000e6c0    000000c0     bios.a64 : tsk_stup.o64 (.text)
                  0000e780    000000a0     rts6400.lib : rand.obj (.text:_rand)
                  0000e820    00000080     rtdxsim.lib : simbuf.o62 (.text:_RTDX_Buffer_WriteCB)
                  0000e8a0    00000080     rts6400.lib : trgmsg.obj (.text:_readmsg)
                  0000e920    00000060                 : rand.obj (.text:_srand)
                  0000e980    00000060                 : trgmsg.obj (.text:_writemsg)
                  0000e9e0    00000040                 : sinit.obj (.text:___add_dtor)
                  0000ea20    00000040                 : time.obj (.text:_time)
                  0000ea60    00000020                 : newhandler.obj (.text:___default_new_handler__Fv)
                  0000ea80    00000020                 : delete.obj (.text:___dl__FPv)
                  0000eaa0    00000020                 : _lock.obj (.text:__nop)
                  0000eac0    00000020                 : _lock.obj (.text:__register_lock)
                  0000eae0    00000020                 : _lock.obj (.text:__register_unlock)

.sysinit   0    0000eb00    00000500     
                  0000eb00    00000300     tsk6cfg.obj (.sysinit)
                  0000ee00    000000c0     bios.a64 : mem_init.o64 (.sysinit)
                  0000eec0    000000a0              : boot.o64 (.sysinit)
                  0000ef60    00000080              : tsk_init.o64 (.sysinit)
                  0000efe0    00000020              : obj_init.o64 (.sysinit)

.LOG_system$buf 
*          0    0000f000    00000800     UNINITIALIZED
                  0000f000    00000800     tsk6cfg.obj (.LOG_system$buf)

.rtdx_data 
*          0    0000f800    00000434     UNINITIALIZED
                  0000f800    00000410     tsk6cfg.obj (.rtdx_data)
                  0000fc10    00000024     rtdxsim.lib : simbuf.o62 (.rtdx_data)

.args      0    0000fc34    00000004     
                  0000fc34    00000004     --HOLE-- [fill = 0]

.TSK0$stk 
*          0    0000fc38    00000400     UNINITIALIZED
                  0000fc38    00000400     tsk6cfg.obj (.TSK0$stk)

.TSK1$stk 
*          0    00010038    00000400     UNINITIALIZED
                  00010038    00000400     tsk6cfg.obj (.TSK1$stk)

.TSK_idle$stk 
*          0    00010438    00000400     UNINITIALIZED
                  00010438    00000400     tsk6cfg.obj (.TSK_idle$stk)

.bss       0    00010838    00000335     UNINITIALIZED
                  00010838    00000100     bios.a64 : hwi_disp_asm.o64 (.bss)
                  00010938    000000cc              : biosdata.o64 (.bss)
                  00010a04    0000009c              : swi.o64 (.bss)
                  00010aa0    00000048              : knl.o64 (.bss)
                  00010ae8    00000028     tsk6cfg.obj (.bss)
                  00010b10    00000018     bios.a64 : hwi.o64 (.bss)
                  00010b28    00000018     lnkrtdx.a64 : rtdx.o64 (.bss)
                  00010b40    0000000c     bios.a64 : tsk.o64 (.bss)
                  00010b4c    00000008              : clk_data.o64 (.bss)
                  00010b54    00000008              : sys.o64 (.bss)
                  00010b5c    00000004              : clk_data2.o64 (.bss)
                  00010b60    00000004              : gbl_setL2CacheMode.o64 (.bss)
                  00010b64    00000004              : idl_busy.o64 (.bss)
                  00010b68    00000004              : mem_asm.o64 (.bss)
                  00010b6c    00000001     tsk6.obj (.bss)

.gblinit   0    00010b70    00000070     
                  00010b70    00000070     tsk6cfg.obj (.gblinit)

.prd       0    00010be0    00000020     UNINITIALIZED
                  00010be0    00000020     tsk6cfg.obj (.prd)

.prdLog0$buf 
*          0    00010c00    00000400     UNINITIALIZED
                  00010c00    00000400     tsk6cfg.obj (.prdLog0$buf)

.stack     0    00011000    00000400     UNINITIALIZED
                  00011000    00000400     --HOLE--

.trace$buf 
*          0    00011400    00000400     UNINITIALIZED
                  00011400    00000400     tsk6cfg.obj (.trace$buf)

.far       0    00011800    000003e0     UNINITIALIZED
                  00011800    00000188     rts6400.lib : atexit.obj (.far)
                  00011988    000000d8     bios.a64 : knl.o64 (.far)
                  00011a60    0000005c              : tsk.o64 (.far)
                  00011abc    00000004     rts6400.lib : sinit.obj (.far)
                  00011ac0    00000054     bios.a64 : obj_init.o64 (.far)
                  00011b14    00000050              : tsk_stup.o64 (.far)
                  00011b64    00000004     rts6400.lib : vars.obj (.far)
                  00011b68    00000020     bios.a64 : sys.o64 (.far)
                  00011b88    00000018     tsk6.obj (.far)
                  00011ba0    00000010     bios.a64 : knl_tick.o64 (.far)
                  00011bb0    0000000c              : utl_putc.o64 (.far)
                  00011bbc    0000000c     rts6400.lib : exit.obj (.far)
                  00011bc8    00000008                 : _lock.obj (.far)
                  00011bd0    00000008                 : rand.obj (.far)
                  00011bd8    00000008                 : trgdrv.obj (.far)

.trace     0    00011be0    00000200     
                  00011be0    00000200     --HOLE-- [fill = 00000000]

.rtdx_text 
*          0    00011de0    000001c0     
                  00011de0    000000a0     rtdxsim.lib : sim_mon.o62 (.rtdx_text:_RTDX_Poll)
                  00011e80    00000060                 : simbuf.o62 (.rtdx_text:_RTDX_Buffer_Read)
                  00011ee0    00000040                 : simbuf.o62 (.rtdx_text:_RTDX_Buffer_Initialize)
                  00011f20    00000040                 : sim_mon.o62 (.rtdx_text:_RTDX_Init_RT_Monitor)
                  00011f60    00000020                 : simbuf.o62 (.rtdx_text:_RTDX_Buffer_Write)
                  00011f80    00000020                 : sim_mon.o62 (.rtdx_text:_RTDX_Final_RT_Monitor)

.cio       0    00011fa0    00000120     UNINITIALIZED
                  00011fa0    00000120     rts6400.lib : trgmsg.obj (.cio)

.tsk       0    000120c0    00000120     UNINITIALIZED
                  000120c0    00000120     tsk6cfg.obj (.tsk)

.hst0      0    000121e0    00000100     UNINITIALIZED
                  000121e0    00000100     tsk6cfg.obj (.hst0)

.const     0    000122e0    000000f9     
                  000122e0    0000004e     bios.a64 : tsk_stup.o64 (.const)
                  0001232e    00000002     --HOLE-- [fill = 0]
                  00012330    00000030     tsk6.obj (.const:.string)
                  00012360    00000023     bios.a64 : utl_doab.o64 (.const)
                  00012383    00000022              : utl_doer.o64 (.const)
                  000123a5    00000003     --HOLE-- [fill = 0]
                  000123a8    00000018     clock.obj (.const:.string)
                  000123c0    00000010     clock.obj (.const:___vtbl__Q2_6CLK_zy5Clock)
                  000123d0    00000004     bios.a64 : mem_allo.o64 (.const)
                  000123d4    00000004              : mem_free.o64 (.const)
                  000123d8    00000001              : tsk.o64 (.const)

.printf    0    000123d9    000000aa     COPY SECTION
                  000123d9    000000aa     tsk6cfg.obj (.printf)

.pip       0    000123dc    000000c8     UNINITIALIZED
                  000123dc    000000c8     tsk6cfg.obj (.pip)

.sts       0    000124a4    00000070     
                  000124a4    00000070     tsk6cfg.obj (.sts)

.sem       0    00012514    00000058     UNINITIALIZED
                  00012514    00000058     tsk6cfg.obj (.sem)

.swi       0    0001256c    00000058     UNINITIALIZED
                  0001256c    00000058     tsk6cfg.obj (.swi)

.log       0    000125c4    00000048     
                  000125c4    00000048     tsk6cfg.obj (.log)

.hst       0    0001260c    0000003c     UNINITIALIZED
                  0001260c    0000003c     tsk6cfg.obj (.hst)

.switch    0    00012648    00000020     
                  00012648    00000020     bios.a64 : gbl_setL2CacheMode.o64 (.switch)

.hst1      0    00012668    00000010     UNINITIALIZED
                  00012668    00000010     tsk6cfg.obj (.hst1)

.idl       0    00012678    00000010     UNINITIALIZED
                  00012678    00000010     tsk6cfg.obj (.idl)

.idlcal    0    00012688    00000010     UNINITIALIZED
                  00012688    00000010     tsk6cfg.obj (.idlcal)

.sys       0    00012698    00000010     UNINITIALIZED
                  00012698    00000010     tsk6cfg.obj (.sys)

.clk       0    000126a8    00000008     UNINITIALIZED
                  000126a8    00000008     tsk6cfg.obj (.clk)

.mem       0    000126b0    00000004     UNINITIALIZED
                  000126b0    00000004     tsk6cfg.obj (.mem)


GLOBAL SYMBOLS: SORTED ALPHABETICALLY BY Name 

address    name
--------   ----
00010838   $bss
00010838   .bss
00000000   .data
0000dd80   .text
0000ecd8   BIOS$$CLKOFF
0000ec98   BIOS$$CLKON
0000eb00   BIOS_init
0000ed40   BIOS_start
00000000   BUF$
00000001   BUF_ENABLED
0000e9d8   C$$IO$$
00000001   CLK$
000126a8   CLK_A_TABBEG
00000001   CLK_CALDIV
00000008   CLK_CALMULT
000124f8   CLK_COUNTSPMS
00000001   CLK_COUNTSPMSHIGH
00010960   CLK_D_idletime
0001095c   CLK_D_isrhook
00010958   CLK_D_tabbeg
00010954   CLK_D_timefxn
0000c180   CLK_F_getfhtime
0000c1a0   CLK_F_gethtime
0000b680   CLK_F_getltime
0000c1a0   CLK_F_getshtime
0000b694   CLK_F_isr
0000b7e4   CLK_F_itime
01940000   CLK_HIRESREGS
00009720   CLK_HOOKFXN
00000001   CLK_HTIMEDIV
00000008   CLK_HTIMEMULT
000124f8   CLK_HTIMEPERLTIME
00004000   CLK_INTBIT
00000001   CLK_LTIMEDIV
000927c0   CLK_LTIMEMULT
000003e8   CLK_MICROSECS
000124f8   CLK_PRD
00000001   CLK_PRDHIGH
01940000   CLK_REGS
00010950   CLK_R_time
00000020   CLK_TCR
00000000   CLK_TDDR
00000000   CLK_TDDRHIGH
0000c1a0   CLK_TIMEFXN
00000000   CLK_TIMERNUM
00000001   CLK_USETIMER
000126ac   CLK_null
00000000   DEV$
00000000   DGN$
00000000   DHL$
00000000   DHL_gChannelsAvailable
00000000   DIO$
00000000   DIO_NUMSWIBASE
00000000   DIO_NUMTSKBASE
00000000   DIO_STATIC
00000000   DPI$
0000c560   FXN_F_nop
0000c568   FXN_F_run
0000c5b8   FXN_F_zero
00000001   GBL$
00005205   GBL_A_VERSION
00000000   GBL_BIGENDIAN
00000000   GBL_C641XL2PRIORITY
00000000   GBL_CACHE
00000001   GBL_CALLCSLCFGINIT
00004e20   GBL_CLKIN
00001770   GBL_CLKTYPE
00001900   GBL_DSPSUBTYPE
0000003e   GBL_DSPTYPE
00000001   GBL_ENABLEINST
00000042   GBL_FOOTPRINT
000927c0   GBL_FREQ
00002226   GBL_L2ALLOC
00000000   GBL_L2CONFIGALLOC
00000001   GBL_L2CONFIGURE
00000000   GBL_L2MARMASK
00000000   GBL_L2MARMASK1
00000000   GBL_L2MARMASK2
00000000   GBL_L2MARMASK3
00000000   GBL_L2MARMASK4
00000000   GBL_L2MARMASK5
00000000   GBL_L2MODE
00000000   GBL_L2PRIORITY
00000000   GBL_NULL
00000000   GBL_PROCID
00000000   GBL_ROM
00000000   GBL_SUPPORTCSL
0000dbef   GBL_TRCMASKVALUE
00000000   GBL_USERINIT
0000cb80   GBL_USERINITFXN
00000001   GBL_boot
0000dd7c   GBL_initdone
00011000   GBL_stackbeg
000113ff   GBL_stackend
00000000   GIO$
0000cb80   GIO_CREATEFXN
0000cb80   GIO_DELETEFXN
0000cb80   GIO_PENDFXN
0000cb80   GIO_POSTFXN
00000000   HOOK$
00000000   HOOK_KNLID
00000001   HST$
0001260c   HST_A_TABBEG
00012648   HST_A_TABEND
00000000   HST_DSM
00010af4   HST_DSMBUFSEG
00000400   HST_DSMMEMSIZE
000109cc   HST_D_chanmask
000109d0   HST_D_tabbeg
000109d4   HST_D_tabend
000000ff   HST_MAXFRAMEALLOWED
00000040   HST_MAXFRAMESET
00000000   HST_NONE
00000001   HST_RTDX
00000001   HWI$
00000000   HWI_A_VECS
00004208   HWI_CFGDISPATCHED
00010b20   HWI_D_bss
00010b24   HWI_D_ccmask
00010b10   HWI_D_spsave
00009720   HWI_F_dispatch
00000000   HWI_GENERATE_RESET_VEC
0000000a   HWI_INT10
00000000   HWI_INT10$hwi
0000000b   HWI_INT11
00000000   HWI_INT11$hwi
0000000c   HWI_INT12
00000000   HWI_INT12$hwi
0000000d   HWI_INT13
00000000   HWI_INT13$hwi
0000000e   HWI_INT14
00000000   HWI_INT14$hwi
0000000f   HWI_INT15
00000000   HWI_INT15$hwi
00000004   HWI_INT4
00000000   HWI_INT4$hwi
00000005   HWI_INT5
00000000   HWI_INT5$hwi
00000006   HWI_INT6
00000000   HWI_INT6$hwi
00000007   HWI_INT7
00000000   HWI_INT7$hwi
00000008   HWI_INT8
00000000   HWI_INT8$hwi
00000009   HWI_INT9
00000000   HWI_INT9$hwi
082039b3   HWI_INTRMULTHIGH
250718a4   HWI_INTRMULTLOW
00000001   HWI_NMI
00000000   HWI_NMI$hwi
00000000   HWI_POLARITYMASK
00000002   HWI_RESERVED0
00000000   HWI_RESERVED0$hwi
00000003   HWI_RESERVED1
00000000   HWI_RESERVED1$hwi
00000000   HWI_RESET
00000000   HWI_RESET$hwi
00000001   HWI_ZEROTAB
00000001   IDL$
00012688   IDL_A_CALBEG
00012678   IDL_A_TABBEG
00000006   IDL_CALIBRERROR
0000ca80   IDL_CALIBRFXN
00010b64   IDL_D_busyObj
00010940   IDL_D_calbeg
0001093c   IDL_D_calibrate
00010938   IDL_D_tabbeg
00012684   IDL_END
00012694   IDL_END$
0000c5e0   IDL_F_busy
0000c760   IDL_F_calibrate
0000cbc0   IDL_F_loop
0000ca80   IDL_F_stub
00000001   IDL_USECLKIDLTIME
00012508   IDL_busyObj
0001247e   IDL_busyObj$avgfmt
00000001   IDL_busyObj$filter
00000001   IDL_busyObj$iA
00000000   IDL_busyObj$iB
00000001   IDL_busyObj$iC
00012478   IDL_busyObj$maxfmt
00000000   IDL_busyObj$operation
00012504   IDL_busyObj$stsobj
0001247b   IDL_busyObj$sumfmt
00000002   IDL_busyObj$unittype
00012678   IDL_cpuLoad
00012688   IDL_cpuLoad$
00010af4   IRAM
00000200   IRAM$B
00008000   IRAM$L
00000001   ISRC$
0000b998   KNL_glue
0001256c   KNL_swi
00000001   KNL_swi$dorta
00000000   KNL_swi$ord
00000000   KNL_swi$pri
000124b8   KNL_swi$sts
00012406   KNL_swi$sts$avgfmt
00000002   KNL_swi$sts$filter
00000001   KNL_swi$sts$filtmaxmult
00000001   KNL_swi$sts$filtsummult
000123f6   KNL_swi$sts$maxfmt
000124b4   KNL_swi$sts$stsobj
000123fe   KNL_swi$sts$sumfmt
00000000   KNL_swi$sts$unittype
00000000   KNL_swi$swi
00000001   LCK$
00008200   LNK_F_checkBufferCall
00008280   LNK_F_dataPump
00008220   LNK_F_getChanPtr
00008278   LNK_F_init
000087bc   LNK_F_readCallBack
0001267c   LNK_dataPump
0001268c   LNK_dataPump$
00010b2c   LNK_dspFrameReadyMask
00010b28   LNK_dspFrameRequestMask
00008518   LNK_newin
00008658   LNK_newout
00008294   LNK_rcloop
0000835c   LNK_rdrtry
00010b34   LNK_readDone
00010b38   LNK_readFail
00010b30   LNK_readPend
0000836c   LNK_rrloop
00010b3c   LNK_writeFail
00008440   LNK_wrloop
00008430   LNK_wrrtry
00000001   LOG$
000125c4   LOG_A_TABBEG
0001260c   LOG_A_TABEND
00000003   LOG_A_TABLEN
00010944   LOG_D_system
00000001   LOG_ENABLED
0000c660   LOG_F_event
000125c4   LOG_system
0000f000   LOG_system$buf
00000000   LOG_system$datatype
00000000   LOG_system$log
00000200   LOG_system$size
00000000   MBX$
00000001   MEM$
00010af4   MEM_MALLOCSEG
00000000   MEM_NULL
00010af4   MEM_SEGZERO
00000000   MEM_USEMPC
00000001   MEM_gNumHeap
00000000   MSGQ$
00000000   MSGQ_USEMSGQ
00000000   OBJ$
00000000   PIP$
000123dc   PIP_A_TABBEG
000124a4   PIP_A_TABEND
00000002   PIP_A_TABLEN
00010948   PIP_D_tabbeg
0001094c   PIP_D_tablen
0000acf4   PIP_F_give
0000acf4   PIP_F_probe
0000adc8   PIP_F_start
0000ac60   PIP_F_take
00000064   PIP_OBJSIZE
00000000   PIP_gNextId
00000002   PIP_gNumEmbed
00000000   POOL$
00000000   POOL_USEPOOL
00000001   PRD$
00010be0   PRD_A_TABBEG
00010c00   PRD_A_TABEND
00000001   PRD_A_TABLEN
00010988   PRD_D_cur
0001098c   PRD_D_elapsed
00010990   PRD_D_prevtim
00010994   PRD_D_scalar
00010998   PRD_D_swihandle
0001099c   PRD_D_tabbeg
000109a0   PRD_D_tablen
000109a4   PRD_D_thook
00010984   PRD_D_tick
00009b80   PRD_F_swi
00009e38   PRD_F_tick
00000001   PRD_SCALAR
00012598   PRD_SWIHANDLE
0000b2c0   PRD_THOOKFXN
000126a8   PRD_clock
00012598   PRD_swi
00000001   PRD_swi$dorta
00000000   PRD_swi$ord
00000001   PRD_swi$pri
000124c8   PRD_swi$sts
00012420   PRD_swi$sts$avgfmt
00000002   PRD_swi$sts$filter
00000001   PRD_swi$sts$filtmaxmult
00000001   PRD_swi$sts$filtsummult
00012410   PRD_swi$sts$maxfmt
000124c4   PRD_swi$sts$stsobj
00012418   PRD_swi$sts$sumfmt
00000000   PRD_swi$sts$unittype
00000000   PRD_swi$swi
00000001   QUE$
000109a8   RTA_D_fromHost
000109b0   RTA_D_logval
000109c0   RTA_D_stsval
000109ac   RTA_D_toHost
0000cac0   RTA_F_andn
0000a378   RTA_F_dispatch
0000a280   RTA_F_getlog
0000a2c4   RTA_F_getsts
0000cae0   RTA_F_or
0000a30c   RTA_F_readblk
0000a338   RTA_F_resetmem
0000a32c   RTA_F_writeword
00012680   RTA_dispatcher
00012690   RTA_dispatcher$
0000a3c8   RTA_execute
00012610   RTA_fromHost
00012668   RTA_fromHost$buf
00000004   RTA_fromHost$framesize
00000000   RTA_fromHost$hst
00000001   RTA_fromHost$id
00000000   RTA_fromHost$mode
000123dc   RTA_fromHost$pipe
0001240c   RTA_fromHost$pipe$aaa
0001243c   RTA_fromHost$pipe$bbb
00010af8   RTA_fromHost$pipe$dtab
000123e0   RTA_fromHost$pipe$rd
00012410   RTA_fromHost$pipe$wr
00012618   RTA_fromHost$rtdx
0001262c   RTA_toHost
000121e0   RTA_toHost$buf
00000040   RTA_toHost$framesize
00000000   RTA_toHost$hst
00000000   RTA_toHost$id
00000001   RTA_toHost$mode
00012440   RTA_toHost$pipe
00012470   RTA_toHost$pipe$aaa
000124a0   RTA_toHost$pipe$bbb
00010b04   RTA_toHost$pipe$dtab
00012444   RTA_toHost$pipe$rd
00012474   RTA_toHost$pipe$wr
00012634   RTA_toHost$rtdx
00000001   RTDX$
0000e888   RTDX$$MSG
00000408   RTDX_BUFMEMSIZE
00010af4   RTDX_DATAMEMSEG
00000002   RTDX_MODE
00000001   RTDX_NORMALIZED_HDR
00000001   RTDX_USERTDX
00000000   RTDX_USERTEXECUTION
ffffffff   SDRAM
00000001   SEM$
00000000   SIO$
00000001   STS$
000124a4   STS_A_TABBEG
00012514   STS_A_TABEND
0000c718   STS_F_add
0000c6e0   STS_F_delta
0000c744   STS_F_reset
00000001   SWI$
0001256c   SWI_A_TABBEG
000125c4   SWI_A_TABEND
00000002   SWI_A_TABLEN
00010a1c   SWI_D_curfxn
00010a0c   SWI_D_curmask
00010a18   SWI_D_curmbox
00010a10   SWI_D_curset
00010a08   SWI_D_execaddr
00010a24   SWI_D_inswi
00010a14   SWI_D_lock
00010a20   SWI_D_rdybeg
00010a28   SWI_D_rdytab
00010a04   SWI_D_runaddr
00000000   SWI_EHOOKFXN
00008fc8   SWI_EXECFXN
00008de0   SWI_F_enable
00008fc8   SWI_F_exec
00008ff0   SWI_F_iexec
00008e50   SWI_F_post
00009078   SWI_F_run
00000000   SWI_IHOOKFXN
00009078   SWI_RUNFXN
00000001   SYS$
00012698   SYS$config
0000cb00   SYS_ABORTFXN
0000cc20   SYS_ERRORFXN
0000cc40   SYS_EXITFXN
0000c9c0   SYS_PUTCFXN
0000dd78   TRC_R_mask
0000dd74   TRC_cinit
00000001   TSK$
0001212c   TSK0
00000001   TSK0$ord
00000001   TSK0$pri
0000fc38   TSK0$stack
0000ffd0   TSK0$stkptr
000124e8   TSK0$sts
00012454   TSK0$sts$avgfmt
00000002   TSK0$sts$filter
00000001   TSK0$sts$filtmaxmult
00000001   TSK0$sts$filtsummult
00012444   TSK0$sts$maxfmt
000124e4   TSK0$sts$stsobj
0001244c   TSK0$sts$sumfmt
00000000   TSK0$sts$unittype
00000000   TSK0$tsk
0001218c   TSK1
00000001   TSK1$ord
00000001   TSK1$pri
00010038   TSK1$stack
000103d0   TSK1$stkptr
000124f8   TSK1$sts
0001246e   TSK1$sts$avgfmt
00000002   TSK1$sts$filter
00000001   TSK1$sts$filtmaxmult
00000001   TSK1$sts$filtsummult
0001245e   TSK1$sts$maxfmt
000124f4   TSK1$sts$stsobj
00012466   TSK1$sts$sumfmt
00000000   TSK1$sts$unittype
00000000   TSK1$tsk
00000000   TSK_NUM_HOOKS
00000001   TSK_PRIORITY
00000000   TSK_READYFXN
00000000   TSK_STACKSEG
00000400   TSK_STACKSIZE
00000000   TSK_SWITCHFXN
0000cb80   TSK_VCREATEFXN
0000cb80   TSK_VDELETEFXN
0000cb80   TSK_VEXITFXN
000120cc   TSK_idle
00000000   TSK_idle$ord
00000000   TSK_idle$pri
00010438   TSK_idle$stack
000107d0   TSK_idle$stkptr
000124d8   TSK_idle$sts
0001243a   TSK_idle$sts$avgfmt
00000002   TSK_idle$sts$filter
00000001   TSK_idle$sts$filtmaxmult
00000001   TSK_idle$sts$filtsummult
0001242a   TSK_idle$sts$maxfmt
000124d4   TSK_idle$sts$stsobj
00012432   TSK_idle$sts$sumfmt
00000000   TSK_idle$sts$unittype
00000000   TSK_idle$tsk
00000000   UDEV$
0000eb00   _BIOS_init
0000ed40   _BIOS_start
000124f8   _CLK_COUNTSPMS
00010b4c   _CLK_DFLTMICROSECS
00010980   _CLK_D_countspms
00010974   _CLK_D_dirty
00010b50   _CLK_D_microseconds
00010978   _CLK_D_prd
0001097c   _CLK_D_tddr
0000b7e4   _CLK_F_itime
000124f8   _CLK_PRD
01940000   _CLK_REGS
00000000   _CLK_TDDR
00000000   _CLK_TIMERNUM
00000001   _CLK_USETIMER
00010964   _CLK_htimeDiv
00010968   _CLK_htimeMult
00010b5c   _CLK_htimePerLtime
0000b7e4   _CLK_itime
0001096c   _CLK_ltimeDiv
00010970   _CLK_ltimeMult
0000bfe0   _CLK_measure
0000ca20   _CLK_start
0000cb40   _CLK_stop
0000cb80   _FXN_F_nop
0000c568   _FXN_F_run
0000c5b8   _FXN_F_zero
00000000   _GBL_CACHE
000109dc   _GBL_clkIn
000092c0   _GBL_cslCacheInit64
000109e0   _GBL_freq
0000cba0   _GBL_getVersion
000109d8   _GBL_procId
0000e480   _HOSTtime
0001260c   _HST_A_TABBEG
00012648   _HST_A_TABEND
00004208   _HWI_CFGDISPATCHED
00010b1c   _HWI_D_inhwi
00010b10   _HWI_D_spsave
00009720   _HWI_F_dispatch
0000000a   _HWI_INT10
0000000b   _HWI_INT11
0000000c   _HWI_INT12
0000000d   _HWI_INT13
0000000e   _HWI_INT14
0000000f   _HWI_INT15
00000004   _HWI_INT4
00000005   _HWI_INT5
00000006   _HWI_INT6
00000007   _HWI_INT7
00000008   _HWI_INT8
00000009   _HWI_INT9
00000001   _HWI_NMI
00000002   _HWI_RESERVED0
00000003   _HWI_RESERVED1
00000000   _HWI_RESET
000113f8   _HWI_STKBOTTOM
00011000   _HWI_STKTOP
00010b10   _HWI_data
0000c840   _HWI_disable
00010838   _HWI_dispatchTab
0000c858   _HWI_enable
0000c86c   _HWI_restore
00012508   _IDL_busyObj
00012678   _IDL_cpuLoad
0000cbc0   _IDL_loop
00010af4   _IRAM
00000200   _IRAM_base
00008000   _IRAM_length
00010aa8   _KNL_alarm
0000bde0   _KNL_check
00010acc   _KNL_curqueue
00010abc   _KNL_curtask
00010ac4   _KNL_curtime
00011a28   _KNL_dummy
0000c100   _KNL_enter
0000c0c0   _KNL_exit
0000beac   _KNL_idle
00010ae4   _KNL_idlefxn
00010ab0   _KNL_inactive
0000c240   _KNL_ipost
0000bed0   _KNL_max
00010ad0   _KNL_maxqueue
0000c2e0   _KNL_post
00010ac0   _KNL_prevtask
00010ab4   _KNL_priority
00011988   _KNL_queues
0000a540   _KNL_run
0000b840   _KNL_saveIsrFrame
00010ab8   _KNL_set
00010aac   _KNL_setpri
0001256c   _KNL_swi
00010ac8   _KNL_swiptr
0000b8f0   _KNL_switch
00010ad8   _KNL_tcreatefxn
00010adc   _KNL_tdeletefxn
0000b2c0   _KNL_tick
00010ae0   _KNL_treadyfxn
00010ad4   _KNL_tswitchfxn
00010aa0   _KNL_wFlag
00010aa4   _KNL_wList
0000c3ac   _LCK_pend
0000c380   _LCK_post
0001267c   _LNK_dataPump
00010b2c   _LNK_dspFrameReadyMask
00010b28   _LNK_dspFrameRequestMask
00010b34   _LNK_readDone
00010b38   _LNK_readFail
00010b30   _LNK_readPend
00010b3c   _LNK_writeFail
000125c4   _LOG_A_TABBEG
0001260c   _LOG_A_TABEND
00000003   _LOG_A_TABLEN
00010944   _LOG_D_system
0000c660   _LOG_event
0000cbe0   _LOG_printf
000125c4   _LOG_system
00010b68   _MEM
000109e4   _MEM_D_NUMSEGMENTS
000109ec   _MEM_D_freelist
000109f0   _MEM_D_lockaddr
000109e8   _MEM_D_memtab
000109f4   _MEM_D_unlockaddr
0000aea0   _MEM_alloc
0000aa20   _MEM_free
0000ee00   _MEM_init
00010ae8   _MEM_memtab
0000efe0   _OBJ_init
00011af8   _OBJ_segtab
00011ac0   _OBJ_table
000123dc   _PIP_A_TABBEG
000124a4   _PIP_A_TABEND
00010984   _PRD_D_tick
000126a8   _PRD_clock
00012598   _PRD_swi
00012680   _RTA_dispatcher
00012610   _RTA_fromHost
0001262c   _RTA_toHost
0000f800   _RTDX_Buffer
0000fc0c   _RTDX_Buffer_End
00011ee0   _RTDX_Buffer_Initialize
00011e80   _RTDX_Buffer_Read
0000fc08   _RTDX_Buffer_Start
00011f60   _RTDX_Buffer_Write
0000e820   _RTDX_Buffer_WriteCB
00011f80   _RTDX_Final_RT_Monitor
00011f20   _RTDX_Init_RT_Monitor
00011de0   _RTDX_Poll
00000001   _RTDX_SIMULATOR
00000000   _RTDX_interrupt_mask
0000fc30   _RTDX_writing
ffffffff   _SDRAM
00010af4   _SEG0
0000c900   _SEM_pend
0000c8a0   _SEM_pendBinary
0000a7c0   _SEM_pendEnterKnl
0000bf00   _SEM_post
0000bf00   _SEM_postBinary
0000c420   _SEM_postEnterKnl
000124a4   _STS_A_TABBEG
00012514   _STS_A_TABEND
0000c718   _STS_add
0000c6e0   _STS_delta
0000c744   _STS_reset
0000cc00   _STS_set
00010a1c   _SWI_D_curfxn
00010a0c   _SWI_D_curmask
00010a10   _SWI_D_curset
00010a08   _SWI_D_execaddr
00010a24   _SWI_D_inswi
00010a14   _SWI_D_lock
00010a20   _SWI_D_rdybeg
00010a04   _SWI_D_runaddr
00010a04   _SWI_data
00008e50   _SWI_post
000109f8   _SYS
00011be0   _SYS_PUTCBEG
00011ddf   _SYS_PUTCEND
0000c960   _SYS_abort
0000c7e0   _SYS_error
0000c4c0   _SYS_exit
00011b68   _SYS_exitStack
00010b54   _SYS_exitStackPtr
00010b58   _SYS_exitStackTop
0000dd78   _TRC_R_mask
00010b48   _TSK
0001212c   _TSK0
0001218c   _TSK1
00011a60   _TSK_ATTRS
00011a7c   _TSK_config
0000bb40   _TSK_exit
000120cc   _TSK_idle
0000ef60   _TSK_init
00010b40   _TSK_nTasks
00010b44   _TSK_pid
0000b4c0   _TSK_setup
0000bd48   _TSK_startup
00011a9c   _TSK_timerSem
0000cb00   _UTL_doAbort
0000cc20   _UTL_doError
0000c9c0   _UTL_doPutc
0000cc40   _UTL_halt
00011fa0   __CIOBUF_
0000b800   __CLK_lat1beg
0000b82c   __CLK_lat1end
00008c94   __GBL_setL2CacheMode
00010a00   __HOOK_NUMHOOKS
000109fc   __HOOK_knlId
00009720   __HWI_lat1beg
0000988c   __HWI_lat1end
0000988c   __HWI_lat2beg
00009a38   __HWI_lat2end1
000099c4   __HWI_lat2end2
00009a50   __HWI_lat3beg
00009b60   __HWI_lat3end1
000099f4   __HWI_lat3end2
0000c5e0   __IDL_lat1beg
0000c630   __IDL_lat1end
0000be2c   __KNL_lat1beg
0000beac   __KNL_lat1end
0000c660   __LOG_lat1beg
00011b3c   __MEM_mutex
0000a338   __RTA_lat1beg
0000a370   __RTA_lat1end
0000b2e0   __SEM_dopost
00011400   __STACK_END
00000400   __STACK_SIZE
00008f5c   __SWI_lat1beg
00009008   __SWI_lat1end
0000900c   __SWI_lat2beg
00009074   __SWI_lat2end
00008de0   __SWI_lat3beg
00008e4c   __SWI_lat3end
00011b14   __TSK_mutex
00011bc4   ___TI_enable_exit_profile_output
ffffffff   ___TI_pprof_out_hndl
ffffffff   ___TI_prof_data_size
ffffffff   ___TI_prof_data_start
0000e9e0   ___add_dtor
00011800   ___atexit_func_id__
ffffffff   ___binit__
00010838   ___bss__
ffffffff   ___c_args__
0000cc60   ___cinit__
0000df60   ___ct__Q2_6CLK_zy5ClockFR7LOG_Obj
00000000   ___data__
0000ea60   ___default_new_handler__Fv
0000ea80   ___dl__FPv
0000e004   ___dt__Q2_6CLK_zy5ClockFv
00000000   ___edata__
00010b6d   ___end__
0000eb00   ___etext__
0000e540   ___nw__FUi
0000dd64   ___pinit__
0000df18   ___sti___8_tsk6_cpp_cl0
0000dd80   ___text__
000123c0   ___vtbl__Q2_6CLK_zy5Clock
0000b9e0   __auto_init
0000e600   __c6xabi_remi
00011bbc   __cleanup_ptr
00011bc0   __dtors_ptr
00011bc8   __lock
00011b64   __new_handler
0000eaa0   __nop
0000eac0   __register_lock
0000eae0   __register_unlock
0000e600   __remi
0000fc10   __rtdx_buf
00011000   __stack
00011bcc   __unlock
0000e2c0   _atexit
0000eec0   _c_int00
0000e0a0   _call_dtors
0000a1f0   _calloc
00011b88   _cl0
0000def0   _clockPrd
0000de84   _displayChar
00011abc   _dtors
00009f20   _free
0000de04   _genChar
0000dd80   _main
00009f4c   _malloc
0000a0c4   _memalign
0000e3a0   _memcpy
0000e1c0   _memset
00010be0   _prdClock0
000125f4   _prdLog0
0000e780   _rand
00010b6c   _randChar
0000e8a0   _readmsg
00009fc0   _realloc
00012520   _sem0
0001254c   _sem1
0000e920   _srand
0000e034   _tick__Q2_6CLK_zy5ClockFi
0000ea20   _time
000125dc   _trace
0000e980   _writemsg
ffffffff   binit
0000cc60   cinit
00000000   edata
00010b6d   end
0000eb00   etext
00000000   hwi0
00000020   hwi1
00000140   hwi10
00000160   hwi11
00000180   hwi12
000001a0   hwi13
000001c0   hwi14
000001e0   hwi15
00000040   hwi2
00000060   hwi3
00000080   hwi4
000000a0   hwi5
000000c0   hwi6
000000e0   hwi7
00000100   hwi8
00000120   hwi9
0000dd64   pinit
00010be0   prdClock0
00010bfc   prdClock0$aaa
00000000   prdClock0$mode
00000000   prdClock0$ord
00000001   prdClock0$period
00000000   prdClock0$prd
000124a8   prdClock0$sts
000123eb   prdClock0$sts$avgfmt
00000000   prdClock0$sts$filter
000123d9   prdClock0$sts$maxfmt
000124a4   prdClock0$sts$stsobj
000123e2   prdClock0$sts$sumfmt
00000002   prdClock0$sts$unittype
000125f4   prdLog0
00010c00   prdLog0$buf
00000001   prdLog0$datatype
00000000   prdLog0$log
00000100   prdLog0$size
00012520   sem0
0001254c   sem1
000125dc   trace
00011400   trace$buf
00000001   trace$datatype
00000000   trace$log
00000100   trace$size


GLOBAL SYMBOLS: SORTED BY Symbol Address 

address    name
--------   ----
00000000   .data
00000000   BUF$
00000000   CLK_TDDR
00000000   CLK_TDDRHIGH
00000000   CLK_TIMERNUM
00000000   DEV$
00000000   DGN$
00000000   DHL$
00000000   DHL_gChannelsAvailable
00000000   DIO$
00000000   DIO_NUMSWIBASE
00000000   DIO_NUMTSKBASE
00000000   DIO_STATIC
00000000   DPI$
00000000   GBL_BIGENDIAN
00000000   GBL_C641XL2PRIORITY
00000000   GBL_CACHE
00000000   GBL_L2CONFIGALLOC
00000000   GBL_L2MARMASK
00000000   GBL_L2MARMASK1
00000000   GBL_L2MARMASK2
00000000   GBL_L2MARMASK3
00000000   GBL_L2MARMASK4
00000000   GBL_L2MARMASK5
00000000   GBL_L2MODE
00000000   GBL_L2PRIORITY
00000000   GBL_NULL
00000000   GBL_PROCID
00000000   GBL_ROM
00000000   GBL_SUPPORTCSL
00000000   GBL_USERINIT
00000000   GIO$
00000000   HOOK$
00000000   HOOK_KNLID
00000000   HST_DSM
00000000   HST_NONE
00000000   HWI_A_VECS
00000000   HWI_GENERATE_RESET_VEC
00000000   HWI_INT10$hwi
00000000   HWI_INT11$hwi
00000000   HWI_INT12$hwi
00000000   HWI_INT13$hwi
00000000   HWI_INT14$hwi
00000000   HWI_INT15$hwi
00000000   HWI_INT4$hwi
00000000   HWI_INT5$hwi
00000000   HWI_INT6$hwi
00000000   HWI_INT7$hwi
00000000   HWI_INT8$hwi
00000000   HWI_INT9$hwi
00000000   HWI_NMI$hwi
00000000   HWI_POLARITYMASK
00000000   HWI_RESERVED0$hwi
00000000   HWI_RESERVED1$hwi
00000000   HWI_RESET
00000000   HWI_RESET$hwi
00000000   IDL_busyObj$iB
00000000   IDL_busyObj$operation
00000000   KNL_swi$ord
00000000   KNL_swi$pri
00000000   KNL_swi$sts$unittype
00000000   KNL_swi$swi
00000000   LOG_system$datatype
00000000   LOG_system$log
00000000   MBX$
00000000   MEM_NULL
00000000   MEM_USEMPC
00000000   MSGQ$
00000000   MSGQ_USEMSGQ
00000000   OBJ$
00000000   PIP$
00000000   PIP_gNextId
00000000   POOL$
00000000   POOL_USEPOOL
00000000   PRD_swi$ord
00000000   PRD_swi$sts$unittype
00000000   PRD_swi$swi
00000000   RTA_fromHost$hst
00000000   RTA_fromHost$mode
00000000   RTA_toHost$hst
00000000   RTA_toHost$id
00000000   RTDX_USERTEXECUTION
00000000   SIO$
00000000   SWI_EHOOKFXN
00000000   SWI_IHOOKFXN
00000000   TSK0$sts$unittype
00000000   TSK0$tsk
00000000   TSK1$sts$unittype
00000000   TSK1$tsk
00000000   TSK_NUM_HOOKS
00000000   TSK_READYFXN
00000000   TSK_STACKSEG
00000000   TSK_SWITCHFXN
00000000   TSK_idle$ord
00000000   TSK_idle$pri
00000000   TSK_idle$sts$unittype
00000000   TSK_idle$tsk
00000000   UDEV$
00000000   _CLK_TDDR
00000000   _CLK_TIMERNUM
00000000   _GBL_CACHE
00000000   _HWI_RESET
00000000   _RTDX_interrupt_mask
00000000   ___data__
00000000   ___edata__
00000000   edata
00000000   hwi0
00000000   prdClock0$mode
00000000   prdClock0$ord
00000000   prdClock0$prd
00000000   prdClock0$sts$filter
00000000   prdLog0$log
00000000   trace$log
00000001   BUF_ENABLED
00000001   CLK$
00000001   CLK_CALDIV
00000001   CLK_COUNTSPMSHIGH
00000001   CLK_HTIMEDIV
00000001   CLK_LTIMEDIV
00000001   CLK_PRDHIGH
00000001   CLK_USETIMER
00000001   GBL$
00000001   GBL_CALLCSLCFGINIT
00000001   GBL_ENABLEINST
00000001   GBL_L2CONFIGURE
00000001   GBL_boot
00000001   HST$
00000001   HST_RTDX
00000001   HWI$
00000001   HWI_NMI
00000001   HWI_ZEROTAB
00000001   IDL$
00000001   IDL_USECLKIDLTIME
00000001   IDL_busyObj$filter
00000001   IDL_busyObj$iA
00000001   IDL_busyObj$iC
00000001   ISRC$
00000001   KNL_swi$dorta
00000001   KNL_swi$sts$filtmaxmult
00000001   KNL_swi$sts$filtsummult
00000001   LCK$
00000001   LOG$
00000001   LOG_ENABLED
00000001   MEM$
00000001   MEM_gNumHeap
00000001   PRD$
00000001   PRD_A_TABLEN
00000001   PRD_SCALAR
00000001   PRD_swi$dorta
00000001   PRD_swi$pri
00000001   PRD_swi$sts$filtmaxmult
00000001   PRD_swi$sts$filtsummult
00000001   QUE$
00000001   RTA_fromHost$id
00000001   RTA_toHost$mode
00000001   RTDX$
00000001   RTDX_NORMALIZED_HDR
00000001   RTDX_USERTDX
00000001   SEM$
00000001   STS$
00000001   SWI$
00000001   SYS$
00000001   TSK$
00000001   TSK0$ord
00000001   TSK0$pri
00000001   TSK0$sts$filtmaxmult
00000001   TSK0$sts$filtsummult
00000001   TSK1$ord
00000001   TSK1$pri
00000001   TSK1$sts$filtmaxmult
00000001   TSK1$sts$filtsummult
00000001   TSK_PRIORITY
00000001   TSK_idle$sts$filtmaxmult
00000001   TSK_idle$sts$filtsummult
00000001   _CLK_USETIMER
00000001   _HWI_NMI
00000001   _RTDX_SIMULATOR
00000001   prdClock0$period
00000001   prdLog0$datatype
00000001   trace$datatype
00000002   HWI_RESERVED0
00000002   IDL_busyObj$unittype
00000002   KNL_swi$sts$filter
00000002   PIP_A_TABLEN
00000002   PIP_gNumEmbed
00000002   PRD_swi$sts$filter
00000002   RTDX_MODE
00000002   SWI_A_TABLEN
00000002   TSK0$sts$filter
00000002   TSK1$sts$filter
00000002   TSK_idle$sts$filter
00000002   _HWI_RESERVED0
00000002   prdClock0$sts$unittype
00000003   HWI_RESERVED1
00000003   LOG_A_TABLEN
00000003   _HWI_RESERVED1
00000003   _LOG_A_TABLEN
00000004   HWI_INT4
00000004   RTA_fromHost$framesize
00000004   _HWI_INT4
00000005   HWI_INT5
00000005   _HWI_INT5
00000006   HWI_INT6
00000006   IDL_CALIBRERROR
00000006   _HWI_INT6
00000007   HWI_INT7
00000007   _HWI_INT7
00000008   CLK_CALMULT
00000008   CLK_HTIMEMULT
00000008   HWI_INT8
00000008   _HWI_INT8
00000009   HWI_INT9
00000009   _HWI_INT9
0000000a   HWI_INT10
0000000a   _HWI_INT10
0000000b   HWI_INT11
0000000b   _HWI_INT11
0000000c   HWI_INT12
0000000c   _HWI_INT12
0000000d   HWI_INT13
0000000d   _HWI_INT13
0000000e   HWI_INT14
0000000e   _HWI_INT14
0000000f   HWI_INT15
0000000f   _HWI_INT15
00000020   CLK_TCR
00000020   hwi1
0000003e   GBL_DSPTYPE
00000040   HST_MAXFRAMESET
00000040   RTA_toHost$framesize
00000040   hwi2
00000042   GBL_FOOTPRINT
00000060   hwi3
00000064   PIP_OBJSIZE
00000080   hwi4
000000a0   hwi5
000000c0   hwi6
000000e0   hwi7
000000ff   HST_MAXFRAMEALLOWED
00000100   hwi8
00000100   prdLog0$size
00000100   trace$size
00000120   hwi9
00000140   hwi10
00000160   hwi11
00000180   hwi12
000001a0   hwi13
000001c0   hwi14
000001e0   hwi15
00000200   IRAM$B
00000200   LOG_system$size
00000200   _IRAM_base
000003e8   CLK_MICROSECS
00000400   HST_DSMMEMSIZE
00000400   TSK_STACKSIZE
00000400   __STACK_SIZE
00000408   RTDX_BUFMEMSIZE
00001770   GBL_CLKTYPE
00001900   GBL_DSPSUBTYPE
00002226   GBL_L2ALLOC
00004000   CLK_INTBIT
00004208   HWI_CFGDISPATCHED
00004208   _HWI_CFGDISPATCHED
00004e20   GBL_CLKIN
00005205   GBL_A_VERSION
00008000   IRAM$L
00008000   _IRAM_length
00008200   LNK_F_checkBufferCall
00008220   LNK_F_getChanPtr
00008278   LNK_F_init
00008280   LNK_F_dataPump
00008294   LNK_rcloop
0000835c   LNK_rdrtry
0000836c   LNK_rrloop
00008430   LNK_wrrtry
00008440   LNK_wrloop
00008518   LNK_newin
00008658   LNK_newout
000087bc   LNK_F_readCallBack
00008c94   __GBL_setL2CacheMode
00008de0   SWI_F_enable
00008de0   __SWI_lat3beg
00008e4c   __SWI_lat3end
00008e50   SWI_F_post
00008e50   _SWI_post
00008f5c   __SWI_lat1beg
00008fc8   SWI_EXECFXN
00008fc8   SWI_F_exec
00008ff0   SWI_F_iexec
00009008   __SWI_lat1end
0000900c   __SWI_lat2beg
00009074   __SWI_lat2end
00009078   SWI_F_run
00009078   SWI_RUNFXN
000092c0   _GBL_cslCacheInit64
00009720   CLK_HOOKFXN
00009720   HWI_F_dispatch
00009720   _HWI_F_dispatch
00009720   __HWI_lat1beg
0000988c   __HWI_lat1end
0000988c   __HWI_lat2beg
000099c4   __HWI_lat2end2
000099f4   __HWI_lat3end2
00009a38   __HWI_lat2end1
00009a50   __HWI_lat3beg
00009b60   __HWI_lat3end1
00009b80   PRD_F_swi
00009e38   PRD_F_tick
00009f20   _free
00009f4c   _malloc
00009fc0   _realloc
0000a0c4   _memalign
0000a1f0   _calloc
0000a280   RTA_F_getlog
0000a2c4   RTA_F_getsts
0000a30c   RTA_F_readblk
0000a32c   RTA_F_writeword
0000a338   RTA_F_resetmem
0000a338   __RTA_lat1beg
0000a370   __RTA_lat1end
0000a378   RTA_F_dispatch
0000a3c8   RTA_execute
0000a540   _KNL_run
0000a7c0   _SEM_pendEnterKnl
0000aa20   _MEM_free
0000ac60   PIP_F_take
0000acf4   PIP_F_give
0000acf4   PIP_F_probe
0000adc8   PIP_F_start
0000aea0   _MEM_alloc
0000b2c0   PRD_THOOKFXN
0000b2c0   _KNL_tick
0000b2e0   __SEM_dopost
0000b4c0   _TSK_setup
0000b680   CLK_F_getltime
0000b694   CLK_F_isr
0000b7e4   CLK_F_itime
0000b7e4   _CLK_F_itime
0000b7e4   _CLK_itime
0000b800   __CLK_lat1beg
0000b82c   __CLK_lat1end
0000b840   _KNL_saveIsrFrame
0000b8f0   _KNL_switch
0000b998   KNL_glue
0000b9e0   __auto_init
0000bb40   _TSK_exit
0000bd48   _TSK_startup
0000bde0   _KNL_check
0000be2c   __KNL_lat1beg
0000beac   _KNL_idle
0000beac   __KNL_lat1end
0000bed0   _KNL_max
0000bf00   _SEM_post
0000bf00   _SEM_postBinary
0000bfe0   _CLK_measure
0000c0c0   _KNL_exit
0000c100   _KNL_enter
0000c180   CLK_F_getfhtime
0000c1a0   CLK_F_gethtime
0000c1a0   CLK_F_getshtime
0000c1a0   CLK_TIMEFXN
0000c240   _KNL_ipost
0000c2e0   _KNL_post
0000c380   _LCK_post
0000c3ac   _LCK_pend
0000c420   _SEM_postEnterKnl
0000c4c0   _SYS_exit
0000c560   FXN_F_nop
0000c568   FXN_F_run
0000c568   _FXN_F_run
0000c5b8   FXN_F_zero
0000c5b8   _FXN_F_zero
0000c5e0   IDL_F_busy
0000c5e0   __IDL_lat1beg
0000c630   __IDL_lat1end
0000c660   LOG_F_event
0000c660   _LOG_event
0000c660   __LOG_lat1beg
0000c6e0   STS_F_delta
0000c6e0   _STS_delta
0000c718   STS_F_add
0000c718   _STS_add
0000c744   STS_F_reset
0000c744   _STS_reset
0000c760   IDL_F_calibrate
0000c7e0   _SYS_error
0000c840   _HWI_disable
0000c858   _HWI_enable
0000c86c   _HWI_restore
0000c8a0   _SEM_pendBinary
0000c900   _SEM_pend
0000c960   _SYS_abort
0000c9c0   SYS_PUTCFXN
0000c9c0   _UTL_doPutc
0000ca20   _CLK_start
0000ca80   IDL_CALIBRFXN
0000ca80   IDL_F_stub
0000cac0   RTA_F_andn
0000cae0   RTA_F_or
0000cb00   SYS_ABORTFXN
0000cb00   _UTL_doAbort
0000cb40   _CLK_stop
0000cb80   GBL_USERINITFXN
0000cb80   GIO_CREATEFXN
0000cb80   GIO_DELETEFXN
0000cb80   GIO_PENDFXN
0000cb80   GIO_POSTFXN
0000cb80   TSK_VCREATEFXN
0000cb80   TSK_VDELETEFXN
0000cb80   TSK_VEXITFXN
0000cb80   _FXN_F_nop
0000cba0   _GBL_getVersion
0000cbc0   IDL_F_loop
0000cbc0   _IDL_loop
0000cbe0   _LOG_printf
0000cc00   _STS_set
0000cc20   SYS_ERRORFXN
0000cc20   _UTL_doError
0000cc40   SYS_EXITFXN
0000cc40   _UTL_halt
0000cc60   ___cinit__
0000cc60   cinit
0000dbef   GBL_TRCMASKVALUE
0000dd64   ___pinit__
0000dd64   pinit
0000dd74   TRC_cinit
0000dd78   TRC_R_mask
0000dd78   _TRC_R_mask
0000dd7c   GBL_initdone
0000dd80   .text
0000dd80   ___text__
0000dd80   _main
0000de04   _genChar
0000de84   _displayChar
0000def0   _clockPrd
0000df18   ___sti___8_tsk6_cpp_cl0
0000df60   ___ct__Q2_6CLK_zy5ClockFR7LOG_Obj
0000e004   ___dt__Q2_6CLK_zy5ClockFv
0000e034   _tick__Q2_6CLK_zy5ClockFi
0000e0a0   _call_dtors
0000e1c0   _memset
0000e2c0   _atexit
0000e3a0   _memcpy
0000e480   _HOSTtime
0000e540   ___nw__FUi
0000e600   __c6xabi_remi
0000e600   __remi
0000e780   _rand
0000e820   _RTDX_Buffer_WriteCB
0000e888   RTDX$$MSG
0000e8a0   _readmsg
0000e920   _srand
0000e980   _writemsg
0000e9d8   C$$IO$$
0000e9e0   ___add_dtor
0000ea20   _time
0000ea60   ___default_new_handler__Fv
0000ea80   ___dl__FPv
0000eaa0   __nop
0000eac0   __register_lock
0000eae0   __register_unlock
0000eb00   BIOS_init
0000eb00   _BIOS_init
0000eb00   ___etext__
0000eb00   etext
0000ec98   BIOS$$CLKON
0000ecd8   BIOS$$CLKOFF
0000ed40   BIOS_start
0000ed40   _BIOS_start
0000ee00   _MEM_init
0000eec0   _c_int00
0000ef60   _TSK_init
0000efe0   _OBJ_init
0000f000   LOG_system$buf
0000f800   _RTDX_Buffer
0000fc08   _RTDX_Buffer_Start
0000fc0c   _RTDX_Buffer_End
0000fc10   __rtdx_buf
0000fc30   _RTDX_writing
0000fc38   TSK0$stack
0000ffd0   TSK0$stkptr
00010038   TSK1$stack
000103d0   TSK1$stkptr
00010438   TSK_idle$stack
000107d0   TSK_idle$stkptr
00010838   $bss
00010838   .bss
00010838   _HWI_dispatchTab
00010838   ___bss__
00010938   IDL_D_tabbeg
0001093c   IDL_D_calibrate
00010940   IDL_D_calbeg
00010944   LOG_D_system
00010944   _LOG_D_system
00010948   PIP_D_tabbeg
0001094c   PIP_D_tablen
00010950   CLK_R_time
00010954   CLK_D_timefxn
00010958   CLK_D_tabbeg
0001095c   CLK_D_isrhook
00010960   CLK_D_idletime
00010964   _CLK_htimeDiv
00010968   _CLK_htimeMult
0001096c   _CLK_ltimeDiv
00010970   _CLK_ltimeMult
00010974   _CLK_D_dirty
00010978   _CLK_D_prd
0001097c   _CLK_D_tddr
00010980   _CLK_D_countspms
00010984   PRD_D_tick
00010984   _PRD_D_tick
00010988   PRD_D_cur
0001098c   PRD_D_elapsed
00010990   PRD_D_prevtim
00010994   PRD_D_scalar
00010998   PRD_D_swihandle
0001099c   PRD_D_tabbeg
000109a0   PRD_D_tablen
000109a4   PRD_D_thook
000109a8   RTA_D_fromHost
000109ac   RTA_D_toHost
000109b0   RTA_D_logval
000109c0   RTA_D_stsval
000109cc   HST_D_chanmask
000109d0   HST_D_tabbeg
000109d4   HST_D_tabend
000109d8   _GBL_procId
000109dc   _GBL_clkIn
000109e0   _GBL_freq
000109e4   _MEM_D_NUMSEGMENTS
000109e8   _MEM_D_memtab
000109ec   _MEM_D_freelist
000109f0   _MEM_D_lockaddr
000109f4   _MEM_D_unlockaddr
000109f8   _SYS
000109fc   __HOOK_knlId
00010a00   __HOOK_NUMHOOKS
00010a04   SWI_D_runaddr
00010a04   _SWI_D_runaddr
00010a04   _SWI_data
00010a08   SWI_D_execaddr
00010a08   _SWI_D_execaddr
00010a0c   SWI_D_curmask
00010a0c   _SWI_D_curmask
00010a10   SWI_D_curset
00010a10   _SWI_D_curset
00010a14   SWI_D_lock
00010a14   _SWI_D_lock
00010a18   SWI_D_curmbox
00010a1c   SWI_D_curfxn
00010a1c   _SWI_D_curfxn
00010a20   SWI_D_rdybeg
00010a20   _SWI_D_rdybeg
00010a24   SWI_D_inswi
00010a24   _SWI_D_inswi
00010a28   SWI_D_rdytab
00010aa0   _KNL_wFlag
00010aa4   _KNL_wList
00010aa8   _KNL_alarm
00010aac   _KNL_setpri
00010ab0   _KNL_inactive
00010ab4   _KNL_priority
00010ab8   _KNL_set
00010abc   _KNL_curtask
00010ac0   _KNL_prevtask
00010ac4   _KNL_curtime
00010ac8   _KNL_swiptr
00010acc   _KNL_curqueue
00010ad0   _KNL_maxqueue
00010ad4   _KNL_tswitchfxn
00010ad8   _KNL_tcreatefxn
00010adc   _KNL_tdeletefxn
00010ae0   _KNL_treadyfxn
00010ae4   _KNL_idlefxn
00010ae8   _MEM_memtab
00010af4   HST_DSMBUFSEG
00010af4   IRAM
00010af4   MEM_MALLOCSEG
00010af4   MEM_SEGZERO
00010af4   RTDX_DATAMEMSEG
00010af4   _IRAM
00010af4   _SEG0
00010af8   RTA_fromHost$pipe$dtab
00010b04   RTA_toHost$pipe$dtab
00010b10   HWI_D_spsave
00010b10   _HWI_D_spsave
00010b10   _HWI_data
00010b1c   _HWI_D_inhwi
00010b20   HWI_D_bss
00010b24   HWI_D_ccmask
00010b28   LNK_dspFrameRequestMask
00010b28   _LNK_dspFrameRequestMask
00010b2c   LNK_dspFrameReadyMask
00010b2c   _LNK_dspFrameReadyMask
00010b30   LNK_readPend
00010b30   _LNK_readPend
00010b34   LNK_readDone
00010b34   _LNK_readDone
00010b38   LNK_readFail
00010b38   _LNK_readFail
00010b3c   LNK_writeFail
00010b3c   _LNK_writeFail
00010b40   _TSK_nTasks
00010b44   _TSK_pid
00010b48   _TSK
00010b4c   _CLK_DFLTMICROSECS
00010b50   _CLK_D_microseconds
00010b54   _SYS_exitStackPtr
00010b58   _SYS_exitStackTop
00010b5c   _CLK_htimePerLtime
00010b64   IDL_D_busyObj
00010b68   _MEM
00010b6c   _randChar
00010b6d   ___end__
00010b6d   end
00010be0   PRD_A_TABBEG
00010be0   _prdClock0
00010be0   prdClock0
00010bfc   prdClock0$aaa
00010c00   PRD_A_TABEND
00010c00   prdLog0$buf
00011000   GBL_stackbeg
00011000   _HWI_STKTOP
00011000   __stack
000113f8   _HWI_STKBOTTOM
000113ff   GBL_stackend
00011400   __STACK_END
00011400   trace$buf
00011800   ___atexit_func_id__
00011988   _KNL_queues
00011a28   _KNL_dummy
00011a60   _TSK_ATTRS
00011a7c   _TSK_config
00011a9c   _TSK_timerSem
00011abc   _dtors
00011ac0   _OBJ_table
00011af8   _OBJ_segtab
00011b14   __TSK_mutex
00011b3c   __MEM_mutex
00011b64   __new_handler
00011b68   _SYS_exitStack
00011b88   _cl0
00011bbc   __cleanup_ptr
00011bc0   __dtors_ptr
00011bc4   ___TI_enable_exit_profile_output
00011bc8   __lock
00011bcc   __unlock
00011be0   _SYS_PUTCBEG
00011ddf   _SYS_PUTCEND
00011de0   _RTDX_Poll
00011e80   _RTDX_Buffer_Read
00011ee0   _RTDX_Buffer_Initialize
00011f20   _RTDX_Init_RT_Monitor
00011f60   _RTDX_Buffer_Write
00011f80   _RTDX_Final_RT_Monitor
00011fa0   __CIOBUF_
000120cc   TSK_idle
000120cc   _TSK_idle
0001212c   TSK0
0001212c   _TSK0
0001218c   TSK1
0001218c   _TSK1
000121e0   RTA_toHost$buf
000123c0   ___vtbl__Q2_6CLK_zy5Clock
000123d9   prdClock0$sts$maxfmt
000123dc   PIP_A_TABBEG
000123dc   RTA_fromHost$pipe
000123dc   _PIP_A_TABBEG
000123e0   RTA_fromHost$pipe$rd
000123e2   prdClock0$sts$sumfmt
000123eb   prdClock0$sts$avgfmt
000123f6   KNL_swi$sts$maxfmt
000123fe   KNL_swi$sts$sumfmt
00012406   KNL_swi$sts$avgfmt
0001240c   RTA_fromHost$pipe$aaa
00012410   PRD_swi$sts$maxfmt
00012410   RTA_fromHost$pipe$wr
00012418   PRD_swi$sts$sumfmt
00012420   PRD_swi$sts$avgfmt
0001242a   TSK_idle$sts$maxfmt
00012432   TSK_idle$sts$sumfmt
0001243a   TSK_idle$sts$avgfmt
0001243c   RTA_fromHost$pipe$bbb
00012440   RTA_toHost$pipe
00012444   RTA_toHost$pipe$rd
00012444   TSK0$sts$maxfmt
0001244c   TSK0$sts$sumfmt
00012454   TSK0$sts$avgfmt
0001245e   TSK1$sts$maxfmt
00012466   TSK1$sts$sumfmt
0001246e   TSK1$sts$avgfmt
00012470   RTA_toHost$pipe$aaa
00012474   RTA_toHost$pipe$wr
00012478   IDL_busyObj$maxfmt
0001247b   IDL_busyObj$sumfmt
0001247e   IDL_busyObj$avgfmt
000124a0   RTA_toHost$pipe$bbb
000124a4   PIP_A_TABEND
000124a4   STS_A_TABBEG
000124a4   _PIP_A_TABEND
000124a4   _STS_A_TABBEG
000124a4   prdClock0$sts$stsobj
000124a8   prdClock0$sts
000124b4   KNL_swi$sts$stsobj
000124b8   KNL_swi$sts
000124c4   PRD_swi$sts$stsobj
000124c8   PRD_swi$sts
000124d4   TSK_idle$sts$stsobj
000124d8   TSK_idle$sts
000124e4   TSK0$sts$stsobj
000124e8   TSK0$sts
000124f4   TSK1$sts$stsobj
000124f8   CLK_COUNTSPMS
000124f8   CLK_HTIMEPERLTIME
000124f8   CLK_PRD
000124f8   TSK1$sts
000124f8   _CLK_COUNTSPMS
000124f8   _CLK_PRD
00012504   IDL_busyObj$stsobj
00012508   IDL_busyObj
00012508   _IDL_busyObj
00012514   STS_A_TABEND
00012514   _STS_A_TABEND
00012520   _sem0
00012520   sem0
0001254c   _sem1
0001254c   sem1
0001256c   KNL_swi
0001256c   SWI_A_TABBEG
0001256c   _KNL_swi
00012598   PRD_SWIHANDLE
00012598   PRD_swi
00012598   _PRD_swi
000125c4   LOG_A_TABBEG
000125c4   LOG_system
000125c4   SWI_A_TABEND
000125c4   _LOG_A_TABBEG
000125c4   _LOG_system
000125dc   _trace
000125dc   trace
000125f4   _prdLog0
000125f4   prdLog0
0001260c   HST_A_TABBEG
0001260c   LOG_A_TABEND
0001260c   _HST_A_TABBEG
0001260c   _LOG_A_TABEND
00012610   RTA_fromHost
00012610   _RTA_fromHost
00012618   RTA_fromHost$rtdx
0001262c   RTA_toHost
0001262c   _RTA_toHost
00012634   RTA_toHost$rtdx
00012648   HST_A_TABEND
00012648   _HST_A_TABEND
00012668   RTA_fromHost$buf
00012678   IDL_A_TABBEG
00012678   IDL_cpuLoad
00012678   _IDL_cpuLoad
0001267c   LNK_dataPump
0001267c   _LNK_dataPump
00012680   RTA_dispatcher
00012680   _RTA_dispatcher
00012684   IDL_END
00012688   IDL_A_CALBEG
00012688   IDL_cpuLoad$
0001268c   LNK_dataPump$
00012690   RTA_dispatcher$
00012694   IDL_END$
00012698   SYS$config
000126a8   CLK_A_TABBEG
000126a8   PRD_clock
000126a8   _PRD_clock
000126ac   CLK_null
000927c0   CLK_LTIMEMULT
000927c0   GBL_FREQ
01940000   CLK_HIRESREGS
01940000   CLK_REGS
01940000   _CLK_REGS
082039b3   HWI_INTRMULTHIGH
250718a4   HWI_INTRMULTLOW
ffffffff   SDRAM
ffffffff   _SDRAM
ffffffff   ___TI_pprof_out_hndl
ffffffff   ___TI_prof_data_size
ffffffff   ___TI_prof_data_start
ffffffff   ___binit__
ffffffff   ___c_args__
ffffffff   binit

[788 symbols]
