<?xml version="1.0"?>
<link_info>
   <banner>TMS320C6x Linker PC v7.4.4</banner>
   <copyright>Copyright (c) 1996-2013 Texas Instruments Incorporated</copyright>
   <link_time>0x61ca662b</link_time>
   <output_file>tsk6.out</output_file>
   <entry_point>
      <name>_c_int00</name>
      <address>0xeec0</address>
   </entry_point>
   <input_file_list>
      <input_file id="fl-a">
         <path>.\src\</path>
         <kind>object</kind>
         <file>clock.obj</file>
         <name>clock.obj</name>
      </input_file>
      <input_file id="fl-b">
         <path>.\</path>
         <kind>object</kind>
         <file>tsk6cfg_c.obj</file>
         <name>tsk6cfg_c.obj</name>
      </input_file>
      <input_file id="fl-c">
         <path>.\</path>
         <kind>object</kind>
         <file>tsk6cfg.obj</file>
         <name>tsk6cfg.obj</name>
      </input_file>
      <input_file id="fl-d">
         <path>.\</path>
         <kind>object</kind>
         <file>tsk6.obj</file>
         <name>tsk6.obj</name>
      </input_file>
      <input_file id="fl-87">
         <path>C:\ti\bios_5_42_01_09\packages\ti\bios\lib\</path>
         <kind>archive</kind>
         <file>biosC6000.a64</file>
         <name>clk_htime.o64</name>
      </input_file>
      <input_file id="fl-88">
         <path>C:\ti\bios_5_42_01_09\packages\ti\bios\lib\</path>
         <kind>archive</kind>
         <file>bios.a64</file>
         <name>biosdata.o64</name>
      </input_file>
      <input_file id="fl-89">
         <path>C:\ti\bios_5_42_01_09\packages\ti\bios\lib\</path>
         <kind>archive</kind>
         <file>bios.a64</file>
         <name>hwi_disp_asm.o64</name>
      </input_file>
      <input_file id="fl-8a">
         <path>C:\ti\bios_5_42_01_09\packages\ti\bios\lib\</path>
         <kind>archive</kind>
         <file>bios.a64</file>
         <name>idl_stub.o64</name>
      </input_file>
      <input_file id="fl-8b">
         <path>C:\ti\bios_5_42_01_09\packages\ti\bios\lib\</path>
         <kind>archive</kind>
         <file>lnkrtdx.a64</file>
         <name>rtdx.o64</name>
      </input_file>
      <input_file id="fl-8c">
         <path>C:\ti\bios_5_42_01_09\packages\ti\bios\lib\</path>
         <kind>archive</kind>
         <file>bios.a64</file>
         <name>swi.o64</name>
      </input_file>
      <input_file id="fl-8d">
         <path>C:\ti\bios_5_42_01_09\packages\ti\bios\lib\</path>
         <kind>archive</kind>
         <file>bios.a64</file>
         <name>fxn_c.o64</name>
      </input_file>
      <input_file id="fl-8e">
         <path>C:\ti\bios_5_42_01_09\packages\ti\bios\lib\</path>
         <kind>archive</kind>
         <file>bios.a64</file>
         <name>knl_tick.o64</name>
      </input_file>
      <input_file id="fl-8f">
         <path>C:\ti\bios_5_42_01_09\packages\ti\bios\lib\</path>
         <kind>archive</kind>
         <file>bios.a64</file>
         <name>utl_doab.o64</name>
      </input_file>
      <input_file id="fl-90">
         <path>C:\ti\bios_5_42_01_09\packages\ti\bios\lib\</path>
         <kind>archive</kind>
         <file>bios.a64</file>
         <name>utl_doer.o64</name>
      </input_file>
      <input_file id="fl-91">
         <path>C:\ti\bios_5_42_01_09\packages\ti\bios\lib\</path>
         <kind>archive</kind>
         <file>bios.a64</file>
         <name>utl_putc.o64</name>
      </input_file>
      <input_file id="fl-92">
         <path>C:\ti\bios_5_42_01_09\packages\ti\bios\lib\</path>
         <kind>archive</kind>
         <file>bios.a64</file>
         <name>utl_halt.o64</name>
      </input_file>
      <input_file id="fl-93">
         <path>C:\ti\bios_5_42_01_09\packages\ti\bios\lib\</path>
         <kind>archive</kind>
         <file>biosC6000.a64</file>
         <name>clk.o64</name>
      </input_file>
      <input_file id="fl-94">
         <path>C:\ti\bios_5_42_01_09\packages\ti\bios\lib\</path>
         <kind>archive</kind>
         <file>bios.a64</file>
         <name>fxn.o64</name>
      </input_file>
      <input_file id="fl-95">
         <path>C:\ti\bios_5_42_01_09\packages\ti\bios\lib\</path>
         <kind>archive</kind>
         <file>bios.a64</file>
         <name>boot.o64</name>
      </input_file>
      <input_file id="fl-96">
         <path>C:\ti\bios_5_42_01_09\packages\ti\bios\lib\</path>
         <kind>archive</kind>
         <file>bios.a64</file>
         <name>trc.o64</name>
      </input_file>
      <input_file id="fl-97">
         <path>C:\ti\bios_5_42_01_09\packages\ti\bios\lib\</path>
         <kind>archive</kind>
         <file>bios.a64</file>
         <name>hwi.o64</name>
      </input_file>
      <input_file id="fl-98">
         <path>C:\ti\bios_5_42_01_09\packages\ti\bios\lib\</path>
         <kind>archive</kind>
         <file>bios.a64</file>
         <name>idl_busy.o64</name>
      </input_file>
      <input_file id="fl-99">
         <path>C:\ti\bios_5_42_01_09\packages\ti\bios\lib\</path>
         <kind>archive</kind>
         <file>biosC6000.a64</file>
         <name>idl_cal.o64</name>
      </input_file>
      <input_file id="fl-9a">
         <path>C:\ti\bios_5_42_01_09\packages\ti\bios\lib\</path>
         <kind>archive</kind>
         <file>bios.a64</file>
         <name>idl.o64</name>
      </input_file>
      <input_file id="fl-9b">
         <path>C:\ti\bios_5_42_01_09\packages\ti\bios\lib\</path>
         <kind>archive</kind>
         <file>bios.a64</file>
         <name>knl_swit.o64</name>
      </input_file>
      <input_file id="fl-9c">
         <path>C:\ti\bios_5_42_01_09\packages\ti\bios\lib\</path>
         <kind>archive</kind>
         <file>bios.a64</file>
         <name>log.o64</name>
      </input_file>
      <input_file id="fl-9d">
         <path>C:\ti\bios_5_42_01_09\packages\ti\bios\lib\</path>
         <kind>archive</kind>
         <file>bios.a64</file>
         <name>pip.o64</name>
      </input_file>
      <input_file id="fl-9e">
         <path>C:\ti\bios_5_42_01_09\packages\ti\bios\lib\</path>
         <kind>archive</kind>
         <file>bios.a64</file>
         <name>prd.o64</name>
      </input_file>
      <input_file id="fl-9f">
         <path>C:\ti\bios_5_42_01_09\packages\ti\bios\lib\</path>
         <kind>archive</kind>
         <file>bios.a64</file>
         <name>rta.o64</name>
      </input_file>
      <input_file id="fl-a0">
         <path>C:\ti\bios_5_42_01_09\packages\ti\bios\lib\</path>
         <kind>archive</kind>
         <file>bios.a64</file>
         <name>rta_andn.o64</name>
      </input_file>
      <input_file id="fl-a1">
         <path>C:\ti\bios_5_42_01_09\packages\ti\bios\lib\</path>
         <kind>archive</kind>
         <file>bios.a64</file>
         <name>sts.o64</name>
      </input_file>
      <input_file id="fl-a2">
         <path>C:\ti\bios_5_42_01_09\packages\ti\bios\lib\</path>
         <kind>archive</kind>
         <file>bios.a64</file>
         <name>clk_data.o64</name>
      </input_file>
      <input_file id="fl-a3">
         <path>C:\ti\bios_5_42_01_09\packages\ti\bios\lib\</path>
         <kind>archive</kind>
         <file>bios.a64</file>
         <name>clk_data2.o64</name>
      </input_file>
      <input_file id="fl-a4">
         <path>C:\ti\bios_5_42_01_09\packages\ti\bios\lib\</path>
         <kind>archive</kind>
         <file>biosC6000.a64</file>
         <name>clk_meas.o64</name>
      </input_file>
      <input_file id="fl-a5">
         <path>C:\ti\bios_5_42_01_09\packages\ti\bios\lib\</path>
         <kind>archive</kind>
         <file>biosC6000.a64</file>
         <name>clk_start.o64</name>
      </input_file>
      <input_file id="fl-a6">
         <path>C:\ti\bios_5_42_01_09\packages\ti\bios\lib\</path>
         <kind>archive</kind>
         <file>biosC6000.a64</file>
         <name>clk_stop.o64</name>
      </input_file>
      <input_file id="fl-a7">
         <path>C:\ti\bios_5_42_01_09\packages\ti\bios\lib\</path>
         <kind>archive</kind>
         <file>bios.a64</file>
         <name>gbl_cslcacheinit64.o64</name>
      </input_file>
      <input_file id="fl-a8">
         <path>C:\ti\bios_5_42_01_09\packages\ti\bios\lib\</path>
         <kind>archive</kind>
         <file>bios.a64</file>
         <name>gbl_vers.o64</name>
      </input_file>
      <input_file id="fl-a9">
         <path>C:\ti\bios_5_42_01_09\packages\ti\bios\lib\</path>
         <kind>archive</kind>
         <file>bios.a64</file>
         <name>hwi_c.o64</name>
      </input_file>
      <input_file id="fl-aa">
         <path>C:\ti\bios_5_42_01_09\packages\ti\bios\lib\</path>
         <kind>archive</kind>
         <file>bios.a64</file>
         <name>knl.o64</name>
      </input_file>
      <input_file id="fl-ab">
         <path>C:\ti\bios_5_42_01_09\packages\ti\bios\lib\</path>
         <kind>archive</kind>
         <file>bios.a64</file>
         <name>knl_exit.o64</name>
      </input_file>
      <input_file id="fl-ac">
         <path>C:\ti\bios_5_42_01_09\packages\ti\bios\lib\</path>
         <kind>archive</kind>
         <file>bios.a64</file>
         <name>knl_chec.o64</name>
      </input_file>
      <input_file id="fl-ad">
         <path>C:\ti\bios_5_42_01_09\packages\ti\bios\lib\</path>
         <kind>archive</kind>
         <file>bios.a64</file>
         <name>knl_post.o64</name>
      </input_file>
      <input_file id="fl-ae">
         <path>C:\ti\bios_5_42_01_09\packages\ti\bios\lib\</path>
         <kind>archive</kind>
         <file>bios.a64</file>
         <name>knl_ipos.o64</name>
      </input_file>
      <input_file id="fl-af">
         <path>C:\ti\bios_5_42_01_09\packages\ti\bios\lib\</path>
         <kind>archive</kind>
         <file>bios.a64</file>
         <name>knl_run.o64</name>
      </input_file>
      <input_file id="fl-b0">
         <path>C:\ti\bios_5_42_01_09\packages\ti\bios\lib\</path>
         <kind>archive</kind>
         <file>bios.a64</file>
         <name>log_printf.o64</name>
      </input_file>
      <input_file id="fl-b1">
         <path>C:\ti\bios_5_42_01_09\packages\ti\bios\lib\</path>
         <kind>archive</kind>
         <file>bios.a64</file>
         <name>mem_asm.o64</name>
      </input_file>
      <input_file id="fl-b2">
         <path>C:\ti\bios_5_42_01_09\packages\ti\bios\lib\</path>
         <kind>archive</kind>
         <file>bios.a64</file>
         <name>mem_init.o64</name>
      </input_file>
      <input_file id="fl-b3">
         <path>C:\ti\bios_5_42_01_09\packages\ti\bios\lib\</path>
         <kind>archive</kind>
         <file>bios.a64</file>
         <name>obj_init.o64</name>
      </input_file>
      <input_file id="fl-b4">
         <path>C:\ti\bios_5_42_01_09\packages\ti\rtdx\lib\c6000\</path>
         <kind>archive</kind>
         <file>rtdxsim.lib</file>
         <name>simbuf.o62</name>
      </input_file>
      <input_file id="fl-b5">
         <path>C:\ti\bios_5_42_01_09\packages\ti\rtdx\lib\c6000\</path>
         <kind>archive</kind>
         <file>rtdxsim.lib</file>
         <name>sim_mon.o62</name>
      </input_file>
      <input_file id="fl-b6">
         <path>C:\ti\bios_5_42_01_09\packages\ti\bios\lib\</path>
         <kind>archive</kind>
         <file>bios.a64</file>
         <name>sem_pend_binary.o64</name>
      </input_file>
      <input_file id="fl-b7">
         <path>C:\ti\bios_5_42_01_09\packages\ti\bios\lib\</path>
         <kind>archive</kind>
         <file>bios.a64</file>
         <name>sem_pend.o64</name>
      </input_file>
      <input_file id="fl-b8">
         <path>C:\ti\bios_5_42_01_09\packages\ti\bios\lib\</path>
         <kind>archive</kind>
         <file>bios.a64</file>
         <name>sem_post_asm.o64</name>
      </input_file>
      <input_file id="fl-b9">
         <path>C:\ti\bios_5_42_01_09\packages\ti\bios\lib\</path>
         <kind>archive</kind>
         <file>bios.a64</file>
         <name>sem_post.o64</name>
      </input_file>
      <input_file id="fl-ba">
         <path>C:\ti\bios_5_42_01_09\packages\ti\bios\lib\</path>
         <kind>archive</kind>
         <file>bios.a64</file>
         <name>sts_set.o64</name>
      </input_file>
      <input_file id="fl-bb">
         <path>C:\ti\bios_5_42_01_09\packages\ti\bios\lib\</path>
         <kind>archive</kind>
         <file>bios.a64</file>
         <name>tsk.o64</name>
      </input_file>
      <input_file id="fl-bc">
         <path>C:\ti\bios_5_42_01_09\packages\ti\bios\lib\</path>
         <kind>archive</kind>
         <file>bios.a64</file>
         <name>tsk_exit.o64</name>
      </input_file>
      <input_file id="fl-bd">
         <path>C:\ti\bios_5_42_01_09\packages\ti\bios\lib\</path>
         <kind>archive</kind>
         <file>bios.a64</file>
         <name>sys_exit.o64</name>
      </input_file>
      <input_file id="fl-be">
         <path>C:\ti\bios_5_42_01_09\packages\ti\bios\lib\</path>
         <kind>archive</kind>
         <file>bios.a64</file>
         <name>sys.o64</name>
      </input_file>
      <input_file id="fl-bf">
         <path>C:\ti\bios_5_42_01_09\packages\ti\bios\lib\</path>
         <kind>archive</kind>
         <file>bios.a64</file>
         <name>tsk_init.o64</name>
      </input_file>
      <input_file id="fl-c0">
         <path>C:\ti\bios_5_42_01_09\packages\ti\bios\lib\</path>
         <kind>archive</kind>
         <file>bios.a64</file>
         <name>tsk_setu.o64</name>
      </input_file>
      <input_file id="fl-c1">
         <path>C:\ti\bios_5_42_01_09\packages\ti\bios\lib\</path>
         <kind>archive</kind>
         <file>bios.a64</file>
         <name>tsk_stup.o64</name>
      </input_file>
      <input_file id="fl-c2">
         <path>C:\ti\bios_5_42_01_09\packages\ti\bios\lib\</path>
         <kind>archive</kind>
         <file>bios.a64</file>
         <name>lck.o64</name>
      </input_file>
      <input_file id="fl-c3">
         <path>C:\ti\bios_5_42_01_09\packages\ti\bios\lib\</path>
         <kind>archive</kind>
         <file>bios.a64</file>
         <name>sem_pend_counting.o64</name>
      </input_file>
      <input_file id="fl-c4">
         <path>C:\ti\bios_5_42_01_09\packages\ti\bios\lib\</path>
         <kind>archive</kind>
         <file>bios.a64</file>
         <name>sys_abor.o64</name>
      </input_file>
      <input_file id="fl-c5">
         <path>C:\ti\bios_5_42_01_09\packages\ti\bios\lib\</path>
         <kind>archive</kind>
         <file>bios.a64</file>
         <name>gbl_setL2CacheMode.o64</name>
      </input_file>
      <input_file id="fl-c6">
         <path>C:\ti\bios_5_42_01_09\packages\ti\bios\lib\</path>
         <kind>archive</kind>
         <file>bios.a64</file>
         <name>sem_dopo.o64</name>
      </input_file>
      <input_file id="fl-c7">
         <path>C:\ti\ccsv5\tools\compiler\c6000_7.4.4\lib\</path>
         <kind>archive</kind>
         <file>rts6400.lib</file>
         <name>sinit.obj</name>
      </input_file>
      <input_file id="fl-c8">
         <path>C:\ti\ccsv5\tools\compiler\c6000_7.4.4\lib\</path>
         <kind>archive</kind>
         <file>rts6400.lib</file>
         <name>atexit.obj</name>
      </input_file>
      <input_file id="fl-c9">
         <path>C:\ti\ccsv5\tools\compiler\c6000_7.4.4\lib\</path>
         <kind>archive</kind>
         <file>rts6400.lib</file>
         <name>delete.obj</name>
      </input_file>
      <input_file id="fl-ca">
         <path>C:\ti\ccsv5\tools\compiler\c6000_7.4.4\lib\</path>
         <kind>archive</kind>
         <file>rts6400.lib</file>
         <name>new_.obj</name>
      </input_file>
      <input_file id="fl-cb">
         <path>C:\ti\ccsv5\tools\compiler\c6000_7.4.4\lib\</path>
         <kind>archive</kind>
         <file>rts6400.lib</file>
         <name>newhandler.obj</name>
      </input_file>
      <input_file id="fl-cc">
         <path>C:\ti\bios_5_42_01_09\packages\ti\bios\lib\</path>
         <kind>archive</kind>
         <file>bios.a64</file>
         <name>autoinit.o64</name>
      </input_file>
      <input_file id="fl-cd">
         <path>C:\ti\ccsv5\tools\compiler\c6000_7.4.4\lib\</path>
         <kind>archive</kind>
         <file>rts6400.lib</file>
         <name>exit.obj</name>
      </input_file>
      <input_file id="fl-ce">
         <path>C:\ti\ccsv5\tools\compiler\c6000_7.4.4\lib\</path>
         <kind>archive</kind>
         <file>rts6400.lib</file>
         <name>_lock.obj</name>
      </input_file>
      <input_file id="fl-cf">
         <path>C:\ti\ccsv5\tools\compiler\c6000_7.4.4\lib\</path>
         <kind>archive</kind>
         <file>rts6400.lib</file>
         <name>vars.obj</name>
      </input_file>
      <input_file id="fl-d0">
         <path>C:\ti\ccsv5\tools\compiler\c6000_7.4.4\lib\</path>
         <kind>archive</kind>
         <file>rts6400.lib</file>
         <name>remi.obj</name>
      </input_file>
      <input_file id="fl-d1">
         <path>C:\ti\bios_5_42_01_09\packages\ti\bios\lib\</path>
         <kind>archive</kind>
         <file>bios.a64</file>
         <name>malloc.o64</name>
      </input_file>
      <input_file id="fl-d2">
         <path>C:\ti\bios_5_42_01_09\packages\ti\bios\lib\</path>
         <kind>archive</kind>
         <file>bios.a64</file>
         <name>mem_allo.o64</name>
      </input_file>
      <input_file id="fl-d3">
         <path>C:\ti\bios_5_42_01_09\packages\ti\bios\lib\</path>
         <kind>archive</kind>
         <file>bios.a64</file>
         <name>mem_free.o64</name>
      </input_file>
      <input_file id="fl-d4">
         <path>C:\ti\bios_5_42_01_09\packages\ti\bios\lib\</path>
         <kind>archive</kind>
         <file>bios.a64</file>
         <name>sys_erro.o64</name>
      </input_file>
      <input_file id="fl-d5">
         <path>C:\ti\ccsv5\tools\compiler\c6000_7.4.4\lib\</path>
         <kind>archive</kind>
         <file>rts6400.lib</file>
         <name>memcpy64.obj</name>
      </input_file>
      <input_file id="fl-d6">
         <path>C:\ti\ccsv5\tools\compiler\c6000_7.4.4\lib\</path>
         <kind>archive</kind>
         <file>rts6400.lib</file>
         <name>memset.obj</name>
      </input_file>
      <input_file id="fl-d7">
         <path>C:\ti\ccsv5\tools\compiler\c6000_7.4.4\lib\</path>
         <kind>archive</kind>
         <file>rts6400.lib</file>
         <name>rand.obj</name>
      </input_file>
      <input_file id="fl-d8">
         <path>C:\ti\ccsv5\tools\compiler\c6000_7.4.4\lib\</path>
         <kind>archive</kind>
         <file>rts6400.lib</file>
         <name>time.obj</name>
      </input_file>
      <input_file id="fl-d9">
         <path>C:\ti\ccsv5\tools\compiler\c6000_7.4.4\lib\</path>
         <kind>archive</kind>
         <file>rts6400.lib</file>
         <name>trgdrv.obj</name>
      </input_file>
      <input_file id="fl-da">
         <path>C:\ti\ccsv5\tools\compiler\c6000_7.4.4\lib\</path>
         <kind>archive</kind>
         <file>rts6400.lib</file>
         <name>trgmsg.obj</name>
      </input_file>
   </input_file_list>
   <object_component_list>
      <object_component id="oc-73">
         <name>.vers</name>
         <load_address>0x0</load_address>
         <run_address>0x0</run_address>
         <size>0x3c</size>
         <input_file_ref idref="fl-c"/>
      </object_component>
      <object_component id="oc-5d">
         <name>.clk</name>
         <uninitialized>true</uninitialized>
         <run_address>0x126a8</run_address>
         <size>0x8</size>
         <input_file_ref idref="fl-c"/>
      </object_component>
      <object_component id="oc-5e">
         <name>.prd</name>
         <uninitialized>true</uninitialized>
         <run_address>0x10be0</run_address>
         <size>0x20</size>
         <input_file_ref idref="fl-c"/>
      </object_component>
      <object_component id="oc-7">
         <name>HWI_A_VECS</name>
         <load_address>0x0</load_address>
         <run_address>0x0</run_address>
         <size>0x0</size>
      </object_component>
      <object_component id="oc-65">
         <name>.hwi_vec</name>
         <load_address>0x0</load_address>
         <run_address>0x0</run_address>
         <size>0x200</size>
         <input_file_ref idref="fl-c"/>
      </object_component>
      <object_component id="oc-66">
         <name>.swi</name>
         <uninitialized>true</uninitialized>
         <run_address>0x1256c</run_address>
         <size>0x58</size>
         <input_file_ref idref="fl-c"/>
      </object_component>
      <object_component id="oc-67">
         <name>.tsk</name>
         <uninitialized>true</uninitialized>
         <run_address>0x120c0</run_address>
         <size>0x120</size>
         <input_file_ref idref="fl-c"/>
      </object_component>
      <object_component id="oc-6c">
         <name>.idl</name>
         <uninitialized>true</uninitialized>
         <run_address>0x12678</run_address>
         <size>0x10</size>
         <input_file_ref idref="fl-c"/>
      </object_component>
      <object_component id="oc-6b">
         <name>.idlcal</name>
         <uninitialized>true</uninitialized>
         <run_address>0x12688</run_address>
         <size>0x10</size>
         <input_file_ref idref="fl-c"/>
      </object_component>
      <object_component id="oc-49">
         <name>.bss</name>
         <uninitialized>true</uninitialized>
         <run_address>0x10ae8</run_address>
         <size>0x28</size>
         <input_file_ref idref="fl-c"/>
      </object_component>
      <object_component id="oc-77">
         <name>.bss</name>
         <uninitialized>true</uninitialized>
         <run_address>0x10b6c</run_address>
         <size>0x1</size>
         <input_file_ref idref="fl-d"/>
      </object_component>
      <object_component id="oc-83">
         <name>.bss</name>
         <uninitialized>true</uninitialized>
         <run_address>0x10938</run_address>
         <size>0xcc</size>
         <input_file_ref idref="fl-88"/>
      </object_component>
      <object_component id="oc-85">
         <name>.bss</name>
         <uninitialized>true</uninitialized>
         <run_address>0x10838</run_address>
         <size>0x100</size>
         <input_file_ref idref="fl-89"/>
      </object_component>
      <object_component id="oc-8c">
         <name>.bss</name>
         <uninitialized>true</uninitialized>
         <run_address>0x10b28</run_address>
         <size>0x18</size>
         <input_file_ref idref="fl-8b"/>
      </object_component>
      <object_component id="oc-92">
         <name>.bss</name>
         <uninitialized>true</uninitialized>
         <run_address>0x10a04</run_address>
         <size>0x9c</size>
         <input_file_ref idref="fl-8c"/>
      </object_component>
      <object_component id="oc-bd">
         <name>.bss</name>
         <uninitialized>true</uninitialized>
         <run_address>0x10b10</run_address>
         <size>0x18</size>
         <input_file_ref idref="fl-97"/>
      </object_component>
      <object_component id="oc-bf">
         <name>.bss</name>
         <uninitialized>true</uninitialized>
         <run_address>0x10b64</run_address>
         <size>0x4</size>
         <input_file_ref idref="fl-98"/>
      </object_component>
      <object_component id="oc-eb">
         <name>.bss</name>
         <uninitialized>true</uninitialized>
         <run_address>0x10b4c</run_address>
         <size>0x8</size>
         <input_file_ref idref="fl-a2"/>
      </object_component>
      <object_component id="oc-ee">
         <name>.bss</name>
         <uninitialized>true</uninitialized>
         <run_address>0x10b5c</run_address>
         <size>0x4</size>
         <input_file_ref idref="fl-a3"/>
      </object_component>
      <object_component id="oc-109">
         <name>.bss</name>
         <uninitialized>true</uninitialized>
         <run_address>0x10aa0</run_address>
         <size>0x48</size>
         <input_file_ref idref="fl-aa"/>
      </object_component>
      <object_component id="oc-126">
         <name>.bss</name>
         <uninitialized>true</uninitialized>
         <run_address>0x10b68</run_address>
         <size>0x4</size>
         <input_file_ref idref="fl-b1"/>
      </object_component>
      <object_component id="oc-14f">
         <name>.bss</name>
         <uninitialized>true</uninitialized>
         <run_address>0x10b40</run_address>
         <size>0xc</size>
         <input_file_ref idref="fl-bb"/>
      </object_component>
      <object_component id="oc-15d">
         <name>.bss</name>
         <uninitialized>true</uninitialized>
         <run_address>0x10b54</run_address>
         <size>0x8</size>
         <input_file_ref idref="fl-be"/>
      </object_component>
      <object_component id="oc-17e">
         <name>.bss</name>
         <uninitialized>true</uninitialized>
         <run_address>0x10b60</run_address>
         <size>0x4</size>
         <input_file_ref idref="fl-c5"/>
      </object_component>
      <object_component id="oc-7a">
         <name>.far</name>
         <uninitialized>true</uninitialized>
         <run_address>0x11b88</run_address>
         <size>0x18</size>
         <input_file_ref idref="fl-d"/>
      </object_component>
      <object_component id="oc-9c">
         <name>.far</name>
         <uninitialized>true</uninitialized>
         <run_address>0x11ba0</run_address>
         <size>0x10</size>
         <input_file_ref idref="fl-8e"/>
      </object_component>
      <object_component id="oc-a9">
         <name>.far</name>
         <uninitialized>true</uninitialized>
         <run_address>0x11bb0</run_address>
         <size>0xc</size>
         <input_file_ref idref="fl-91"/>
      </object_component>
      <object_component id="oc-10c">
         <name>.far</name>
         <uninitialized>true</uninitialized>
         <run_address>0x11988</run_address>
         <size>0xd8</size>
         <input_file_ref idref="fl-aa"/>
      </object_component>
      <object_component id="oc-12d">
         <name>.far</name>
         <uninitialized>true</uninitialized>
         <run_address>0x11ac0</run_address>
         <size>0x54</size>
         <input_file_ref idref="fl-b3"/>
      </object_component>
      <object_component id="oc-152">
         <name>.far</name>
         <uninitialized>true</uninitialized>
         <run_address>0x11a60</run_address>
         <size>0x5c</size>
         <input_file_ref idref="fl-bb"/>
      </object_component>
      <object_component id="oc-160">
         <name>.far</name>
         <uninitialized>true</uninitialized>
         <run_address>0x11b68</run_address>
         <size>0x20</size>
         <input_file_ref idref="fl-be"/>
      </object_component>
      <object_component id="oc-16d">
         <name>.far</name>
         <uninitialized>true</uninitialized>
         <run_address>0x11b14</run_address>
         <size>0x50</size>
         <input_file_ref idref="fl-c1"/>
      </object_component>
      <object_component id="oc-18a">
         <name>.far</name>
         <uninitialized>true</uninitialized>
         <run_address>0x11abc</run_address>
         <size>0x4</size>
         <input_file_ref idref="fl-c7"/>
      </object_component>
      <object_component id="oc-18f">
         <name>.far</name>
         <uninitialized>true</uninitialized>
         <run_address>0x11800</run_address>
         <size>0x188</size>
         <input_file_ref idref="fl-c8"/>
      </object_component>
      <object_component id="oc-1a1">
         <name>.far</name>
         <uninitialized>true</uninitialized>
         <run_address>0x11bbc</run_address>
         <size>0xc</size>
         <input_file_ref idref="fl-cd"/>
      </object_component>
      <object_component id="oc-1a6">
         <name>.far</name>
         <uninitialized>true</uninitialized>
         <run_address>0x11bc8</run_address>
         <size>0x8</size>
         <input_file_ref idref="fl-ce"/>
      </object_component>
      <object_component id="oc-1ab">
         <name>.far</name>
         <uninitialized>true</uninitialized>
         <run_address>0x11b64</run_address>
         <size>0x4</size>
         <input_file_ref idref="fl-cf"/>
      </object_component>
      <object_component id="oc-1ca">
         <name>.far</name>
         <uninitialized>true</uninitialized>
         <run_address>0x11bd0</run_address>
         <size>0x8</size>
         <input_file_ref idref="fl-d7"/>
      </object_component>
      <object_component id="oc-1d1">
         <name>.far</name>
         <uninitialized>true</uninitialized>
         <run_address>0x11bd8</run_address>
         <size>0x8</size>
         <input_file_ref idref="fl-d9"/>
      </object_component>
      <object_component id="oc-71">
         <name>.sem</name>
         <uninitialized>true</uninitialized>
         <run_address>0x12514</run_address>
         <size>0x58</size>
         <input_file_ref idref="fl-c"/>
      </object_component>
      <object_component id="oc-59">
         <name>.mem</name>
         <uninitialized>true</uninitialized>
         <run_address>0x126b0</run_address>
         <size>0x4</size>
         <input_file_ref idref="fl-c"/>
      </object_component>
      <object_component id="oc-8e">
         <name>.bios</name>
         <load_address>0x8200</load_address>
         <run_address>0x8200</run_address>
         <size>0x600</size>
         <input_file_ref idref="fl-8b"/>
      </object_component>
      <object_component id="oc-181">
         <name>.bios</name>
         <load_address>0x8800</load_address>
         <run_address>0x8800</run_address>
         <size>0x5e0</size>
         <input_file_ref idref="fl-c5"/>
      </object_component>
      <object_component id="oc-48">
         <name>.bios</name>
         <load_address>0x8de0</load_address>
         <run_address>0x8de0</run_address>
         <size>0x4e0</size>
         <input_file_ref idref="fl-8c"/>
      </object_component>
      <object_component id="oc-fe">
         <name>.bios</name>
         <load_address>0x92c0</load_address>
         <run_address>0x92c0</run_address>
         <size>0x460</size>
         <input_file_ref idref="fl-a7"/>
      </object_component>
      <object_component id="oc-4a">
         <name>.bios</name>
         <load_address>0x9720</load_address>
         <run_address>0x9720</run_address>
         <size>0x460</size>
         <input_file_ref idref="fl-89"/>
      </object_component>
      <object_component id="oc-da">
         <name>.bios</name>
         <load_address>0x9b80</load_address>
         <run_address>0x9b80</run_address>
         <size>0x3a0</size>
         <input_file_ref idref="fl-9e"/>
      </object_component>
      <object_component id="oc-1b1">
         <name>.bios</name>
         <load_address>0x9f20</load_address>
         <run_address>0x9f20</run_address>
         <size>0x360</size>
         <input_file_ref idref="fl-d1"/>
      </object_component>
      <object_component id="oc-df">
         <name>.bios</name>
         <load_address>0xa280</load_address>
         <run_address>0xa280</run_address>
         <size>0x2c0</size>
         <input_file_ref idref="fl-9f"/>
      </object_component>
      <object_component id="oc-11f">
         <name>.bios</name>
         <load_address>0xa540</load_address>
         <run_address>0xa540</run_address>
         <size>0x280</size>
         <input_file_ref idref="fl-af"/>
      </object_component>
      <object_component id="oc-140">
         <name>.bios</name>
         <load_address>0xa7c0</load_address>
         <run_address>0xa7c0</run_address>
         <size>0x260</size>
         <input_file_ref idref="fl-b7"/>
      </object_component>
      <object_component id="oc-1ba">
         <name>.bios:.near</name>
         <load_address>0xaa20</load_address>
         <run_address>0xaa20</run_address>
         <size>0x240</size>
         <input_file_ref idref="fl-d3"/>
      </object_component>
      <object_component id="oc-d6">
         <name>.bios</name>
         <load_address>0xac60</load_address>
         <run_address>0xac60</run_address>
         <size>0x240</size>
         <input_file_ref idref="fl-9d"/>
      </object_component>
      <object_component id="oc-1b5">
         <name>.bios:.near</name>
         <load_address>0xaea0</load_address>
         <run_address>0xaea0</run_address>
         <size>0x220</size>
         <input_file_ref idref="fl-d2"/>
      </object_component>
      <object_component id="oc-4d">
         <name>.bios</name>
         <load_address>0xb0c0</load_address>
         <run_address>0xb0c0</run_address>
         <size>0x220</size>
         <input_file_ref idref="fl-8e"/>
      </object_component>
      <object_component id="oc-185">
         <name>.bios</name>
         <load_address>0xb2e0</load_address>
         <run_address>0xb2e0</run_address>
         <size>0x1e0</size>
         <input_file_ref idref="fl-c6"/>
      </object_component>
      <object_component id="oc-167">
         <name>.bios</name>
         <load_address>0xb4c0</load_address>
         <run_address>0xb4c0</run_address>
         <size>0x1c0</size>
         <input_file_ref idref="fl-c0"/>
      </object_component>
      <object_component id="oc-af">
         <name>.bios</name>
         <load_address>0xb680</load_address>
         <run_address>0xb680</run_address>
         <size>0x1c0</size>
         <input_file_ref idref="fl-93"/>
      </object_component>
      <object_component id="oc-ce">
         <name>.bios</name>
         <load_address>0xb840</load_address>
         <run_address>0xb840</run_address>
         <size>0x1a0</size>
         <input_file_ref idref="fl-9b"/>
      </object_component>
      <object_component id="oc-19c">
         <name>.bios</name>
         <load_address>0xb9e0</load_address>
         <run_address>0xb9e0</run_address>
         <size>0x160</size>
         <input_file_ref idref="fl-cc"/>
      </object_component>
      <object_component id="oc-156">
         <name>.bios</name>
         <load_address>0xbb40</load_address>
         <run_address>0xbb40</run_address>
         <size>0x160</size>
         <input_file_ref idref="fl-bc"/>
      </object_component>
      <object_component id="oc-16e">
         <name>.bios</name>
         <load_address>0xbca0</load_address>
         <run_address>0xbca0</run_address>
         <size>0x140</size>
         <input_file_ref idref="fl-c1"/>
      </object_component>
      <object_component id="oc-112">
         <name>.bios</name>
         <load_address>0xbde0</load_address>
         <run_address>0xbde0</run_address>
         <size>0x120</size>
         <input_file_ref idref="fl-ac"/>
      </object_component>
      <object_component id="oc-143">
         <name>.bios</name>
         <load_address>0xbf00</load_address>
         <run_address>0xbf00</run_address>
         <size>0xe0</size>
         <input_file_ref idref="fl-b8"/>
      </object_component>
      <object_component id="oc-f1">
         <name>.bios</name>
         <load_address>0xbfe0</load_address>
         <run_address>0xbfe0</run_address>
         <size>0xe0</size>
         <input_file_ref idref="fl-a4"/>
      </object_component>
      <object_component id="oc-10f">
         <name>.bios</name>
         <load_address>0xc0c0</load_address>
         <run_address>0xc0c0</run_address>
         <size>0xc0</size>
         <input_file_ref idref="fl-ab"/>
      </object_component>
      <object_component id="oc-4b">
         <name>.bios</name>
         <load_address>0xc180</load_address>
         <run_address>0xc180</run_address>
         <size>0xc0</size>
         <input_file_ref idref="fl-87"/>
      </object_component>
      <object_component id="oc-11b">
         <name>.bios</name>
         <load_address>0xc240</load_address>
         <run_address>0xc240</run_address>
         <size>0xa0</size>
         <input_file_ref idref="fl-ae"/>
      </object_component>
      <object_component id="oc-117">
         <name>.bios</name>
         <load_address>0xc2e0</load_address>
         <run_address>0xc2e0</run_address>
         <size>0xa0</size>
         <input_file_ref idref="fl-ad"/>
      </object_component>
      <object_component id="oc-173">
         <name>.bios</name>
         <load_address>0xc380</load_address>
         <run_address>0xc380</run_address>
         <size>0xa0</size>
         <input_file_ref idref="fl-c2"/>
      </object_component>
      <object_component id="oc-148">
         <name>.bios</name>
         <load_address>0xc420</load_address>
         <run_address>0xc420</run_address>
         <size>0xa0</size>
         <input_file_ref idref="fl-b9"/>
      </object_component>
      <object_component id="oc-15a">
         <name>.bios</name>
         <load_address>0xc4c0</load_address>
         <run_address>0xc4c0</run_address>
         <size>0xa0</size>
         <input_file_ref idref="fl-bd"/>
      </object_component>
      <object_component id="oc-b3">
         <name>.bios</name>
         <load_address>0xc560</load_address>
         <run_address>0xc560</run_address>
         <size>0x80</size>
         <input_file_ref idref="fl-94"/>
      </object_component>
      <object_component id="oc-c1">
         <name>.bios</name>
         <load_address>0xc5e0</load_address>
         <run_address>0xc5e0</run_address>
         <size>0x80</size>
         <input_file_ref idref="fl-98"/>
      </object_component>
      <object_component id="oc-d2">
         <name>.bios</name>
         <load_address>0xc660</load_address>
         <run_address>0xc660</run_address>
         <size>0x80</size>
         <input_file_ref idref="fl-9c"/>
      </object_component>
      <object_component id="oc-e7">
         <name>.bios</name>
         <load_address>0xc6e0</load_address>
         <run_address>0xc6e0</run_address>
         <size>0x80</size>
         <input_file_ref idref="fl-a1"/>
      </object_component>
      <object_component id="oc-c5">
         <name>.bios</name>
         <load_address>0xc760</load_address>
         <run_address>0xc760</run_address>
         <size>0x80</size>
         <input_file_ref idref="fl-99"/>
      </object_component>
      <object_component id="oc-1bf">
         <name>.bios:.near</name>
         <load_address>0xc7e0</load_address>
         <run_address>0xc7e0</run_address>
         <size>0x60</size>
         <input_file_ref idref="fl-d4"/>
      </object_component>
      <object_component id="oc-105">
         <name>.bios</name>
         <load_address>0xc840</load_address>
         <run_address>0xc840</run_address>
         <size>0x60</size>
         <input_file_ref idref="fl-a9"/>
      </object_component>
      <object_component id="oc-13b">
         <name>.bios</name>
         <load_address>0xc8a0</load_address>
         <run_address>0xc8a0</run_address>
         <size>0x60</size>
         <input_file_ref idref="fl-b6"/>
      </object_component>
      <object_component id="oc-176">
         <name>.bios</name>
         <load_address>0xc900</load_address>
         <run_address>0xc900</run_address>
         <size>0x60</size>
         <input_file_ref idref="fl-c3"/>
      </object_component>
      <object_component id="oc-17b">
         <name>.bios</name>
         <load_address>0xc960</load_address>
         <run_address>0xc960</run_address>
         <size>0x60</size>
         <input_file_ref idref="fl-c4"/>
      </object_component>
      <object_component id="oc-4c">
         <name>.bios</name>
         <load_address>0xc9c0</load_address>
         <run_address>0xc9c0</run_address>
         <size>0x60</size>
         <input_file_ref idref="fl-91"/>
      </object_component>
      <object_component id="oc-f5">
         <name>.bios</name>
         <load_address>0xca20</load_address>
         <run_address>0xca20</run_address>
         <size>0x60</size>
         <input_file_ref idref="fl-a5"/>
      </object_component>
      <object_component id="oc-46">
         <name>.bios</name>
         <load_address>0xca80</load_address>
         <run_address>0xca80</run_address>
         <size>0x40</size>
         <input_file_ref idref="fl-8a"/>
      </object_component>
      <object_component id="oc-e3">
         <name>.bios</name>
         <load_address>0xcac0</load_address>
         <run_address>0xcac0</run_address>
         <size>0x40</size>
         <input_file_ref idref="fl-a0"/>
      </object_component>
      <object_component id="oc-45">
         <name>.bios</name>
         <load_address>0xcb00</load_address>
         <run_address>0xcb00</run_address>
         <size>0x40</size>
         <input_file_ref idref="fl-8f"/>
      </object_component>
      <object_component id="oc-f9">
         <name>.bios</name>
         <load_address>0xcb40</load_address>
         <run_address>0xcb40</run_address>
         <size>0x40</size>
         <input_file_ref idref="fl-a6"/>
      </object_component>
      <object_component id="oc-50">
         <name>.bios</name>
         <load_address>0xcb80</load_address>
         <run_address>0xcb80</run_address>
         <size>0x20</size>
         <input_file_ref idref="fl-8d"/>
      </object_component>
      <object_component id="oc-101">
         <name>.bios</name>
         <load_address>0xcba0</load_address>
         <run_address>0xcba0</run_address>
         <size>0x20</size>
         <input_file_ref idref="fl-a8"/>
      </object_component>
      <object_component id="oc-c9">
         <name>.bios</name>
         <load_address>0xcbc0</load_address>
         <run_address>0xcbc0</run_address>
         <size>0x20</size>
         <input_file_ref idref="fl-9a"/>
      </object_component>
      <object_component id="oc-122">
         <name>.bios</name>
         <load_address>0xcbe0</load_address>
         <run_address>0xcbe0</run_address>
         <size>0x20</size>
         <input_file_ref idref="fl-b0"/>
      </object_component>
      <object_component id="oc-14b">
         <name>.bios</name>
         <load_address>0xcc00</load_address>
         <run_address>0xcc00</run_address>
         <size>0x20</size>
         <input_file_ref idref="fl-ba"/>
      </object_component>
      <object_component id="oc-4f">
         <name>.bios</name>
         <load_address>0xcc20</load_address>
         <run_address>0xcc20</run_address>
         <size>0x20</size>
         <input_file_ref idref="fl-90"/>
      </object_component>
      <object_component id="oc-4e">
         <name>.bios</name>
         <load_address>0xcc40</load_address>
         <run_address>0xcc40</run_address>
         <size>0x20</size>
         <input_file_ref idref="fl-92"/>
      </object_component>
      <object_component id="oc-1d5">
         <name>.cio</name>
         <uninitialized>true</uninitialized>
         <run_address>0x11fa0</run_address>
         <size>0x120</size>
         <input_file_ref idref="fl-da"/>
      </object_component>
      <object_component id="oc-138">
         <name>.pinit</name>
         <load_address>0xdd64</load_address>
         <run_address>0xdd64</run_address>
         <size>0x4</size>
         <input_file_ref idref="fl-b5"/>
      </object_component>
      <object_component id="oc-134">
         <name>.pinit</name>
         <load_address>0xdd68</load_address>
         <run_address>0xdd68</run_address>
         <size>0x4</size>
         <input_file_ref idref="fl-b4"/>
      </object_component>
      <object_component id="oc-7b">
         <name>.pinit</name>
         <load_address>0xdd6c</load_address>
         <run_address>0xdd6c</run_address>
         <size>0x4</size>
         <input_file_ref idref="fl-d"/>
      </object_component>
      <object_component id="oc-5c">
         <name>.sys</name>
         <uninitialized>true</uninitialized>
         <run_address>0x12698</run_address>
         <size>0x10</size>
         <input_file_ref idref="fl-c"/>
      </object_component>
      <object_component id="oc-1d8">
         <name>.text</name>
         <load_address>0xdd80</load_address>
         <run_address>0xdd80</run_address>
         <size>0x1e0</size>
         <input_file_ref idref="fl-d"/>
      </object_component>
      <object_component id="oc-1da">
         <name>.text</name>
         <load_address>0xdf60</load_address>
         <run_address>0xdf60</run_address>
         <size>0x140</size>
         <input_file_ref idref="fl-a"/>
      </object_component>
      <object_component id="oc-1f1">
         <name>.text:_call_dtors</name>
         <load_address>0xe0a0</load_address>
         <run_address>0xe0a0</run_address>
         <size>0x120</size>
         <input_file_ref idref="fl-c7"/>
      </object_component>
      <object_component id="oc-1e4">
         <name>.text:_memset</name>
         <load_address>0xe1c0</load_address>
         <run_address>0xe1c0</run_address>
         <size>0x100</size>
         <input_file_ref idref="fl-d6"/>
      </object_component>
      <object_component id="oc-1ee">
         <name>.text:_atexit</name>
         <load_address>0xe2c0</load_address>
         <run_address>0xe2c0</run_address>
         <size>0xe0</size>
         <input_file_ref idref="fl-c8"/>
      </object_component>
      <object_component id="oc-1e2">
         <name>.text:_memcpy</name>
         <load_address>0xe3a0</load_address>
         <run_address>0xe3a0</run_address>
         <size>0xe0</size>
         <input_file_ref idref="fl-d5"/>
      </object_component>
      <object_component id="oc-1f0">
         <name>.text:_HOSTtime</name>
         <load_address>0xe480</load_address>
         <run_address>0xe480</run_address>
         <size>0xc0</size>
         <input_file_ref idref="fl-d9"/>
      </object_component>
      <object_component id="oc-1ea">
         <name>.text:___nw__FUi</name>
         <load_address>0xe540</load_address>
         <run_address>0xe540</run_address>
         <size>0xc0</size>
         <input_file_ref idref="fl-ca"/>
      </object_component>
      <object_component id="oc-1e8">
         <name>.text:__remi</name>
         <load_address>0xe600</load_address>
         <run_address>0xe600</run_address>
         <size>0xc0</size>
         <input_file_ref idref="fl-d0"/>
      </object_component>
      <object_component id="oc-16a">
         <name>.text</name>
         <load_address>0xe6c0</load_address>
         <run_address>0xe6c0</run_address>
         <size>0xc0</size>
         <input_file_ref idref="fl-c1"/>
      </object_component>
      <object_component id="oc-1e7">
         <name>.text:_rand</name>
         <load_address>0xe780</load_address>
         <run_address>0xe780</run_address>
         <size>0xa0</size>
         <input_file_ref idref="fl-d7"/>
      </object_component>
      <object_component id="oc-1ed">
         <name>.text:_RTDX_Buffer_WriteCB</name>
         <load_address>0xe820</load_address>
         <run_address>0xe820</run_address>
         <size>0x80</size>
         <input_file_ref idref="fl-b4"/>
      </object_component>
      <object_component id="oc-1f4">
         <name>.text:_readmsg</name>
         <load_address>0xe8a0</load_address>
         <run_address>0xe8a0</run_address>
         <size>0x80</size>
         <input_file_ref idref="fl-da"/>
      </object_component>
      <object_component id="oc-1e6">
         <name>.text:_srand</name>
         <load_address>0xe920</load_address>
         <run_address>0xe920</run_address>
         <size>0x60</size>
         <input_file_ref idref="fl-d7"/>
      </object_component>
      <object_component id="oc-1f3">
         <name>.text:_writemsg</name>
         <load_address>0xe980</load_address>
         <run_address>0xe980</run_address>
         <size>0x60</size>
         <input_file_ref idref="fl-da"/>
      </object_component>
      <object_component id="oc-1e9">
         <name>.text:___add_dtor</name>
         <load_address>0xe9e0</load_address>
         <run_address>0xe9e0</run_address>
         <size>0x40</size>
         <input_file_ref idref="fl-c7"/>
      </object_component>
      <object_component id="oc-1e5">
         <name>.text:_time</name>
         <load_address>0xea20</load_address>
         <run_address>0xea20</run_address>
         <size>0x40</size>
         <input_file_ref idref="fl-d8"/>
      </object_component>
      <object_component id="oc-1f2">
         <name>.text:___default_new_handler__Fv</name>
         <load_address>0xea60</load_address>
         <run_address>0xea60</run_address>
         <size>0x20</size>
         <input_file_ref idref="fl-cb"/>
      </object_component>
      <object_component id="oc-1ec">
         <name>.text:___dl__FPv</name>
         <load_address>0xea80</load_address>
         <run_address>0xea80</run_address>
         <size>0x20</size>
         <input_file_ref idref="fl-c9"/>
      </object_component>
      <object_component id="oc-1e3">
         <name>.text:__nop</name>
         <load_address>0xeaa0</load_address>
         <run_address>0xeaa0</run_address>
         <size>0x20</size>
         <input_file_ref idref="fl-ce"/>
      </object_component>
      <object_component id="oc-1df">
         <name>.text:__register_lock</name>
         <load_address>0xeac0</load_address>
         <run_address>0xeac0</run_address>
         <size>0x20</size>
         <input_file_ref idref="fl-ce"/>
      </object_component>
      <object_component id="oc-1e0">
         <name>.text:__register_unlock</name>
         <load_address>0xeae0</load_address>
         <run_address>0xeae0</run_address>
         <size>0x20</size>
         <input_file_ref idref="fl-ce"/>
      </object_component>
      <object_component id="oc-5a">
         <name>.cinit</name>
         <load_address>0xcc60</load_address>
         <run_address>0xcc60</run_address>
         <size>0x8e4</size>
         <input_file_ref idref="fl-c"/>
      </object_component>
      <object_component id="oc-84">
         <name>.cinit</name>
         <load_address>0xd548</load_address>
         <run_address>0xd548</run_address>
         <size>0x26c</size>
         <input_file_ref idref="fl-88"/>
      </object_component>
      <object_component id="oc-10b">
         <name>.cinit</name>
         <load_address>0xd7b8</load_address>
         <run_address>0xd7b8</run_address>
         <size>0x1a4</size>
         <input_file_ref idref="fl-aa"/>
      </object_component>
      <object_component id="oc-93">
         <name>.cinit</name>
         <load_address>0xd960</load_address>
         <run_address>0xd960</run_address>
         <size>0xb0</size>
         <input_file_ref idref="fl-8c"/>
      </object_component>
      <object_component id="oc-151">
         <name>.cinit</name>
         <load_address>0xda10</load_address>
         <run_address>0xda10</run_address>
         <size>0x80</size>
         <input_file_ref idref="fl-bb"/>
      </object_component>
      <object_component id="oc-16c">
         <name>.cinit</name>
         <load_address>0xda90</load_address>
         <run_address>0xda90</run_address>
         <size>0x60</size>
         <input_file_ref idref="fl-c1"/>
      </object_component>
      <object_component id="oc-8d">
         <name>.cinit</name>
         <load_address>0xdaf0</load_address>
         <run_address>0xdaf0</run_address>
         <size>0x5c</size>
         <input_file_ref idref="fl-8b"/>
      </object_component>
      <object_component id="oc-de">
         <name>.cinit</name>
         <load_address>0xdb50</load_address>
         <run_address>0xdb50</run_address>
         <size>0x4c</size>
         <input_file_ref idref="fl-9f"/>
      </object_component>
      <object_component id="oc-be">
         <name>.cinit</name>
         <load_address>0xdba0</load_address>
         <run_address>0xdba0</run_address>
         <size>0x34</size>
         <input_file_ref idref="fl-97"/>
      </object_component>
      <object_component id="oc-a8">
         <name>.cinit</name>
         <load_address>0xdbd8</load_address>
         <run_address>0xdbd8</run_address>
         <size>0x2c</size>
         <input_file_ref idref="fl-91"/>
      </object_component>
      <object_component id="oc-1a0">
         <name>.cinit</name>
         <load_address>0xdc08</load_address>
         <run_address>0xdc08</run_address>
         <size>0x2c</size>
         <input_file_ref idref="fl-cd"/>
      </object_component>
      <object_component id="oc-12c">
         <name>.cinit</name>
         <load_address>0xdc38</load_address>
         <run_address>0xdc38</run_address>
         <size>0x24</size>
         <input_file_ref idref="fl-b3"/>
      </object_component>
      <object_component id="oc-15f">
         <name>.cinit</name>
         <load_address>0xdc60</load_address>
         <run_address>0xdc60</run_address>
         <size>0x1c</size>
         <input_file_ref idref="fl-be"/>
      </object_component>
      <object_component id="oc-1a5">
         <name>.cinit</name>
         <load_address>0xdc80</load_address>
         <run_address>0xdc80</run_address>
         <size>0x1c</size>
         <input_file_ref idref="fl-ce"/>
      </object_component>
      <object_component id="oc-18e">
         <name>.cinit</name>
         <load_address>0xdca0</load_address>
         <run_address>0xdca0</run_address>
         <size>0x1c</size>
         <input_file_ref idref="fl-c8"/>
      </object_component>
      <object_component id="oc-9b">
         <name>.cinit</name>
         <load_address>0xdcc0</load_address>
         <run_address>0xdcc0</run_address>
         <size>0x18</size>
         <input_file_ref idref="fl-8e"/>
      </object_component>
      <object_component id="oc-79">
         <name>.cinit</name>
         <load_address>0xdcd8</load_address>
         <run_address>0xdcd8</run_address>
         <size>0x14</size>
         <input_file_ref idref="fl-d"/>
      </object_component>
      <object_component id="oc-1c9">
         <name>.cinit</name>
         <load_address>0xdcf0</load_address>
         <run_address>0xdcf0</run_address>
         <size>0x10</size>
         <input_file_ref idref="fl-d7"/>
      </object_component>
      <object_component id="oc-180">
         <name>.cinit</name>
         <load_address>0xdd00</load_address>
         <run_address>0xdd00</run_address>
         <size>0xc</size>
         <input_file_ref idref="fl-c5"/>
      </object_component>
      <object_component id="oc-c0">
         <name>.cinit</name>
         <load_address>0xdd10</load_address>
         <run_address>0xdd10</run_address>
         <size>0xc</size>
         <input_file_ref idref="fl-98"/>
      </object_component>
      <object_component id="oc-cd">
         <name>.cinit</name>
         <load_address>0xdd20</load_address>
         <run_address>0xdd20</run_address>
         <size>0xc</size>
         <input_file_ref idref="fl-9b"/>
      </object_component>
      <object_component id="oc-132">
         <name>.cinit</name>
         <load_address>0xdd30</load_address>
         <run_address>0xdd30</run_address>
         <size>0xc</size>
         <input_file_ref idref="fl-b4"/>
      </object_component>
      <object_component id="oc-189">
         <name>.cinit</name>
         <load_address>0xdd40</load_address>
         <run_address>0xdd40</run_address>
         <size>0xc</size>
         <input_file_ref idref="fl-c7"/>
      </object_component>
      <object_component id="oc-1aa">
         <name>.cinit</name>
         <load_address>0xdd50</load_address>
         <run_address>0xdd50</run_address>
         <size>0xc</size>
         <input_file_ref idref="fl-cf"/>
      </object_component>
      <object_component id="oc-1e1">
         <name>.switch</name>
         <load_address>0x12648</load_address>
         <run_address>0x12648</run_address>
         <size>0x20</size>
         <input_file_ref idref="fl-c5"/>
      </object_component>
      <object_component id="oc-58">
         <name>.gblinit</name>
         <load_address>0x10b70</load_address>
         <run_address>0x10b70</run_address>
         <size>0x70</size>
         <input_file_ref idref="fl-c"/>
      </object_component>
      <object_component id="oc-72">
         <name>.sysinit</name>
         <load_address>0xeb00</load_address>
         <run_address>0xeb00</run_address>
         <size>0x300</size>
         <input_file_ref idref="fl-c"/>
      </object_component>
      <object_component id="oc-128">
         <name>.sysinit</name>
         <load_address>0xee00</load_address>
         <run_address>0xee00</run_address>
         <size>0xc0</size>
         <input_file_ref idref="fl-b2"/>
      </object_component>
      <object_component id="oc-47">
         <name>.sysinit</name>
         <load_address>0xeec0</load_address>
         <run_address>0xeec0</run_address>
         <size>0xa0</size>
         <input_file_ref idref="fl-95"/>
      </object_component>
      <object_component id="oc-163">
         <name>.sysinit</name>
         <load_address>0xef60</load_address>
         <run_address>0xef60</run_address>
         <size>0x80</size>
         <input_file_ref idref="fl-bf"/>
      </object_component>
      <object_component id="oc-12e">
         <name>.sysinit</name>
         <load_address>0xefe0</load_address>
         <run_address>0xefe0</run_address>
         <size>0x20</size>
         <input_file_ref idref="fl-b3"/>
      </object_component>
      <object_component id="oc-bc">
         <name>.trcdata</name>
         <load_address>0xdd74</load_address>
         <run_address>0xdd74</run_address>
         <size>0xc</size>
         <input_file_ref idref="fl-96"/>
      </object_component>
      <object_component id="oc-5b">
         <name>.rtdx_data</name>
         <uninitialized>true</uninitialized>
         <run_address>0xf800</run_address>
         <size>0x410</size>
         <input_file_ref idref="fl-c"/>
      </object_component>
      <object_component id="oc-133">
         <name>.rtdx_data</name>
         <uninitialized>true</uninitialized>
         <run_address>0xfc10</run_address>
         <size>0x24</size>
         <input_file_ref idref="fl-b4"/>
      </object_component>
      <object_component id="oc-1d9">
         <name>.rtdx_text:_RTDX_Poll</name>
         <load_address>0x11de0</load_address>
         <run_address>0x11de0</run_address>
         <size>0xa0</size>
         <input_file_ref idref="fl-b5"/>
      </object_component>
      <object_component id="oc-1db">
         <name>.rtdx_text:_RTDX_Buffer_Read</name>
         <load_address>0x11e80</load_address>
         <run_address>0x11e80</run_address>
         <size>0x60</size>
         <input_file_ref idref="fl-b4"/>
      </object_component>
      <object_component id="oc-1dd">
         <name>.rtdx_text:_RTDX_Buffer_Initialize</name>
         <load_address>0x11ee0</load_address>
         <run_address>0x11ee0</run_address>
         <size>0x40</size>
         <input_file_ref idref="fl-b4"/>
      </object_component>
      <object_component id="oc-1de">
         <name>.rtdx_text:_RTDX_Init_RT_Monitor</name>
         <load_address>0x11f20</load_address>
         <run_address>0x11f20</run_address>
         <size>0x40</size>
         <input_file_ref idref="fl-b5"/>
      </object_component>
      <object_component id="oc-1dc">
         <name>.rtdx_text:_RTDX_Buffer_Write</name>
         <load_address>0x11f60</load_address>
         <run_address>0x11f60</run_address>
         <size>0x20</size>
         <input_file_ref idref="fl-b4"/>
      </object_component>
      <object_component id="oc-1ef">
         <name>.rtdx_text:_RTDX_Final_RT_Monitor</name>
         <load_address>0x11f80</load_address>
         <run_address>0x11f80</run_address>
         <size>0x20</size>
         <input_file_ref idref="fl-b5"/>
      </object_component>
      <object_component id="oc-68">
         <name>.TSK_idle$stk</name>
         <uninitialized>true</uninitialized>
         <run_address>0x10438</run_address>
         <size>0x400</size>
         <input_file_ref idref="fl-c"/>
      </object_component>
      <object_component id="oc-69">
         <name>.TSK0$stk</name>
         <uninitialized>true</uninitialized>
         <run_address>0xfc38</run_address>
         <size>0x400</size>
         <input_file_ref idref="fl-c"/>
      </object_component>
      <object_component id="oc-6a">
         <name>.TSK1$stk</name>
         <uninitialized>true</uninitialized>
         <run_address>0x10038</run_address>
         <size>0x400</size>
         <input_file_ref idref="fl-c"/>
      </object_component>
      <object_component id="oc-6d">
         <name>.LOG_system$buf</name>
         <uninitialized>true</uninitialized>
         <run_address>0xf000</run_address>
         <size>0x800</size>
         <input_file_ref idref="fl-c"/>
      </object_component>
      <object_component id="oc-6f">
         <name>.trace$buf</name>
         <uninitialized>true</uninitialized>
         <run_address>0x11400</run_address>
         <size>0x400</size>
         <input_file_ref idref="fl-c"/>
      </object_component>
      <object_component id="oc-70">
         <name>.prdLog0$buf</name>
         <uninitialized>true</uninitialized>
         <run_address>0x10c00</run_address>
         <size>0x400</size>
         <input_file_ref idref="fl-c"/>
      </object_component>
      <object_component id="oc-61">
         <name>.hst1</name>
         <uninitialized>true</uninitialized>
         <run_address>0x12668</run_address>
         <size>0x10</size>
         <input_file_ref idref="fl-c"/>
      </object_component>
      <object_component id="oc-64">
         <name>.hst0</name>
         <uninitialized>true</uninitialized>
         <run_address>0x121e0</run_address>
         <size>0x100</size>
         <input_file_ref idref="fl-c"/>
      </object_component>
      <object_component id="oc-16f">
         <name>.const</name>
         <load_address>0x122e0</load_address>
         <run_address>0x122e0</run_address>
         <size>0x4e</size>
         <input_file_ref idref="fl-c1"/>
      </object_component>
      <object_component id="oc-7c">
         <name>.const:.string</name>
         <load_address>0x12330</load_address>
         <run_address>0x12330</run_address>
         <size>0x30</size>
         <input_file_ref idref="fl-d"/>
      </object_component>
      <object_component id="oc-a0">
         <name>.const</name>
         <load_address>0x12360</load_address>
         <run_address>0x12360</run_address>
         <size>0x23</size>
         <input_file_ref idref="fl-8f"/>
      </object_component>
      <object_component id="oc-a4">
         <name>.const</name>
         <load_address>0x12383</load_address>
         <run_address>0x12383</run_address>
         <size>0x22</size>
         <input_file_ref idref="fl-90"/>
      </object_component>
      <object_component id="oc-52">
         <name>.const:.string</name>
         <load_address>0x123a8</load_address>
         <run_address>0x123a8</run_address>
         <size>0x18</size>
         <input_file_ref idref="fl-a"/>
      </object_component>
      <object_component id="oc-1eb">
         <name>.const:___vtbl__Q2_6CLK_zy5Clock</name>
         <load_address>0x123c0</load_address>
         <run_address>0x123c0</run_address>
         <size>0x10</size>
         <input_file_ref idref="fl-a"/>
      </object_component>
      <object_component id="oc-1b6">
         <name>.const</name>
         <load_address>0x123d0</load_address>
         <run_address>0x123d0</run_address>
         <size>0x4</size>
         <input_file_ref idref="fl-d2"/>
      </object_component>
      <object_component id="oc-1bb">
         <name>.const</name>
         <load_address>0x123d4</load_address>
         <run_address>0x123d4</run_address>
         <size>0x4</size>
         <input_file_ref idref="fl-d3"/>
      </object_component>
      <object_component id="oc-153">
         <name>.const</name>
         <load_address>0x123d8</load_address>
         <run_address>0x123d8</run_address>
         <size>0x1</size>
         <input_file_ref idref="fl-bb"/>
      </object_component>
      <object_component id="oc-5f">
         <name>.printf</name>
         <load_address>0x123d9</load_address>
         <run_address>0x123d9</run_address>
         <size>0xaa</size>
         <input_file_ref idref="fl-c"/>
      </object_component>
      <object_component id="oc-b8">
         <name>.args</name>
         <load_address>0xfc34</load_address>
         <run_address>0xfc34</run_address>
         <size>0x0</size>
         <input_file_ref idref="fl-95"/>
      </object_component>
      <object_component id="oc-39">
         <name>_SYS_PUTCBEG</name>
         <load_address>0x11be0</load_address>
         <run_address>0x11be0</run_address>
         <size>0x0</size>
      </object_component>
      <object_component id="oc-3b">
         <name>_SYS_PUTCEND</name>
         <load_address>0x11de0</load_address>
         <run_address>0x11de0</run_address>
         <size>0x0</size>
      </object_component>
      <object_component id="oc-62">
         <name>.hst</name>
         <uninitialized>true</uninitialized>
         <run_address>0x1260c</run_address>
         <size>0x3c</size>
         <input_file_ref idref="fl-c"/>
      </object_component>
      <object_component id="oc-6e">
         <name>.log</name>
         <load_address>0x125c4</load_address>
         <run_address>0x125c4</run_address>
         <size>0x48</size>
         <input_file_ref idref="fl-c"/>
      </object_component>
      <object_component id="oc-63">
         <name>.pip</name>
         <uninitialized>true</uninitialized>
         <run_address>0x123dc</run_address>
         <size>0xc8</size>
         <input_file_ref idref="fl-c"/>
      </object_component>
      <object_component id="oc-60">
         <name>.sts</name>
         <load_address>0x124a4</load_address>
         <run_address>0x124a4</run_address>
         <size>0x70</size>
         <input_file_ref idref="fl-c"/>
      </object_component>
      <object_component id="oc-41">
         <name>GBL_stackbeg</name>
         <uninitialized>true</uninitialized>
         <run_address>0x11000</run_address>
         <size>0x0</size>
      </object_component>
      <object_component id="oc-b9">
         <name>.stack</name>
         <uninitialized>true</uninitialized>
         <run_address>0x11000</run_address>
         <size>0x0</size>
         <input_file_ref idref="fl-95"/>
      </object_component>
      <object_component id="oc-230">
         <name>.stack</name>
         <uninitialized>true</uninitialized>
         <run_address>0x11000</run_address>
         <size>0x0</size>
      </object_component>
      <object_component id="oc-51">
         <name>.debug_info</name>
         <load_address>0x0</load_address>
         <run_address>0x0</run_address>
         <size>0xe0b</size>
         <input_file_ref idref="fl-a"/>
      </object_component>
      <object_component id="oc-56">
         <name>.debug_info</name>
         <load_address>0xe0b</load_address>
         <run_address>0xe0b</run_address>
         <size>0x5bd</size>
         <input_file_ref idref="fl-b"/>
      </object_component>
      <object_component id="oc-74">
         <name>.debug_info</name>
         <load_address>0x13c8</load_address>
         <run_address>0x13c8</run_address>
         <size>0x2fb</size>
         <input_file_ref idref="fl-c"/>
      </object_component>
      <object_component id="oc-78">
         <name>.debug_info</name>
         <load_address>0x16c3</load_address>
         <run_address>0x16c3</run_address>
         <size>0x16c9</size>
         <input_file_ref idref="fl-d"/>
      </object_component>
      <object_component id="oc-80">
         <name>.debug_info</name>
         <load_address>0x2d8c</load_address>
         <run_address>0x2d8c</run_address>
         <size>0xf8</size>
         <input_file_ref idref="fl-87"/>
      </object_component>
      <object_component id="oc-86">
         <name>.debug_info</name>
         <load_address>0x2e84</load_address>
         <run_address>0x2e84</run_address>
         <size>0xb9</size>
         <input_file_ref idref="fl-89"/>
      </object_component>
      <object_component id="oc-89">
         <name>.debug_info</name>
         <load_address>0x2f3d</load_address>
         <run_address>0x2f3d</run_address>
         <size>0xaf</size>
         <input_file_ref idref="fl-8a"/>
      </object_component>
      <object_component id="oc-8f">
         <name>.debug_info</name>
         <load_address>0x2fec</load_address>
         <run_address>0x2fec</run_address>
         <size>0x1a5</size>
         <input_file_ref idref="fl-8b"/>
      </object_component>
      <object_component id="oc-94">
         <name>.debug_info</name>
         <load_address>0x3191</load_address>
         <run_address>0x3191</run_address>
         <size>0x13c</size>
         <input_file_ref idref="fl-8c"/>
      </object_component>
      <object_component id="oc-97">
         <name>.debug_info</name>
         <load_address>0x32cd</load_address>
         <run_address>0x32cd</run_address>
         <size>0x607</size>
         <input_file_ref idref="fl-8d"/>
      </object_component>
      <object_component id="oc-9a">
         <name>.debug_info</name>
         <load_address>0x38d4</load_address>
         <run_address>0x38d4</run_address>
         <size>0xf1f</size>
         <input_file_ref idref="fl-8e"/>
      </object_component>
      <object_component id="oc-9f">
         <name>.debug_info</name>
         <load_address>0x47f3</load_address>
         <run_address>0x47f3</run_address>
         <size>0x7fd</size>
         <input_file_ref idref="fl-8f"/>
      </object_component>
      <object_component id="oc-a3">
         <name>.debug_info</name>
         <load_address>0x4ff0</load_address>
         <run_address>0x4ff0</run_address>
         <size>0x7ea</size>
         <input_file_ref idref="fl-90"/>
      </object_component>
      <object_component id="oc-a7">
         <name>.debug_info</name>
         <load_address>0x57da</load_address>
         <run_address>0x57da</run_address>
         <size>0x6d9</size>
         <input_file_ref idref="fl-91"/>
      </object_component>
      <object_component id="oc-ac">
         <name>.debug_info</name>
         <load_address>0x5eb3</load_address>
         <run_address>0x5eb3</run_address>
         <size>0x690</size>
         <input_file_ref idref="fl-92"/>
      </object_component>
      <object_component id="oc-b0">
         <name>.debug_info</name>
         <load_address>0x6543</load_address>
         <run_address>0x6543</run_address>
         <size>0x112</size>
         <input_file_ref idref="fl-93"/>
      </object_component>
      <object_component id="oc-b4">
         <name>.debug_info</name>
         <load_address>0x6655</load_address>
         <run_address>0x6655</run_address>
         <size>0x106</size>
         <input_file_ref idref="fl-94"/>
      </object_component>
      <object_component id="oc-b7">
         <name>.debug_info</name>
         <load_address>0x675b</load_address>
         <run_address>0x675b</run_address>
         <size>0x65a</size>
         <input_file_ref idref="fl-95"/>
      </object_component>
      <object_component id="oc-c2">
         <name>.debug_info</name>
         <load_address>0x6db5</load_address>
         <run_address>0x6db5</run_address>
         <size>0xaf</size>
         <input_file_ref idref="fl-98"/>
      </object_component>
      <object_component id="oc-c6">
         <name>.debug_info</name>
         <load_address>0x6e64</load_address>
         <run_address>0x6e64</run_address>
         <size>0xb8</size>
         <input_file_ref idref="fl-99"/>
      </object_component>
      <object_component id="oc-ca">
         <name>.debug_info</name>
         <load_address>0x6f1c</load_address>
         <run_address>0x6f1c</run_address>
         <size>0xaa</size>
         <input_file_ref idref="fl-9a"/>
      </object_component>
      <object_component id="oc-cf">
         <name>.debug_info</name>
         <load_address>0x6fc6</load_address>
         <run_address>0x6fc6</run_address>
         <size>0x11b</size>
         <input_file_ref idref="fl-9b"/>
      </object_component>
      <object_component id="oc-d3">
         <name>.debug_info</name>
         <load_address>0x70e1</load_address>
         <run_address>0x70e1</run_address>
         <size>0xaa</size>
         <input_file_ref idref="fl-9c"/>
      </object_component>
      <object_component id="oc-d7">
         <name>.debug_info</name>
         <load_address>0x718b</load_address>
         <run_address>0x718b</run_address>
         <size>0x10c</size>
         <input_file_ref idref="fl-9d"/>
      </object_component>
      <object_component id="oc-db">
         <name>.debug_info</name>
         <load_address>0x7297</load_address>
         <run_address>0x7297</run_address>
         <size>0xd8</size>
         <input_file_ref idref="fl-9e"/>
      </object_component>
      <object_component id="oc-e0">
         <name>.debug_info</name>
         <load_address>0x736f</load_address>
         <run_address>0x736f</run_address>
         <size>0x1c2</size>
         <input_file_ref idref="fl-9f"/>
      </object_component>
      <object_component id="oc-e4">
         <name>.debug_info</name>
         <load_address>0x7531</load_address>
         <run_address>0x7531</run_address>
         <size>0xdb</size>
         <input_file_ref idref="fl-a0"/>
      </object_component>
      <object_component id="oc-e8">
         <name>.debug_info</name>
         <load_address>0x760c</load_address>
         <run_address>0x760c</run_address>
         <size>0x106</size>
         <input_file_ref idref="fl-a1"/>
      </object_component>
      <object_component id="oc-ec">
         <name>.debug_info</name>
         <load_address>0x7712</load_address>
         <run_address>0x7712</run_address>
         <size>0x60b</size>
         <input_file_ref idref="fl-a2"/>
      </object_component>
      <object_component id="oc-ef">
         <name>.debug_info</name>
         <load_address>0x7d1d</load_address>
         <run_address>0x7d1d</run_address>
         <size>0x5e5</size>
         <input_file_ref idref="fl-a3"/>
      </object_component>
      <object_component id="oc-f2">
         <name>.debug_info</name>
         <load_address>0x8302</load_address>
         <run_address>0x8302</run_address>
         <size>0xb7</size>
         <input_file_ref idref="fl-a4"/>
      </object_component>
      <object_component id="oc-f6">
         <name>.debug_info</name>
         <load_address>0x83b9</load_address>
         <run_address>0x83b9</run_address>
         <size>0xb4</size>
         <input_file_ref idref="fl-a5"/>
      </object_component>
      <object_component id="oc-fa">
         <name>.debug_info</name>
         <load_address>0x846d</load_address>
         <run_address>0x846d</run_address>
         <size>0xb1</size>
         <input_file_ref idref="fl-a6"/>
      </object_component>
      <object_component id="oc-fd">
         <name>.debug_info</name>
         <load_address>0x851e</load_address>
         <run_address>0x851e</run_address>
         <size>0xab2</size>
         <input_file_ref idref="fl-a7"/>
      </object_component>
      <object_component id="oc-102">
         <name>.debug_info</name>
         <load_address>0x8fd0</load_address>
         <run_address>0x8fd0</run_address>
         <size>0xb9</size>
         <input_file_ref idref="fl-a8"/>
      </object_component>
      <object_component id="oc-106">
         <name>.debug_info</name>
         <load_address>0x9089</load_address>
         <run_address>0x9089</run_address>
         <size>0x116</size>
         <input_file_ref idref="fl-a9"/>
      </object_component>
      <object_component id="oc-10a">
         <name>.debug_info</name>
         <load_address>0x919f</load_address>
         <run_address>0x919f</run_address>
         <size>0xbd9</size>
         <input_file_ref idref="fl-aa"/>
      </object_component>
      <object_component id="oc-10e">
         <name>.debug_info</name>
         <load_address>0x9d78</load_address>
         <run_address>0x9d78</run_address>
         <size>0xbb1</size>
         <input_file_ref idref="fl-ab"/>
      </object_component>
      <object_component id="oc-113">
         <name>.debug_info</name>
         <load_address>0xa929</load_address>
         <run_address>0xa929</run_address>
         <size>0x109</size>
         <input_file_ref idref="fl-ac"/>
      </object_component>
      <object_component id="oc-116">
         <name>.debug_info</name>
         <load_address>0xaa32</load_address>
         <run_address>0xaa32</run_address>
         <size>0x8c8</size>
         <input_file_ref idref="fl-ad"/>
      </object_component>
      <object_component id="oc-11a">
         <name>.debug_info</name>
         <load_address>0xb2fa</load_address>
         <run_address>0xb2fa</run_address>
         <size>0x981</size>
         <input_file_ref idref="fl-ae"/>
      </object_component>
      <object_component id="oc-11e">
         <name>.debug_info</name>
         <load_address>0xbc7b</load_address>
         <run_address>0xbc7b</run_address>
         <size>0xe4a</size>
         <input_file_ref idref="fl-af"/>
      </object_component>
      <object_component id="oc-123">
         <name>.debug_info</name>
         <load_address>0xcac5</load_address>
         <run_address>0xcac5</run_address>
         <size>0xb3</size>
         <input_file_ref idref="fl-b0"/>
      </object_component>
      <object_component id="oc-127">
         <name>.debug_info</name>
         <load_address>0xcb78</load_address>
         <run_address>0xcb78</run_address>
         <size>0x7cc</size>
         <input_file_ref idref="fl-b2"/>
      </object_component>
      <object_component id="oc-12b">
         <name>.debug_info</name>
         <load_address>0xd344</load_address>
         <run_address>0xd344</run_address>
         <size>0x6b8</size>
         <input_file_ref idref="fl-b3"/>
      </object_component>
      <object_component id="oc-131">
         <name>.debug_info</name>
         <load_address>0xd9fc</load_address>
         <run_address>0xd9fc</run_address>
         <size>0xcfb</size>
         <input_file_ref idref="fl-b4"/>
      </object_component>
      <object_component id="oc-137">
         <name>.debug_info</name>
         <load_address>0xe6f7</load_address>
         <run_address>0xe6f7</run_address>
         <size>0x914</size>
         <input_file_ref idref="fl-b5"/>
      </object_component>
      <object_component id="oc-13c">
         <name>.debug_info</name>
         <load_address>0xf00b</load_address>
         <run_address>0xf00b</run_address>
         <size>0xc0</size>
         <input_file_ref idref="fl-b6"/>
      </object_component>
      <object_component id="oc-13f">
         <name>.debug_info</name>
         <load_address>0xf0cb</load_address>
         <run_address>0xf0cb</run_address>
         <size>0x1032</size>
         <input_file_ref idref="fl-b7"/>
      </object_component>
      <object_component id="oc-144">
         <name>.debug_info</name>
         <load_address>0x100fd</load_address>
         <run_address>0x100fd</run_address>
         <size>0xbd</size>
         <input_file_ref idref="fl-b8"/>
      </object_component>
      <object_component id="oc-147">
         <name>.debug_info</name>
         <load_address>0x101ba</load_address>
         <run_address>0x101ba</run_address>
         <size>0xc5e</size>
         <input_file_ref idref="fl-b9"/>
      </object_component>
      <object_component id="oc-14c">
         <name>.debug_info</name>
         <load_address>0x10e18</load_address>
         <run_address>0x10e18</run_address>
         <size>0xaa</size>
         <input_file_ref idref="fl-ba"/>
      </object_component>
      <object_component id="oc-150">
         <name>.debug_info</name>
         <load_address>0x10ec2</load_address>
         <run_address>0x10ec2</run_address>
         <size>0xa57</size>
         <input_file_ref idref="fl-bb"/>
      </object_component>
      <object_component id="oc-155">
         <name>.debug_info</name>
         <load_address>0x11919</load_address>
         <run_address>0x11919</run_address>
         <size>0xda7</size>
         <input_file_ref idref="fl-bc"/>
      </object_component>
      <object_component id="oc-159">
         <name>.debug_info</name>
         <load_address>0x126c0</load_address>
         <run_address>0x126c0</run_address>
         <size>0x7a6</size>
         <input_file_ref idref="fl-bd"/>
[...]
      </symbol>
      <symbol id="sm-491">
         <name>STS_F_add</name>
         <value>0xc718</value>
         <object_component_ref idref="oc-e7"/>
      </symbol>
      <symbol id="sm-492">
         <name>_STS_add</name>
         <value>0xc718</value>
         <object_component_ref idref="oc-e7"/>
      </symbol>
      <symbol id="sm-49a">
         <name>_CLK_DFLTMICROSECS</name>
         <value>0x10b4c</value>
         <object_component_ref idref="oc-eb"/>
      </symbol>
      <symbol id="sm-49b">
         <name>_CLK_D_microseconds</name>
         <value>0x10b50</value>
         <object_component_ref idref="oc-eb"/>
      </symbol>
      <symbol id="sm-4a3">
         <name>_CLK_htimePerLtime</name>
         <value>0x10b5c</value>
         <object_component_ref idref="oc-ee"/>
      </symbol>
      <symbol id="sm-4ab">
         <name>_CLK_measure</name>
         <value>0xbfe0</value>
         <object_component_ref idref="oc-f1"/>
      </symbol>
      <symbol id="sm-4b3">
         <name>_CLK_start</name>
         <value>0xca20</value>
         <object_component_ref idref="oc-f5"/>
      </symbol>
      <symbol id="sm-4bb">
         <name>_CLK_stop</name>
         <value>0xcb40</value>
         <object_component_ref idref="oc-f9"/>
      </symbol>
      <symbol id="sm-4c5">
         <name>_GBL_cslCacheInit64</name>
         <value>0x92c0</value>
         <object_component_ref idref="oc-fe"/>
      </symbol>
      <symbol id="sm-4cd">
         <name>GBL_A_VERSION</name>
         <value>0x5205</value>
      </symbol>
      <symbol id="sm-4ce">
         <name>_GBL_getVersion</name>
         <value>0xcba0</value>
         <object_component_ref idref="oc-101"/>
      </symbol>
      <symbol id="sm-4d6">
         <name>_HWI_restore</name>
         <value>0xc86c</value>
         <object_component_ref idref="oc-105"/>
      </symbol>
      <symbol id="sm-4d7">
         <name>_HWI_enable</name>
         <value>0xc858</value>
         <object_component_ref idref="oc-105"/>
      </symbol>
      <symbol id="sm-4d8">
         <name>_HWI_disable</name>
         <value>0xc840</value>
         <object_component_ref idref="oc-105"/>
      </symbol>
      <symbol id="sm-4e4">
         <name>_KNL_maxqueue</name>
         <value>0x10ad0</value>
         <object_component_ref idref="oc-109"/>
      </symbol>
      <symbol id="sm-4e5">
         <name>_KNL_inactive</name>
         <value>0x10ab0</value>
         <object_component_ref idref="oc-109"/>
      </symbol>
      <symbol id="sm-4e6">
         <name>_KNL_tswitchfxn</name>
         <value>0x10ad4</value>
         <object_component_ref idref="oc-109"/>
      </symbol>
      <symbol id="sm-4e7">
         <name>_KNL_setpri</name>
         <value>0x10aac</value>
         <object_component_ref idref="oc-109"/>
      </symbol>
      <symbol id="sm-4e8">
         <name>_KNL_swiptr</name>
         <value>0x10ac8</value>
         <object_component_ref idref="oc-109"/>
      </symbol>
      <symbol id="sm-4e9">
         <name>_KNL_dummy</name>
         <value>0x11a28</value>
         <object_component_ref idref="oc-10c"/>
      </symbol>
      <symbol id="sm-4ea">
         <name>_KNL_curtask</name>
         <value>0x10abc</value>
         <object_component_ref idref="oc-109"/>
      </symbol>
      <symbol id="sm-4eb">
         <name>_KNL_curqueue</name>
         <value>0x10acc</value>
         <object_component_ref idref="oc-109"/>
      </symbol>
      <symbol id="sm-4ec">
         <name>_KNL_wList</name>
         <value>0x10aa4</value>
         <object_component_ref idref="oc-109"/>
      </symbol>
      <symbol id="sm-4ed">
         <name>_KNL_curtime</name>
         <value>0x10ac4</value>
         <object_component_ref idref="oc-109"/>
      </symbol>
      <symbol id="sm-4ee">
         <name>_KNL_set</name>
         <value>0x10ab8</value>
         <object_component_ref idref="oc-109"/>
      </symbol>
      <symbol id="sm-4ef">
         <name>_KNL_alarm</name>
         <value>0x10aa8</value>
         <object_component_ref idref="oc-109"/>
      </symbol>
      <symbol id="sm-4f0">
         <name>_KNL_prevtask</name>
         <value>0x10ac0</value>
         <object_component_ref idref="oc-109"/>
      </symbol>
      <symbol id="sm-4f1">
         <name>_KNL_queues</name>
         <value>0x11988</value>
         <object_component_ref idref="oc-10c"/>
      </symbol>
      <symbol id="sm-4f2">
         <name>_KNL_idlefxn</name>
         <value>0x10ae4</value>
         <object_component_ref idref="oc-109"/>
      </symbol>
      <symbol id="sm-4f3">
         <name>_KNL_priority</name>
         <value>0x10ab4</value>
         <object_component_ref idref="oc-109"/>
      </symbol>
      <symbol id="sm-4f4">
         <name>_KNL_treadyfxn</name>
         <value>0x10ae0</value>
         <object_component_ref idref="oc-109"/>
      </symbol>
      <symbol id="sm-4f5">
         <name>_KNL_tcreatefxn</name>
         <value>0x10ad8</value>
         <object_component_ref idref="oc-109"/>
      </symbol>
      <symbol id="sm-4f6">
         <name>_KNL_wFlag</name>
         <value>0x10aa0</value>
         <object_component_ref idref="oc-109"/>
      </symbol>
      <symbol id="sm-4f7">
         <name>_KNL_tdeletefxn</name>
         <value>0x10adc</value>
         <object_component_ref idref="oc-109"/>
      </symbol>
      <symbol id="sm-501">
         <name>_KNL_exit</name>
         <value>0xc0c0</value>
         <object_component_ref idref="oc-10f"/>
      </symbol>
      <symbol id="sm-502">
         <name>_KNL_enter</name>
         <value>0xc100</value>
         <object_component_ref idref="oc-10f"/>
      </symbol>
      <symbol id="sm-50a">
         <name>__KNL_lat1beg</name>
         <value>0xbe2c</value>
         <object_component_ref idref="oc-112"/>
      </symbol>
      <symbol id="sm-50b">
         <name>__KNL_lat1end</name>
         <value>0xbeac</value>
         <object_component_ref idref="oc-112"/>
      </symbol>
      <symbol id="sm-50c">
         <name>_KNL_max</name>
         <value>0xbed0</value>
         <object_component_ref idref="oc-112"/>
      </symbol>
      <symbol id="sm-50d">
         <name>_KNL_check</name>
         <value>0xbde0</value>
         <object_component_ref idref="oc-112"/>
      </symbol>
      <symbol id="sm-50e">
         <name>_KNL_idle</name>
         <value>0xbeac</value>
         <object_component_ref idref="oc-112"/>
      </symbol>
      <symbol id="sm-518">
         <name>_KNL_post</name>
         <value>0xc2e0</value>
         <object_component_ref idref="oc-117"/>
      </symbol>
      <symbol id="sm-522">
         <name>_KNL_ipost</name>
         <value>0xc240</value>
         <object_component_ref idref="oc-11b"/>
      </symbol>
      <symbol id="sm-52c">
         <name>_KNL_run</name>
         <value>0xa540</value>
         <object_component_ref idref="oc-11f"/>
      </symbol>
      <symbol id="sm-534">
         <name>_LOG_printf</name>
         <value>0xcbe0</value>
         <object_component_ref idref="oc-122"/>
      </symbol>
      <symbol id="sm-538">
         <name>_MEM</name>
         <value>0x10b68</value>
         <object_component_ref idref="oc-126"/>
      </symbol>
      <symbol id="sm-542">
         <name>_MEM_init</name>
         <value>0xee00</value>
         <object_component_ref idref="oc-128"/>
      </symbol>
      <symbol id="sm-550">
         <name>_OBJ_table</name>
         <value>0x11ac0</value>
         <object_component_ref idref="oc-12d"/>
      </symbol>
      <symbol id="sm-551">
         <name>_OBJ_init</name>
         <value>0xefe0</value>
         <object_component_ref idref="oc-12e"/>
      </symbol>
      <symbol id="sm-552">
         <name>_OBJ_segtab</name>
         <value>0x11af8</value>
         <object_component_ref idref="oc-12d"/>
      </symbol>
      <symbol id="sm-568">
         <name>__rtdx_buf</name>
         <value>0xfc10</value>
         <object_component_ref idref="oc-133"/>
      </symbol>
      <symbol id="sm-569">
         <name>RTDX$$MSG</name>
         <value>0xe888</value>
         <object_component_ref idref="oc-1ed"/>
      </symbol>
      <symbol id="sm-56a">
         <name>RTDX_NORMALIZED_HDR</name>
         <value>0x1</value>
      </symbol>
      <symbol id="sm-56b">
         <name>_RTDX_Buffer_WriteCB</name>
         <value>0xe820</value>
         <object_component_ref idref="oc-1ed"/>
      </symbol>
      <symbol id="sm-56c">
         <name>_RTDX_writing</name>
         <value>0xfc30</value>
         <object_component_ref idref="oc-133"/>
      </symbol>
      <symbol id="sm-56d">
         <name>_RTDX_Buffer_Initialize</name>
         <value>0x11ee0</value>
         <object_component_ref idref="oc-1dd"/>
      </symbol>
      <symbol id="sm-56e">
         <name>_RTDX_Buffer_Read</name>
         <value>0x11e80</value>
         <object_component_ref idref="oc-1db"/>
      </symbol>
      <symbol id="sm-56f">
         <name>_RTDX_Buffer_Write</name>
         <value>0x11f60</value>
         <object_component_ref idref="oc-1dc"/>
      </symbol>
      <symbol id="sm-57f">
         <name>_RTDX_SIMULATOR</name>
         <value>0x1</value>
      </symbol>
      <symbol id="sm-580">
         <name>_RTDX_Final_RT_Monitor</name>
         <value>0x11f80</value>
         <object_component_ref idref="oc-1ef"/>
      </symbol>
      <symbol id="sm-581">
         <name>_RTDX_Poll</name>
         <value>0x11de0</value>
         <object_component_ref idref="oc-1d9"/>
      </symbol>
      <symbol id="sm-582">
         <name>_RTDX_Init_RT_Monitor</name>
         <value>0x11f20</value>
         <object_component_ref idref="oc-1de"/>
      </symbol>
      <symbol id="sm-58a">
         <name>_SEM_pendBinary</name>
         <value>0xc8a0</value>
         <object_component_ref idref="oc-13b"/>
      </symbol>
      <symbol id="sm-594">
         <name>_SEM_pendEnterKnl</name>
         <value>0xa7c0</value>
         <object_component_ref idref="oc-140"/>
      </symbol>
      <symbol id="sm-59c">
         <name>_SEM_postBinary</name>
         <value>0xbf00</value>
         <object_component_ref idref="oc-143"/>
      </symbol>
      <symbol id="sm-59d">
         <name>_SEM_post</name>
         <value>0xbf00</value>
         <object_component_ref idref="oc-143"/>
      </symbol>
      <symbol id="sm-5a7">
         <name>_SEM_postEnterKnl</name>
         <value>0xc420</value>
         <object_component_ref idref="oc-148"/>
      </symbol>
      <symbol id="sm-5af">
         <name>_STS_set</name>
         <value>0xcc00</value>
         <object_component_ref idref="oc-14b"/>
      </symbol>
      <symbol id="sm-5bd">
         <name>_TSK_nTasks</name>
         <value>0x10b40</value>
         <object_component_ref idref="oc-14f"/>
      </symbol>
      <symbol id="sm-5be">
         <name>_TSK_config</name>
         <value>0x11a7c</value>
         <object_component_ref idref="oc-152"/>
      </symbol>
      <symbol id="sm-5bf">
         <name>_TSK</name>
         <value>0x10b48</value>
         <object_component_ref idref="oc-14f"/>
      </symbol>
      <symbol id="sm-5c0">
         <name>_TSK_timerSem</name>
         <value>0x11a9c</value>
         <object_component_ref idref="oc-152"/>
      </symbol>
      <symbol id="sm-5c1">
         <name>_TSK_pid</name>
         <value>0x10b44</value>
         <object_component_ref idref="oc-14f"/>
      </symbol>
      <symbol id="sm-5c2">
         <name>_TSK_ATTRS</name>
         <value>0x11a60</value>
         <object_component_ref idref="oc-152"/>
      </symbol>
      <symbol id="sm-5cc">
         <name>_TSK_exit</name>
         <value>0xbb40</value>
         <object_component_ref idref="oc-156"/>
      </symbol>
      <symbol id="sm-5d6">
         <name>_SYS_exit</name>
         <value>0xc4c0</value>
         <object_component_ref idref="oc-15a"/>
      </symbol>
      <symbol id="sm-5e2">
         <name>_SYS_exitStack</name>
         <value>0x11b68</value>
         <object_component_ref idref="oc-160"/>
      </symbol>
      <symbol id="sm-5e3">
         <name>_SYS_exitStackPtr</name>
         <value>0x10b54</value>
         <object_component_ref idref="oc-15d"/>
      </symbol>
      <symbol id="sm-5e4">
         <name>_SYS_exitStackTop</name>
         <value>0x10b58</value>
         <object_component_ref idref="oc-15d"/>
      </symbol>
      <symbol id="sm-5ee">
         <name>_TSK_init</name>
         <value>0xef60</value>
         <object_component_ref idref="oc-163"/>
      </symbol>
      <symbol id="sm-5f8">
         <name>_TSK_setup</name>
         <value>0xb4c0</value>
         <object_component_ref idref="oc-167"/>
      </symbol>
      <symbol id="sm-60a">
         <name>__MEM_mutex</name>
         <value>0x11b3c</value>
         <object_component_ref idref="oc-16d"/>
      </symbol>
      <symbol id="sm-60b">
         <name>_TSK_startup</name>
         <value>0xbd48</value>
         <object_component_ref idref="oc-16e"/>
      </symbol>
      <symbol id="sm-60c">
         <name>__TSK_mutex</name>
         <value>0x11b14</value>
         <object_component_ref idref="oc-16d"/>
      </symbol>
      <symbol id="sm-616">
         <name>_LCK_pend</name>
         <value>0xc3ac</value>
         <object_component_ref idref="oc-173"/>
      </symbol>
      <symbol id="sm-617">
         <name>_LCK_post</name>
         <value>0xc380</value>
         <object_component_ref idref="oc-173"/>
      </symbol>
      <symbol id="sm-61f">
         <name>_SEM_pend</name>
         <value>0xc900</value>
         <object_component_ref idref="oc-176"/>
      </symbol>
      <symbol id="sm-629">
         <name>_SYS_abort</name>
         <value>0xc960</value>
         <object_component_ref idref="oc-17b"/>
      </symbol>
      <symbol id="sm-639">
         <name>__GBL_setL2CacheMode</name>
         <value>0x8c94</value>
         <object_component_ref idref="oc-181"/>
      </symbol>
      <symbol id="sm-643">
         <name>__SEM_dopost</name>
         <value>0xb2e0</value>
         <object_component_ref idref="oc-185"/>
      </symbol>
      <symbol id="sm-653">
         <name>_dtors</name>
         <value>0x11abc</value>
         <object_component_ref idref="oc-18a"/>
      </symbol>
      <symbol id="sm-654">
         <name>_call_dtors</name>
         <value>0xe0a0</value>
         <object_component_ref idref="oc-1f1"/>
      </symbol>
      <symbol id="sm-655">
         <name>___add_dtor</name>
         <value>0xe9e0</value>
         <object_component_ref idref="oc-1e9"/>
      </symbol>
      <symbol id="sm-663">
         <name>_atexit</name>
         <value>0xe2c0</value>
         <object_component_ref idref="oc-1ee"/>
      </symbol>
      <symbol id="sm-664">
         <name>___atexit_func_id__</name>
         <value>0x11800</value>
         <object_component_ref idref="oc-18f"/>
      </symbol>
      <symbol id="sm-66e">
         <name>___dl__FPv</name>
         <value>0xea80</value>
         <object_component_ref idref="oc-1ec"/>
      </symbol>
      <symbol id="sm-678">
         <name>___nw__FUi</name>
         <value>0xe540</value>
         <object_component_ref idref="oc-1ea"/>
      </symbol>
      <symbol id="sm-680">
         <name>___default_new_handler__Fv</name>
         <value>0xea60</value>
         <object_component_ref idref="oc-1f2"/>
      </symbol>
      <symbol id="sm-68a">
         <name>__auto_init</name>
         <value>0xb9e0</value>
         <object_component_ref idref="oc-19c"/>
      </symbol>
      <symbol id="sm-696">
         <name>___TI_enable_exit_profile_output</name>
         <value>0x11bc4</value>
         <object_component_ref idref="oc-1a1"/>
      </symbol>
      <symbol id="sm-697">
         <name>__cleanup_ptr</name>
         <value>0x11bbc</value>
         <object_component_ref idref="oc-1a1"/>
      </symbol>
      <symbol id="sm-698">
         <name>__dtors_ptr</name>
         <value>0x11bc0</value>
         <object_component_ref idref="oc-1a1"/>
      </symbol>
      <symbol id="sm-6aa">
         <name>__unlock</name>
         <value>0x11bcc</value>
         <object_component_ref idref="oc-1a6"/>
      </symbol>
      <symbol id="sm-6ab">
         <name>__lock</name>
         <value>0x11bc8</value>
         <object_component_ref idref="oc-1a6"/>
      </symbol>
      <symbol id="sm-6ac">
         <name>__register_lock</name>
         <value>0xeac0</value>
         <object_component_ref idref="oc-1df"/>
      </symbol>
      <symbol id="sm-6ad">
         <name>__nop</name>
         <value>0xeaa0</value>
         <object_component_ref idref="oc-1e3"/>
      </symbol>
      <symbol id="sm-6ae">
         <name>__register_unlock</name>
         <value>0xeae0</value>
         <object_component_ref idref="oc-1e0"/>
      </symbol>
      <symbol id="sm-6b8">
         <name>__new_handler</name>
         <value>0x11b64</value>
         <object_component_ref idref="oc-1ab"/>
      </symbol>
      <symbol id="sm-6c0">
         <name>__remi</name>
         <value>0xe600</value>
         <object_component_ref idref="oc-1e8"/>
      </symbol>
      <symbol id="sm-6c1">
         <name>__c6xabi_remi</name>
         <value>0xe600</value>
         <object_component_ref idref="oc-1e8"/>
      </symbol>
      <symbol id="sm-6cb">
         <name>_memalign</name>
         <value>0xa0c4</value>
         <object_component_ref idref="oc-1b1"/>
      </symbol>
      <symbol id="sm-6cc">
         <name>_malloc</name>
         <value>0x9f4c</value>
         <object_component_ref idref="oc-1b1"/>
      </symbol>
      <symbol id="sm-6cd">
         <name>_realloc</name>
         <value>0x9fc0</value>
         <object_component_ref idref="oc-1b1"/>
      </symbol>
      <symbol id="sm-6ce">
         <name>_free</name>
         <value>0x9f20</value>
         <object_component_ref idref="oc-1b1"/>
      </symbol>
      <symbol id="sm-6cf">
         <name>_calloc</name>
         <value>0xa1f0</value>
         <object_component_ref idref="oc-1b1"/>
      </symbol>
      <symbol id="sm-6db">
         <name>_MEM_alloc</name>
         <value>0xaea0</value>
         <object_component_ref idref="oc-1b5"/>
      </symbol>
      <symbol id="sm-6e7">
         <name>_MEM_free</name>
         <value>0xaa20</value>
         <object_component_ref idref="oc-1ba"/>
      </symbol>
      <symbol id="sm-6f1">
         <name>_SYS_error</name>
         <value>0xc7e0</value>
         <object_component_ref idref="oc-1bf"/>
      </symbol>
      <symbol id="sm-6f9">
         <name>_memcpy</name>
         <value>0xe3a0</value>
         <object_component_ref idref="oc-1e2"/>
      </symbol>
      <symbol id="sm-703">
         <name>_memset</name>
         <value>0xe1c0</value>
         <object_component_ref idref="oc-1e4"/>
      </symbol>
      <symbol id="sm-713">
         <name>_rand</name>
         <value>0xe780</value>
         <object_component_ref idref="oc-1e7"/>
      </symbol>
      <symbol id="sm-714">
         <name>_srand</name>
         <value>0xe920</value>
         <object_component_ref idref="oc-1e6"/>
      </symbol>
      <symbol id="sm-71e">
         <name>_time</name>
         <value>0xea20</value>
         <object_component_ref idref="oc-1e5"/>
      </symbol>
      <symbol id="sm-72a">
         <name>_HOSTtime</name>
         <value>0xe480</value>
         <object_component_ref idref="oc-1f0"/>
      </symbol>
      <symbol id="sm-738">
         <name>C$$IO$$</name>
         <value>0xe9d8</value>
         <object_component_ref idref="oc-1f3"/>
      </symbol>
      <symbol id="sm-739">
         <name>__CIOBUF_</name>
         <value>0x11fa0</value>
         <object_component_ref idref="oc-1d5"/>
      </symbol>
      <symbol id="sm-73a">
         <name>_readmsg</name>
         <value>0xe8a0</value>
         <object_component_ref idref="oc-1f4"/>
      </symbol>
      <symbol id="sm-73b">
         <name>_writemsg</name>
         <value>0xe980</value>
         <object_component_ref idref="oc-1f3"/>
      </symbol>
   </symbol_table>
</link_info>
