******************************************************************************
               TMS320C6x Linker PC v7.4.4                      
******************************************************************************
>> Linked Sun Dec 26 16:10:52 2021

OUTPUT FILE NAME:   <tsk_phd.out>
ENTRY POINT SYMBOL: "_c_int00"  address: 0000f920


MEMORY CONFIGURATION

         name            origin    length      used     unused   attr    fill
----------------------  --------  ---------  --------  --------  ----  --------
  IRAM                  00000000   00100000  00012b7d  000ed483  RWIX
  SDRAM                 80000000   01000000  00000000  01000000  RWIX


SECTION ALLOCATION MAP

 output                                  attributes/
section   page    origin      length       input sections
--------  ----  ----------  ----------   ----------------
.vers      0    00000000    00000038     COPY SECTION
                  00000000    00000038     tskcfg.obj (.vers)

.prd       0    00000000    00000000     UNINITIALIZED

.hwi_vec   0    00000000    00000200     
                  00000000    00000200     tskcfg.obj (.hwi_vec)

.data      0    00000000    00000000     UNINITIALIZED

.IRAM$heap 
*          0    00000200    00008000     UNINITIALIZED
                  00000200    00008000     --HOLE--

.bios      0    00008200    000042a0     
                  00008200    00000600     lnkrtdx.a64 : rtdx.o64 (.bios)
                  00008800    000005e0     bios.a64 : gbl_setL2CacheMode.o64 (.bios)
                  00008de0    000004e0              : swi.o64 (.bios)
                  000092c0    00000460              : gbl_cslcacheinit64.o64 (.bios)
                  00009720    00000460              : hwi_disp_asm.o64 (.bios)
                  00009b80    000003a0              : prd.o64 (.bios)
                  00009f20    000002c0              : rta.o64 (.bios)
                  0000a1e0    00000280              : knl_run.o64 (.bios)
                  0000a460    00000260              : sem_pend.o64 (.bios)
                  0000a6c0    00000240              : pip.o64 (.bios)
                  0000a900    00000220              : knl_tick.o64 (.bios)
                  0000ab20    000001e0              : sem_dopo.o64 (.bios)
                  0000ad00    000001c0              : tsk_setu.o64 (.bios)
                  0000aec0    000001c0     biosC6000.a64 : clk.o64 (.bios)
                  0000b080    000001a0     bios.a64 : knl_swit.o64 (.bios)
                  0000b220    00000160              : autoinit.o64 (.bios)
                  0000b380    00000160              : tsk_exit.o64 (.bios)
                  0000b4e0    00000140              : tsk_stup.o64 (.bios)
                  0000b620    00000120              : knl_chec.o64 (.bios)
                  0000b740    000000e0              : sem_post_asm.o64 (.bios)
                  0000b820    000000e0     biosC6000.a64 : clk_meas.o64 (.bios)
                  0000b900    000000c0     bios.a64 : knl_exit.o64 (.bios)
                  0000b9c0    000000c0              : tsk_yiel.o64 (.bios)
                  0000ba80    000000c0     biosC6000.a64 : clk_htime.o64 (.bios)
                  0000bb40    000000a0     bios.a64 : knl_ipos.o64 (.bios)
                  0000bbe0    000000a0              : knl_post.o64 (.bios)
                  0000bc80    000000a0              : lck.o64 (.bios)
                  0000bd20    000000a0              : sem_post.o64 (.bios)
                  0000bdc0    000000a0              : sys_exit.o64 (.bios)
                  0000be60    00000080              : fxn.o64 (.bios)
                  0000bee0    00000080              : idl_busy.o64 (.bios)
                  0000bf60    00000080              : log.o64 (.bios)
                  0000bfe0    00000080              : sts.o64 (.bios)
                  0000c060    00000080     biosC6000.a64 : idl_cal.o64 (.bios)
                  0000c0e0    00000060     bios.a64 : hwi_c.o64 (.bios)
                  0000c140    00000060              : sem_pend_counting.o64 (.bios)
                  0000c1a0    00000060              : sys_abor.o64 (.bios)
                  0000c200    00000060              : utl_putc.o64 (.bios)
                  0000c260    00000060     biosC6000.a64 : clk_start.o64 (.bios)
                  0000c2c0    00000040     bios.a64 : idl_stub.o64 (.bios)
                  0000c300    00000040              : rta_andn.o64 (.bios)
                  0000c340    00000040              : utl_doab.o64 (.bios)
                  0000c380    00000040     biosC6000.a64 : clk_stop.o64 (.bios)
                  0000c3c0    00000020     bios.a64 : fxn_c.o64 (.bios)
                  0000c3e0    00000020              : gbl_vers.o64 (.bios)
                  0000c400    00000020              : idl.o64 (.bios)
                  0000c420    00000020              : log_printf.o64 (.bios)
                  0000c440    00000020              : sts_set.o64 (.bios)
                  0000c460    00000020              : utl_doer.o64 (.bios)
                  0000c480    00000020              : utl_halt.o64 (.bios)

.cinit     0    0000c4a0    00001264     
                  0000c4a0    00000a54     tskcfg.obj (.cinit)
                  0000cef4    00000004     --HOLE-- [fill = 0]
                  0000cef8    0000026c     bios.a64 : biosdata.o64 (.cinit)
                  0000d164    00000004     --HOLE-- [fill = 0]
                  0000d168    000001a4              : knl.o64 (.cinit)
                  0000d30c    00000004     --HOLE-- [fill = 0]
                  0000d310    000000b0              : swi.o64 (.cinit)
                  0000d3c0    00000080              : tsk.o64 (.cinit)
                  0000d440    00000060              : tsk_stup.o64 (.cinit)
                  0000d4a0    0000005c     lnkrtdx.a64 : rtdx.o64 (.cinit)
                  0000d4fc    00000004     --HOLE-- [fill = 0]
                  0000d500    0000004c     bios.a64 : rta.o64 (.cinit)
                  0000d54c    00000004     --HOLE-- [fill = 0]
                  0000d550    00000034              : hwi.o64 (.cinit)
                  0000d584    00000004     --HOLE-- [fill = 0]
                  0000d588    0000002c              : utl_putc.o64 (.cinit)
                  0000d5b4    00000004     --HOLE-- [fill = 0]
                  0000d5b8    0000002c     rts6400.lib : exit.obj (.cinit)
                  0000d5e4    00000004     --HOLE-- [fill = 0]
                  0000d5e8    00000024     bios.a64 : obj_init.o64 (.cinit)
                  0000d60c    00000004     --HOLE-- [fill = 0]
                  0000d610    0000001c              : sys.o64 (.cinit)
                  0000d62c    00000004     --HOLE-- [fill = 0]
                  0000d630    0000001c     rts6400.lib : _lock.obj (.cinit)
                  0000d64c    00000004     --HOLE-- [fill = 0]
                  0000d650    0000001c                 : atexit.obj (.cinit)
                  0000d66c    00000004     --HOLE-- [fill = 0]
                  0000d670    00000018     bios.a64 : knl_tick.o64 (.cinit)
                  0000d688    00000018              : tsk_yiel.o64 (.cinit)
                  0000d6a0    0000000c              : gbl_setL2CacheMode.o64 (.cinit)
                  0000d6ac    00000004     --HOLE-- [fill = 0]
                  0000d6b0    0000000c              : idl_busy.o64 (.cinit)
                  0000d6bc    00000004     --HOLE-- [fill = 0]
                  0000d6c0    0000000c              : knl_swit.o64 (.cinit)
                  0000d6cc    00000004     --HOLE-- [fill = 0]
                  0000d6d0    0000000c     rtdxsim.lib : simbuf.o62 (.cinit)
                  0000d6dc    00000004     --HOLE-- [fill = 0]
                  0000d6e0    0000000c     rts6400.lib : sinit.obj (.cinit)
                  0000d6ec    00000004     --HOLE-- [fill = 0]
                  0000d6f0    0000000c     tsk.obj (.cinit)
                  0000d6fc    00000004     --HOLE-- [fill = 0]
                  0000d700    00000004     (.pad.cinit) [fill = 0]

.pip       0    0000d704    000000c8     UNINITIALIZED
                  0000d704    000000c8     tskcfg.obj (.pip)

.log       0    0000d7cc    00000030     
                  0000d7cc    00000030     tskcfg.obj (.log)

.args      0    0000d7fc    00000004     
                  0000d7fc    00000004     --HOLE-- [fill = 0]

.LOG_system$buf 
*          0    0000d800    00000800     UNINITIALIZED
                  0000d800    00000800     tskcfg.obj (.LOG_system$buf)

.trace$buf 
*          0    0000e000    00001000     UNINITIALIZED
                  0000e000    00001000     tskcfg.obj (.trace$buf)

.text      0    0000f000    00000560     
                  0000f000    00000120     rts6400.lib : sinit.obj (.text:_call_dtors)
                  0000f120    000000e0                 : atexit.obj (.text:_atexit)
                  0000f200    000000e0                 : memcpy64.obj (.text:_memcpy)
                  0000f2e0    000000c0     bios.a64 : tsk_stup.o64 (.text)
                  0000f3a0    000000a0     tsk.obj (.text)
                  0000f440    00000080     rtdxsim.lib : simbuf.o62 (.text:_RTDX_Buffer_WriteCB)
                  0000f4c0    00000040     rts6400.lib : sinit.obj (.text:___add_dtor)
                  0000f500    00000020                 : _lock.obj (.text:__nop)
                  0000f520    00000020                 : _lock.obj (.text:__register_lock)
                  0000f540    00000020                 : _lock.obj (.text:__register_unlock)

.sysinit   0    0000f560    00000500     
                  0000f560    00000300     tskcfg.obj (.sysinit)
                  0000f860    000000c0     bios.a64 : mem_init.o64 (.sysinit)
                  0000f920    000000a0              : boot.o64 (.sysinit)
                  0000f9c0    00000080              : tsk_init.o64 (.sysinit)
                  0000fa40    00000020              : obj_init.o64 (.sysinit)

.rtdx_data 
*          0    0000fa60    00000434     UNINITIALIZED
                  0000fa60    00000410     tskcfg.obj (.rtdx_data)
                  0000fe70    00000024     rtdxsim.lib : simbuf.o62 (.rtdx_data)

.mem       0    0000fe94    00000004     UNINITIALIZED
                  0000fe94    00000004     tskcfg.obj (.mem)

.TSK3$stk 
*          0    0000fe98    00000400     UNINITIALIZED
                  0000fe98    00000400     tskcfg.obj (.TSK3$stk)

.TSK4$stk 
*          0    00010298    00000400     UNINITIALIZED
                  00010298    00000400     tskcfg.obj (.TSK4$stk)

.TSK_idle$stk 
*          0    00010698    00000400     UNINITIALIZED
                  00010698    00000400     tskcfg.obj (.TSK_idle$stk)

.stack     0    00010a98    00000400     UNINITIALIZED
                  00010a98    00000400     --HOLE--

.task0$stk 
*          0    00010e98    00000400     UNINITIALIZED
                  00010e98    00000400     tskcfg.obj (.task0$stk)

.task1$stk 
*          0    00011298    00000400     UNINITIALIZED
                  00011298    00000400     tskcfg.obj (.task1$stk)

.task2$stk 
*          0    00011698    00000400     UNINITIALIZED
                  00011698    00000400     tskcfg.obj (.task2$stk)

.far       0    00011a98    000003f8     UNINITIALIZED
                  00011a98    00000188     rts6400.lib : atexit.obj (.far)
                  00011c20    000000d8     bios.a64 : knl.o64 (.far)
                  00011cf8    0000005c              : tsk.o64 (.far)
                  00011d54    00000004     rts6400.lib : sinit.obj (.far)
                  00011d58    00000054     bios.a64 : obj_init.o64 (.far)
                  00011dac    00000050              : tsk_stup.o64 (.far)
                  00011dfc    00000004     --HOLE--
                  00011e00    0000002c     tsk.obj (.far)
                  00011e2c    00000004     --HOLE--
                  00011e30    00000020     bios.a64 : sys.o64 (.far)
                  00011e50    00000010              : knl_tick.o64 (.far)
                  00011e60    00000010              : tsk_yiel.o64 (.far)
                  00011e70    0000000c              : utl_putc.o64 (.far)
                  00011e7c    0000000c     rts6400.lib : exit.obj (.far)
                  00011e88    00000008                 : _lock.obj (.far)

.bss       0    00011e90    00000338     UNINITIALIZED
                  00011e90    00000100     bios.a64 : hwi_disp_asm.o64 (.bss)
                  00011f90    000000cc              : biosdata.o64 (.bss)
                  0001205c    0000009c              : swi.o64 (.bss)
                  000120f8    00000048              : knl.o64 (.bss)
                  00012140    00000028     tskcfg.obj (.bss)
                  00012168    00000018     bios.a64 : hwi.o64 (.bss)
                  00012180    00000018     lnkrtdx.a64 : rtdx.o64 (.bss)
                  00012198    0000000c     bios.a64 : tsk.o64 (.bss)
                  000121a4    00000008              : clk_data.o64 (.bss)
                  000121ac    00000008              : sys.o64 (.bss)
                  000121b4    00000004              : clk_data2.o64 (.bss)
                  000121b8    00000004              : gbl_setL2CacheMode.o64 (.bss)
                  000121bc    00000004              : idl_busy.o64 (.bss)
                  000121c0    00000004              : mem_asm.o64 (.bss)
                  000121c4    00000004     tsk.obj (.bss)

.tsk       0    000121c8    00000240     UNINITIALIZED
                  000121c8    00000240     tskcfg.obj (.tsk)

.trace     0    00012408    00000200     
                  00012408    00000200     --HOLE-- [fill = 00000000]

.hst1      0    00012608    00000010     UNINITIALIZED
                  00012608    00000010     tskcfg.obj (.hst1)

.clk       0    00012618    00000008     UNINITIALIZED
                  00012618    00000008     tskcfg.obj (.clk)

.rtdx_text 
*          0    00012620    000001c0     
                  00012620    000000a0     rtdxsim.lib : sim_mon.o62 (.rtdx_text:_RTDX_Poll)
                  000126c0    00000060                 : simbuf.o62 (.rtdx_text:_RTDX_Buffer_Read)
                  00012720    00000040                 : simbuf.o62 (.rtdx_text:_RTDX_Buffer_Initialize)
                  00012760    00000040                 : sim_mon.o62 (.rtdx_text:_RTDX_Init_RT_Monitor)
                  000127a0    00000020                 : simbuf.o62 (.rtdx_text:_RTDX_Buffer_Write)
                  000127c0    00000020                 : sim_mon.o62 (.rtdx_text:_RTDX_Final_RT_Monitor)

.hst0      0    000127e0    00000100     UNINITIALIZED
                  000127e0    00000100     tskcfg.obj (.hst0)

.const     0    000128e0    000000c5     
                  000128e0    0000004e     bios.a64 : tsk_stup.o64 (.const)
                  0001292e    00000002     --HOLE-- [fill = 0]
                  00012930    0000002c     tsk.obj (.const:.string)
                  0001295c    00000023     bios.a64 : utl_doab.o64 (.const)
                  0001297f    00000022              : utl_doer.o64 (.const)
                  000129a1    00000003     --HOLE-- [fill = 0]
                  000129a4    00000001              : tsk.o64 (.const)

.printf    0    000129a5    000000c1     COPY SECTION
                  000129a5    000000c1     tskcfg.obj (.printf)

.gblinit   0    000129a8    00000088     
                  000129a8    00000088     tskcfg.obj (.gblinit)

.sts       0    00012a30    00000080     
                  00012a30    00000080     tskcfg.obj (.sts)

.hst       0    00012ab0    0000003c     UNINITIALIZED
                  00012ab0    0000003c     tskcfg.obj (.hst)

.swi       0    00012aec    0000002c     UNINITIALIZED
                  00012aec    0000002c     tskcfg.obj (.swi)

.switch    0    00012b18    00000020     
                  00012b18    00000020     bios.a64 : gbl_setL2CacheMode.o64 (.switch)

.idl       0    00012b38    00000010     UNINITIALIZED
                  00012b38    00000010     tskcfg.obj (.idl)

.idlcal    0    00012b48    00000010     UNINITIALIZED
                  00012b48    00000010     tskcfg.obj (.idlcal)

.sys       0    00012b58    00000010     UNINITIALIZED
                  00012b58    00000010     tskcfg.obj (.sys)

.pinit     0    00012b68    0000000c     
                  00012b68    00000004     rtdxsim.lib : sim_mon.o62 (.pinit)
                  00012b6c    00000004                 : simbuf.o62 (.pinit)
                  00012b70    00000004     --HOLE-- [fill = 0]

.trcdata   0    00012b74    0000000c     
                  00012b74    0000000c     bios.a64 : trc.o64 (.trcdata)


GLOBAL SYMBOLS: SORTED ALPHABETICALLY BY Name 

address    name
--------   ----
00011e90   $bss
00011e90   .bss
00000000   .data
0000f000   .text
0000f738   BIOS$$CLKOFF
0000f6f8   BIOS$$CLKON
0000f560   BIOS_init
0000f7a0   BIOS_start
00000000   BUF$
00000001   BUF_ENABLED
00000001   CLK$
00012618   CLK_A_TABBEG
00000001   CLK_CALDIV
00000008   CLK_CALMULT
000124f8   CLK_COUNTSPMS
00000001   CLK_COUNTSPMSHIGH
00011fb8   CLK_D_idletime
00011fb4   CLK_D_isrhook
00011fb0   CLK_D_tabbeg
00011fac   CLK_D_timefxn
0000ba80   CLK_F_getfhtime
0000baa0   CLK_F_gethtime
0000aec0   CLK_F_getltime
0000baa0   CLK_F_getshtime
0000aed4   CLK_F_isr
0000b024   CLK_F_itime
01940000   CLK_HIRESREGS
00009720   CLK_HOOKFXN
00000001   CLK_HTIMEDIV
00000008   CLK_HTIMEMULT
000124f8   CLK_HTIMEPERLTIME
00004000   CLK_INTBIT
00000001   CLK_LTIMEDIV
000927c0   CLK_LTIMEMULT
000003e8   CLK_MICROSECS
000124f8   CLK_PRD
00000001   CLK_PRDHIGH
01940000   CLK_REGS
00011fa8   CLK_R_time
00000020   CLK_TCR
00000000   CLK_TDDR
00000000   CLK_TDDRHIGH
0000baa0   CLK_TIMEFXN
00000000   CLK_TIMERNUM
00000001   CLK_USETIMER
0001261c   CLK_null
00000000   DEV$
00000000   DGN$
00000000   DHL$
00000000   DHL_gChannelsAvailable
00000000   DIO$
00000000   DIO_NUMSWIBASE
00000000   DIO_NUMTSKBASE
00000000   DIO_STATIC
00000000   DPI$
0000be60   FXN_F_nop
0000be68   FXN_F_run
0000beb8   FXN_F_zero
00000001   GBL$
00005205   GBL_A_VERSION
00000000   GBL_BIGENDIAN
00000000   GBL_C641XL2PRIORITY
00000000   GBL_CACHE
00000001   GBL_CALLCSLCFGINIT
00004e20   GBL_CLKIN
00001770   GBL_CLKTYPE
00001900   GBL_DSPSUBTYPE
0000003e   GBL_DSPTYPE
00000001   GBL_ENABLEINST
00000042   GBL_FOOTPRINT
000927c0   GBL_FREQ
00002226   GBL_L2ALLOC
00000000   GBL_L2CONFIGALLOC
00000001   GBL_L2CONFIGURE
00000000   GBL_L2MARMASK
00000000   GBL_L2MARMASK1
00000000   GBL_L2MARMASK2
00000000   GBL_L2MARMASK3
00000000   GBL_L2MARMASK4
00000000   GBL_L2MARMASK5
00000000   GBL_L2MODE
00000000   GBL_L2PRIORITY
00000000   GBL_NULL
00000000   GBL_PROCID
00000000   GBL_ROM
00000000   GBL_SUPPORTCSL
0000dbef   GBL_TRCMASKVALUE
00000000   GBL_USERINIT
0000c3c0   GBL_USERINITFXN
00000001   GBL_boot
00012b7c   GBL_initdone
00010a98   GBL_stackbeg
00010e97   GBL_stackend
00000000   GIO$
0000c3c0   GIO_CREATEFXN
0000c3c0   GIO_DELETEFXN
0000c3c0   GIO_PENDFXN
0000c3c0   GIO_POSTFXN
00000000   HOOK$
00000000   HOOK_KNLID
00000001   HST$
00012ab0   HST_A_TABBEG
00012aec   HST_A_TABEND
00000000   HST_DSM
0001214c   HST_DSMBUFSEG
00000400   HST_DSMMEMSIZE
00012024   HST_D_chanmask
00012028   HST_D_tabbeg
0001202c   HST_D_tabend
000000ff   HST_MAXFRAMEALLOWED
00000040   HST_MAXFRAMESET
00000000   HST_NONE
00000001   HST_RTDX
00000001   HWI$
00000000   HWI_A_VECS
00004208   HWI_CFGDISPATCHED
00012178   HWI_D_bss
0001217c   HWI_D_ccmask
00012168   HWI_D_spsave
00009720   HWI_F_dispatch
00000000   HWI_GENERATE_RESET_VEC
0000000a   HWI_INT10
00000000   HWI_INT10$hwi
0000000b   HWI_INT11
00000000   HWI_INT11$hwi
0000000c   HWI_INT12
00000000   HWI_INT12$hwi
0000000d   HWI_INT13
00000000   HWI_INT13$hwi
0000000e   HWI_INT14
00000000   HWI_INT14$hwi
0000000f   HWI_INT15
00000000   HWI_INT15$hwi
00000004   HWI_INT4
00000000   HWI_INT4$hwi
00000005   HWI_INT5
00000000   HWI_INT5$hwi
00000006   HWI_INT6
00000000   HWI_INT6$hwi
00000007   HWI_INT7
00000000   HWI_INT7$hwi
00000008   HWI_INT8
00000000   HWI_INT8$hwi
00000009   HWI_INT9
00000000   HWI_INT9$hwi
082039b3   HWI_INTRMULTHIGH
250718a4   HWI_INTRMULTLOW
00000001   HWI_NMI
00000000   HWI_NMI$hwi
00000000   HWI_POLARITYMASK
00000002   HWI_RESERVED0
00000000   HWI_RESERVED0$hwi
00000003   HWI_RESERVED1
00000000   HWI_RESERVED1$hwi
00000000   HWI_RESET
00000000   HWI_RESET$hwi
00000001   HWI_ZEROTAB
00000001   IDL$
00012b48   IDL_A_CALBEG
00012b38   IDL_A_TABBEG
00000006   IDL_CALIBRERROR
0000c2c0   IDL_CALIBRFXN
000121bc   IDL_D_busyObj
00011f98   IDL_D_calbeg
00011f94   IDL_D_calibrate
00011f90   IDL_D_tabbeg
00012b44   IDL_END
00012b54   IDL_END$
0000bee0   IDL_F_busy
0000c060   IDL_F_calibrate
0000c400   IDL_F_loop
0000c2c0   IDL_F_stub
00000001   IDL_USECLKIDLTIME
00012aa4   IDL_busyObj
00012a61   IDL_busyObj$avgfmt
00000001   IDL_busyObj$filter
00000001   IDL_busyObj$iA
00000000   IDL_busyObj$iB
00000001   IDL_busyObj$iC
00012a5b   IDL_busyObj$maxfmt
00000000   IDL_busyObj$operation
00012aa0   IDL_busyObj$stsobj
00012a5e   IDL_busyObj$sumfmt
00000002   IDL_busyObj$unittype
00012b38   IDL_cpuLoad
00012b48   IDL_cpuLoad$
0001214c   IRAM
00000200   IRAM$B
00008000   IRAM$L
00000001   ISRC$
0000b1d8   KNL_glue
00012aec   KNL_swi
00000001   KNL_swi$dorta
00000000   KNL_swi$ord
00000000   KNL_swi$pri
00012a34   KNL_swi$sts
000129b5   KNL_swi$sts$avgfmt
00000002   KNL_swi$sts$filter
00000001   KNL_swi$sts$filtmaxmult
00000001   KNL_swi$sts$filtsummult
000129a5   KNL_swi$sts$maxfmt
00012a30   KNL_swi$sts$stsobj
000129ad   KNL_swi$sts$sumfmt
00000000   KNL_swi$sts$unittype
00000000   KNL_swi$swi
00000001   LCK$
00008200   LNK_F_checkBufferCall
00008280   LNK_F_dataPump
00008220   LNK_F_getChanPtr
00008278   LNK_F_init
000087bc   LNK_F_readCallBack
00012b3c   LNK_dataPump
00012b4c   LNK_dataPump$
00012184   LNK_dspFrameReadyMask
00012180   LNK_dspFrameRequestMask
00008518   LNK_newin
00008658   LNK_newout
00008294   LNK_rcloop
0000835c   LNK_rdrtry
0001218c   LNK_readDone
00012190   LNK_readFail
00012188   LNK_readPend
0000836c   LNK_rrloop
00012194   LNK_writeFail
00008440   LNK_wrloop
00008430   LNK_wrrtry
00000001   LOG$
0000d7cc   LOG_A_TABBEG
0000d7fc   LOG_A_TABEND
00000002   LOG_A_TABLEN
00011f9c   LOG_D_system
00000001   LOG_ENABLED
0000bf60   LOG_F_event
0000d7cc   LOG_system
0000d800   LOG_system$buf
00000000   LOG_system$datatype
00000000   LOG_system$log
00000200   LOG_system$size
00000000   MBX$
00000001   MEM$
0001214c   MEM_MALLOCSEG
00000000   MEM_NULL
0001214c   MEM_SEGZERO
00000000   MEM_USEMPC
00000001   MEM_gNumHeap
00000000   MSGQ$
00000000   MSGQ_USEMSGQ
00000000   OBJ$
00000000   PIP$
0000d704   PIP_A_TABBEG
0000d7cc   PIP_A_TABEND
00000002   PIP_A_TABLEN
00011fa0   PIP_D_tabbeg
00011fa4   PIP_D_tablen
0000a754   PIP_F_give
0000a754   PIP_F_probe
0000a828   PIP_F_start
0000a6c0   PIP_F_take
00000064   PIP_OBJSIZE
00000000   PIP_gNextId
00000002   PIP_gNumEmbed
00000000   POOL$
00000000   POOL_USEPOOL
00000001   PRD$
00000000   PRD_A_TABBEG
00000000   PRD_A_TABEND
00000000   PRD_A_TABLEN
00011fe0   PRD_D_cur
00011fe4   PRD_D_elapsed
00011fe8   PRD_D_prevtim
00011fec   PRD_D_scalar
00011ff0   PRD_D_swihandle
00011ff4   PRD_D_tabbeg
00011ff8   PRD_D_tablen
00011ffc   PRD_D_thook
00011fdc   PRD_D_tick
00009b80   PRD_F_swi
00009e38   PRD_F_tick
00004000   PRD_SCALAR
00000000   PRD_SWIHANDLE
0000ab00   PRD_THOOKFXN
00012618   PRD_clock
00000001   QUE$
00012000   RTA_D_fromHost
00012008   RTA_D_logval
00012018   RTA_D_stsval
00012004   RTA_D_toHost
0000c300   RTA_F_andn
0000a018   RTA_F_dispatch
00009f20   RTA_F_getlog
00009f64   RTA_F_getsts
0000c320   RTA_F_or
00009fac   RTA_F_readblk
00009fd8   RTA_F_resetmem
00009fcc   RTA_F_writeword
00012b40   RTA_dispatcher
00012b50   RTA_dispatcher$
0000a068   RTA_execute
00012ab4   RTA_fromHost
00012608   RTA_fromHost$buf
00000004   RTA_fromHost$framesize
00000000   RTA_fromHost$hst
00000001   RTA_fromHost$id
00000000   RTA_fromHost$mode
0000d704   RTA_fromHost$pipe
0000d734   RTA_fromHost$pipe$aaa
0000d764   RTA_fromHost$pipe$bbb
00012150   RTA_fromHost$pipe$dtab
0000d708   RTA_fromHost$pipe$rd
0000d738   RTA_fromHost$pipe$wr
00012abc   RTA_fromHost$rtdx
00012ad0   RTA_toHost
000127e0   RTA_toHost$buf
00000040   RTA_toHost$framesize
00000000   RTA_toHost$hst
00000000   RTA_toHost$id
00000001   RTA_toHost$mode
0000d768   RTA_toHost$pipe
0000d798   RTA_toHost$pipe$aaa
0000d7c8   RTA_toHost$pipe$bbb
0001215c   RTA_toHost$pipe$dtab
0000d76c   RTA_toHost$pipe$rd
0000d79c   RTA_toHost$pipe$wr
00012ad8   RTA_toHost$rtdx
00000001   RTDX$
0000f4a8   RTDX$$MSG
00000408   RTDX_BUFMEMSIZE
0001214c   RTDX_DATAMEMSEG
00000002   RTDX_MODE
00000001   RTDX_NORMALIZED_HDR
00000001   RTDX_USERTDX
00000000   RTDX_USERTEXECUTION
ffffffff   SDRAM
00000000   SEM$
00000000   SIO$
00000001   STS$
00012a30   STS_A_TABBEG
00012ab0   STS_A_TABEND
0000c018   STS_F_add
0000bfe0   STS_F_delta
0000c044   STS_F_reset
00000001   SWI$
00012aec   SWI_A_TABBEG
00012b18   SWI_A_TABEND
00000001   SWI_A_TABLEN
00012074   SWI_D_curfxn
00012064   SWI_D_curmask
00012070   SWI_D_curmbox
00012068   SWI_D_curset
00012060   SWI_D_execaddr
0001207c   SWI_D_inswi
0001206c   SWI_D_lock
00012078   SWI_D_rdybeg
00012080   SWI_D_rdytab
0001205c   SWI_D_runaddr
00000000   SWI_EHOOKFXN
00008fc8   SWI_EXECFXN
00008de0   SWI_F_enable
00008fc8   SWI_F_exec
00008ff0   SWI_F_iexec
00008e50   SWI_F_post
00009078   SWI_F_run
00000000   SWI_IHOOKFXN
00009078   SWI_RUNFXN
00000001   SYS$
00012b58   SYS$config
0000c340   SYS_ABORTFXN
0000c460   SYS_ERRORFXN
0000c480   SYS_EXITFXN
0000c200   SYS_PUTCFXN
00012b78   TRC_R_mask
00012b74   TRC_cinit
00000001   TSK$
00012354   TSK3
00000001   TSK3$ord
00000001   TSK3$pri
0000fe98   TSK3$stack
00010230   TSK3$stkptr
00012a84   TSK3$sts
00012a37   TSK3$sts$avgfmt
00000002   TSK3$sts$filter
00000001   TSK3$sts$filtmaxmult
00000001   TSK3$sts$filtsummult
00012a27   TSK3$sts$maxfmt
00012a80   TSK3$sts$stsobj
00012a2f   TSK3$sts$sumfmt
00000000   TSK3$sts$unittype
00000000   TSK3$tsk
000123b4   TSK4
00000002   TSK4$ord
00000001   TSK4$pri
00010298   TSK4$stack
00010630   TSK4$stkptr
00012a94   TSK4$sts
00012a51   TSK4$sts$avgfmt
00000002   TSK4$sts$filter
00000001   TSK4$sts$filtmaxmult
00000001   TSK4$sts$filtsummult
00012a41   TSK4$sts$maxfmt
00012a90   TSK4$sts$stsobj
00012a49   TSK4$sts$sumfmt
00000000   TSK4$sts$unittype
00000000   TSK4$tsk
00000000   TSK_NUM_HOOKS
00000001   TSK_PRIORITY
00000000   TSK_READYFXN
00000000   TSK_STACKSEG
00000400   TSK_STACKSIZE
00000000   TSK_SWITCHFXN
0000c3c0   TSK_VCREATEFXN
0000c3c0   TSK_VDELETEFXN
0000c3c0   TSK_VEXITFXN
000121d4   TSK_idle
00000000   TSK_idle$ord
00000000   TSK_idle$pri
00010698   TSK_idle$stack
00010a30   TSK_idle$stkptr
00012a44   TSK_idle$sts
000129cf   TSK_idle$sts$avgfmt
00000002   TSK_idle$sts$filter
00000001   TSK_idle$sts$filtmaxmult
00000001   TSK_idle$sts$filtsummult
000129bf   TSK_idle$sts$maxfmt
00012a40   TSK_idle$sts$stsobj
000129c7   TSK_idle$sts$sumfmt
00000000   TSK_idle$sts$unittype
00000000   TSK_idle$tsk
00000000   UDEV$
0000f560   _BIOS_init
0000f7a0   _BIOS_start
000124f8   _CLK_COUNTSPMS
000121a4   _CLK_DFLTMICROSECS
00011fd8   _CLK_D_countspms
00011fcc   _CLK_D_dirty
000121a8   _CLK_D_microseconds
00011fd0   _CLK_D_prd
00011fd4   _CLK_D_tddr
0000b024   _CLK_F_itime
000124f8   _CLK_PRD
01940000   _CLK_REGS
00000000   _CLK_TDDR
00000000   _CLK_TIMERNUM
00000001   _CLK_USETIMER
00011fbc   _CLK_htimeDiv
00011fc0   _CLK_htimeMult
000121b4   _CLK_htimePerLtime
0000b024   _CLK_itime
00011fc4   _CLK_ltimeDiv
00011fc8   _CLK_ltimeMult
0000b820   _CLK_measure
0000c260   _CLK_start
0000c380   _CLK_stop
0000c3c0   _FXN_F_nop
0000be68   _FXN_F_run
0000beb8   _FXN_F_zero
00000000   _GBL_CACHE
00012034   _GBL_clkIn
000092c0   _GBL_cslCacheInit64
00012038   _GBL_freq
0000c3e0   _GBL_getVersion
00012030   _GBL_procId
00012ab0   _HST_A_TABBEG
00012aec   _HST_A_TABEND
00004208   _HWI_CFGDISPATCHED
00012174   _HWI_D_inhwi
00012168   _HWI_D_spsave
00009720   _HWI_F_dispatch
0000000a   _HWI_INT10
0000000b   _HWI_INT11
0000000c   _HWI_INT12
0000000d   _HWI_INT13
0000000e   _HWI_INT14
0000000f   _HWI_INT15
00000004   _HWI_INT4
00000005   _HWI_INT5
00000006   _HWI_INT6
00000007   _HWI_INT7
00000008   _HWI_INT8
00000009   _HWI_INT9
00000001   _HWI_NMI
00000002   _HWI_RESERVED0
00000003   _HWI_RESERVED1
00000000   _HWI_RESET
00010e90   _HWI_STKBOTTOM
00010a98   _HWI_STKTOP
00012168   _HWI_data
0000c0e0   _HWI_disable
00011e90   _HWI_dispatchTab
0000c0f8   _HWI_enable
0000c10c   _HWI_restore
00012aa4   _IDL_busyObj
00012b38   _IDL_cpuLoad
0000c400   _IDL_loop
0001214c   _IRAM
00000200   _IRAM_base
00008000   _IRAM_length
00012100   _KNL_alarm
0000b620   _KNL_check
00012124   _KNL_curqueue
00012114   _KNL_curtask
0001211c   _KNL_curtime
00011cc0   _KNL_dummy
0000b940   _KNL_enter
0000b900   _KNL_exit
0000b6ec   _KNL_idle
0001213c   _KNL_idlefxn
00012108   _KNL_inactive
0000bb40   _KNL_ipost
0000b710   _KNL_max
00012128   _KNL_maxqueue
0000bbe0   _KNL_post
00012118   _KNL_prevtask
0001210c   _KNL_priority
00011c20   _KNL_queues
0000a1e0   _KNL_run
0000b080   _KNL_saveIsrFrame
00012110   _KNL_set
00012104   _KNL_setpri
00012aec   _KNL_swi
00012120   _KNL_swiptr
0000b130   _KNL_switch
00012130   _KNL_tcreatefxn
00012134   _KNL_tdeletefxn
0000ab00   _KNL_tick
00012138   _KNL_treadyfxn
0001212c   _KNL_tswitchfxn
000120f8   _KNL_wFlag
000120fc   _KNL_wList
0000bcac   _LCK_pend
0000bc80   _LCK_post
00012b3c   _LNK_dataPump
00012184   _LNK_dspFrameReadyMask
00012180   _LNK_dspFrameRequestMask
0001218c   _LNK_readDone
00012190   _LNK_readFail
00012188   _LNK_readPend
00012194   _LNK_writeFail
0000d7cc   _LOG_A_TABBEG
0000d7fc   _LOG_A_TABEND
00000002   _LOG_A_TABLEN
00011f9c   _LOG_D_system
0000bf60   _LOG_event
0000c420   _LOG_printf
0000d7cc   _LOG_system
000121c0   _MEM
0001203c   _MEM_D_NUMSEGMENTS
00012044   _MEM_D_freelist
00012048   _MEM_D_lockaddr
00012040   _MEM_D_memtab
0001204c   _MEM_D_unlockaddr
0000f860   _MEM_init
00012140   _MEM_memtab
0000fa40   _OBJ_init
00011d90   _OBJ_segtab
00011d58   _OBJ_table
0000d704   _PIP_A_TABBEG
0000d7cc   _PIP_A_TABEND
00011fdc   _PRD_D_tick
00012618   _PRD_clock
00012b40   _RTA_dispatcher
00012ab4   _RTA_fromHost
00012ad0   _RTA_toHost
0000fa60   _RTDX_Buffer
0000fe6c   _RTDX_Buffer_End
00012720   _RTDX_Buffer_Initialize
000126c0   _RTDX_Buffer_Read
0000fe68   _RTDX_Buffer_Start
000127a0   _RTDX_Buffer_Write
0000f440   _RTDX_Buffer_WriteCB
000127c0   _RTDX_Final_RT_Monitor
00012760   _RTDX_Init_RT_Monitor
00012620   _RTDX_Poll
00000001   _RTDX_SIMULATOR
00000000   _RTDX_interrupt_mask
0000fe90   _RTDX_writing
ffffffff   _SDRAM
0001214c   _SEG0
0000c140   _SEM_pend
0000a460   _SEM_pendEnterKnl
0000b740   _SEM_post
0000b740   _SEM_postBinary
0000bd20   _SEM_postEnterKnl
00012a30   _STS_A_TABBEG
00012ab0   _STS_A_TABEND
0000c018   _STS_add
0000bfe0   _STS_delta
0000c044   _STS_reset
0000c440   _STS_set
00012074   _SWI_D_curfxn
00012064   _SWI_D_curmask
00012068   _SWI_D_curset
00012060   _SWI_D_execaddr
0001207c   _SWI_D_inswi
0001206c   _SWI_D_lock
00012078   _SWI_D_rdybeg
0001205c   _SWI_D_runaddr
0001205c   _SWI_data
00008e50   _SWI_post
00012050   _SYS
00012408   _SYS_PUTCBEG
00012607   _SYS_PUTCEND
0000c1a0   _SYS_abort
0000bdc0   _SYS_exit
00011e30   _SYS_exitStack
000121ac   _SYS_exitStackPtr
000121b0   _SYS_exitStackTop
00012b78   _TRC_R_mask
000121a0   _TSK
00012354   _TSK3
000123b4   _TSK4
00011cf8   _TSK_ATTRS
00011d14   _TSK_config
0000b380   _TSK_exit
000121d4   _TSK_idle
0000f9c0   _TSK_init
00012198   _TSK_nTasks
0001219c   _TSK_pid
0000ad00   _TSK_setup
0000b588   _TSK_startup
00011d34   _TSK_timerSem
0000ba04   _TSK_yield
0000c340   _UTL_doAbort
0000c460   _UTL_doError
0000c200   _UTL_doPutc
0000c480   _UTL_halt
0000b040   __CLK_lat1beg
0000b06c   __CLK_lat1end
00008c94   __GBL_setL2CacheMode
00012058   __HOOK_NUMHOOKS
00012054   __HOOK_knlId
00009720   __HWI_lat1beg
0000988c   __HWI_lat1end
0000988c   __HWI_lat2beg
00009a38   __HWI_lat2end1
000099c4   __HWI_lat2end2
00009a50   __HWI_lat3beg
00009b60   __HWI_lat3end1
000099f4   __HWI_lat3end2
0000bee0   __IDL_lat1beg
0000bf30   __IDL_lat1end
0000b66c   __KNL_lat1beg
0000b6ec   __KNL_lat1end
0000bf60   __LOG_lat1beg
00011dd4   __MEM_mutex
00009fd8   __RTA_lat1beg
0000a010   __RTA_lat1end
0000ab20   __SEM_dopost
00010e98   __STACK_END
00000400   __STACK_SIZE
00008f5c   __SWI_lat1beg
00009008   __SWI_lat1end
0000900c   __SWI_lat2beg
00009074   __SWI_lat2end
00008de0   __SWI_lat3beg
00008e4c   __SWI_lat3end
00011dac   __TSK_mutex
00011e84   ___TI_enable_exit_profile_output
ffffffff   ___TI_pprof_out_hndl
ffffffff   ___TI_prof_data_size
ffffffff   ___TI_prof_data_start
0000f4c0   ___add_dtor
00011a98   ___atexit_func_id__
ffffffff   ___binit__
00011e90   ___bss__
ffffffff   ___c_args__
0000c4a0   ___cinit__
00000000   ___data__
00000000   ___edata__
000121c8   ___end__
0000f560   ___etext__
00012b68   ___pinit__
0000f000   ___text__
0000b220   __auto_init
00011e7c   __cleanup_ptr
00011e80   __dtors_ptr
00011e88   __lock
0000f500   __nop
0000f520   __register_lock
0000f540   __register_unlock
0000fe70   __rtdx_buf
00010a98   __stack
00011e8c   __unlock
0000f120   _atexit
0000f920   _c_int00
0000f000   _call_dtors
00011d54   _dtors
0000f3a0   _main
0000f200   _memcpy
000121c4   _mutex
00011e18   _s
00011e00   _state
0000f3a4   _task
00012234   _task0
00012294   _task1
000122f4   _task2
0000d7e4   _trace
ffffffff   binit
0000c4a0   cinit
00000000   edata
000121c8   end
0000f560   etext
00000000   hwi0
00000020   hwi1
00000140   hwi10
00000160   hwi11
00000180   hwi12
000001a0   hwi13
000001c0   hwi14
000001e0   hwi15
00000040   hwi2
00000060   hwi3
00000080   hwi4
000000a0   hwi5
000000c0   hwi6
000000e0   hwi7
00000100   hwi8
00000120   hwi9
00012b68   pinit
00012234   task0
00000000   task0$ord
00000001   task0$pri
00010e98   task0$stack
00011230   task0$stkptr
00012a54   task0$sts
000129e9   task0$sts$avgfmt
00000002   task0$sts$filter
00000001   task0$sts$filtmaxmult
00000001   task0$sts$filtsummult
000129d9   task0$sts$maxfmt
00012a50   task0$sts$stsobj
000129e1   task0$sts$sumfmt
00000000   task0$sts$unittype
00000000   task0$tsk
00012294   task1
00000000   task1$ord
00000001   task1$pri
00011298   task1$stack
00011630   task1$stkptr
00012a64   task1$sts
00012a03   task1$sts$avgfmt
00000002   task1$sts$filter
00000001   task1$sts$filtmaxmult
00000001   task1$sts$filtsummult
000129f3   task1$sts$maxfmt
00012a60   task1$sts$stsobj
000129fb   task1$sts$sumfmt
00000000   task1$sts$unittype
00000000   task1$tsk
000122f4   task2
00000000   task2$ord
00000001   task2$pri
00011698   task2$stack
00011a30   task2$stkptr
00012a74   task2$sts
00012a1d   task2$sts$avgfmt
00000002   task2$sts$filter
00000001   task2$sts$filtmaxmult
00000001   task2$sts$filtsummult
00012a0d   task2$sts$maxfmt
00012a70   task2$sts$stsobj
00012a15   task2$sts$sumfmt
00000000   task2$sts$unittype
00000000   task2$tsk
0000d7e4   trace
0000e000   trace$buf
00000001   trace$datatype
00000000   trace$log
00000400   trace$size


GLOBAL SYMBOLS: SORTED BY Symbol Address 

address    name
--------   ----
00000000   .data
00000000   BUF$
00000000   CLK_TDDR
00000000   CLK_TDDRHIGH
00000000   CLK_TIMERNUM
00000000   DEV$
00000000   DGN$
00000000   DHL$
00000000   DHL_gChannelsAvailable
00000000   DIO$
00000000   DIO_NUMSWIBASE
00000000   DIO_NUMTSKBASE
00000000   DIO_STATIC
00000000   DPI$
00000000   GBL_BIGENDIAN
00000000   GBL_C641XL2PRIORITY
00000000   GBL_CACHE
00000000   GBL_L2CONFIGALLOC
00000000   GBL_L2MARMASK
00000000   GBL_L2MARMASK1
00000000   GBL_L2MARMASK2
00000000   GBL_L2MARMASK3
00000000   GBL_L2MARMASK4
00000000   GBL_L2MARMASK5
00000000   GBL_L2MODE
00000000   GBL_L2PRIORITY
00000000   GBL_NULL
00000000   GBL_PROCID
00000000   GBL_ROM
00000000   GBL_SUPPORTCSL
00000000   GBL_USERINIT
00000000   GIO$
00000000   HOOK$
00000000   HOOK_KNLID
00000000   HST_DSM
00000000   HST_NONE
00000000   HWI_A_VECS
00000000   HWI_GENERATE_RESET_VEC
00000000   HWI_INT10$hwi
00000000   HWI_INT11$hwi
00000000   HWI_INT12$hwi
00000000   HWI_INT13$hwi
00000000   HWI_INT14$hwi
00000000   HWI_INT15$hwi
00000000   HWI_INT4$hwi
00000000   HWI_INT5$hwi
00000000   HWI_INT6$hwi
00000000   HWI_INT7$hwi
00000000   HWI_INT8$hwi
00000000   HWI_INT9$hwi
00000000   HWI_NMI$hwi
00000000   HWI_POLARITYMASK
00000000   HWI_RESERVED0$hwi
00000000   HWI_RESERVED1$hwi
00000000   HWI_RESET
00000000   HWI_RESET$hwi
00000000   IDL_busyObj$iB
00000000   IDL_busyObj$operation
00000000   KNL_swi$ord
00000000   KNL_swi$pri
00000000   KNL_swi$sts$unittype
00000000   KNL_swi$swi
00000000   LOG_system$datatype
00000000   LOG_system$log
00000000   MBX$
00000000   MEM_NULL
00000000   MEM_USEMPC
00000000   MSGQ$
00000000   MSGQ_USEMSGQ
00000000   OBJ$
00000000   PIP$
00000000   PIP_gNextId
00000000   POOL$
00000000   POOL_USEPOOL
00000000   PRD_A_TABBEG
00000000   PRD_A_TABEND
00000000   PRD_A_TABLEN
00000000   PRD_SWIHANDLE
00000000   RTA_fromHost$hst
00000000   RTA_fromHost$mode
00000000   RTA_toHost$hst
00000000   RTA_toHost$id
00000000   RTDX_USERTEXECUTION
00000000   SEM$
00000000   SIO$
00000000   SWI_EHOOKFXN
00000000   SWI_IHOOKFXN
00000000   TSK3$sts$unittype
00000000   TSK3$tsk
00000000   TSK4$sts$unittype
00000000   TSK4$tsk
00000000   TSK_NUM_HOOKS
00000000   TSK_READYFXN
00000000   TSK_STACKSEG
00000000   TSK_SWITCHFXN
00000000   TSK_idle$ord
00000000   TSK_idle$pri
00000000   TSK_idle$sts$unittype
00000000   TSK_idle$tsk
00000000   UDEV$
00000000   _CLK_TDDR
00000000   _CLK_TIMERNUM
00000000   _GBL_CACHE
00000000   _HWI_RESET
00000000   _RTDX_interrupt_mask
00000000   ___data__
00000000   ___edata__
00000000   edata
00000000   hwi0
00000000   task0$ord
00000000   task0$sts$unittype
00000000   task0$tsk
00000000   task1$ord
00000000   task1$sts$unittype
00000000   task1$tsk
00000000   task2$ord
00000000   task2$sts$unittype
00000000   task2$tsk
00000000   trace$log
00000001   BUF_ENABLED
00000001   CLK$
00000001   CLK_CALDIV
00000001   CLK_COUNTSPMSHIGH
00000001   CLK_HTIMEDIV
00000001   CLK_LTIMEDIV
00000001   CLK_PRDHIGH
00000001   CLK_USETIMER
00000001   GBL$
00000001   GBL_CALLCSLCFGINIT
00000001   GBL_ENABLEINST
00000001   GBL_L2CONFIGURE
00000001   GBL_boot
00000001   HST$
00000001   HST_RTDX
00000001   HWI$
00000001   HWI_NMI
00000001   HWI_ZEROTAB
00000001   IDL$
00000001   IDL_USECLKIDLTIME
00000001   IDL_busyObj$filter
00000001   IDL_busyObj$iA
00000001   IDL_busyObj$iC
00000001   ISRC$
00000001   KNL_swi$dorta
00000001   KNL_swi$sts$filtmaxmult
00000001   KNL_swi$sts$filtsummult
00000001   LCK$
00000001   LOG$
00000001   LOG_ENABLED
00000001   MEM$
00000001   MEM_gNumHeap
00000001   PRD$
00000001   QUE$
00000001   RTA_fromHost$id
00000001   RTA_toHost$mode
00000001   RTDX$
00000001   RTDX_NORMALIZED_HDR
00000001   RTDX_USERTDX
00000001   STS$
00000001   SWI$
00000001   SWI_A_TABLEN
00000001   SYS$
00000001   TSK$
00000001   TSK3$ord
00000001   TSK3$pri
00000001   TSK3$sts$filtmaxmult
00000001   TSK3$sts$filtsummult
00000001   TSK4$pri
00000001   TSK4$sts$filtmaxmult
00000001   TSK4$sts$filtsummult
00000001   TSK_PRIORITY
00000001   TSK_idle$sts$filtmaxmult
00000001   TSK_idle$sts$filtsummult
00000001   _CLK_USETIMER
00000001   _HWI_NMI
00000001   _RTDX_SIMULATOR
00000001   task0$pri
00000001   task0$sts$filtmaxmult
00000001   task0$sts$filtsummult
00000001   task1$pri
00000001   task1$sts$filtmaxmult
00000001   task1$sts$filtsummult
00000001   task2$pri
00000001   task2$sts$filtmaxmult
00000001   task2$sts$filtsummult
00000001   trace$datatype
00000002   HWI_RESERVED0
00000002   IDL_busyObj$unittype
00000002   KNL_swi$sts$filter
00000002   LOG_A_TABLEN
00000002   PIP_A_TABLEN
00000002   PIP_gNumEmbed
00000002   RTDX_MODE
00000002   TSK3$sts$filter
00000002   TSK4$ord
00000002   TSK4$sts$filter
00000002   TSK_idle$sts$filter
00000002   _HWI_RESERVED0
00000002   _LOG_A_TABLEN
00000002   task0$sts$filter
00000002   task1$sts$filter
00000002   task2$sts$filter
00000003   HWI_RESERVED1
00000003   _HWI_RESERVED1
00000004   HWI_INT4
00000004   RTA_fromHost$framesize
00000004   _HWI_INT4
00000005   HWI_INT5
00000005   _HWI_INT5
00000006   HWI_INT6
00000006   IDL_CALIBRERROR
00000006   _HWI_INT6
00000007   HWI_INT7
00000007   _HWI_INT7
00000008   CLK_CALMULT
00000008   CLK_HTIMEMULT
00000008   HWI_INT8
00000008   _HWI_INT8
00000009   HWI_INT9
00000009   _HWI_INT9
0000000a   HWI_INT10
0000000a   _HWI_INT10
0000000b   HWI_INT11
0000000b   _HWI_INT11
0000000c   HWI_INT12
0000000c   _HWI_INT12
0000000d   HWI_INT13
0000000d   _HWI_INT13
0000000e   HWI_INT14
0000000e   _HWI_INT14
0000000f   HWI_INT15
0000000f   _HWI_INT15
00000020   CLK_TCR
00000020   hwi1
0000003e   GBL_DSPTYPE
00000040   HST_MAXFRAMESET
00000040   RTA_toHost$framesize
00000040   hwi2
00000042   GBL_FOOTPRINT
00000060   hwi3
00000064   PIP_OBJSIZE
00000080   hwi4
000000a0   hwi5
000000c0   hwi6
000000e0   hwi7
000000ff   HST_MAXFRAMEALLOWED
00000100   hwi8
00000120   hwi9
00000140   hwi10
00000160   hwi11
00000180   hwi12
000001a0   hwi13
000001c0   hwi14
000001e0   hwi15
00000200   IRAM$B
00000200   LOG_system$size
00000200   _IRAM_base
000003e8   CLK_MICROSECS
00000400   HST_DSMMEMSIZE
00000400   TSK_STACKSIZE
00000400   __STACK_SIZE
00000400   trace$size
00000408   RTDX_BUFMEMSIZE
00001770   GBL_CLKTYPE
00001900   GBL_DSPSUBTYPE
00002226   GBL_L2ALLOC
00004000   CLK_INTBIT
00004000   PRD_SCALAR
00004208   HWI_CFGDISPATCHED
00004208   _HWI_CFGDISPATCHED
00004e20   GBL_CLKIN
00005205   GBL_A_VERSION
00008000   IRAM$L
00008000   _IRAM_length
00008200   LNK_F_checkBufferCall
00008220   LNK_F_getChanPtr
00008278   LNK_F_init
00008280   LNK_F_dataPump
00008294   LNK_rcloop
0000835c   LNK_rdrtry
0000836c   LNK_rrloop
00008430   LNK_wrrtry
00008440   LNK_wrloop
00008518   LNK_newin
00008658   LNK_newout
000087bc   LNK_F_readCallBack
00008c94   __GBL_setL2CacheMode
00008de0   SWI_F_enable
00008de0   __SWI_lat3beg
00008e4c   __SWI_lat3end
00008e50   SWI_F_post
00008e50   _SWI_post
00008f5c   __SWI_lat1beg
00008fc8   SWI_EXECFXN
00008fc8   SWI_F_exec
00008ff0   SWI_F_iexec
00009008   __SWI_lat1end
0000900c   __SWI_lat2beg
00009074   __SWI_lat2end
00009078   SWI_F_run
00009078   SWI_RUNFXN
000092c0   _GBL_cslCacheInit64
00009720   CLK_HOOKFXN
00009720   HWI_F_dispatch
00009720   _HWI_F_dispatch
00009720   __HWI_lat1beg
0000988c   __HWI_lat1end
0000988c   __HWI_lat2beg
000099c4   __HWI_lat2end2
000099f4   __HWI_lat3end2
00009a38   __HWI_lat2end1
00009a50   __HWI_lat3beg
00009b60   __HWI_lat3end1
00009b80   PRD_F_swi
00009e38   PRD_F_tick
00009f20   RTA_F_getlog
00009f64   RTA_F_getsts
00009fac   RTA_F_readblk
00009fcc   RTA_F_writeword
00009fd8   RTA_F_resetmem
00009fd8   __RTA_lat1beg
0000a010   __RTA_lat1end
0000a018   RTA_F_dispatch
0000a068   RTA_execute
0000a1e0   _KNL_run
0000a460   _SEM_pendEnterKnl
0000a6c0   PIP_F_take
0000a754   PIP_F_give
0000a754   PIP_F_probe
0000a828   PIP_F_start
0000ab00   PRD_THOOKFXN
0000ab00   _KNL_tick
0000ab20   __SEM_dopost
0000ad00   _TSK_setup
0000aec0   CLK_F_getltime
0000aed4   CLK_F_isr
0000b024   CLK_F_itime
0000b024   _CLK_F_itime
0000b024   _CLK_itime
0000b040   __CLK_lat1beg
0000b06c   __CLK_lat1end
0000b080   _KNL_saveIsrFrame
0000b130   _KNL_switch
0000b1d8   KNL_glue
0000b220   __auto_init
0000b380   _TSK_exit
0000b588   _TSK_startup
0000b620   _KNL_check
0000b66c   __KNL_lat1beg
0000b6ec   _KNL_idle
0000b6ec   __KNL_lat1end
0000b710   _KNL_max
0000b740   _SEM_post
0000b740   _SEM_postBinary
0000b820   _CLK_measure
0000b900   _KNL_exit
0000b940   _KNL_enter
0000ba04   _TSK_yield
0000ba80   CLK_F_getfhtime
0000baa0   CLK_F_gethtime
0000baa0   CLK_F_getshtime
0000baa0   CLK_TIMEFXN
0000bb40   _KNL_ipost
0000bbe0   _KNL_post
0000bc80   _LCK_post
0000bcac   _LCK_pend
0000bd20   _SEM_postEnterKnl
0000bdc0   _SYS_exit
0000be60   FXN_F_nop
0000be68   FXN_F_run
0000be68   _FXN_F_run
0000beb8   FXN_F_zero
0000beb8   _FXN_F_zero
0000bee0   IDL_F_busy
0000bee0   __IDL_lat1beg
0000bf30   __IDL_lat1end
0000bf60   LOG_F_event
0000bf60   _LOG_event
0000bf60   __LOG_lat1beg
0000bfe0   STS_F_delta
0000bfe0   _STS_delta
0000c018   STS_F_add
0000c018   _STS_add
0000c044   STS_F_reset
0000c044   _STS_reset
0000c060   IDL_F_calibrate
0000c0e0   _HWI_disable
0000c0f8   _HWI_enable
0000c10c   _HWI_restore
0000c140   _SEM_pend
0000c1a0   _SYS_abort
0000c200   SYS_PUTCFXN
0000c200   _UTL_doPutc
0000c260   _CLK_start
0000c2c0   IDL_CALIBRFXN
0000c2c0   IDL_F_stub
0000c300   RTA_F_andn
0000c320   RTA_F_or
0000c340   SYS_ABORTFXN
0000c340   _UTL_doAbort
0000c380   _CLK_stop
0000c3c0   GBL_USERINITFXN
0000c3c0   GIO_CREATEFXN
0000c3c0   GIO_DELETEFXN
0000c3c0   GIO_PENDFXN
0000c3c0   GIO_POSTFXN
0000c3c0   TSK_VCREATEFXN
0000c3c0   TSK_VDELETEFXN
0000c3c0   TSK_VEXITFXN
0000c3c0   _FXN_F_nop
0000c3e0   _GBL_getVersion
0000c400   IDL_F_loop
0000c400   _IDL_loop
0000c420   _LOG_printf
0000c440   _STS_set
0000c460   SYS_ERRORFXN
0000c460   _UTL_doError
0000c480   SYS_EXITFXN
0000c480   _UTL_halt
0000c4a0   ___cinit__
0000c4a0   cinit
0000d704   PIP_A_TABBEG
0000d704   RTA_fromHost$pipe
0000d704   _PIP_A_TABBEG
0000d708   RTA_fromHost$pipe$rd
0000d734   RTA_fromHost$pipe$aaa
0000d738   RTA_fromHost$pipe$wr
0000d764   RTA_fromHost$pipe$bbb
0000d768   RTA_toHost$pipe
0000d76c   RTA_toHost$pipe$rd
0000d798   RTA_toHost$pipe$aaa
0000d79c   RTA_toHost$pipe$wr
0000d7c8   RTA_toHost$pipe$bbb
0000d7cc   LOG_A_TABBEG
0000d7cc   LOG_system
0000d7cc   PIP_A_TABEND
0000d7cc   _LOG_A_TABBEG
0000d7cc   _LOG_system
0000d7cc   _PIP_A_TABEND
0000d7e4   _trace
0000d7e4   trace
0000d7fc   LOG_A_TABEND
0000d7fc   _LOG_A_TABEND
0000d800   LOG_system$buf
0000dbef   GBL_TRCMASKVALUE
0000e000   trace$buf
0000f000   .text
0000f000   ___text__
0000f000   _call_dtors
0000f120   _atexit
0000f200   _memcpy
0000f3a0   _main
0000f3a4   _task
0000f440   _RTDX_Buffer_WriteCB
0000f4a8   RTDX$$MSG
0000f4c0   ___add_dtor
0000f500   __nop
0000f520   __register_lock
0000f540   __register_unlock
0000f560   BIOS_init
0000f560   _BIOS_init
0000f560   ___etext__
0000f560   etext
0000f6f8   BIOS$$CLKON
0000f738   BIOS$$CLKOFF
0000f7a0   BIOS_start
0000f7a0   _BIOS_start
0000f860   _MEM_init
0000f920   _c_int00
0000f9c0   _TSK_init
0000fa40   _OBJ_init
0000fa60   _RTDX_Buffer
0000fe68   _RTDX_Buffer_Start
0000fe6c   _RTDX_Buffer_End
0000fe70   __rtdx_buf
0000fe90   _RTDX_writing
0000fe98   TSK3$stack
00010230   TSK3$stkptr
00010298   TSK4$stack
00010630   TSK4$stkptr
00010698   TSK_idle$stack
00010a30   TSK_idle$stkptr
00010a98   GBL_stackbeg
00010a98   _HWI_STKTOP
00010a98   __stack
00010e90   _HWI_STKBOTTOM
00010e97   GBL_stackend
00010e98   __STACK_END
00010e98   task0$stack
00011230   task0$stkptr
00011298   task1$stack
00011630   task1$stkptr
00011698   task2$stack
00011a30   task2$stkptr
00011a98   ___atexit_func_id__
00011c20   _KNL_queues
00011cc0   _KNL_dummy
00011cf8   _TSK_ATTRS
00011d14   _TSK_config
00011d34   _TSK_timerSem
00011d54   _dtors
00011d58   _OBJ_table
00011d90   _OBJ_segtab
00011dac   __TSK_mutex
00011dd4   __MEM_mutex
00011e00   _state
00011e18   _s
00011e30   _SYS_exitStack
00011e7c   __cleanup_ptr
00011e80   __dtors_ptr
00011e84   ___TI_enable_exit_profile_output
00011e88   __lock
00011e8c   __unlock
00011e90   $bss
00011e90   .bss
00011e90   _HWI_dispatchTab
00011e90   ___bss__
00011f90   IDL_D_tabbeg
00011f94   IDL_D_calibrate
00011f98   IDL_D_calbeg
00011f9c   LOG_D_system
00011f9c   _LOG_D_system
00011fa0   PIP_D_tabbeg
00011fa4   PIP_D_tablen
00011fa8   CLK_R_time
00011fac   CLK_D_timefxn
00011fb0   CLK_D_tabbeg
00011fb4   CLK_D_isrhook
00011fb8   CLK_D_idletime
00011fbc   _CLK_htimeDiv
00011fc0   _CLK_htimeMult
00011fc4   _CLK_ltimeDiv
00011fc8   _CLK_ltimeMult
00011fcc   _CLK_D_dirty
00011fd0   _CLK_D_prd
00011fd4   _CLK_D_tddr
00011fd8   _CLK_D_countspms
00011fdc   PRD_D_tick
00011fdc   _PRD_D_tick
00011fe0   PRD_D_cur
00011fe4   PRD_D_elapsed
00011fe8   PRD_D_prevtim
00011fec   PRD_D_scalar
00011ff0   PRD_D_swihandle
00011ff4   PRD_D_tabbeg
00011ff8   PRD_D_tablen
00011ffc   PRD_D_thook
00012000   RTA_D_fromHost
00012004   RTA_D_toHost
00012008   RTA_D_logval
00012018   RTA_D_stsval
00012024   HST_D_chanmask
00012028   HST_D_tabbeg
0001202c   HST_D_tabend
00012030   _GBL_procId
00012034   _GBL_clkIn
00012038   _GBL_freq
0001203c   _MEM_D_NUMSEGMENTS
00012040   _MEM_D_memtab
00012044   _MEM_D_freelist
00012048   _MEM_D_lockaddr
0001204c   _MEM_D_unlockaddr
00012050   _SYS
00012054   __HOOK_knlId
00012058   __HOOK_NUMHOOKS
0001205c   SWI_D_runaddr
0001205c   _SWI_D_runaddr
0001205c   _SWI_data
00012060   SWI_D_execaddr
00012060   _SWI_D_execaddr
00012064   SWI_D_curmask
00012064   _SWI_D_curmask
00012068   SWI_D_curset
00012068   _SWI_D_curset
0001206c   SWI_D_lock
0001206c   _SWI_D_lock
00012070   SWI_D_curmbox
00012074   SWI_D_curfxn
00012074   _SWI_D_curfxn
00012078   SWI_D_rdybeg
00012078   _SWI_D_rdybeg
0001207c   SWI_D_inswi
0001207c   _SWI_D_inswi
00012080   SWI_D_rdytab
000120f8   _KNL_wFlag
000120fc   _KNL_wList
00012100   _KNL_alarm
00012104   _KNL_setpri
00012108   _KNL_inactive
0001210c   _KNL_priority
00012110   _KNL_set
00012114   _KNL_curtask
00012118   _KNL_prevtask
0001211c   _KNL_curtime
00012120   _KNL_swiptr
00012124   _KNL_curqueue
00012128   _KNL_maxqueue
0001212c   _KNL_tswitchfxn
00012130   _KNL_tcreatefxn
00012134   _KNL_tdeletefxn
00012138   _KNL_treadyfxn
0001213c   _KNL_idlefxn
00012140   _MEM_memtab
0001214c   HST_DSMBUFSEG
0001214c   IRAM
0001214c   MEM_MALLOCSEG
0001214c   MEM_SEGZERO
0001214c   RTDX_DATAMEMSEG
0001214c   _IRAM
0001214c   _SEG0
00012150   RTA_fromHost$pipe$dtab
0001215c   RTA_toHost$pipe$dtab
00012168   HWI_D_spsave
00012168   _HWI_D_spsave
00012168   _HWI_data
00012174   _HWI_D_inhwi
00012178   HWI_D_bss
0001217c   HWI_D_ccmask
00012180   LNK_dspFrameRequestMask
00012180   _LNK_dspFrameRequestMask
00012184   LNK_dspFrameReadyMask
00012184   _LNK_dspFrameReadyMask
00012188   LNK_readPend
00012188   _LNK_readPend
0001218c   LNK_readDone
0001218c   _LNK_readDone
00012190   LNK_readFail
00012190   _LNK_readFail
00012194   LNK_writeFail
00012194   _LNK_writeFail
00012198   _TSK_nTasks
0001219c   _TSK_pid
000121a0   _TSK
000121a4   _CLK_DFLTMICROSECS
000121a8   _CLK_D_microseconds
000121ac   _SYS_exitStackPtr
000121b0   _SYS_exitStackTop
000121b4   _CLK_htimePerLtime
000121bc   IDL_D_busyObj
000121c0   _MEM
000121c4   _mutex
000121c8   ___end__
000121c8   end
000121d4   TSK_idle
000121d4   _TSK_idle
00012234   _task0
00012234   task0
00012294   _task1
00012294   task1
000122f4   _task2
000122f4   task2
00012354   TSK3
00012354   _TSK3
000123b4   TSK4
000123b4   _TSK4
00012408   _SYS_PUTCBEG
000124f8   CLK_COUNTSPMS
000124f8   CLK_HTIMEPERLTIME
000124f8   CLK_PRD
000124f8   _CLK_COUNTSPMS
000124f8   _CLK_PRD
00012607   _SYS_PUTCEND
00012608   RTA_fromHost$buf
00012618   CLK_A_TABBEG
00012618   PRD_clock
00012618   _PRD_clock
0001261c   CLK_null
00012620   _RTDX_Poll
000126c0   _RTDX_Buffer_Read
00012720   _RTDX_Buffer_Initialize
00012760   _RTDX_Init_RT_Monitor
000127a0   _RTDX_Buffer_Write
000127c0   _RTDX_Final_RT_Monitor
000127e0   RTA_toHost$buf
000129a5   KNL_swi$sts$maxfmt
000129ad   KNL_swi$sts$sumfmt
000129b5   KNL_swi$sts$avgfmt
000129bf   TSK_idle$sts$maxfmt
000129c7   TSK_idle$sts$sumfmt
000129cf   TSK_idle$sts$avgfmt
000129d9   task0$sts$maxfmt
000129e1   task0$sts$sumfmt
000129e9   task0$sts$avgfmt
000129f3   task1$sts$maxfmt
000129fb   task1$sts$sumfmt
00012a03   task1$sts$avgfmt
00012a0d   task2$sts$maxfmt
00012a15   task2$sts$sumfmt
00012a1d   task2$sts$avgfmt
00012a27   TSK3$sts$maxfmt
00012a2f   TSK3$sts$sumfmt
00012a30   KNL_swi$sts$stsobj
00012a30   STS_A_TABBEG
00012a30   _STS_A_TABBEG
00012a34   KNL_swi$sts
00012a37   TSK3$sts$avgfmt
00012a40   TSK_idle$sts$stsobj
00012a41   TSK4$sts$maxfmt
00012a44   TSK_idle$sts
00012a49   TSK4$sts$sumfmt
00012a50   task0$sts$stsobj
00012a51   TSK4$sts$avgfmt
00012a54   task0$sts
00012a5b   IDL_busyObj$maxfmt
00012a5e   IDL_busyObj$sumfmt
00012a60   task1$sts$stsobj
00012a61   IDL_busyObj$avgfmt
00012a64   task1$sts
00012a70   task2$sts$stsobj
00012a74   task2$sts
00012a80   TSK3$sts$stsobj
00012a84   TSK3$sts
00012a90   TSK4$sts$stsobj
00012a94   TSK4$sts
00012aa0   IDL_busyObj$stsobj
00012aa4   IDL_busyObj
00012aa4   _IDL_busyObj
00012ab0   HST_A_TABBEG
00012ab0   STS_A_TABEND
00012ab0   _HST_A_TABBEG
00012ab0   _STS_A_TABEND
00012ab4   RTA_fromHost
00012ab4   _RTA_fromHost
00012abc   RTA_fromHost$rtdx
00012ad0   RTA_toHost
00012ad0   _RTA_toHost
00012ad8   RTA_toHost$rtdx
00012aec   HST_A_TABEND
00012aec   KNL_swi
00012aec   SWI_A_TABBEG
00012aec   _HST_A_TABEND
00012aec   _KNL_swi
00012b18   SWI_A_TABEND
00012b38   IDL_A_TABBEG
00012b38   IDL_cpuLoad
00012b38   _IDL_cpuLoad
00012b3c   LNK_dataPump
00012b3c   _LNK_dataPump
00012b40   RTA_dispatcher
00012b40   _RTA_dispatcher
00012b44   IDL_END
00012b48   IDL_A_CALBEG
00012b48   IDL_cpuLoad$
00012b4c   LNK_dataPump$
00012b50   RTA_dispatcher$
00012b54   IDL_END$
00012b58   SYS$config
00012b68   ___pinit__
00012b68   pinit
00012b74   TRC_cinit
00012b78   TRC_R_mask
00012b78   _TRC_R_mask
00012b7c   GBL_initdone
000927c0   CLK_LTIMEMULT
000927c0   GBL_FREQ
01940000   CLK_HIRESREGS
01940000   CLK_REGS
01940000   _CLK_REGS
082039b3   HWI_INTRMULTHIGH
250718a4   HWI_INTRMULTLOW
ffffffff   SDRAM
ffffffff   _SDRAM
ffffffff   ___TI_pprof_out_hndl
ffffffff   ___TI_prof_data_size
ffffffff   ___TI_prof_data_start
ffffffff   ___binit__
ffffffff   ___c_args__
ffffffff   binit

[768 symbols]
