<?xml version="1.0"?>
<link_info>
   <banner>TMS320C6x Linker PC v7.4.4</banner>
   <copyright>Copyright (c) 1996-2013 Texas Instruments Incorporated</copyright>
   <link_time>0x61c8238c</link_time>
   <output_file>tsk_phd.out</output_file>
   <entry_point>
      <name>_c_int00</name>
      <address>0xf920</address>
   </entry_point>
   <input_file_list>
      <input_file id="fl-a">
         <path>.\</path>
         <kind>object</kind>
         <file>tskcfg_c.obj</file>
         <name>tskcfg_c.obj</name>
      </input_file>
      <input_file id="fl-b">
         <path>.\</path>
         <kind>object</kind>
         <file>tskcfg.obj</file>
         <name>tskcfg.obj</name>
      </input_file>
      <input_file id="fl-c">
         <path>.\</path>
         <kind>object</kind>
         <file>tsk.obj</file>
         <name>tsk.obj</name>
      </input_file>
      <input_file id="fl-86">
         <path>C:\ti\bios_5_42_01_09\packages\ti\bios\lib\</path>
         <kind>archive</kind>
         <file>biosC6000.a64</file>
         <name>clk_htime.o64</name>
      </input_file>
      <input_file id="fl-87">
         <path>C:\ti\bios_5_42_01_09\packages\ti\bios\lib\</path>
         <kind>archive</kind>
         <file>bios.a64</file>
         <name>biosdata.o64</name>
      </input_file>
      <input_file id="fl-88">
         <path>C:\ti\bios_5_42_01_09\packages\ti\bios\lib\</path>
         <kind>archive</kind>
         <file>bios.a64</file>
         <name>hwi_disp_asm.o64</name>
      </input_file>
      <input_file id="fl-89">
         <path>C:\ti\bios_5_42_01_09\packages\ti\bios\lib\</path>
         <kind>archive</kind>
         <file>bios.a64</file>
         <name>idl_stub.o64</name>
      </input_file>
      <input_file id="fl-8a">
         <path>C:\ti\bios_5_42_01_09\packages\ti\bios\lib\</path>
         <kind>archive</kind>
         <file>lnkrtdx.a64</file>
         <name>rtdx.o64</name>
      </input_file>
      <input_file id="fl-8b">
         <path>C:\ti\bios_5_42_01_09\packages\ti\bios\lib\</path>
         <kind>archive</kind>
         <file>bios.a64</file>
         <name>swi.o64</name>
      </input_file>
      <input_file id="fl-8c">
         <path>C:\ti\bios_5_42_01_09\packages\ti\bios\lib\</path>
         <kind>archive</kind>
         <file>bios.a64</file>
         <name>fxn_c.o64</name>
      </input_file>
      <input_file id="fl-8d">
         <path>C:\ti\bios_5_42_01_09\packages\ti\bios\lib\</path>
         <kind>archive</kind>
         <file>bios.a64</file>
         <name>knl_tick.o64</name>
      </input_file>
      <input_file id="fl-8e">
         <path>C:\ti\bios_5_42_01_09\packages\ti\bios\lib\</path>
         <kind>archive</kind>
         <file>bios.a64</file>
         <name>utl_doab.o64</name>
      </input_file>
      <input_file id="fl-8f">
         <path>C:\ti\bios_5_42_01_09\packages\ti\bios\lib\</path>
         <kind>archive</kind>
         <file>bios.a64</file>
         <name>utl_doer.o64</name>
      </input_file>
      <input_file id="fl-90">
         <path>C:\ti\bios_5_42_01_09\packages\ti\bios\lib\</path>
         <kind>archive</kind>
         <file>bios.a64</file>
         <name>utl_putc.o64</name>
      </input_file>
      <input_file id="fl-91">
         <path>C:\ti\bios_5_42_01_09\packages\ti\bios\lib\</path>
         <kind>archive</kind>
         <file>bios.a64</file>
         <name>utl_halt.o64</name>
      </input_file>
      <input_file id="fl-92">
         <path>C:\ti\bios_5_42_01_09\packages\ti\bios\lib\</path>
         <kind>archive</kind>
         <file>biosC6000.a64</file>
         <name>clk.o64</name>
      </input_file>
      <input_file id="fl-93">
         <path>C:\ti\bios_5_42_01_09\packages\ti\bios\lib\</path>
         <kind>archive</kind>
         <file>bios.a64</file>
         <name>fxn.o64</name>
      </input_file>
      <input_file id="fl-94">
         <path>C:\ti\bios_5_42_01_09\packages\ti\bios\lib\</path>
         <kind>archive</kind>
         <file>bios.a64</file>
         <name>boot.o64</name>
      </input_file>
      <input_file id="fl-95">
         <path>C:\ti\bios_5_42_01_09\packages\ti\bios\lib\</path>
         <kind>archive</kind>
         <file>bios.a64</file>
         <name>trc.o64</name>
      </input_file>
      <input_file id="fl-96">
         <path>C:\ti\bios_5_42_01_09\packages\ti\bios\lib\</path>
         <kind>archive</kind>
         <file>bios.a64</file>
         <name>hwi.o64</name>
      </input_file>
      <input_file id="fl-97">
         <path>C:\ti\bios_5_42_01_09\packages\ti\bios\lib\</path>
         <kind>archive</kind>
         <file>bios.a64</file>
         <name>idl_busy.o64</name>
      </input_file>
      <input_file id="fl-98">
         <path>C:\ti\bios_5_42_01_09\packages\ti\bios\lib\</path>
         <kind>archive</kind>
         <file>biosC6000.a64</file>
         <name>idl_cal.o64</name>
      </input_file>
      <input_file id="fl-99">
         <path>C:\ti\bios_5_42_01_09\packages\ti\bios\lib\</path>
         <kind>archive</kind>
         <file>bios.a64</file>
         <name>idl.o64</name>
      </input_file>
      <input_file id="fl-9a">
         <path>C:\ti\bios_5_42_01_09\packages\ti\bios\lib\</path>
         <kind>archive</kind>
         <file>bios.a64</file>
         <name>knl_swit.o64</name>
      </input_file>
      <input_file id="fl-9b">
         <path>C:\ti\bios_5_42_01_09\packages\ti\bios\lib\</path>
         <kind>archive</kind>
         <file>bios.a64</file>
         <name>log.o64</name>
      </input_file>
      <input_file id="fl-9c">
         <path>C:\ti\bios_5_42_01_09\packages\ti\bios\lib\</path>
         <kind>archive</kind>
         <file>bios.a64</file>
         <name>pip.o64</name>
      </input_file>
      <input_file id="fl-9d">
         <path>C:\ti\bios_5_42_01_09\packages\ti\bios\lib\</path>
         <kind>archive</kind>
         <file>bios.a64</file>
         <name>prd.o64</name>
      </input_file>
      <input_file id="fl-9e">
         <path>C:\ti\bios_5_42_01_09\packages\ti\bios\lib\</path>
         <kind>archive</kind>
         <file>bios.a64</file>
         <name>rta.o64</name>
      </input_file>
      <input_file id="fl-9f">
         <path>C:\ti\bios_5_42_01_09\packages\ti\bios\lib\</path>
         <kind>archive</kind>
         <file>bios.a64</file>
         <name>rta_andn.o64</name>
      </input_file>
      <input_file id="fl-a0">
         <path>C:\ti\bios_5_42_01_09\packages\ti\bios\lib\</path>
         <kind>archive</kind>
         <file>bios.a64</file>
         <name>sts.o64</name>
      </input_file>
      <input_file id="fl-a1">
         <path>C:\ti\bios_5_42_01_09\packages\ti\bios\lib\</path>
         <kind>archive</kind>
         <file>bios.a64</file>
         <name>clk_data.o64</name>
      </input_file>
      <input_file id="fl-a2">
         <path>C:\ti\bios_5_42_01_09\packages\ti\bios\lib\</path>
         <kind>archive</kind>
         <file>bios.a64</file>
         <name>clk_data2.o64</name>
      </input_file>
      <input_file id="fl-a3">
         <path>C:\ti\bios_5_42_01_09\packages\ti\bios\lib\</path>
         <kind>archive</kind>
         <file>biosC6000.a64</file>
         <name>clk_meas.o64</name>
      </input_file>
      <input_file id="fl-a4">
         <path>C:\ti\bios_5_42_01_09\packages\ti\bios\lib\</path>
         <kind>archive</kind>
         <file>biosC6000.a64</file>
         <name>clk_start.o64</name>
      </input_file>
      <input_file id="fl-a5">
         <path>C:\ti\bios_5_42_01_09\packages\ti\bios\lib\</path>
         <kind>archive</kind>
         <file>biosC6000.a64</file>
         <name>clk_stop.o64</name>
      </input_file>
      <input_file id="fl-a6">
         <path>C:\ti\bios_5_42_01_09\packages\ti\bios\lib\</path>
         <kind>archive</kind>
         <file>bios.a64</file>
         <name>gbl_cslcacheinit64.o64</name>
      </input_file>
      <input_file id="fl-a7">
         <path>C:\ti\bios_5_42_01_09\packages\ti\bios\lib\</path>
         <kind>archive</kind>
         <file>bios.a64</file>
         <name>gbl_vers.o64</name>
      </input_file>
      <input_file id="fl-a8">
         <path>C:\ti\bios_5_42_01_09\packages\ti\bios\lib\</path>
         <kind>archive</kind>
         <file>bios.a64</file>
         <name>hwi_c.o64</name>
      </input_file>
      <input_file id="fl-a9">
         <path>C:\ti\bios_5_42_01_09\packages\ti\bios\lib\</path>
         <kind>archive</kind>
         <file>bios.a64</file>
         <name>knl.o64</name>
      </input_file>
      <input_file id="fl-aa">
         <path>C:\ti\bios_5_42_01_09\packages\ti\bios\lib\</path>
         <kind>archive</kind>
         <file>bios.a64</file>
         <name>knl_exit.o64</name>
      </input_file>
      <input_file id="fl-ab">
         <path>C:\ti\bios_5_42_01_09\packages\ti\bios\lib\</path>
         <kind>archive</kind>
         <file>bios.a64</file>
         <name>knl_chec.o64</name>
      </input_file>
      <input_file id="fl-ac">
         <path>C:\ti\bios_5_42_01_09\packages\ti\bios\lib\</path>
         <kind>archive</kind>
         <file>bios.a64</file>
         <name>knl_post.o64</name>
      </input_file>
      <input_file id="fl-ad">
         <path>C:\ti\bios_5_42_01_09\packages\ti\bios\lib\</path>
         <kind>archive</kind>
         <file>bios.a64</file>
         <name>knl_ipos.o64</name>
      </input_file>
      <input_file id="fl-ae">
         <path>C:\ti\bios_5_42_01_09\packages\ti\bios\lib\</path>
         <kind>archive</kind>
         <file>bios.a64</file>
         <name>knl_run.o64</name>
      </input_file>
      <input_file id="fl-af">
         <path>C:\ti\bios_5_42_01_09\packages\ti\bios\lib\</path>
         <kind>archive</kind>
         <file>bios.a64</file>
         <name>log_printf.o64</name>
      </input_file>
      <input_file id="fl-b0">
         <path>C:\ti\bios_5_42_01_09\packages\ti\bios\lib\</path>
         <kind>archive</kind>
         <file>bios.a64</file>
         <name>mem_asm.o64</name>
      </input_file>
      <input_file id="fl-b1">
         <path>C:\ti\bios_5_42_01_09\packages\ti\bios\lib\</path>
         <kind>archive</kind>
         <file>bios.a64</file>
         <name>mem_init.o64</name>
      </input_file>
      <input_file id="fl-b2">
         <path>C:\ti\bios_5_42_01_09\packages\ti\bios\lib\</path>
         <kind>archive</kind>
         <file>bios.a64</file>
         <name>obj_init.o64</name>
      </input_file>
      <input_file id="fl-b3">
         <path>C:\ti\bios_5_42_01_09\packages\ti\rtdx\lib\c6000\</path>
         <kind>archive</kind>
         <file>rtdxsim.lib</file>
         <name>simbuf.o62</name>
      </input_file>
      <input_file id="fl-b4">
         <path>C:\ti\bios_5_42_01_09\packages\ti\rtdx\lib\c6000\</path>
         <kind>archive</kind>
         <file>rtdxsim.lib</file>
         <name>sim_mon.o62</name>
      </input_file>
      <input_file id="fl-b5">
         <path>C:\ti\bios_5_42_01_09\packages\ti\bios\lib\</path>
         <kind>archive</kind>
         <file>bios.a64</file>
         <name>sts_set.o64</name>
      </input_file>
      <input_file id="fl-b6">
         <path>C:\ti\bios_5_42_01_09\packages\ti\bios\lib\</path>
         <kind>archive</kind>
         <file>bios.a64</file>
         <name>tsk.o64</name>
      </input_file>
      <input_file id="fl-b7">
         <path>C:\ti\bios_5_42_01_09\packages\ti\bios\lib\</path>
         <kind>archive</kind>
         <file>bios.a64</file>
         <name>tsk_exit.o64</name>
      </input_file>
      <input_file id="fl-b8">
         <path>C:\ti\bios_5_42_01_09\packages\ti\bios\lib\</path>
         <kind>archive</kind>
         <file>bios.a64</file>
         <name>sys_exit.o64</name>
      </input_file>
      <input_file id="fl-b9">
         <path>C:\ti\bios_5_42_01_09\packages\ti\bios\lib\</path>
         <kind>archive</kind>
         <file>bios.a64</file>
         <name>sys.o64</name>
      </input_file>
      <input_file id="fl-ba">
         <path>C:\ti\bios_5_42_01_09\packages\ti\bios\lib\</path>
         <kind>archive</kind>
         <file>bios.a64</file>
         <name>tsk_init.o64</name>
      </input_file>
      <input_file id="fl-bb">
         <path>C:\ti\bios_5_42_01_09\packages\ti\bios\lib\</path>
         <kind>archive</kind>
         <file>bios.a64</file>
         <name>tsk_setu.o64</name>
      </input_file>
      <input_file id="fl-bc">
         <path>C:\ti\bios_5_42_01_09\packages\ti\bios\lib\</path>
         <kind>archive</kind>
         <file>bios.a64</file>
         <name>tsk_stup.o64</name>
      </input_file>
      <input_file id="fl-bd">
         <path>C:\ti\bios_5_42_01_09\packages\ti\bios\lib\</path>
         <kind>archive</kind>
         <file>bios.a64</file>
         <name>lck.o64</name>
      </input_file>
      <input_file id="fl-be">
         <path>C:\ti\bios_5_42_01_09\packages\ti\bios\lib\</path>
         <kind>archive</kind>
         <file>bios.a64</file>
         <name>sem_pend_counting.o64</name>
      </input_file>
      <input_file id="fl-bf">
         <path>C:\ti\bios_5_42_01_09\packages\ti\bios\lib\</path>
         <kind>archive</kind>
         <file>bios.a64</file>
         <name>sem_pend.o64</name>
      </input_file>
      <input_file id="fl-c0">
         <path>C:\ti\bios_5_42_01_09\packages\ti\bios\lib\</path>
         <kind>archive</kind>
         <file>bios.a64</file>
         <name>sem_post_asm.o64</name>
      </input_file>
      <input_file id="fl-c1">
         <path>C:\ti\bios_5_42_01_09\packages\ti\bios\lib\</path>
         <kind>archive</kind>
         <file>bios.a64</file>
         <name>sem_post.o64</name>
      </input_file>
      <input_file id="fl-c2">
         <path>C:\ti\bios_5_42_01_09\packages\ti\bios\lib\</path>
         <kind>archive</kind>
         <file>bios.a64</file>
         <name>sys_abor.o64</name>
      </input_file>
      <input_file id="fl-c3">
         <path>C:\ti\bios_5_42_01_09\packages\ti\bios\lib\</path>
         <kind>archive</kind>
         <file>bios.a64</file>
         <name>tsk_yiel.o64</name>
      </input_file>
      <input_file id="fl-c4">
         <path>C:\ti\bios_5_42_01_09\packages\ti\bios\lib\</path>
         <kind>archive</kind>
         <file>bios.a64</file>
         <name>gbl_setL2CacheMode.o64</name>
      </input_file>
      <input_file id="fl-c5">
         <path>C:\ti\bios_5_42_01_09\packages\ti\bios\lib\</path>
         <kind>archive</kind>
         <file>bios.a64</file>
         <name>sem_dopo.o64</name>
      </input_file>
      <input_file id="fl-c6">
         <path>C:\ti\bios_5_42_01_09\packages\ti\bios\lib\</path>
         <kind>archive</kind>
         <file>bios.a64</file>
         <name>autoinit.o64</name>
      </input_file>
      <input_file id="fl-c7">
         <path>C:\ti\ccsv5\tools\compiler\c6000_7.4.4\lib\</path>
         <kind>archive</kind>
         <file>rts6400.lib</file>
         <name>_lock.obj</name>
      </input_file>
      <input_file id="fl-c8">
         <path>C:\ti\ccsv5\tools\compiler\c6000_7.4.4\lib\</path>
         <kind>archive</kind>
         <file>rts6400.lib</file>
         <name>atexit.obj</name>
      </input_file>
      <input_file id="fl-c9">
         <path>C:\ti\ccsv5\tools\compiler\c6000_7.4.4\lib\</path>
         <kind>archive</kind>
         <file>rts6400.lib</file>
         <name>sinit.obj</name>
      </input_file>
      <input_file id="fl-ca">
         <path>C:\ti\ccsv5\tools\compiler\c6000_7.4.4\lib\</path>
         <kind>archive</kind>
         <file>rts6400.lib</file>
         <name>exit.obj</name>
      </input_file>
      <input_file id="fl-cb">
         <path>C:\ti\ccsv5\tools\compiler\c6000_7.4.4\lib\</path>
         <kind>archive</kind>
         <file>rts6400.lib</file>
         <name>memcpy64.obj</name>
      </input_file>
   </input_file_list>
   <object_component_list>
      <object_component id="oc-72">
         <name>.vers</name>
         <load_address>0x0</load_address>
         <run_address>0x0</run_address>
         <size>0x38</size>
         <input_file_ref idref="fl-b"/>
      </object_component>
      <object_component id="oc-5c">
         <name>.clk</name>
         <uninitialized>true</uninitialized>
         <run_address>0x12618</run_address>
         <size>0x8</size>
         <input_file_ref idref="fl-b"/>
      </object_component>
      <object_component id="oc-7">
         <name>HWI_A_VECS</name>
         <load_address>0x0</load_address>
         <run_address>0x0</run_address>
         <size>0x0</size>
      </object_component>
      <object_component id="oc-61">
         <name>.hwi_vec</name>
         <load_address>0x0</load_address>
         <run_address>0x0</run_address>
         <size>0x200</size>
         <input_file_ref idref="fl-b"/>
      </object_component>
      <object_component id="oc-62">
         <name>.swi</name>
         <uninitialized>true</uninitialized>
         <run_address>0x12aec</run_address>
         <size>0x2c</size>
         <input_file_ref idref="fl-b"/>
      </object_component>
      <object_component id="oc-65">
         <name>.tsk</name>
         <uninitialized>true</uninitialized>
         <run_address>0x121c8</run_address>
         <size>0x240</size>
         <input_file_ref idref="fl-b"/>
      </object_component>
      <object_component id="oc-6d">
         <name>.idl</name>
         <uninitialized>true</uninitialized>
         <run_address>0x12b38</run_address>
         <size>0x10</size>
         <input_file_ref idref="fl-b"/>
      </object_component>
      <object_component id="oc-6c">
         <name>.idlcal</name>
         <uninitialized>true</uninitialized>
         <run_address>0x12b48</run_address>
         <size>0x10</size>
         <input_file_ref idref="fl-b"/>
      </object_component>
      <object_component id="oc-4d">
         <name>.bss</name>
         <uninitialized>true</uninitialized>
         <run_address>0x12140</run_address>
         <size>0x28</size>
         <input_file_ref idref="fl-b"/>
      </object_component>
      <object_component id="oc-76">
         <name>.bss</name>
         <uninitialized>true</uninitialized>
         <run_address>0x121c4</run_address>
         <size>0x4</size>
         <input_file_ref idref="fl-c"/>
      </object_component>
      <object_component id="oc-81">
         <name>.bss</name>
         <uninitialized>true</uninitialized>
         <run_address>0x11f90</run_address>
         <size>0xcc</size>
         <input_file_ref idref="fl-87"/>
      </object_component>
      <object_component id="oc-83">
         <name>.bss</name>
         <uninitialized>true</uninitialized>
         <run_address>0x11e90</run_address>
         <size>0x100</size>
         <input_file_ref idref="fl-88"/>
      </object_component>
      <object_component id="oc-8a">
         <name>.bss</name>
         <uninitialized>true</uninitialized>
         <run_address>0x12180</run_address>
         <size>0x18</size>
         <input_file_ref idref="fl-8a"/>
      </object_component>
      <object_component id="oc-90">
         <name>.bss</name>
         <uninitialized>true</uninitialized>
         <run_address>0x1205c</run_address>
         <size>0x9c</size>
         <input_file_ref idref="fl-8b"/>
      </object_component>
      <object_component id="oc-bb">
         <name>.bss</name>
         <uninitialized>true</uninitialized>
         <run_address>0x12168</run_address>
         <size>0x18</size>
         <input_file_ref idref="fl-96"/>
      </object_component>
      <object_component id="oc-bd">
         <name>.bss</name>
         <uninitialized>true</uninitialized>
         <run_address>0x121bc</run_address>
         <size>0x4</size>
         <input_file_ref idref="fl-97"/>
      </object_component>
      <object_component id="oc-e9">
         <name>.bss</name>
         <uninitialized>true</uninitialized>
         <run_address>0x121a4</run_address>
         <size>0x8</size>
         <input_file_ref idref="fl-a1"/>
      </object_component>
      <object_component id="oc-ec">
         <name>.bss</name>
         <uninitialized>true</uninitialized>
         <run_address>0x121b4</run_address>
         <size>0x4</size>
         <input_file_ref idref="fl-a2"/>
      </object_component>
      <object_component id="oc-107">
         <name>.bss</name>
         <uninitialized>true</uninitialized>
         <run_address>0x120f8</run_address>
         <size>0x48</size>
         <input_file_ref idref="fl-a9"/>
      </object_component>
      <object_component id="oc-124">
         <name>.bss</name>
         <uninitialized>true</uninitialized>
         <run_address>0x121c0</run_address>
         <size>0x4</size>
         <input_file_ref idref="fl-b0"/>
      </object_component>
      <object_component id="oc-13d">
         <name>.bss</name>
         <uninitialized>true</uninitialized>
         <run_address>0x12198</run_address>
         <size>0xc</size>
         <input_file_ref idref="fl-b6"/>
      </object_component>
      <object_component id="oc-14b">
         <name>.bss</name>
         <uninitialized>true</uninitialized>
         <run_address>0x121ac</run_address>
         <size>0x8</size>
         <input_file_ref idref="fl-b9"/>
      </object_component>
      <object_component id="oc-17e">
         <name>.bss</name>
         <uninitialized>true</uninitialized>
         <run_address>0x121b8</run_address>
         <size>0x4</size>
         <input_file_ref idref="fl-c4"/>
      </object_component>
      <object_component id="oc-79">
         <name>.far</name>
         <uninitialized>true</uninitialized>
         <run_address>0x11e00</run_address>
         <size>0x2c</size>
         <input_file_ref idref="fl-c"/>
      </object_component>
      <object_component id="oc-9a">
         <name>.far</name>
         <uninitialized>true</uninitialized>
         <run_address>0x11e50</run_address>
         <size>0x10</size>
         <input_file_ref idref="fl-8d"/>
      </object_component>
      <object_component id="oc-a7">
         <name>.far</name>
         <uninitialized>true</uninitialized>
         <run_address>0x11e70</run_address>
         <size>0xc</size>
         <input_file_ref idref="fl-90"/>
      </object_component>
      <object_component id="oc-10a">
         <name>.far</name>
         <uninitialized>true</uninitialized>
         <run_address>0x11c20</run_address>
         <size>0xd8</size>
         <input_file_ref idref="fl-a9"/>
      </object_component>
      <object_component id="oc-12b">
         <name>.far</name>
         <uninitialized>true</uninitialized>
         <run_address>0x11d58</run_address>
         <size>0x54</size>
         <input_file_ref idref="fl-b2"/>
      </object_component>
      <object_component id="oc-140">
         <name>.far</name>
         <uninitialized>true</uninitialized>
         <run_address>0x11cf8</run_address>
         <size>0x5c</size>
         <input_file_ref idref="fl-b6"/>
      </object_component>
      <object_component id="oc-14e">
         <name>.far</name>
         <uninitialized>true</uninitialized>
         <run_address>0x11e30</run_address>
         <size>0x20</size>
         <input_file_ref idref="fl-b9"/>
      </object_component>
      <object_component id="oc-15b">
         <name>.far</name>
         <uninitialized>true</uninitialized>
         <run_address>0x11dac</run_address>
         <size>0x50</size>
         <input_file_ref idref="fl-bc"/>
      </object_component>
      <object_component id="oc-17a">
         <name>.far</name>
         <uninitialized>true</uninitialized>
         <run_address>0x11e60</run_address>
         <size>0x10</size>
         <input_file_ref idref="fl-c3"/>
      </object_component>
      <object_component id="oc-18e">
         <name>.far</name>
         <uninitialized>true</uninitialized>
         <run_address>0x11e88</run_address>
         <size>0x8</size>
         <input_file_ref idref="fl-c7"/>
      </object_component>
      <object_component id="oc-193">
         <name>.far</name>
         <uninitialized>true</uninitialized>
         <run_address>0x11a98</run_address>
         <size>0x188</size>
         <input_file_ref idref="fl-c8"/>
      </object_component>
      <object_component id="oc-198">
         <name>.far</name>
         <uninitialized>true</uninitialized>
         <run_address>0x11d54</run_address>
         <size>0x4</size>
         <input_file_ref idref="fl-c9"/>
      </object_component>
      <object_component id="oc-19d">
         <name>.far</name>
         <uninitialized>true</uninitialized>
         <run_address>0x11e7c</run_address>
         <size>0xc</size>
         <input_file_ref idref="fl-ca"/>
      </object_component>
      <object_component id="oc-58">
         <name>.mem</name>
         <uninitialized>true</uninitialized>
         <run_address>0xfe94</run_address>
         <size>0x4</size>
         <input_file_ref idref="fl-b"/>
      </object_component>
      <object_component id="oc-8c">
         <name>.bios</name>
         <load_address>0x8200</load_address>
         <run_address>0x8200</run_address>
         <size>0x600</size>
         <input_file_ref idref="fl-8a"/>
      </object_component>
      <object_component id="oc-181">
         <name>.bios</name>
         <load_address>0x8800</load_address>
         <run_address>0x8800</run_address>
         <size>0x5e0</size>
         <input_file_ref idref="fl-c4"/>
      </object_component>
      <object_component id="oc-4c">
         <name>.bios</name>
         <load_address>0x8de0</load_address>
         <run_address>0x8de0</run_address>
         <size>0x4e0</size>
         <input_file_ref idref="fl-8b"/>
      </object_component>
      <object_component id="oc-fc">
         <name>.bios</name>
         <load_address>0x92c0</load_address>
         <run_address>0x92c0</run_address>
         <size>0x460</size>
         <input_file_ref idref="fl-a6"/>
      </object_component>
      <object_component id="oc-4e">
         <name>.bios</name>
         <load_address>0x9720</load_address>
         <run_address>0x9720</run_address>
         <size>0x460</size>
         <input_file_ref idref="fl-88"/>
      </object_component>
      <object_component id="oc-d8">
         <name>.bios</name>
         <load_address>0x9b80</load_address>
         <run_address>0x9b80</run_address>
         <size>0x3a0</size>
         <input_file_ref idref="fl-9d"/>
      </object_component>
      <object_component id="oc-dd">
         <name>.bios</name>
         <load_address>0x9f20</load_address>
         <run_address>0x9f20</run_address>
         <size>0x2c0</size>
         <input_file_ref idref="fl-9e"/>
      </object_component>
      <object_component id="oc-11d">
         <name>.bios</name>
         <load_address>0xa1e0</load_address>
         <run_address>0xa1e0</run_address>
         <size>0x280</size>
         <input_file_ref idref="fl-ae"/>
      </object_component>
      <object_component id="oc-169">
         <name>.bios</name>
         <load_address>0xa460</load_address>
         <run_address>0xa460</run_address>
         <size>0x260</size>
         <input_file_ref idref="fl-bf"/>
      </object_component>
      <object_component id="oc-d4">
         <name>.bios</name>
         <load_address>0xa6c0</load_address>
         <run_address>0xa6c0</run_address>
         <size>0x240</size>
         <input_file_ref idref="fl-9c"/>
      </object_component>
      <object_component id="oc-51">
         <name>.bios</name>
         <load_address>0xa900</load_address>
         <run_address>0xa900</run_address>
         <size>0x220</size>
         <input_file_ref idref="fl-8d"/>
      </object_component>
      <object_component id="oc-185">
         <name>.bios</name>
         <load_address>0xab20</load_address>
         <run_address>0xab20</run_address>
         <size>0x1e0</size>
         <input_file_ref idref="fl-c5"/>
      </object_component>
      <object_component id="oc-155">
         <name>.bios</name>
         <load_address>0xad00</load_address>
         <run_address>0xad00</run_address>
         <size>0x1c0</size>
         <input_file_ref idref="fl-bb"/>
      </object_component>
      <object_component id="oc-ad">
         <name>.bios</name>
         <load_address>0xaec0</load_address>
         <run_address>0xaec0</run_address>
         <size>0x1c0</size>
         <input_file_ref idref="fl-92"/>
      </object_component>
      <object_component id="oc-cc">
         <name>.bios</name>
         <load_address>0xb080</load_address>
         <run_address>0xb080</run_address>
         <size>0x1a0</size>
         <input_file_ref idref="fl-9a"/>
      </object_component>
      <object_component id="oc-189">
         <name>.bios</name>
         <load_address>0xb220</load_address>
         <run_address>0xb220</run_address>
         <size>0x160</size>
         <input_file_ref idref="fl-c6"/>
      </object_component>
      <object_component id="oc-144">
         <name>.bios</name>
         <load_address>0xb380</load_address>
         <run_address>0xb380</run_address>
         <size>0x160</size>
         <input_file_ref idref="fl-b7"/>
      </object_component>
      <object_component id="oc-15c">
         <name>.bios</name>
         <load_address>0xb4e0</load_address>
         <run_address>0xb4e0</run_address>
         <size>0x140</size>
         <input_file_ref idref="fl-bc"/>
      </object_component>
      <object_component id="oc-110">
         <name>.bios</name>
         <load_address>0xb620</load_address>
         <run_address>0xb620</run_address>
         <size>0x120</size>
         <input_file_ref idref="fl-ab"/>
      </object_component>
      <object_component id="oc-16c">
         <name>.bios</name>
         <load_address>0xb740</load_address>
         <run_address>0xb740</run_address>
         <size>0xe0</size>
         <input_file_ref idref="fl-c0"/>
      </object_component>
      <object_component id="oc-ef">
         <name>.bios</name>
         <load_address>0xb820</load_address>
         <run_address>0xb820</run_address>
         <size>0xe0</size>
         <input_file_ref idref="fl-a3"/>
      </object_component>
      <object_component id="oc-10d">
         <name>.bios</name>
         <load_address>0xb900</load_address>
         <run_address>0xb900</run_address>
         <size>0xc0</size>
         <input_file_ref idref="fl-aa"/>
      </object_component>
      <object_component id="oc-17b">
         <name>.bios</name>
         <load_address>0xb9c0</load_address>
         <run_address>0xb9c0</run_address>
         <size>0xc0</size>
         <input_file_ref idref="fl-c3"/>
      </object_component>
      <object_component id="oc-4f">
         <name>.bios</name>
         <load_address>0xba80</load_address>
         <run_address>0xba80</run_address>
         <size>0xc0</size>
         <input_file_ref idref="fl-86"/>
      </object_component>
      <object_component id="oc-119">
         <name>.bios</name>
         <load_address>0xbb40</load_address>
         <run_address>0xbb40</run_address>
         <size>0xa0</size>
         <input_file_ref idref="fl-ad"/>
      </object_component>
      <object_component id="oc-115">
         <name>.bios</name>
         <load_address>0xbbe0</load_address>
         <run_address>0xbbe0</run_address>
         <size>0xa0</size>
         <input_file_ref idref="fl-ac"/>
      </object_component>
      <object_component id="oc-161">
         <name>.bios</name>
         <load_address>0xbc80</load_address>
         <run_address>0xbc80</run_address>
         <size>0xa0</size>
         <input_file_ref idref="fl-bd"/>
      </object_component>
      <object_component id="oc-171">
         <name>.bios</name>
         <load_address>0xbd20</load_address>
         <run_address>0xbd20</run_address>
         <size>0xa0</size>
         <input_file_ref idref="fl-c1"/>
      </object_component>
      <object_component id="oc-148">
         <name>.bios</name>
         <load_address>0xbdc0</load_address>
         <run_address>0xbdc0</run_address>
         <size>0xa0</size>
         <input_file_ref idref="fl-b8"/>
      </object_component>
      <object_component id="oc-b1">
         <name>.bios</name>
         <load_address>0xbe60</load_address>
         <run_address>0xbe60</run_address>
         <size>0x80</size>
         <input_file_ref idref="fl-93"/>
      </object_component>
      <object_component id="oc-bf">
         <name>.bios</name>
         <load_address>0xbee0</load_address>
         <run_address>0xbee0</run_address>
         <size>0x80</size>
         <input_file_ref idref="fl-97"/>
      </object_component>
      <object_component id="oc-d0">
         <name>.bios</name>
         <load_address>0xbf60</load_address>
         <run_address>0xbf60</run_address>
         <size>0x80</size>
         <input_file_ref idref="fl-9b"/>
      </object_component>
      <object_component id="oc-e5">
         <name>.bios</name>
         <load_address>0xbfe0</load_address>
         <run_address>0xbfe0</run_address>
         <size>0x80</size>
         <input_file_ref idref="fl-a0"/>
      </object_component>
      <object_component id="oc-c3">
         <name>.bios</name>
         <load_address>0xc060</load_address>
         <run_address>0xc060</run_address>
         <size>0x80</size>
         <input_file_ref idref="fl-98"/>
      </object_component>
      <object_component id="oc-103">
         <name>.bios</name>
         <load_address>0xc0e0</load_address>
         <run_address>0xc0e0</run_address>
         <size>0x60</size>
         <input_file_ref idref="fl-a8"/>
      </object_component>
      <object_component id="oc-164">
         <name>.bios</name>
         <load_address>0xc140</load_address>
         <run_address>0xc140</run_address>
         <size>0x60</size>
         <input_file_ref idref="fl-be"/>
      </object_component>
      <object_component id="oc-175">
         <name>.bios</name>
         <load_address>0xc1a0</load_address>
         <run_address>0xc1a0</run_address>
         <size>0x60</size>
         <input_file_ref idref="fl-c2"/>
      </object_component>
      <object_component id="oc-50">
         <name>.bios</name>
         <load_address>0xc200</load_address>
         <run_address>0xc200</run_address>
         <size>0x60</size>
         <input_file_ref idref="fl-90"/>
      </object_component>
      <object_component id="oc-f3">
         <name>.bios</name>
         <load_address>0xc260</load_address>
         <run_address>0xc260</run_address>
         <size>0x60</size>
         <input_file_ref idref="fl-a4"/>
      </object_component>
      <object_component id="oc-4a">
         <name>.bios</name>
         <load_address>0xc2c0</load_address>
         <run_address>0xc2c0</run_address>
         <size>0x40</size>
         <input_file_ref idref="fl-89"/>
      </object_component>
      <object_component id="oc-e1">
         <name>.bios</name>
         <load_address>0xc300</load_address>
         <run_address>0xc300</run_address>
         <size>0x40</size>
         <input_file_ref idref="fl-9f"/>
      </object_component>
      <object_component id="oc-49">
         <name>.bios</name>
         <load_address>0xc340</load_address>
         <run_address>0xc340</run_address>
         <size>0x40</size>
         <input_file_ref idref="fl-8e"/>
      </object_component>
      <object_component id="oc-f7">
         <name>.bios</name>
         <load_address>0xc380</load_address>
         <run_address>0xc380</run_address>
         <size>0x40</size>
         <input_file_ref idref="fl-a5"/>
      </object_component>
      <object_component id="oc-54">
         <name>.bios</name>
         <load_address>0xc3c0</load_address>
         <run_address>0xc3c0</run_address>
         <size>0x20</size>
         <input_file_ref idref="fl-8c"/>
      </object_component>
      <object_component id="oc-ff">
         <name>.bios</name>
         <load_address>0xc3e0</load_address>
         <run_address>0xc3e0</run_address>
         <size>0x20</size>
         <input_file_ref idref="fl-a7"/>
      </object_component>
      <object_component id="oc-c7">
         <name>.bios</name>
         <load_address>0xc400</load_address>
         <run_address>0xc400</run_address>
         <size>0x20</size>
         <input_file_ref idref="fl-99"/>
      </object_component>
      <object_component id="oc-120">
         <name>.bios</name>
         <load_address>0xc420</load_address>
         <run_address>0xc420</run_address>
         <size>0x20</size>
         <input_file_ref idref="fl-af"/>
      </object_component>
      <object_component id="oc-139">
         <name>.bios</name>
         <load_address>0xc440</load_address>
         <run_address>0xc440</run_address>
         <size>0x20</size>
         <input_file_ref idref="fl-b5"/>
      </object_component>
      <object_component id="oc-53">
         <name>.bios</name>
         <load_address>0xc460</load_address>
         <run_address>0xc460</run_address>
         <size>0x20</size>
         <input_file_ref idref="fl-8f"/>
      </object_component>
      <object_component id="oc-52">
         <name>.bios</name>
         <load_address>0xc480</load_address>
         <run_address>0xc480</run_address>
         <size>0x20</size>
         <input_file_ref idref="fl-91"/>
      </object_component>
      <object_component id="oc-136">
         <name>.pinit</name>
         <load_address>0x12b68</load_address>
         <run_address>0x12b68</run_address>
         <size>0x4</size>
         <input_file_ref idref="fl-b4"/>
      </object_component>
      <object_component id="oc-132">
         <name>.pinit</name>
         <load_address>0x12b6c</load_address>
         <run_address>0x12b6c</run_address>
         <size>0x4</size>
         <input_file_ref idref="fl-b3"/>
      </object_component>
      <object_component id="oc-5b">
         <name>.sys</name>
         <uninitialized>true</uninitialized>
         <run_address>0x12b58</run_address>
         <size>0x10</size>
         <input_file_ref idref="fl-b"/>
      </object_component>
      <object_component id="oc-1b2">
         <name>.text:_call_dtors</name>
         <load_address>0xf000</load_address>
         <run_address>0xf000</run_address>
         <size>0x120</size>
         <input_file_ref idref="fl-c9"/>
      </object_component>
      <object_component id="oc-1af">
         <name>.text:_atexit</name>
         <load_address>0xf120</load_address>
         <run_address>0xf120</run_address>
         <size>0xe0</size>
         <input_file_ref idref="fl-c8"/>
      </object_component>
      <object_component id="oc-1ac">
         <name>.text:_memcpy</name>
         <load_address>0xf200</load_address>
         <run_address>0xf200</run_address>
         <size>0xe0</size>
         <input_file_ref idref="fl-cb"/>
      </object_component>
      <object_component id="oc-158">
         <name>.text</name>
         <load_address>0xf2e0</load_address>
         <run_address>0xf2e0</run_address>
         <size>0xc0</size>
         <input_file_ref idref="fl-bc"/>
      </object_component>
      <object_component id="oc-1a3">
         <name>.text</name>
         <load_address>0xf3a0</load_address>
         <run_address>0xf3a0</run_address>
         <size>0xa0</size>
         <input_file_ref idref="fl-c"/>
      </object_component>
      <object_component id="oc-1ae">
         <name>.text:_RTDX_Buffer_WriteCB</name>
         <load_address>0xf440</load_address>
         <run_address>0xf440</run_address>
         <size>0x80</size>
         <input_file_ref idref="fl-b3"/>
      </object_component>
      <object_component id="oc-1b1">
         <name>.text:___add_dtor</name>
         <load_address>0xf4c0</load_address>
         <run_address>0xf4c0</run_address>
         <size>0x40</size>
         <input_file_ref idref="fl-c9"/>
      </object_component>
      <object_component id="oc-1ad">
         <name>.text:__nop</name>
         <load_address>0xf500</load_address>
         <run_address>0xf500</run_address>
         <size>0x20</size>
         <input_file_ref idref="fl-c7"/>
      </object_component>
      <object_component id="oc-1a9">
         <name>.text:__register_lock</name>
         <load_address>0xf520</load_address>
         <run_address>0xf520</run_address>
         <size>0x20</size>
         <input_file_ref idref="fl-c7"/>
      </object_component>
      <object_component id="oc-1aa">
         <name>.text:__register_unlock</name>
         <load_address>0xf540</load_address>
         <run_address>0xf540</run_address>
         <size>0x20</size>
         <input_file_ref idref="fl-c7"/>
      </object_component>
      <object_component id="oc-59">
         <name>.cinit</name>
         <load_address>0xc4a0</load_address>
         <run_address>0xc4a0</run_address>
         <size>0xa54</size>
         <input_file_ref idref="fl-b"/>
      </object_component>
      <object_component id="oc-82">
         <name>.cinit</name>
         <load_address>0xcef8</load_address>
         <run_address>0xcef8</run_address>
         <size>0x26c</size>
         <input_file_ref idref="fl-87"/>
      </object_component>
      <object_component id="oc-109">
         <name>.cinit</name>
         <load_address>0xd168</load_address>
         <run_address>0xd168</run_address>
         <size>0x1a4</size>
         <input_file_ref idref="fl-a9"/>
      </object_component>
      <object_component id="oc-91">
         <name>.cinit</name>
         <load_address>0xd310</load_address>
         <run_address>0xd310</run_address>
         <size>0xb0</size>
         <input_file_ref idref="fl-8b"/>
      </object_component>
      <object_component id="oc-13f">
         <name>.cinit</name>
         <load_address>0xd3c0</load_address>
         <run_address>0xd3c0</run_address>
         <size>0x80</size>
         <input_file_ref idref="fl-b6"/>
      </object_component>
      <object_component id="oc-15a">
         <name>.cinit</name>
         <load_address>0xd440</load_address>
         <run_address>0xd440</run_address>
         <size>0x60</size>
         <input_file_ref idref="fl-bc"/>
      </object_component>
      <object_component id="oc-8b">
         <name>.cinit</name>
         <load_address>0xd4a0</load_address>
         <run_address>0xd4a0</run_address>
         <size>0x5c</size>
         <input_file_ref idref="fl-8a"/>
      </object_component>
      <object_component id="oc-dc">
         <name>.cinit</name>
         <load_address>0xd500</load_address>
         <run_address>0xd500</run_address>
         <size>0x4c</size>
         <input_file_ref idref="fl-9e"/>
      </object_component>
      <object_component id="oc-bc">
         <name>.cinit</name>
         <load_address>0xd550</load_address>
         <run_address>0xd550</run_address>
         <size>0x34</size>
         <input_file_ref idref="fl-96"/>
      </object_component>
      <object_component id="oc-a6">
         <name>.cinit</name>
         <load_address>0xd588</load_address>
         <run_address>0xd588</run_address>
         <size>0x2c</size>
         <input_file_ref idref="fl-90"/>
      </object_component>
      <object_component id="oc-19c">
         <name>.cinit</name>
         <load_address>0xd5b8</load_address>
         <run_address>0xd5b8</run_address>
         <size>0x2c</size>
         <input_file_ref idref="fl-ca"/>
      </object_component>
      <object_component id="oc-12a">
         <name>.cinit</name>
         <load_address>0xd5e8</load_address>
         <run_address>0xd5e8</run_address>
         <size>0x24</size>
         <input_file_ref idref="fl-b2"/>
      </object_component>
      <object_component id="oc-14d">
         <name>.cinit</name>
         <load_address>0xd610</load_address>
         <run_address>0xd610</run_address>
         <size>0x1c</size>
         <input_file_ref idref="fl-b9"/>
      </object_component>
      <object_component id="oc-18d">
         <name>.cinit</name>
         <load_address>0xd630</load_address>
         <run_address>0xd630</run_address>
         <size>0x1c</size>
         <input_file_ref idref="fl-c7"/>
      </object_component>
      <object_component id="oc-192">
         <name>.cinit</name>
         <load_address>0xd650</load_address>
         <run_address>0xd650</run_address>
         <size>0x1c</size>
         <input_file_ref idref="fl-c8"/>
      </object_component>
      <object_component id="oc-99">
         <name>.cinit</name>
         <load_address>0xd670</load_address>
         <run_address>0xd670</run_address>
         <size>0x18</size>
         <input_file_ref idref="fl-8d"/>
      </object_component>
      <object_component id="oc-179">
         <name>.cinit</name>
         <load_address>0xd688</load_address>
         <run_address>0xd688</run_address>
         <size>0x18</size>
         <input_file_ref idref="fl-c3"/>
      </object_component>
      <object_component id="oc-180">
         <name>.cinit</name>
         <load_address>0xd6a0</load_address>
         <run_address>0xd6a0</run_address>
         <size>0xc</size>
         <input_file_ref idref="fl-c4"/>
      </object_component>
      <object_component id="oc-be">
         <name>.cinit</name>
         <load_address>0xd6b0</load_address>
         <run_address>0xd6b0</run_address>
         <size>0xc</size>
         <input_file_ref idref="fl-97"/>
      </object_component>
      <object_component id="oc-cb">
         <name>.cinit</name>
         <load_address>0xd6c0</load_address>
         <run_address>0xd6c0</run_address>
         <size>0xc</size>
         <input_file_ref idref="fl-9a"/>
      </object_component>
      <object_component id="oc-130">
         <name>.cinit</name>
         <load_address>0xd6d0</load_address>
         <run_address>0xd6d0</run_address>
         <size>0xc</size>
         <input_file_ref idref="fl-b3"/>
      </object_component>
      <object_component id="oc-197">
         <name>.cinit</name>
         <load_address>0xd6e0</load_address>
         <run_address>0xd6e0</run_address>
         <size>0xc</size>
         <input_file_ref idref="fl-c9"/>
      </object_component>
      <object_component id="oc-78">
         <name>.cinit</name>
         <load_address>0xd6f0</load_address>
         <run_address>0xd6f0</run_address>
         <size>0xc</size>
         <input_file_ref idref="fl-c"/>
      </object_component>
      <object_component id="oc-1ab">
         <name>.switch</name>
         <load_address>0x12b18</load_address>
         <run_address>0x12b18</run_address>
         <size>0x20</size>
         <input_file_ref idref="fl-c4"/>
      </object_component>
      <object_component id="oc-57">
         <name>.gblinit</name>
         <load_address>0x129a8</load_address>
         <run_address>0x129a8</run_address>
         <size>0x88</size>
         <input_file_ref idref="fl-b"/>
      </object_component>
      <object_component id="oc-71">
         <name>.sysinit</name>
         <load_address>0xf560</load_address>
         <run_address>0xf560</run_address>
         <size>0x300</size>
         <input_file_ref idref="fl-b"/>
      </object_component>
      <object_component id="oc-126">
         <name>.sysinit</name>
         <load_address>0xf860</load_address>
         <run_address>0xf860</run_address>
         <size>0xc0</size>
         <input_file_ref idref="fl-b1"/>
      </object_component>
      <object_component id="oc-4b">
         <name>.sysinit</name>
         <load_address>0xf920</load_address>
         <run_address>0xf920</run_address>
         <size>0xa0</size>
         <input_file_ref idref="fl-94"/>
      </object_component>
      <object_component id="oc-151">
         <name>.sysinit</name>
         <load_address>0xf9c0</load_address>
         <run_address>0xf9c0</run_address>
         <size>0x80</size>
         <input_file_ref idref="fl-ba"/>
      </object_component>
      <object_component id="oc-12c">
         <name>.sysinit</name>
         <load_address>0xfa40</load_address>
         <run_address>0xfa40</run_address>
         <size>0x20</size>
         <input_file_ref idref="fl-b2"/>
      </object_component>
      <object_component id="oc-ba">
         <name>.trcdata</name>
         <load_address>0x12b74</load_address>
         <run_address>0x12b74</run_address>
         <size>0xc</size>
         <input_file_ref idref="fl-95"/>
      </object_component>
      <object_component id="oc-5a">
         <name>.rtdx_data</name>
         <uninitialized>true</uninitialized>
         <run_address>0xfa60</run_address>
         <size>0x410</size>
         <input_file_ref idref="fl-b"/>
      </object_component>
      <object_component id="oc-131">
         <name>.rtdx_data</name>
         <uninitialized>true</uninitialized>
         <run_address>0xfe70</run_address>
         <size>0x24</size>
         <input_file_ref idref="fl-b3"/>
      </object_component>
      <object_component id="oc-1a4">
         <name>.rtdx_text:_RTDX_Poll</name>
         <load_address>0x12620</load_address>
         <run_address>0x12620</run_address>
         <size>0xa0</size>
         <input_file_ref idref="fl-b4"/>
      </object_component>
      <object_component id="oc-1a5">
         <name>.rtdx_text:_RTDX_Buffer_Read</name>
         <load_address>0x126c0</load_address>
         <run_address>0x126c0</run_address>
         <size>0x60</size>
         <input_file_ref idref="fl-b3"/>
      </object_component>
      <object_component id="oc-1a7">
         <name>.rtdx_text:_RTDX_Buffer_Initialize</name>
         <load_address>0x12720</load_address>
         <run_address>0x12720</run_address>
         <size>0x40</size>
         <input_file_ref idref="fl-b3"/>
      </object_component>
      <object_component id="oc-1a8">
         <name>.rtdx_text:_RTDX_Init_RT_Monitor</name>
         <load_address>0x12760</load_address>
         <run_address>0x12760</run_address>
         <size>0x40</size>
         <input_file_ref idref="fl-b4"/>
      </object_component>
      <object_component id="oc-1a6">
         <name>.rtdx_text:_RTDX_Buffer_Write</name>
         <load_address>0x127a0</load_address>
         <run_address>0x127a0</run_address>
         <size>0x20</size>
         <input_file_ref idref="fl-b3"/>
      </object_component>
      <object_component id="oc-1b0">
         <name>.rtdx_text:_RTDX_Final_RT_Monitor</name>
         <load_address>0x127c0</load_address>
         <run_address>0x127c0</run_address>
         <size>0x20</size>
         <input_file_ref idref="fl-b4"/>
      </object_component>
      <object_component id="oc-66">
         <name>.TSK_idle$stk</name>
         <uninitialized>true</uninitialized>
         <run_address>0x10698</run_address>
         <size>0x400</size>
         <input_file_ref idref="fl-b"/>
      </object_component>
      <object_component id="oc-67">
         <name>.task0$stk</name>
         <uninitialized>true</uninitialized>
         <run_address>0x10e98</run_address>
         <size>0x400</size>
         <input_file_ref idref="fl-b"/>
      </object_component>
      <object_component id="oc-68">
         <name>.task1$stk</name>
         <uninitialized>true</uninitialized>
         <run_address>0x11298</run_address>
         <size>0x400</size>
         <input_file_ref idref="fl-b"/>
      </object_component>
      <object_component id="oc-69">
         <name>.task2$stk</name>
         <uninitialized>true</uninitialized>
         <run_address>0x11698</run_address>
         <size>0x400</size>
         <input_file_ref idref="fl-b"/>
      </object_component>
      <object_component id="oc-6a">
         <name>.TSK3$stk</name>
         <uninitialized>true</uninitialized>
         <run_address>0xfe98</run_address>
         <size>0x400</size>
         <input_file_ref idref="fl-b"/>
      </object_component>
      <object_component id="oc-6b">
         <name>.TSK4$stk</name>
         <uninitialized>true</uninitialized>
         <run_address>0x10298</run_address>
         <size>0x400</size>
         <input_file_ref idref="fl-b"/>
      </object_component>
      <object_component id="oc-6e">
         <name>.LOG_system$buf</name>
         <uninitialized>true</uninitialized>
         <run_address>0xd800</run_address>
         <size>0x800</size>
         <input_file_ref idref="fl-b"/>
      </object_component>
      <object_component id="oc-70">
         <name>.trace$buf</name>
         <uninitialized>true</uninitialized>
         <run_address>0xe000</run_address>
         <size>0x1000</size>
         <input_file_ref idref="fl-b"/>
      </object_component>
      <object_component id="oc-5d">
         <name>.hst1</name>
         <uninitialized>true</uninitialized>
         <run_address>0x12608</run_address>
         <size>0x10</size>
         <input_file_ref idref="fl-b"/>
      </object_component>
      <object_component id="oc-60">
         <name>.hst0</name>
         <uninitialized>true</uninitialized>
         <run_address>0x127e0</run_address>
         <size>0x100</size>
         <input_file_ref idref="fl-b"/>
      </object_component>
      <object_component id="oc-15d">
         <name>.const</name>
         <load_address>0x128e0</load_address>
         <run_address>0x128e0</run_address>
         <size>0x4e</size>
         <input_file_ref idref="fl-bc"/>
      </object_component>
      <object_component id="oc-7a">
         <name>.const:.string</name>
         <load_address>0x12930</load_address>
         <run_address>0x12930</run_address>
         <size>0x2c</size>
         <input_file_ref idref="fl-c"/>
      </object_component>
      <object_component id="oc-9e">
         <name>.const</name>
         <load_address>0x1295c</load_address>
         <run_address>0x1295c</run_address>
         <size>0x23</size>
         <input_file_ref idref="fl-8e"/>
      </object_component>
      <object_component id="oc-a2">
         <name>.const</name>
         <load_address>0x1297f</load_address>
         <run_address>0x1297f</run_address>
         <size>0x22</size>
         <input_file_ref idref="fl-8f"/>
      </object_component>
      <object_component id="oc-141">
         <name>.const</name>
         <load_address>0x129a4</load_address>
         <run_address>0x129a4</run_address>
         <size>0x1</size>
         <input_file_ref idref="fl-b6"/>
      </object_component>
      <object_component id="oc-63">
         <name>.printf</name>
         <load_address>0x129a5</load_address>
         <run_address>0x129a5</run_address>
         <size>0xc1</size>
         <input_file_ref idref="fl-b"/>
      </object_component>
      <object_component id="oc-b6">
         <name>.args</name>
         <load_address>0xd7fc</load_address>
         <run_address>0xd7fc</run_address>
         <size>0x0</size>
         <input_file_ref idref="fl-94"/>
      </object_component>
      <object_component id="oc-3d">
         <name>_SYS_PUTCBEG</name>
         <load_address>0x12408</load_address>
         <run_address>0x12408</run_address>
         <size>0x0</size>
      </object_component>
      <object_component id="oc-3f">
         <name>_SYS_PUTCEND</name>
         <load_address>0x12608</load_address>
         <run_address>0x12608</run_address>
         <size>0x0</size>
      </object_component>
      <object_component id="oc-5e">
         <name>.hst</name>
         <uninitialized>true</uninitialized>
         <run_address>0x12ab0</run_address>
         <size>0x3c</size>
         <input_file_ref idref="fl-b"/>
      </object_component>
      <object_component id="oc-6f">
         <name>.log</name>
         <load_address>0xd7cc</load_address>
         <run_address>0xd7cc</run_address>
         <size>0x30</size>
         <input_file_ref idref="fl-b"/>
      </object_component>
      <object_component id="oc-5f">
         <name>.pip</name>
         <uninitialized>true</uninitialized>
         <run_address>0xd704</run_address>
         <size>0xc8</size>
         <input_file_ref idref="fl-b"/>
      </object_component>
      <object_component id="oc-64">
         <name>.sts</name>
         <load_address>0x12a30</load_address>
         <run_address>0x12a30</run_address>
         <size>0x80</size>
         <input_file_ref idref="fl-b"/>
      </object_component>
      <object_component id="oc-45">
         <name>GBL_stackbeg</name>
         <uninitialized>true</uninitialized>
         <run_address>0x10a98</run_address>
         <size>0x0</size>
      </object_component>
      <object_component id="oc-b7">
         <name>.stack</name>
         <uninitialized>true</uninitialized>
         <run_address>0x10a98</run_address>
         <size>0x0</size>
         <input_file_ref idref="fl-94"/>
      </object_component>
      <object_component id="oc-1ef">
         <name>.stack</name>
         <uninitialized>true</uninitialized>
         <run_address>0x10a98</run_address>
         <size>0x0</size>
      </object_component>
      <object_component id="oc-55">
         <name>.debug_info</name>
         <load_address>0x0</load_address>
         <run_address>0x0</run_address>
         <size>0x5bf</size>
         <input_file_ref idref="fl-a"/>
      </object_component>
      <object_component id="oc-73">
         <name>.debug_info</name>
         <load_address>0x5bf</load_address>
         <run_address>0x5bf</run_address>
         <size>0x2eb</size>
         <input_file_ref idref="fl-b"/>
      </object_component>
      <object_component id="oc-77">
         <name>.debug_info</name>
         <load_address>0x8aa</load_address>
         <run_address>0x8aa</run_address>
         <size>0x931</size>
         <input_file_ref idref="fl-c"/>
      </object_component>
      <object_component id="oc-7e">
         <name>.debug_info</name>
         <load_address>0x11db</load_address>
         <run_address>0x11db</run_address>
         <size>0xf8</size>
         <input_file_ref idref="fl-86"/>
      </object_component>
      <object_component id="oc-84">
         <name>.debug_info</name>
         <load_address>0x12d3</load_address>
         <run_address>0x12d3</run_address>
         <size>0xb9</size>
         <input_file_ref idref="fl-88"/>
      </object_component>
      <object_component id="oc-87">
         <name>.debug_info</name>
         <load_address>0x138c</load_address>
         <run_address>0x138c</run_address>
         <size>0xaf</size>
         <input_file_ref idref="fl-89"/>
      </object_component>
      <object_component id="oc-8d">
         <name>.debug_info</name>
         <load_address>0x143b</load_address>
         <run_address>0x143b</run_address>
         <size>0x1a5</size>
         <input_file_ref idref="fl-8a"/>
      </object_component>
      <object_component id="oc-92">
         <name>.debug_info</name>
         <load_address>0x15e0</load_address>
         <run_address>0x15e0</run_address>
         <size>0x13c</size>
         <input_file_ref idref="fl-8b"/>
      </object_component>
      <object_component id="oc-95">
         <name>.debug_info</name>
         <load_address>0x171c</load_address>
         <run_address>0x171c</run_address>
         <size>0x607</size>
         <input_file_ref idref="fl-8c"/>
      </object_component>
      <object_component id="oc-98">
         <name>.debug_info</name>
         <load_address>0x1d23</load_address>
         <run_address>0x1d23</run_address>
         <size>0xf1f</size>
         <input_file_ref idref="fl-8d"/>
      </object_component>
      <object_component id="oc-9d">
         <name>.debug_info</name>
         <load_address>0x2c42</load_address>
         <run_address>0x2c42</run_address>
         <size>0x7fd</size>
         <input_file_ref idref="fl-8e"/>
      </object_component>
      <object_component id="oc-a1">
         <name>.debug_info</name>
         <load_address>0x343f</load_address>
         <run_address>0x343f</run_address>
         <size>0x7ea</size>
         <input_file_ref idref="fl-8f"/>
      </object_component>
      <object_component id="oc-a5">
         <name>.debug_info</name>
         <load_address>0x3c29</load_address>
         <run_address>0x3c29</run_address>
         <size>0x6d9</size>
         <input_file_ref idref="fl-90"/>
      </object_component>
      <object_component id="oc-aa">
         <name>.debug_info</name>
         <load_address>0x4302</load_address>
         <run_address>0x4302</run_address>
         <size>0x690</size>
         <input_file_ref idref="fl-91"/>
      </object_component>
      <object_component id="oc-ae">
         <name>.debug_info</name>
         <load_address>0x4992</load_address>
         <run_address>0x4992</run_address>
         <size>0x112</size>
         <input_file_ref idref="fl-92"/>
      </object_component>
      <object_component id="oc-b2">
         <name>.debug_info</name>
         <load_address>0x4aa4</load_address>
         <run_address>0x4aa4</run_address>
         <size>0x106</size>
         <input_file_ref idref="fl-93"/>
      </object_component>
      <object_component id="oc-b5">
         <name>.debug_info</name>
         <load_address>0x4baa</load_address>
         <run_address>0x4baa</run_address>
         <size>0x65a</size>
         <input_file_ref idref="fl-94"/>
      </object_component>
      <object_component id="oc-c0">
         <name>.debug_info</name>
         <load_address>0x5204</load_address>
         <run_address>0x5204</run_address>
         <size>0xaf</size>
         <input_file_ref idref="fl-97"/>
      </object_component>
      <object_component id="oc-c4">
         <name>.debug_info</name>
         <load_address>0x52b3</load_address>
         <run_address>0x52b3</run_address>
         <size>0xb8</size>
         <input_file_ref idref="fl-98"/>
      </object_component>
      <object_component id="oc-c8">
         <name>.debug_info</name>
         <load_address>0x536b</load_address>
         <run_address>0x536b</run_address>
         <size>0xaa</size>
         <input_file_ref idref="fl-99"/>
      </object_component>
      <object_component id="oc-cd">
         <name>.debug_info</name>
         <load_address>0x5415</load_address>
         <run_address>0x5415</run_address>
         <size>0x11b</size>
         <input_file_ref idref="fl-9a"/>
      </object_component>
      <object_component id="oc-d1">
         <name>.debug_info</name>
         <load_address>0x5530</load_address>
         <run_address>0x5530</run_address>
         <size>0xaa</size>
         <input_file_ref idref="fl-9b"/>
      </object_component>
      <object_component id="oc-d5">
         <name>.debug_info</name>
         <load_address>0x55da</load_address>
         <run_address>0x55da</run_address>
         <size>0x10c</size>
         <input_file_ref idref="fl-9c"/>
      </object_component>
      <object_component id="oc-d9">
         <name>.debug_info</name>
         <load_address>0x56e6</load_address>
         <run_address>0x56e6</run_address>
         <size>0xd8</size>
         <input_file_ref idref="fl-9d"/>
      </object_component>
      <object_component id="oc-de">
         <name>.debug_info</name>
         <load_address>0x57be</load_address>
         <run_address>0x57be</run_address>
         <size>0x1c2</size>
         <input_file_ref idref="fl-9e"/>
      </object_component>
      <object_component id="oc-e2">
         <name>.debug_info</name>
         <load_address>0x5980</load_address>
         <run_address>0x5980</run_address>
         <size>0xdb</size>
         <input_file_ref idref="fl-9f"/>
      </object_component>
      <object_component id="oc-e6">
         <name>.debug_info</name>
         <load_address>0x5a5b</load_address>
         <run_address>0x5a5b</run_address>
         <size>0x106</size>
         <input_file_ref idref="fl-a0"/>
      </object_component>
      <object_component id="oc-ea">
         <name>.debug_info</name>
         <load_address>0x5b61</load_address>
         <run_address>0x5b61</run_address>
         <size>0x60b</size>
         <input_file_ref idref="fl-a1"/>
      </object_component>
      <object_component id="oc-ed">
         <name>.debug_info</name>
         <load_address>0x616c</load_address>
         <run_address>0x616c</run_address>
         <size>0x5e5</size>
         <input_file_ref idref="fl-a2"/>
      </object_component>
      <object_component id="oc-f0">
         <name>.debug_info</name>
         <load_address>0x6751</load_address>
         <run_address>0x6751</run_address>
         <size>0xb7</size>
         <input_file_ref idref="fl-a3"/>
      </object_component>
      <object_component id="oc-f4">
         <name>.debug_info</name>
         <load_address>0x6808</load_address>
         <run_address>0x6808</run_address>
         <size>0xb4</size>
         <input_file_ref idref="fl-a4"/>
      </object_component>
      <object_component id="oc-f8">
         <name>.debug_info</name>
         <load_address>0x68bc</load_address>
         <run_address>0x68bc</run_address>
         <size>0xb1</size>
         <input_file_ref idref="fl-a5"/>
      </object_component>
      <object_component id="oc-fb">
         <name>.debug_info</name>
         <load_address>0x696d</load_address>
         <run_address>0x696d</run_address>
         <size>0xab2</size>
         <input_file_ref idref="fl-a6"/>
      </object_component>
      <object_component id="oc-100">
         <name>.debug_info</name>
         <load_address>0x741f</load_address>
         <run_address>0x741f</run_address>
         <size>0xb9</size>
         <input_file_ref idref="fl-a7"/>
      </object_component>
      <object_component id="oc-104">
         <name>.debug_info</name>
         <load_address>0x74d8</load_address>
         <run_address>0x74d8</run_address>
         <size>0x116</size>
         <input_file_ref idref="fl-a8"/>
      </object_component>
      <object_component id="oc-108">
         <name>.debug_info</name>
         <load_address>0x75ee</load_address>
         <run_address>0x75ee</run_address>
         <size>0xbd9</size>
         <input_file_ref idref="fl-a9"/>
      </object_component>
      <object_component id="oc-10c">
         <name>.debug_info</name>
         <load_address>0x81c7</load_address>
         <run_address>0x81c7</run_address>
         <size>0xbb1</size>
         <input_file_ref idref="fl-aa"/>
      </object_component>
      <object_component id="oc-111">
         <name>.debug_info</name>
         <load_address>0x8d78</load_address>
         <run_address>0x8d78</run_address>
         <size>0x109</size>
         <input_file_ref idref="fl-ab"/>
      </object_component>
      <object_component id="oc-114">
         <name>.debug_info</name>
         <load_address>0x8e81</load_address>
         <run_address>0x8e81</run_address>
         <size>0x8c8</size>
         <input_file_ref idref="fl-ac"/>
      </object_component>
      <object_component id="oc-118">
         <name>.debug_info</name>
         <load_address>0x9749</load_address>
         <run_address>0x9749</run_address>
         <size>0x981</size>
         <input_file_ref idref="fl-ad"/>
      </object_component>
      <object_component id="oc-11c">
         <name>.debug_info</name>
         <load_address>0xa0ca</load_address>
         <run_address>0xa0ca</run_address>
         <size>0xe4a</size>
         <input_file_ref idref="fl-ae"/>
      </object_component>
      <object_component id="oc-121">
         <name>.debug_info</name>
         <load_address>0xaf14</load_address>
         <run_address>0xaf14</run_address>
         <size>0xb3</size>
         <input_file_ref idref="fl-af"/>
      </object_component>
      <object_component id="oc-125">
         <name>.debug_info</name>
         <load_address>0xafc7</load_address>
         <run_address>0xafc7</run_address>
         <size>0x7cc</size>
         <input_file_ref idref="fl-b1"/>
      </object_component>
      <object_component id="oc-129">
         <name>.debug_info</name>
         <load_address>0xb793</load_address>
         <run_address>0xb793</run_address>
         <size>0x6b8</size>
         <input_file_ref idref="fl-b2"/>
      </object_component>
      <object_component id="oc-12f">
         <name>.debug_info</name>
         <load_address>0xbe4b</load_address>
         <run_address>0xbe4b</run_address>
         <size>0xcfb</size>
         <input_file_ref idref="fl-b3"/>
      </object_component>
      <object_component id="oc-135">
         <name>.debug_info</name>
         <load_address>0xcb46</load_address>
         <run_address>0xcb46</run_address>
         <size>0x914</size>
         <input_file_ref idref="fl-b4"/>
      </object_component>
      <object_component id="oc-13a">
         <name>.debug_info</name>
         <load_address>0xd45a</load_address>
         <run_address>0xd45a</run_address>
         <size>0xaa</size>
         <input_file_ref idref="fl-b5"/>
      </object_component>
      <object_component id="oc-13e">
         <name>.debug_info</name>
         <load_address>0xd504</load_address>
         <run_address>0xd504</run_address>
         <size>0xa57</size>
         <input_file_ref idref="fl-b6"/>
      </object_component>
      <object_component id="oc-143">
         <name>.debug_info</name>
         <load_address>0xdf5b</load_address>
         <run_address>0xdf5b</run_address>
         <size>0xda7</size>
         <input_file_ref idref="fl-b7"/>
      </object_component>
      <object_component id="oc-147">
         <name>.debug_info</name>
         <load_address>0xed02</load_address>
         <run_address>0xed02</run_address>
         <size>0x7a6</size>
         <input_file_ref idref="fl-b8"/>
      </object_component>
      <object_component id="oc-14c">
         <name>.debug_info</name>
         <load_address>0xf4a8</load_address>
         <run_address>0xf4a8</run_address>
         <size>0x659</size>
         <input_file_ref idref="fl-b9"/>
      </object_component>
      <object_component id="oc-150">
         <name>.debug_info</name>
         <load_address>0xfb01</load_address>
         <run_address>0xfb01</run_address>
         <size>0x970</size>
         <input_file_ref idref="fl-ba"/>
      </object_component>
      <object_component id="oc-154">
         <name>.debug_info</name>
         <load_address>0x10471</load_address>
         <run_address>0x10471</run_address>
         <size>0xcf1</size>
         <input_file_ref idref="fl-bb"/>
      </object_component>
      <object_component id="oc-159">
         <name>.debug_info</name>
         <load_address>0x11162</load_address>
         <run_address>0x11162</run_address>
         <size>0xfe5</size>
         <input_file_ref idref="fl-bc"/>
      </object_component>
      <object_component id="oc-160">
         <name>.debug_info</name>
         <load_address>0x12147</load_address>
         <run_address>0x12147</run_address>
         <size>0xbb3</size>
         <input_file_ref idref="fl-bd"/>
      </object_component>
      <object_component id="oc-165">
         <name>.debug_info</name>
         <load_address>0x12cfa</load_address>
         <run_address>0x12cfa</run_address>
         <size>0xb6</size>
         <input_file_ref idref="fl-be"/>
      </object_component>
      <object_component id="oc-168">
         <name>.debug_info</name>
         <load_address>0x12db0</load_address>
         <run_address>0x12db0</run_address>
         <size>0x1032</size>
         <input_file_ref idref="fl-bf"/>
      </object_component>
      <object_component id="oc-16d">
         <name>.debug_info</name>
         <load_address>0x13de2</load_address>
         <run_address>0x13de2</run_address>
         <size>0xbd</size>
         <input_file_ref idref="fl-c0"/>
      </object_component>
      <object_component id="oc-170">
         <name>.debug_info</name>
         <load_address>0x13e9f</load_address>
         <run_address>0x13e9f</run_address>
         <size>0xc5e</size>
         <input_file_ref idref="fl-c1"/>
      </object_component>
      <object_component id="oc-174">
         <name>.debug_info</name>
         <load_address>0x14afd</load_address>
         <run_address>0x14afd</run_address>
         <size>0x723</size>
         <input_file_ref idref="fl-c2"/>
      </object_component>
      <object_component id="oc-178">
         <name>.debug_info</name>
         <load_address>0x15220</load_address>
         <run_address>0x15220</run_address>
         <size>0xb0d</size>
         <input_file_ref idref="fl-c3"/>
      </object_component>
      <object_component id="oc-17f">
         <name>.debug_info</name>
         <load_address>0x15d2d</load_address>
         <run_address>0x15d2d</run_address>
         <size>0xec7</size>
         <input_file_ref idref="fl-c4"/>
      </object_component>
      <object_component id="oc-184">
         <name>.debug_info</name>
         <load_address>0x16bf4</load_address>
         <run_address>0x16bf4</run_address>
         <size>0xd1b</size>
         <input_file_ref idref="fl-c5"/>
      </object_component>
      <object_component id="oc-188">
         <name>.debug_info</name>
         <load_address>0x1790f</load_address>
         <run_address>0x1790f</run_address>
         <size>0x821</size>
         <input_file_ref idref="fl-c6"/>
      </object_component>
      <object_component id="oc-18c">
         <name>.debug_info</name>
         <load_address>0x18130</load_address>
         <run_address>0x18130</run_address>
         <size>0x70a</size>
         <input_file_ref idref="fl-c7"/>
      </object_component>
      <object_component id="oc-191">
         <name>.debug_info</name>
         <load_address>0x1883a</load_address>
         <run_address>0x1883a</run_address>
         <size>0x7dd</size>
         <input_file_ref idref="fl-c8"/>
      </object_component>
      <object_component id="oc-196">
         <name>.debug_info</name>
         <load_address>0x19017</load_address>
         <run_address>0x19017</run_address>
         <size>0x83b</size>
         <input_file_ref idref="fl-c9"/>
      </object_component>
      <object_component id="oc-19b">
         <name>.debug_info</name>
         <load_address>0x19852</load_address>
         <run_address>0x19852</run_address>
         <size>0x6ca</size>
         <input_file_ref idref="fl-ca"/>
      </object_component>
      <object_component id="oc-1a0">
         <name>.debug_info</name>
         <load_address>0x19f1c</load_address>
         <run_address>0x19f1c</run_address>
         <size>0xcb</size>
         <input_file_ref idref="fl-cb"/>
      </object_component>
      <object_component id="oc-1f0">
         <name>.debug_info</name>
         <load_address>0x19fe7</load_address>
         <run_address>0x19fe7</run_address>
         <size>0x6d</size>
      </object_component>
      <object_component id="oc-56">
         <name>.debug_abbrev</name>
         <load_address>0x0</load_address>
         <run_address>0x0</run_address>
         <size>0x34</size>
         <input_file_ref idref="fl-a"/>
      </object_component>
      <object_component id="oc-75">
         <name>.debug_abbrev</name>
         <load_address>0x34</load_address>
         <run_address>0x34</run_address>
         <size>0x20</size>
         <input_file_ref idref="fl-b"/>
      </object_component>
      <object_component id="oc-7d">
         <name>.debug_abbrev</name>
         <load_address>0x54</load_address>
         <run_address>0x54</run_address>
         <size>0x137</size>
         <input_file_ref idref="fl-c"/>
      </object_component>
      <object_component id="oc-80">
         <name>.debug_abbrev</name>
         <load_address>0x18b</load_address>
         <run_address>0x18b</run_address>
         <size>0x2a</size>
         <input_file_ref idref="fl-86"/>
      </object_component>
      <object_component id="oc-86">
         <name>.debug_abbrev</name>
         <load_address>0x1b5</load_address>
         <run_address>0x1b5</run_address>
         <size>0x2a</size>
         <input_file_ref idref="fl-88"/>
      </object_component>
      <object_component id="oc-89">
         <name>.debug_abbrev</name>
         <load_address>0x1df</load_address>
         <run_address>0x1df</run_address>
         <size>0x2a</size>
         <input_file_ref idref="fl-89"/>
      </object_component>
      <object_component id="oc-8f">
         <name>.debug_abbrev</name>
         <load_address>0x209</load_address>
         <run_address>0x209</run_address>
         <size>0x2a</size>
         <input_file_ref idref="fl-8a"/>
      </object_component>
      <object_component id="oc-94">
         <name>.debug_abbrev</name>
         <load_address>0x233</load_address>
         <run_address>0x233</run_address>
         <size>0x2a</size>
         <input_file_ref idref="fl-8b"/>
      </object_component>
      <object_component id="oc-97">
         <name>.debug_abbrev</name>
         <load_address>0x25d</load_address>
         <run_address>0x25d</run_address>
         <size>0x75</size>
         <input_file_ref idref="fl-8c"/>
      </object_component>
      <object_component id="oc-9c">
         <name>.debug_abbrev</name>
         <load_address>0x2d2</load_address>
         <run_address>0x2d2</run_address>
         <size>0x179</size>
         <input_file_ref idref="fl-8d"/>
      </object_component>
      <object_component id="oc-a0">
         <name>.debug_abbrev</name>
         <load_address>0x44b</load_address>
         <run_address>0x44b</run_address>
         <size>0x104</size>
         <input_file_ref idref="fl-8e"/>
      </object_component>
      <object_component id="oc-a4">
         <name>.debug_abbrev</name>
         <load_address>0x54f</load_address>
         <run_address>0x54f</run_address>
         <size>0xe1</size>
         <input_file_ref idref="fl-8f"/>
      </object_component>
      <object_component id="oc-a9">
         <name>.debug_abbrev</name>
         <load_address>0x630</load_address>
         <run_address>0x630</run_address>
         <size>0xbc</size>
         <input_file_ref idref="fl-90"/>
      </object_component>
      <object_component id="oc-ac">
         <name>.debug_abbrev</name>
         <load_address>0x6ec</load_address>
         <run_address>0x6ec</run_address>
         <size>0xb6</size>
         <input_file_ref idref="fl-91"/>
      </object_component>
      <object_component id="oc-b0">
         <name>.debug_abbrev</name>
         <load_address>0x7a2</load_address>
         <run_address>0x7a2</run_address>
         <size>0x2a</size>
         <input_file_ref idref="fl-92"/>
      </object_component>
      <object_component id="oc-b4">
         <name>.debug_abbrev</name>
         <load_address>0x7cc</load_address>
         <run_address>0x7cc</run_address>
         <size>0x2a</size>
         <input_file_ref idref="fl-93"/>
      </object_component>
      <object_component id="oc-b9">
         <name>.debug_abbrev</name>
         <load_address>0x7f6</load_address>
         <run_address>0x7f6</run_address>
         <size>0x94</size>
         <input_file_ref idref="fl-94"/>
      </object_component>
      <object_component id="oc-c2">
         <name>.debug_abbrev</name>
         <load_address>0x88a</load_address>
         <run_address>0x88a</run_address>
         <size>0x2a</size>
         <input_file_ref idref="fl-97"/>
      </object_component>
      <object_component id="oc-c6">
         <name>.debug_abbrev</name>
         <load_address>0x8b4</load_address>
         <run_address>0x8b4</run_address>
         <size>0x2a</size>
         <input_file_ref idref="fl-98"/>
      </object_component>
      <object_component id="oc-ca">
         <name>.debug_abbrev</name>
         <load_address>0x8de</load_address>
         <run_address>0x8de</run_address>
         <size>0x2a</size>
         <input_file_ref idref="fl-99"/>
      </object_component>
      <object_component id="oc-cf">
         <name>.debug_abbrev</name>
         <load_address>0x908</load_address>
         <run_address>0x908</run_address>
         <size>0x2a</size>
         <input_file_ref idref="fl-9a"/>
      </object_component>
      <object_component id="oc-d3">
         <name>.debug_abbrev</name>
         <load_address>0x932</load_address>
         <run_address>0x932</run_address>
         <size>0x2a</size>
         <input_file_ref idref="fl-9b"/>
      </object_component>
      <object_component id="oc-d7">
         <name>.debug_abbrev</name>
         <load_address>0x95c</load_address>
[...]
      <symbol id="sm-430">
         <name>LOG_F_event</name>
         <value>0xbf60</value>
         <object_component_ref idref="oc-d0"/>
      </symbol>
      <symbol id="sm-431">
         <name>_LOG_event</name>
         <value>0xbf60</value>
         <object_component_ref idref="oc-d0"/>
      </symbol>
      <symbol id="sm-439">
         <name>PIP_F_start</name>
         <value>0xa828</value>
         <object_component_ref idref="oc-d4"/>
      </symbol>
      <symbol id="sm-43a">
         <name>PIP_F_give</name>
         <value>0xa754</value>
         <object_component_ref idref="oc-d4"/>
      </symbol>
      <symbol id="sm-43b">
         <name>PIP_F_take</name>
         <value>0xa6c0</value>
         <object_component_ref idref="oc-d4"/>
      </symbol>
      <symbol id="sm-43c">
         <name>PIP_F_probe</name>
         <value>0xa754</value>
         <object_component_ref idref="oc-d4"/>
      </symbol>
      <symbol id="sm-444">
         <name>PRD_F_tick</name>
         <value>0x9e38</value>
         <object_component_ref idref="oc-d8"/>
      </symbol>
      <symbol id="sm-445">
         <name>PRD_F_swi</name>
         <value>0x9b80</value>
         <object_component_ref idref="oc-d8"/>
      </symbol>
      <symbol id="sm-44f">
         <name>__RTA_lat1beg</name>
         <value>0x9fd8</value>
         <object_component_ref idref="oc-dd"/>
      </symbol>
      <symbol id="sm-450">
         <name>RTA_F_getlog</name>
         <value>0x9f20</value>
         <object_component_ref idref="oc-dd"/>
      </symbol>
      <symbol id="sm-451">
         <name>__RTA_lat1end</name>
         <value>0xa010</value>
         <object_component_ref idref="oc-dd"/>
      </symbol>
      <symbol id="sm-452">
         <name>RTA_F_writeword</name>
         <value>0x9fcc</value>
         <object_component_ref idref="oc-dd"/>
      </symbol>
      <symbol id="sm-453">
         <name>RTA_F_readblk</name>
         <value>0x9fac</value>
         <object_component_ref idref="oc-dd"/>
      </symbol>
      <symbol id="sm-454">
         <name>RTA_F_getsts</name>
         <value>0x9f64</value>
         <object_component_ref idref="oc-dd"/>
      </symbol>
      <symbol id="sm-455">
         <name>RTA_F_dispatch</name>
         <value>0xa018</value>
         <object_component_ref idref="oc-dd"/>
      </symbol>
      <symbol id="sm-456">
         <name>RTA_F_resetmem</name>
         <value>0x9fd8</value>
         <object_component_ref idref="oc-dd"/>
      </symbol>
      <symbol id="sm-457">
         <name>RTA_execute</name>
         <value>0xa068</value>
         <object_component_ref idref="oc-dd"/>
      </symbol>
      <symbol id="sm-45f">
         <name>RTA_F_or</name>
         <value>0xc320</value>
         <object_component_ref idref="oc-e1"/>
      </symbol>
      <symbol id="sm-460">
         <name>RTA_F_andn</name>
         <value>0xc300</value>
         <object_component_ref idref="oc-e1"/>
      </symbol>
      <symbol id="sm-468">
         <name>_STS_delta</name>
         <value>0xbfe0</value>
         <object_component_ref idref="oc-e5"/>
      </symbol>
      <symbol id="sm-469">
         <name>_STS_reset</name>
         <value>0xc044</value>
         <object_component_ref idref="oc-e5"/>
      </symbol>
      <symbol id="sm-46a">
         <name>STS_F_delta</name>
         <value>0xbfe0</value>
         <object_component_ref idref="oc-e5"/>
      </symbol>
      <symbol id="sm-46b">
         <name>STS_F_reset</name>
         <value>0xc044</value>
         <object_component_ref idref="oc-e5"/>
      </symbol>
      <symbol id="sm-46c">
         <name>STS_F_add</name>
         <value>0xc018</value>
         <object_component_ref idref="oc-e5"/>
      </symbol>
      <symbol id="sm-46d">
         <name>_STS_add</name>
         <value>0xc018</value>
         <object_component_ref idref="oc-e5"/>
      </symbol>
      <symbol id="sm-475">
         <name>_CLK_DFLTMICROSECS</name>
         <value>0x121a4</value>
         <object_component_ref idref="oc-e9"/>
      </symbol>
      <symbol id="sm-476">
         <name>_CLK_D_microseconds</name>
         <value>0x121a8</value>
         <object_component_ref idref="oc-e9"/>
      </symbol>
      <symbol id="sm-47e">
         <name>_CLK_htimePerLtime</name>
         <value>0x121b4</value>
         <object_component_ref idref="oc-ec"/>
      </symbol>
      <symbol id="sm-486">
         <name>_CLK_measure</name>
         <value>0xb820</value>
         <object_component_ref idref="oc-ef"/>
      </symbol>
      <symbol id="sm-48e">
         <name>_CLK_start</name>
         <value>0xc260</value>
         <object_component_ref idref="oc-f3"/>
      </symbol>
      <symbol id="sm-496">
         <name>_CLK_stop</name>
         <value>0xc380</value>
         <object_component_ref idref="oc-f7"/>
      </symbol>
      <symbol id="sm-4a0">
         <name>_GBL_cslCacheInit64</name>
         <value>0x92c0</value>
         <object_component_ref idref="oc-fc"/>
      </symbol>
      <symbol id="sm-4a8">
         <name>GBL_A_VERSION</name>
         <value>0x5205</value>
      </symbol>
      <symbol id="sm-4a9">
         <name>_GBL_getVersion</name>
         <value>0xc3e0</value>
         <object_component_ref idref="oc-ff"/>
      </symbol>
      <symbol id="sm-4b1">
         <name>_HWI_restore</name>
         <value>0xc10c</value>
         <object_component_ref idref="oc-103"/>
      </symbol>
      <symbol id="sm-4b2">
         <name>_HWI_enable</name>
         <value>0xc0f8</value>
         <object_component_ref idref="oc-103"/>
      </symbol>
      <symbol id="sm-4b3">
         <name>_HWI_disable</name>
         <value>0xc0e0</value>
         <object_component_ref idref="oc-103"/>
      </symbol>
      <symbol id="sm-4bf">
         <name>_KNL_maxqueue</name>
         <value>0x12128</value>
         <object_component_ref idref="oc-107"/>
      </symbol>
      <symbol id="sm-4c0">
         <name>_KNL_inactive</name>
         <value>0x12108</value>
         <object_component_ref idref="oc-107"/>
      </symbol>
      <symbol id="sm-4c1">
         <name>_KNL_tswitchfxn</name>
         <value>0x1212c</value>
         <object_component_ref idref="oc-107"/>
      </symbol>
      <symbol id="sm-4c2">
         <name>_KNL_setpri</name>
         <value>0x12104</value>
         <object_component_ref idref="oc-107"/>
      </symbol>
      <symbol id="sm-4c3">
         <name>_KNL_swiptr</name>
         <value>0x12120</value>
         <object_component_ref idref="oc-107"/>
      </symbol>
      <symbol id="sm-4c4">
         <name>_KNL_dummy</name>
         <value>0x11cc0</value>
         <object_component_ref idref="oc-10a"/>
      </symbol>
      <symbol id="sm-4c5">
         <name>_KNL_curtask</name>
         <value>0x12114</value>
         <object_component_ref idref="oc-107"/>
      </symbol>
      <symbol id="sm-4c6">
         <name>_KNL_curqueue</name>
         <value>0x12124</value>
         <object_component_ref idref="oc-107"/>
      </symbol>
      <symbol id="sm-4c7">
         <name>_KNL_wList</name>
         <value>0x120fc</value>
         <object_component_ref idref="oc-107"/>
      </symbol>
      <symbol id="sm-4c8">
         <name>_KNL_curtime</name>
         <value>0x1211c</value>
         <object_component_ref idref="oc-107"/>
      </symbol>
      <symbol id="sm-4c9">
         <name>_KNL_set</name>
         <value>0x12110</value>
         <object_component_ref idref="oc-107"/>
      </symbol>
      <symbol id="sm-4ca">
         <name>_KNL_alarm</name>
         <value>0x12100</value>
         <object_component_ref idref="oc-107"/>
      </symbol>
      <symbol id="sm-4cb">
         <name>_KNL_prevtask</name>
         <value>0x12118</value>
         <object_component_ref idref="oc-107"/>
      </symbol>
      <symbol id="sm-4cc">
         <name>_KNL_queues</name>
         <value>0x11c20</value>
         <object_component_ref idref="oc-10a"/>
      </symbol>
      <symbol id="sm-4cd">
         <name>_KNL_idlefxn</name>
         <value>0x1213c</value>
         <object_component_ref idref="oc-107"/>
      </symbol>
      <symbol id="sm-4ce">
         <name>_KNL_priority</name>
         <value>0x1210c</value>
         <object_component_ref idref="oc-107"/>
      </symbol>
      <symbol id="sm-4cf">
         <name>_KNL_treadyfxn</name>
         <value>0x12138</value>
         <object_component_ref idref="oc-107"/>
      </symbol>
      <symbol id="sm-4d0">
         <name>_KNL_tcreatefxn</name>
         <value>0x12130</value>
         <object_component_ref idref="oc-107"/>
      </symbol>
      <symbol id="sm-4d1">
         <name>_KNL_wFlag</name>
         <value>0x120f8</value>
         <object_component_ref idref="oc-107"/>
      </symbol>
      <symbol id="sm-4d2">
         <name>_KNL_tdeletefxn</name>
         <value>0x12134</value>
         <object_component_ref idref="oc-107"/>
      </symbol>
      <symbol id="sm-4dc">
         <name>_KNL_exit</name>
         <value>0xb900</value>
         <object_component_ref idref="oc-10d"/>
      </symbol>
      <symbol id="sm-4dd">
         <name>_KNL_enter</name>
         <value>0xb940</value>
         <object_component_ref idref="oc-10d"/>
      </symbol>
      <symbol id="sm-4e5">
         <name>__KNL_lat1beg</name>
         <value>0xb66c</value>
         <object_component_ref idref="oc-110"/>
      </symbol>
      <symbol id="sm-4e6">
         <name>__KNL_lat1end</name>
         <value>0xb6ec</value>
         <object_component_ref idref="oc-110"/>
      </symbol>
      <symbol id="sm-4e7">
         <name>_KNL_max</name>
         <value>0xb710</value>
         <object_component_ref idref="oc-110"/>
      </symbol>
      <symbol id="sm-4e8">
         <name>_KNL_check</name>
         <value>0xb620</value>
         <object_component_ref idref="oc-110"/>
      </symbol>
      <symbol id="sm-4e9">
         <name>_KNL_idle</name>
         <value>0xb6ec</value>
         <object_component_ref idref="oc-110"/>
      </symbol>
      <symbol id="sm-4f3">
         <name>_KNL_post</name>
         <value>0xbbe0</value>
         <object_component_ref idref="oc-115"/>
      </symbol>
      <symbol id="sm-4fd">
         <name>_KNL_ipost</name>
         <value>0xbb40</value>
         <object_component_ref idref="oc-119"/>
      </symbol>
      <symbol id="sm-507">
         <name>_KNL_run</name>
         <value>0xa1e0</value>
         <object_component_ref idref="oc-11d"/>
      </symbol>
      <symbol id="sm-50f">
         <name>_LOG_printf</name>
         <value>0xc420</value>
         <object_component_ref idref="oc-120"/>
      </symbol>
      <symbol id="sm-513">
         <name>_MEM</name>
         <value>0x121c0</value>
         <object_component_ref idref="oc-124"/>
      </symbol>
      <symbol id="sm-51d">
         <name>_MEM_init</name>
         <value>0xf860</value>
         <object_component_ref idref="oc-126"/>
      </symbol>
      <symbol id="sm-52b">
         <name>_OBJ_table</name>
         <value>0x11d58</value>
         <object_component_ref idref="oc-12b"/>
      </symbol>
      <symbol id="sm-52c">
         <name>_OBJ_init</name>
         <value>0xfa40</value>
         <object_component_ref idref="oc-12c"/>
      </symbol>
      <symbol id="sm-52d">
         <name>_OBJ_segtab</name>
         <value>0x11d90</value>
         <object_component_ref idref="oc-12b"/>
      </symbol>
      <symbol id="sm-543">
         <name>__rtdx_buf</name>
         <value>0xfe70</value>
         <object_component_ref idref="oc-131"/>
      </symbol>
      <symbol id="sm-544">
         <name>RTDX$$MSG</name>
         <value>0xf4a8</value>
         <object_component_ref idref="oc-1ae"/>
      </symbol>
      <symbol id="sm-545">
         <name>RTDX_NORMALIZED_HDR</name>
         <value>0x1</value>
      </symbol>
      <symbol id="sm-546">
         <name>_RTDX_Buffer_WriteCB</name>
         <value>0xf440</value>
         <object_component_ref idref="oc-1ae"/>
      </symbol>
      <symbol id="sm-547">
         <name>_RTDX_writing</name>
         <value>0xfe90</value>
         <object_component_ref idref="oc-131"/>
      </symbol>
      <symbol id="sm-548">
         <name>_RTDX_Buffer_Initialize</name>
         <value>0x12720</value>
         <object_component_ref idref="oc-1a7"/>
      </symbol>
      <symbol id="sm-549">
         <name>_RTDX_Buffer_Read</name>
         <value>0x126c0</value>
         <object_component_ref idref="oc-1a5"/>
      </symbol>
      <symbol id="sm-54a">
         <name>_RTDX_Buffer_Write</name>
         <value>0x127a0</value>
         <object_component_ref idref="oc-1a6"/>
      </symbol>
      <symbol id="sm-55a">
         <name>_RTDX_SIMULATOR</name>
         <value>0x1</value>
      </symbol>
      <symbol id="sm-55b">
         <name>_RTDX_Final_RT_Monitor</name>
         <value>0x127c0</value>
         <object_component_ref idref="oc-1b0"/>
      </symbol>
      <symbol id="sm-55c">
         <name>_RTDX_Poll</name>
         <value>0x12620</value>
         <object_component_ref idref="oc-1a4"/>
      </symbol>
      <symbol id="sm-55d">
         <name>_RTDX_Init_RT_Monitor</name>
         <value>0x12760</value>
         <object_component_ref idref="oc-1a8"/>
      </symbol>
      <symbol id="sm-565">
         <name>_STS_set</name>
         <value>0xc440</value>
         <object_component_ref idref="oc-139"/>
      </symbol>
      <symbol id="sm-573">
         <name>_TSK_nTasks</name>
         <value>0x12198</value>
         <object_component_ref idref="oc-13d"/>
      </symbol>
      <symbol id="sm-574">
         <name>_TSK_config</name>
         <value>0x11d14</value>
         <object_component_ref idref="oc-140"/>
      </symbol>
      <symbol id="sm-575">
         <name>_TSK</name>
         <value>0x121a0</value>
         <object_component_ref idref="oc-13d"/>
      </symbol>
      <symbol id="sm-576">
         <name>_TSK_timerSem</name>
         <value>0x11d34</value>
         <object_component_ref idref="oc-140"/>
      </symbol>
      <symbol id="sm-577">
         <name>_TSK_pid</name>
         <value>0x1219c</value>
         <object_component_ref idref="oc-13d"/>
      </symbol>
      <symbol id="sm-578">
         <name>_TSK_ATTRS</name>
         <value>0x11cf8</value>
         <object_component_ref idref="oc-140"/>
      </symbol>
      <symbol id="sm-582">
         <name>_TSK_exit</name>
         <value>0xb380</value>
         <object_component_ref idref="oc-144"/>
      </symbol>
      <symbol id="sm-58c">
         <name>_SYS_exit</name>
         <value>0xbdc0</value>
         <object_component_ref idref="oc-148"/>
      </symbol>
      <symbol id="sm-598">
         <name>_SYS_exitStack</name>
         <value>0x11e30</value>
         <object_component_ref idref="oc-14e"/>
      </symbol>
      <symbol id="sm-599">
         <name>_SYS_exitStackPtr</name>
         <value>0x121ac</value>
         <object_component_ref idref="oc-14b"/>
      </symbol>
      <symbol id="sm-59a">
         <name>_SYS_exitStackTop</name>
         <value>0x121b0</value>
         <object_component_ref idref="oc-14b"/>
      </symbol>
      <symbol id="sm-5a4">
         <name>_TSK_init</name>
         <value>0xf9c0</value>
         <object_component_ref idref="oc-151"/>
      </symbol>
      <symbol id="sm-5ae">
         <name>_TSK_setup</name>
         <value>0xad00</value>
         <object_component_ref idref="oc-155"/>
      </symbol>
      <symbol id="sm-5c0">
         <name>__MEM_mutex</name>
         <value>0x11dd4</value>
         <object_component_ref idref="oc-15b"/>
      </symbol>
      <symbol id="sm-5c1">
         <name>_TSK_startup</name>
         <value>0xb588</value>
         <object_component_ref idref="oc-15c"/>
      </symbol>
      <symbol id="sm-5c2">
         <name>__TSK_mutex</name>
         <value>0x11dac</value>
         <object_component_ref idref="oc-15b"/>
      </symbol>
      <symbol id="sm-5cc">
         <name>_LCK_pend</name>
         <value>0xbcac</value>
         <object_component_ref idref="oc-161"/>
      </symbol>
      <symbol id="sm-5cd">
         <name>_LCK_post</name>
         <value>0xbc80</value>
         <object_component_ref idref="oc-161"/>
      </symbol>
      <symbol id="sm-5d5">
         <name>_SEM_pend</name>
         <value>0xc140</value>
         <object_component_ref idref="oc-164"/>
      </symbol>
      <symbol id="sm-5df">
         <name>_SEM_pendEnterKnl</name>
         <value>0xa460</value>
         <object_component_ref idref="oc-169"/>
      </symbol>
      <symbol id="sm-5e7">
         <name>_SEM_postBinary</name>
         <value>0xb740</value>
         <object_component_ref idref="oc-16c"/>
      </symbol>
      <symbol id="sm-5e8">
         <name>_SEM_post</name>
         <value>0xb740</value>
         <object_component_ref idref="oc-16c"/>
      </symbol>
      <symbol id="sm-5f2">
         <name>_SEM_postEnterKnl</name>
         <value>0xbd20</value>
         <object_component_ref idref="oc-171"/>
      </symbol>
      <symbol id="sm-5fc">
         <name>_SYS_abort</name>
         <value>0xc1a0</value>
         <object_component_ref idref="oc-175"/>
      </symbol>
      <symbol id="sm-60a">
         <name>_TSK_yield</name>
         <value>0xba04</value>
         <object_component_ref idref="oc-17b"/>
      </symbol>
      <symbol id="sm-61a">
         <name>__GBL_setL2CacheMode</name>
         <value>0x8c94</value>
         <object_component_ref idref="oc-181"/>
      </symbol>
      <symbol id="sm-624">
         <name>__SEM_dopost</name>
         <value>0xab20</value>
         <object_component_ref idref="oc-185"/>
      </symbol>
      <symbol id="sm-62e">
         <name>__auto_init</name>
         <value>0xb220</value>
         <object_component_ref idref="oc-189"/>
      </symbol>
      <symbol id="sm-640">
         <name>__unlock</name>
         <value>0x11e8c</value>
         <object_component_ref idref="oc-18e"/>
      </symbol>
      <symbol id="sm-641">
         <name>__lock</name>
         <value>0x11e88</value>
         <object_component_ref idref="oc-18e"/>
      </symbol>
      <symbol id="sm-642">
         <name>__register_lock</name>
         <value>0xf520</value>
         <object_component_ref idref="oc-1a9"/>
      </symbol>
      <symbol id="sm-643">
         <name>__nop</name>
         <value>0xf500</value>
         <object_component_ref idref="oc-1ad"/>
      </symbol>
      <symbol id="sm-644">
         <name>__register_unlock</name>
         <value>0xf540</value>
         <object_component_ref idref="oc-1aa"/>
      </symbol>
      <symbol id="sm-652">
         <name>_atexit</name>
         <value>0xf120</value>
         <object_component_ref idref="oc-1af"/>
      </symbol>
      <symbol id="sm-653">
         <name>___atexit_func_id__</name>
         <value>0x11a98</value>
         <object_component_ref idref="oc-193"/>
      </symbol>
      <symbol id="sm-663">
         <name>_dtors</name>
         <value>0x11d54</value>
         <object_component_ref idref="oc-198"/>
      </symbol>
      <symbol id="sm-664">
         <name>_call_dtors</name>
         <value>0xf000</value>
         <object_component_ref idref="oc-1b2"/>
      </symbol>
      <symbol id="sm-665">
         <name>___add_dtor</name>
         <value>0xf4c0</value>
         <object_component_ref idref="oc-1b1"/>
      </symbol>
      <symbol id="sm-671">
         <name>___TI_enable_exit_profile_output</name>
         <value>0x11e84</value>
         <object_component_ref idref="oc-19d"/>
      </symbol>
      <symbol id="sm-672">
         <name>__cleanup_ptr</name>
         <value>0x11e7c</value>
         <object_component_ref idref="oc-19d"/>
      </symbol>
      <symbol id="sm-673">
         <name>__dtors_ptr</name>
         <value>0x11e80</value>
         <object_component_ref idref="oc-19d"/>
      </symbol>
      <symbol id="sm-67b">
         <name>_memcpy</name>
         <value>0xf200</value>
         <object_component_ref idref="oc-1ac"/>
      </symbol>
   </symbol_table>
</link_info>
